--------- beginning of system
I/ActivityManager(  677): Force stopping com.penkra.canvas.fixture appid=10217 user=0: from pid 4517
I/ActivityManager(  677): Killing 4471:com.penkra.canvas.fixture/u0a217 (adj 0): stop com.penkra.canvas.fixture due to from pid 4517
D/CompatChangeReporter(  677): Compat change id reported: 151861875; UID 10217; state: ENABLED
W/ActivityTaskManager(  677): Force removing ActivityRecord{98716272 u0 com.penkra.canvas.fixture/.MainActivity t413 f}}: app died, no saved state
V/WindowManagerShell(  927): Transition requested (#42): android.os.BinderProxy@8d7502e TransitionRequestInfo { type = CLOSE, triggerTask = TaskInfo{userId=0 taskId=413 effectiveUid=10217 displayId=0 isRunning=false baseIntent=Intent { flg=0x10000000 cmp=com.penkra.canvas.fixture/.MainActivity } baseActivity=null topActivity=null origActivity=null realActivity=ComponentInfo{com.penkra.canvas.fixture/com.penkra.canvas.fixture.MainActivity} numActivities=0 lastActiveTime=140323 supportsMultiWindow=true resizeMode=1 isResizeable=true minWidth=-1 minHeight=-1 defaultMinSize=220 token=WCT{android.window.IWindowContainerToken$Stub$Proxy@faf57cf} topActivityType=1 pictureInPictureParams=null shouldDockBigOverlays=false launchIntoPipHostTaskId=-1 lastParentTaskIdBeforePip=-1 displayCutoutSafeInsets=Rect(0, 0 - 0, 0) topActivityInfo=null launchCookies=[] positionInParent=Point(0, 0) parentTaskId=-1 isFocused=true isVisible=true isVisibleRequested=true isTopActivityNoDisplay=false isSleeping=false locusId=null displayAreaFeatureId=1 isTopActivityTransparent=false isActivityStackTransparent=true lastNonFullscreenBounds=Rect(276, 694 - 804, 1774) capturedLink=null capturedLinkTimestamp=0 requestedVisibleTypes=-9 topActivityRequestOpenInBrowserEducationTimestamp=0 appCompatTaskInfo=AppCompatTaskInfo { topActivityInSizeCompat=false eligibleForLetterboxEducation= false isLetterboxEducationEnabled= false isLetterboxDoubleTapEnabled= false eligibleForUserAspectRatioButton= false topActivityBoundsLetterboxed= false isFromLetterboxDoubleTap= false topActivityLetterboxVerticalPosition= -1 topActivityLetterboxHorizontalPosition= -1 topActivityLetterboxWidth=-1 topActivityLetterboxHeight=-1 topActivityAppBounds=Rect(0, 0 - 0, 0) isUserFullscreenOverrideEnabled=false isSystemFullscreenOverrideEnabled=false hasMinAspectRatioOverride=false topActivityLetterboxBounds=null cameraCompatTaskInfo=CameraCompatTaskInfo { freeformCameraCompatMode=undefined}} topActivityMainWindowFrame=null}, pipChange = null, remoteTransition = null, displayChange = null, flags = 0, debugId = 42 }
D/BackgroundInstallControlService(  677): Package event received: 0
--------- beginning of main
I/BpBinder(  511): onLastStrongRef automatically unlinking death recipients: 
I/AppWidgetServiceImpl(  677): startListening() 0
D/StatsLog( 1050): LAUNCHER_ONRESUME
W/IPCThreadState(  677): Sending oneway calls to frozen process.
W/IPCThreadState(  677): Sending oneway calls to frozen process.
W/IPCThreadState(  677): Sending oneway calls to frozen process.
W/IPCThreadState(  677): Sending oneway calls to frozen process.
W/IPCThreadState(  677): Sending oneway calls to frozen process.
W/IPCThreadState(  677): Sending oneway calls to frozen process.
W/IPCThreadState(  677): Sending oneway calls to frozen process.
W/IPCThreadState(  677): Sending oneway calls to frozen process.
W/IPCThreadState(  677): Sending oneway calls to frozen process.
W/IPCThreadState(  677): Sending oneway calls to frozen process.
W/IPCThreadState(  677): Sending oneway calls to frozen process.
W/IPCThreadState(  677): Sending oneway calls to frozen process.
W/IPCThreadState(  677): Sending oneway calls to frozen process.
W/IPCThreadState(  677): Sending oneway calls to frozen process.
W/IPCThreadState(  677): Sending oneway calls to frozen process.
W/IPCThreadState(  677): Sending oneway calls to frozen process.
W/IPCThreadState(  677): Sending oneway calls to frozen process.
W/IPCThreadState(  677): Sending oneway calls to frozen process.
W/IPCThreadState(  677): Sending oneway calls to frozen process.
W/IPCThreadState(  677): Sending oneway calls to frozen process.
W/IPCThreadState(  677): Sending oneway calls to frozen process.
W/IPCThreadState(  677): Sending oneway calls to frozen process.
W/IPCThreadState(  677): Sending oneway calls to frozen process.
W/IPCThreadState(  677): Sending oneway calls to frozen process.
W/IPCThreadState(  677): Sending oneway calls to frozen process.
W/IPCThreadState(  677): Sending oneway calls to frozen process.
W/IPCThreadState(  677): Sending oneway calls to frozen process.
W/IPCThreadState(  677): Sending oneway calls to frozen process.
W/IPCThreadState(  677): Sending oneway calls to frozen process.
W/IPCThreadState(  677): Sending oneway calls to frozen process.
W/IPCThreadState(  677): Sending oneway calls to frozen process.
W/IPCThreadState(  677): Sending oneway calls to frozen process.
W/IPCThreadState(  677): Sending oneway calls to frozen process.
W/IPCThreadState(  677): Sending oneway calls to frozen process.
W/IPCThreadState(  677): Sending oneway calls to frozen process.
W/IPCThreadState(  677): Sending oneway calls to frozen process.
W/IPCThreadState(  677): Sending oneway calls to frozen process.
W/IPCThreadState(  677): Sending oneway calls to frozen process.
W/IPCThreadState(  677): Sending oneway calls to frozen process.
I/AppWidgetServiceImpl(  677): startListening() 0
D/WindowManagerShell(  927): setLauncherKeepClearAreaHeight: visible=true, height=527
D/BackgroundInstallControlService(  677): Package event received: 0
D/BackgroundInstallControlService(  677): Package event received: 0
W/InputDispatcher(  677): channel '199b2ec com.penkra.canvas.fixture/com.penkra.canvas.fixture.MainActivity' ~ Consumer closed input channel or an error occurred.  events=0x9
E/InputDispatcher(  677): channel '199b2ec com.penkra.canvas.fixture/com.penkra.canvas.fixture.MainActivity' ~ Channel is unrecoverably broken and will be disposed!
I/WindowManager(  677): WINDOW DIED Window{199b2ec u0 com.penkra.canvas.fixture/com.penkra.canvas.fixture.MainActivity}
I/adbd    (  521): Remote process closed the socket (on MSG_PEEK)
I/ImeTracker(  677): com.penkra.canvas.fixture:ff5c7b97: onRequestHide at ORIGIN_SERVER reason HIDE_REMOVE_CLIENT fromUser false
I/ImeTracker(  677): com.penkra.canvas.fixture:ff5c7b97: onCancelled at PHASE_SERVER_SHOULD_HIDE
I/Zygote  (  456): Process 4471 exited due to signal 9 (Killed)
I/AppsFilter(  677): interaction: PackageSetting{c11fd90 com.konsier.app.dev/10214} -> PackageSetting{f2b445a com.penkra.canvas.fixture/10217} BLOCKED
I/AppsFilter(  677): interaction: PackageSetting{ee5b68e com.penkra.canvas.qa.fonts/10219} -> PackageSetting{f2b445a com.penkra.canvas.fixture/10217} BLOCKED
I/AppsFilter(  677): interaction: PackageSetting{5422eaf com.penkra.canvas.qa.typomixed0606/10215} -> PackageSetting{f2b445a com.penkra.canvas.fixture/10217} BLOCKED
I/WindowManager(  677): WIN DEATH: Window{199b2ec u0 com.penkra.canvas.fixture/com.penkra.canvas.fixture.MainActivity EXITING}
D/QuickstepModelDelegate( 1050): notifyAppTargetEvent action=1 launchLocation=workspace/0/[-1,-1]/[1,1]
V/ActivityManager(  677): Got obituary of 4471:com.penkra.canvas.fixture
W/ActivityManager(  677): setHasOverlayUi called on unknown pid: 4471
I/AppWidgetServiceImpl(  677): Received broadcast: android.intent.action.PACKAGE_RESTARTED on user 0
I/AppWidgetServiceImpl(  677): Updating package stopped masked state for uid 10217 package com.penkra.canvas.fixture isStopped true
D/CarrierSvcBindHelper( 1042): onHandleForceStop: [com.penkra.canvas.fixture]
I/AiAiEcho( 1487): Predicting[0]:  [CONTEXT sampling_count=5 ]
I/AiAiEcho( 1487): EchoTargets: 
I/AiAiEcho( 1487): Filtered by AiAi flag check: 
I/AiAiEcho( 1487): [CONTEXT ratelimit_period="10 SECONDS" ]
I/AiAiEcho( 1487): #remoteViewsTwiddler: feature disabled.
I/AiAiEcho( 1487): #postPredictionTargets: Sending updates to UISurface home with targets# 0 (types=[])
I/BpBinder(  511): onLastStrongRef automatically unlinking death recipients: 
D/NexusLauncherModelDelegate( 1050): notifySmartspaceEvent: SmartspaceTargetEvent{mSmartspaceTarget=null, mSmartspaceActionId='null', mEventType=6}
D/CarrierSvcBindHelper( 1042): No carrier app for: 0
D/BaseDepthController( 1050): setSurface:
D/BaseDepthController( 1050): 	mWaitingOnSurfaceValidity: false
D/BaseDepthController( 1050): 	mBaseSurface: Surface(name=com.google.android.apps.nexuslauncher/com.google.android.apps.nexuslauncher.NexusLauncherActivity)/@0x7a1335a
D/ActivityManager(  677): sync unfroze 4157 com.google.android.googlequicksearchbox:search for 6
I/libprocessgroup(  677): Removed cgroup /sys/fs/cgroup/apps/uid_10217/pid_4471
I/NotificationListener( 1050): Handling notification state refresh for android#0
W/ActivityTaskManager(  677): Unable to send transaction to client proc com.penkra.canvas.fixture: no app thread
D/SsBaseTemplateCard( 1050): No text view can be set up
D/SsBaseTemplateCard( 1050): Passed-in item info is null
D/SsBaseTemplateCard( 1050): Passed-in item info is null
D/SsBaseTemplateCard( 1050): Passed-in item info is null
I/SsBaseTemplateCard( 1050): Secondary card pane is null
I/adxq    ( 4157): dispose()
V/WindowManagerShell(  927): onTransitionReady(transaction=2907692860711)
V/WindowManagerShell(  927): onTransitionReady (#42) android.os.BinderProxy@8d7502e: {id=42 t=CLOSE f=0x0 trk=0 r=[0@Point(0, 0)] c=[
V/WindowManagerShell(  927):         {m=TO_FRONT f=SHOW_WALLPAPER|MOVE_TO_TOP leash=Surface(name=Task=1)/@0xc97a065 sb=Rect(0, 0 - 1080, 2400) eb=Rect(0, 0 - 1080, 2400) epz=Point(1080, 2400) d=0 taskParent=-1},
V/WindowManagerShell(  927):         {m=CLOSE f=NONE leash=Surface(name=Task=413)/@0x28c413a sb=Rect(0, 0 - 1080, 2400) eb=Rect(0, 0 - 1080, 2400) epz=Point(1080, 2400) d=0 taskParent=-1},
V/WindowManagerShell(  927):         {m=TO_FRONT f=IS_WALLPAPER leash=Surface(name=WallpaperWindowToken{19b8f8f showWhenLocked=false})/@0xe73a1eb sb=Rect(0, 0 - 1080, 2400) eb=Rect(0, 0 - 1080, 2400) epz=Point(1080, 2400) d=0}
V/WindowManagerShell(  927):     ]}
V/WindowManagerShell(  927): Playing animation for (#42) android.os.BinderProxy@8d7502e@0
V/ShellRecents(  927): RecentsTransitionHandler.startAnimation: no controller found
V/WindowManagerShell(  927): Transition doesn't have explicit remote, search filters for match for {id=42 t=CLOSE f=0x0 trk=0 r=[0@Point(0, 0)] c=[{m=TO_FRONT f=SHOW_WALLPAPER|MOVE_TO_TOP leash=Surface(name=Task=1)/@0xc97a065 sb=Rect(0, 0 - 1080, 2400) eb=Rect(0, 0 - 1080, 2400) epz=Point(1080, 2400) d=0 taskParent=-1},{m=CLOSE f=NONE leash=Surface(name=Task=413)/@0x28c413a sb=Rect(0, 0 - 1080, 2400) eb=Rect(0, 0 - 1080, 2400) epz=Point(1080, 2400) d=0 taskParent=-1},{m=TO_FRONT f=IS_WALLPAPER leash=Surface(name=WallpaperWindowToken{19b8f8f showWhenLocked=false})/@0xe73a1eb sb=Rect(0, 0 - 1080, 2400) eb=Rect(0, 0 - 1080, 2400) epz=Point(1080, 2400) d=0}]}
V/WindowManagerShell(  927):  Checking filter Pair{{types=[] flags=0x0] notFlags=0x0 checks=[{atype=undefined independent=true modes=[CLOSE,TO_BACK] flags=IN_TASK_WITH_EMBEDDED_ACTIVITY mustBeTask=false order=ANY topActivity=null launchCookie=null taskFragmentToken=android.os.BinderProxy@d66dde1 windowingMode=undefined}]} RemoteTransition { remoteTransition = android.window.IRemoteTransition$Stub$Proxy@96d3706, appThread = android.app.IApplicationThread$Stub$Proxy@ee871c7, debugName = overlayBackTransition }}
V/WindowManagerShell(  927):  Checking filter Pair{{types=[] flags=0x0] notFlags=0x0 checks=[{atype=dream independent=true modes=[OPEN,TO_FRONT] flags=NONE mustBeTask=false order=ANY topActivity=null launchCookie=null windowingMode=undefined},{atype=home independent=true modes=[CLOSE,TO_BACK] flags=NONE mustBeTask=false order=ANY topActivity=null launchCookie=null windowingMode=undefined}]} RemoteTransition { remoteTransition = android.window.IRemoteTransition$Stub$Proxy@28d43f4, appThread = android.app.IApplicationThread$Stub$Proxy@392771d, debugName = LauncherToDream }}
V/WindowManagerShell(  927):  Checking filter Pair{{types=[] flags=0x0] notFlags=0x100 checks=[{atype=home independent=true modes=[OPEN,TO_FRONT] flags=NONE mustBeTask=false order=TOP topActivity=ComponentInfo{com.google.android.apps.nexuslauncher/com.google.android.apps.nexuslauncher.NexusLauncherActivity} launchCookie=null windowingMode=undefined},{atype=standard independent=true modes=[CLOSE,TO_BACK] flags=NONE mustBeTask=false order=ANY topActivity=null launchCookie=null windowingMode=undefined},{NOT atype=undefined independent=true modes=[] flags=NONE mustBeTask=true order=ANY topActivity=null launchCookie=null customAnim=true windowingMode=undefined}]} RemoteTransition { remoteTransition = android.window.IRemoteTransition$Stub$Proxy@315bd92, appThread = android.app.IApplicationThread$Stub$Proxy@f06363, debugName = QuickstepLaunchHome }}
D/RemoteTransitionHandler(  927): Found filterPair{{types=[] flags=0x0] notFlags=0x100 checks=[{atype=home independent=true modes=[OPEN,TO_FRONT] flags=NONE mustBeTask=false order=TOP topActivity=ComponentInfo{com.google.android.apps.nexuslauncher/com.google.android.apps.nexuslauncher.NexusLauncherActivity} launchCookie=null windowingMode=undefined},{atype=standard independent=true modes=[CLOSE,TO_BACK] flags=NONE mustBeTask=false order=ANY topActivity=null launchCookie=null windowingMode=undefined},{NOT atype=undefined independent=true modes=[] flags=NONE mustBeTask=true order=ANY topActivity=null launchCookie=null customAnim=true windowingMode=undefined}]} RemoteTransition { remoteTransition = android.window.IRemoteTransition$Stub$Proxy@315bd92, appThread = android.app.IApplicationThread$Stub$Proxy@f06363, debugName = QuickstepLaunchHome }}
V/WindowManagerShell(  927):  Delegate animation for (#42) to RemoteTransition { remoteTransition = android.window.IRemoteTransition$Stub$Proxy@315bd92, appThread = android.app.IApplicationThread$Stub$Proxy@f06363, debugName = QuickstepLaunchHome }
V/WindowManager(  677): Sent Transition (#42) createdAt=09-07 13:54:39.516 via request=TransitionRequestInfo { type = CLOSE, triggerTask = TaskInfo{userId=0 taskId=413 effectiveUid=10217 displayId=0 isRunning=false baseIntent=Intent { flg=0x10000000 cmp=com.penkra.canvas.fixture/.MainActivity } baseActivity=null topActivity=null origActivity=null realActivity=ComponentInfo{com.penkra.canvas.fixture/com.penkra.canvas.fixture.MainActivity} numActivities=0 lastActiveTime=140323 supportsMultiWindow=true resizeMode=1 isResizeable=true minWidth=-1 minHeight=-1 defaultMinSize=220 token=WCT{RemoteToken{9e4c92e Task{6a801e9 #413 type=standard A=10217:com.penkra.canvas.fixture}}} topActivityType=1 pictureInPictureParams=null shouldDockBigOverlays=false launchIntoPipHostTaskId=-1 lastParentTaskIdBeforePip=-1 displayCutoutSafeInsets=Rect(0, 0 - 0, 0) topActivityInfo=null launchCookies=[] positionInParent=Point(0, 0) parentTaskId=-1 isFocused=true isVisible=true isVisibleRequested=true isTopActivityNoDisplay=false isSleeping=false locusId=null displayAreaFeatureId=1 isTopActivityTransparent=false isActivityStackTransparent=true lastNonFullscreenBounds=Rect(276, 694 - 804, 1774) capturedLink=null capturedLinkTimestamp=0 requestedVisibleTypes=-9 topActivityRequestOpenInBrowserEducationTimestamp=0 appCompatTaskInfo=AppCompatTaskInfo { topActivityInSizeCompat=false eligibleForLetterboxEducation= false isLetterboxEducationEnabled= false isLetterboxDoubleTapEnabled= false eligibleForUserAspectRatioButton= false topActivityBoundsLetterboxed= false isFromLetterboxDoubleTap= false topActivityLetterboxVerticalPosition= -1 topActivityLetterboxHorizontalPosition= -1 topActivityLetterboxWidth=-1 topActivityLetterboxHeight=-1 topActivityAppBounds=Rect(0, 0 - 0, 0) isUserFullscreenOverrideEnabled=false isSystemFullscreenOverrideEnabled=false hasMinAspectRatioOverride=false topActivityLetterboxBounds=null cameraCompatTaskInfo=CameraCompatTaskInfo { freeformCameraCompatMode=undefined}} topActivityMainWindowFrame=null}, pipChange = null, remoteTransition = null, displayChange = null, flags = 0, debugId = 42 }
V/WindowManager(  677):     startWCT=WindowContainerTransaction { changes= {} hops= [] errorCallbackToken=null taskFragmentOrganizer=null }
V/WindowManager(  677):     info={id=42 t=CLOSE f=0x0 trk=0 r=[0@Point(0, 0)] c=[
V/WindowManager(  677):         {WCT{RemoteToken{a8584bf Task{65ff867 #1 type=home}}} m=TO_FRONT f=SHOW_WALLPAPER|MOVE_TO_TOP leash=Surface(name=Task=1)/@0x724a548 sb=Rect(0, 0 - 1080, 2400) eb=Rect(0, 0 - 1080, 2400) epz=Point(1080, 2400) d=0 taskParent=-1},
V/WindowManager(  677):         {WCT{RemoteToken{9e4c92e Task{6a801e9 #413 type=standard A=10217:com.penkra.canvas.fixture}}} m=CLOSE f=NONE leash=Surface(name=Task=413)/@0xf9fe730 sb=Rect(0, 0 - 1080, 2400) eb=Rect(0, 0 - 1080, 2400) epz=Point(1080, 2400) d=0 taskParent=-1},
V/WindowManager(  677):         {m=TO_FRONT f=IS_WALLPAPER leash=Surface(name=WallpaperWindowToken{19b8f8f showWhenLocked=false})/@0x2adf3eb sb=Rect(0, 0 - 1080, 2400) eb=Rect(0, 0 - 1080, 2400) epz=Point(1080, 2400) d=0}
V/WindowManager(  677):     ]}
V/WindowManager(  677): Unknown focus tokens, dropping reportFocusChanged
D/StateManager( 1050): createAtomicAnimation - fromState: Background, toState: Normal, partial trace:
D/StateManager( 1050): 	at com.android.quickstep.util.WorkspaceRevealAnim.prepareToAnimate(go/retraceme 43e00d9cd0eb17b3d9dd30fc1741b1c71445c4c0f7c8c9b81300265c86c5b873:22)
D/StateManager( 1050): 	at com.android.quickstep.util.WorkspaceRevealAnim.<init>(go/retraceme 43e00d9cd0eb17b3d9dd30fc1741b1c71445c4c0f7c8c9b81300265c86c5b873:11)
D/StateManager( 1050): 	at com.android.launcher3.QuickstepTransitionManager.createWallpaperOpenAnimations(go/retraceme 43e00d9cd0eb17b3d9dd30fc1741b1c71445c4c0f7c8c9b81300265c86c5b873:339)
I/axea    ( 4157): (REDACTED) Starting %s background task %s.
D/b/311077782( 1050): LauncherAnimationRunner.setAnimation
V/WindowManagerShell(  927):  animated by com.android.wm.shell.transition.RemoteTransitionHandler@ee80a28
I/aggm    ( 4157): (REDACTED) Assistant special experience changed to %s.
W/ActivityTaskManager(  677): callingPackage for (uid=2000, pid=4524) has no WPC
V/GrammaticalInflectionUtils(  677): AttributionSource: AttributionSource { uid = 10217, packageName = null, attributionTag = null, token = android.os.Binder@544e582, deviceId = 0, next = null } does not have READ_SYSTEM_GRAMMATICAL_GENDER permission.
W/OptProp (  677): Cannot read opt property android.window.PROPERTY_COMPAT_ALLOW_USER_ASPECT_RATIO_OVERRIDE
W/OptProp (  677): Cannot read opt property android.window.PROPERTY_COMPAT_ALLOW_USER_ASPECT_RATIO_FULLSCREEN_OVERRIDE
W/OptProp (  677): Cannot read opt property android.window.PROPERTY_COMPAT_ALLOW_RESIZEABLE_ACTIVITY_OVERRIDES
W/OptProp (  677): Cannot read opt property android.window.PROPERTY_COMPAT_ALLOW_MIN_ASPECT_RATIO_OVERRIDE
W/OptProp (  677): Cannot read opt property android.window.PROPERTY_COMPAT_ALLOW_ORIENTATION_OVERRIDE
V/SplashScreenExceptionList(  677): SplashScreen checking exception for package com.penkra.canvas.fixture (target sdk:35) -> false
D/CompatChangeReporter(  677): Compat change id reported: 309578419; UID 10217; state: ENABLED
W/HWUI    (  927): Image decoding logging dropped!
D/SplashScreenView(  927): Build android.window.SplashScreenView{9b4b820 V.E...... ......ID 0,0-0,0}
D/SplashScreenView(  927): Icon: view: android.widget.ImageView{acc55d9 V.ED..... ......I. 0,0-0,0 #1020542 android:id/splashscreen_icon_view} drawable: com.android.wm.shell.startingsurface.SplashscreenIconDrawableFactory$ImmobileIconDrawable@9fedb9e size: 420
D/SplashScreenView(  927): Branding: view: android.view.View{2a1d67f G.ED..... ......I. 0,0-0,0 #1020541 android:id/splashscreen_branding_view} drawable: null size w: 0 h: 0
I/ailc    ( 4157): getLocaleToModelSpecsMap
I/ailc    ( 4157): Fetching latest config from MDD...
I/ailc    ( 4157): (REDACTED) Found map of size: %d
I/ActivityTaskManager(  677): Add Task{6a801e9 #413 type=standard A=10217:com.penkra.canvas.fixture} to hidden list because adding Task{e68e661 #414 type=standard A=10217:com.penkra.canvas.fixture}
I/ActivityTaskManager(  677): START u0 {flg=0x10000000 xflg=0x5 cmp=com.penkra.canvas.fixture/.MainActivity (has extras)} with LAUNCH_MULTIPLE from uid 2000 (BAL_ALLOW_PERMISSION) result code=0
W/SplitSelectStateCtor( 1050): Missing session instanceIds
D/StatsLog( 1050): LAUNCHER_SPLIT_SELECTION_EXIT_INTERRUPTED
D/WindowManagerShell(  927): setLauncherKeepClearAreaHeight: visible=false, height=527
V/WindowManagerShell(  927): Transition requested (#43): android.os.BinderProxy@1acc076 TransitionRequestInfo { type = OPEN, triggerTask = TaskInfo{userId=0 taskId=414 effectiveUid=10217 displayId=0 isRunning=true baseIntent=Intent { flg=0x10000000 cmp=com.penkra.canvas.fixture/.MainActivity } baseActivity=ComponentInfo{com.penkra.canvas.fixture/com.penkra.canvas.fixture.MainActivity} topActivity=ComponentInfo{com.penkra.canvas.fixture/com.penkra.canvas.fixture.MainActivity} origActivity=null realActivity=ComponentInfo{com.penkra.canvas.fixture/com.penkra.canvas.fixture.MainActivity} numActivities=1 lastActiveTime=147032 supportsMultiWindow=true resizeMode=1 isResizeable=true minWidth=-1 minHeight=-1 defaultMinSize=220 token=WCT{android.window.IWindowContainerToken$Stub$Proxy@a761677} topActivityType=1 pictureInPictureParams=null shouldDockBigOverlays=false launchIntoPipHostTaskId=-1 lastParentTaskIdBeforePip=-1 displayCutoutSafeInsets=Rect(0, 132 - 0, 0) topActivityInfo=ActivityInfo{62a02e4 com.penkra.canvas.fixture.MainActivity} launchCookies=[] positionInParent=Point(0, 0) parentTaskId=-1 isFocused=false isVisible=false isVisibleRequested=false isTopActivityNoDisplay=false isSleeping=false locusId=null displayAreaFeatureId=1 isTopActivityTransparent=false isActivityStackTransparent=false lastNonFullscreenBounds=Rect(276, 694 - 804, 1774) capturedLink=null capturedLinkTimestamp=0 requestedVisibleTypes=-9 topActivityRequestOpenInBrowserEducationTimestamp=0 appCompatTaskInfo=AppCompatTaskInfo { topActivityInSizeCompat=false eligibleForLetterboxEducation= false isLetterboxEducationEnabled= true isLetterboxDoubleTapEnabled= false eligibleForUserAspectRatioButton= false topActivityBoundsLetterboxed= false isFromLetterboxDoubleTap= false topActivityLetterboxVerticalPosition= -1 topActivityLetterboxHorizontalPosition= -1 topActivityLetterboxWidth=-1 topActivityLetterboxHeight=-1 topActivityAppBounds=Rect(0, 0 - 1080, 2400) isUserFullscreenOverrideEnabled=false isSystemFullscreenOverrideEnabled=false hasMinAspectRatioOverride=false topActivityLetterboxBounds=null cameraCompatTaskInfo=CameraCompatTaskInfo { freeformCameraCompatMode=inactive}} topActivityMainWindowFrame=null}, pipChange = null, remoteTransition = null, displayChange = null, flags = 0, debugId = 43 }
D/ShellSplitScreen(  927): logExit: no-op, mLoggerSessionId is null
I/AppsFilter(  677): interaction: PackageSetting{c11fd90 com.konsier.app.dev/10214} -> PackageSetting{266b05b com.penkra.canvas.fixture/10217} BLOCKED
I/AppsFilter(  677): interaction: PackageSetting{ee5b68e com.penkra.canvas.qa.fonts/10219} -> PackageSetting{266b05b com.penkra.canvas.fixture/10217} BLOCKED
I/AppsFilter(  677): interaction: PackageSetting{5422eaf com.penkra.canvas.qa.typomixed0606/10215} -> PackageSetting{266b05b com.penkra.canvas.fixture/10217} BLOCKED
I/aedy    ( 4157): Returning false in #takeChangeMicroDetectorMode without doing anything.
I/AppWidgetServiceImpl(  677): Received broadcast: android.intent.action.PACKAGE_UNSTOPPED on user 0
I/AppWidgetServiceImpl(  677): Updating package stopped masked state for uid 10217 package com.penkra.canvas.fixture isStopped false
V/GrammaticalInflectionUtils(  677): AttributionSource: AttributionSource { uid = 10217, packageName = null, attributionTag = null, token = android.os.Binder@544e582, deviceId = 0, next = null } does not have READ_SYSTEM_GRAMMATICAL_GENDER permission.
I/RanchuHwc(  477): logCompositionFallbackIfChanged: layer 90 CompositionType fallback from 2 to 1
I/RanchuHwc(  477): logCompositionFallbackIfChanged: layer 83 CompositionType fallback from 2 to 1
I/RanchuHwc(  477): logCompositionFallbackIfChanged: layer 84 CompositionType fallback from 2 to 1
I/RanchuHwc(  477): logCompositionFallbackIfChanged: layer 89 CompositionType fallback from 2 to 1
D/BackgroundInstallControlService(  677): Package event received: 0
D/Zygote  (  456): Forked child process 4527
I/ActivityManager(  677): Start proc 4527:com.penkra.canvas.fixture/u0a217 for next-top-activity {com.penkra.canvas.fixture/com.penkra.canvas.fixture.MainActivity}
I/ActivityManager(  677): ProcessObserver broadcast disabled
W/earchbox:search( 4157): Missing inline cache for int gbrx.a(java.lang.Object)
D/CoreBackPreview(  677): Window{2c4f00c u0 Splash Screen com.penkra.canvas.fixture}: Setting back callback OnBackInvokedCallbackInfo{mCallback=android.window.IOnBackInvokedCallback$Stub$Proxy@9650c0e, mPriority=0, mIsAnimationCallback=false, mOverrideBehavior=0}
W/aefw    ( 4157): Account id is not cached
I/avxj    ( 4157): Using pair HTTP connection
D/CompatChangeReporter(  677): Compat change id reported: 297989574; UID 10147; state: ENABLED
I/.canvas.fixture( 4527): Late-enabling -Xcheck:jni
I/WifiService(  677): getWifiEnabledState uid=10147 state=3
I/acup    ( 4157): [Upload] Connected
I/avxj    ( 4157): Using pair HTTP connection
I/acup    ( 4157): [Upload] Connected
E/rya     ( 4157): onError
E/rya     ( 4157): ahif: errorCode: 65561, engine: 2
E/rya     ( 4157): 	at avxl.a(PG:23)
E/rya     ( 4157): 	at acul.hp(PG:13)
E/rya     ( 4157): 	at gifa.e(PG:9)
E/rya     ( 4157): 	at aino.d(PG:156)
E/rya     ( 4157): 	at aino.iJ(PG:26)
E/rya     ( 4157): 	at acum.c(PG:104)
E/rya     ( 4157): 	at acun.run(PG:1)
E/rya     ( 4157): 	at java.util.concurrent.Executors$RunnableAdapter.call(Executors.java:524)
E/rya     ( 4157): 	at java.util.concurrent.FutureTask.run(FutureTask.java:317)
E/rya     ( 4157): 	at ahte.run(PG:37)
E/rya     ( 4157): 	at ahuc.run(PG:3)
E/rya     ( 4157): 	at ahuc.run(PG:3)
E/rya     ( 4157): 	at java.util.concurrent.ThreadPoolExecutor.runWorker(ThreadPoolExecutor.java:1156)
E/rya     ( 4157): 	at java.util.concurrent.ThreadPoolExecutor$Worker.run(ThreadPoolExecutor.java:651)
E/rya     ( 4157): 	at java.lang.Thread.run(Thread.java:1119)
E/rya     ( 4157): 	at ahst.run(PG:44)
E/rya     ( 4157): Caused by: ahih: errorCode: 65586, engine: 2
E/rya     ( 4157): 	at acul.hp(PG:6)
E/rya     ( 4157): 	... 14 more
E/rya     ( 4157): Caused by: ahid: errorCode: 401, engine: 2
E/rya     ( 4157): 	at rxx.b(PG:30)
E/rya     ( 4157): 	at acvi.hx(PG:11)
E/rya     ( 4157): 	at aino.d(PG:131)
E/rya     ( 4157): 	... 12 more
W/rln     ( 4157): Failed to sync device settings.
I/rln     ( 4157): Retrying to sync device settings.
W/dsxv    ( 4157): (REDACTED) Failed to get connectivityLock in %d ms
I/WifiService(  677): getWifiEnabledState uid=10147 state=3
D/CompatChangeReporter( 4157): Compat change id reported: 311402873; UID 10147; state: ENABLED
D/CompatChangeReporter( 4157): Compat change id reported: 323349338; UID 10147; state: ENABLED
W/JobInfo ( 4157): Job 'com.google.android.googlequicksearchbox/com.google.android.apps.gsa.tasks.BackgroundTasksJobService#-353' has a deadline with functional constraints and an extremely short time window of 0 ms (delay=120000, deadline=120000). The functional constraints are not likely to be satisfied when the job runs.
D/CompatChangeReporter(  677): Compat change id reported: 311402873; UID 10147; state: ENABLED
D/CompatChangeReporter(  677): Compat change id reported: 323349338; UID 10147; state: ENABLED
W/JobInfo (  677): Job 'com.google.android.googlequicksearchbox/com.google.android.apps.gsa.tasks.BackgroundTasksJobService#-353' has a deadline with functional constraints and an extremely short time window of 0 ms (delay=120000, deadline=120000). The functional constraints are not likely to be satisfied when the job runs.
W/JobInfo (  677): Job 'com.google.android.googlequicksearchbox/com.google.android.apps.gsa.tasks.BackgroundTasksJobService#-353' has a deadline with functional constraints and an extremely short time window of 0 ms (delay=120000, deadline=120000). The functional constraints are not likely to be satisfied when the job runs.
I/.canvas.fixture( 4527): Using CollectorTypeCMC GC.
I/adbd    (  521): jdwp connection from 4527
D/nativeloader( 4527): Load libframework-connectivity-tiramisu-jni.so using APEX ns com_android_tethering for caller /apex/com.android.tethering/javalib/framework-connectivity-t.jar: ok
D/nativeloader( 4157): Load /product/priv-app/Velvet/Velvet.apk!/lib/arm64-v8a/libcronet.135.0.7012.3.so using class loader ns product-clns-10 (caller=/product/priv-app/Velvet/Velvet.apk!classes5.dex): ok
I/cn_CronetLibraryLoader( 4157): HTTP flags log line: Using live production flag values from Google
W/JobScheduler(  677): Job didn't exist in JobStore: eef417f #u0a147/-353 com.google.android.googlequicksearchbox/com.google.android.apps.gsa.tasks.BackgroundTasksJobService
D/BackgroundInstallControlService(  677): Package event received: 0
I/cn_CronetLibraryLoader( 4157): Cronet version: 135.0.7012.3, arch: aarch64
D/ConnectivityService(  677): requestNetwork for uid/pid:10147/4157 activeRequest: null callbackRequest: 158 [NetworkRequest [ REQUEST id=159, [ Capabilities: INTERNET&NOT_RESTRICTED&TRUSTED&NOT_VCN_MANAGED&NOT_BANDWIDTH_CONSTRAINED Uid: 10147 RequestorUid: 10147 RequestorPkg: com.google.android.googlequicksearchbox UnderlyingNetworks: Null] ]] callback flags: 0 order: 2147483647 isUidTracked: false declaredMethods: AVAIL|LOST|NC|LP
D/CompatChangeReporter(  677): Compat change id reported: 319212206; UID 10147; state: ENABLED
D/ConnectivityService(  677): NetReassign [159 : null → 100] [c 0] [a 1] [i 0]
I/.gms.persistent( 1266): AssetManager2(0xb40000777002aad8) locale list changing from [] to [en-US]
W/chromium( 4157): [0907/135439.682472:WARNING:url_request_context_config.cc(715)] Unrecognized Cronet experimental option "enable_telemetry" with params "true
W/chromium( 4157): 
D/WifiNetworkFactory(  677): got request NetworkRequest [ REQUEST id=159, [ Capabilities: INTERNET&NOT_RESTRICTED&TRUSTED&NOT_VCN_MANAGED&NOT_BANDWIDTH_CONSTRAINED Uid: 10147 RequestorUid: 10147 RequestorPkg: com.google.android.googlequicksearchbox UnderlyingNetworks: Null] ]
V/WifiNetworkFactory(  677): Accepted network request NetworkRequest [ REQUEST id=159, [ Capabilities: INTERNET&NOT_RESTRICTED&TRUSTED&NOT_VCN_MANAGED&NOT_BANDWIDTH_CONSTRAINED Uid: 10147 RequestorUid: 10147 RequestorPkg: com.google.android.googlequicksearchbox UnderlyingNetworks: Null] ]
D/UntrustedWifiNetworkFactory(  677): got request NetworkRequest [ REQUEST id=159, [ Capabilities: INTERNET&NOT_RESTRICTED&TRUSTED&NOT_VCN_MANAGED&NOT_BANDWIDTH_CONSTRAINED Uid: 10147 RequestorUid: 10147 RequestorPkg: com.google.android.googlequicksearchbox UnderlyingNetworks: Null] ]
D/OemPaidWifiNetworkFactory(  677): got request NetworkRequest [ REQUEST id=159, [ Capabilities: INTERNET&NOT_RESTRICTED&TRUSTED&NOT_VCN_MANAGED&NOT_BANDWIDTH_CONSTRAINED Uid: 10147 RequestorUid: 10147 RequestorPkg: com.google.android.googlequicksearchbox UnderlyingNetworks: Null] ]
D/MultiInternetWifiNetworkFactory(  677): got request NetworkRequest [ REQUEST id=159, [ Capabilities: INTERNET&NOT_RESTRICTED&TRUSTED&NOT_VCN_MANAGED&NOT_BANDWIDTH_CONSTRAINED Uid: 10147 RequestorUid: 10147 RequestorPkg: com.google.android.googlequicksearchbox UnderlyingNetworks: Null] ]
I/BpBinder(  511): onLastStrongRef automatically unlinking death recipients: 
D/ConnectivityService(  677): NetReassign [no changes] [c 0] [a 5] [i 1]
V/WindowManager(  677): Sent Transition (#43) createdAt=09-07 13:54:39.581 via request=TransitionRequestInfo { type = OPEN, triggerTask = TaskInfo{userId=0 taskId=414 effectiveUid=10217 displayId=0 isRunning=true baseIntent=Intent { flg=0x10000000 cmp=com.penkra.canvas.fixture/.MainActivity } baseActivity=ComponentInfo{com.penkra.canvas.fixture/com.penkra.canvas.fixture.MainActivity} topActivity=ComponentInfo{com.penkra.canvas.fixture/com.penkra.canvas.fixture.MainActivity} origActivity=null realActivity=ComponentInfo{com.penkra.canvas.fixture/com.penkra.canvas.fixture.MainActivity} numActivities=1 lastActiveTime=147032 supportsMultiWindow=true resizeMode=1 isResizeable=true minWidth=-1 minHeight=-1 defaultMinSize=220 token=WCT{RemoteToken{5acc09c Task{e68e661 #414 type=standard A=10217:com.penkra.canvas.fixture}}} topActivityType=1 pictureInPictureParams=null shouldDockBigOverlays=false launchIntoPipHostTaskId=-1 lastParentTaskIdBeforePip=-1 displayCutoutSafeInsets=Rect(0, 132 - 0, 0) topActivityInfo=ActivityInfo{1e5baa5 com.penkra.canvas.fixture.MainActivity} launchCookies=[] positionInParent=Point(0, 0) parentTaskId=-1 isFocused=false isVisible=false isVisibleRequested=false isTopActivityNoDisplay=false isSleeping=false locusId=null displayAreaFeatureId=1 isTopActivityTransparent=false isActivityStackTransparent=false lastNonFullscreenBounds=Rect(276, 694 - 804, 1774) capturedLink=null capturedLinkTimestamp=0 requestedVisibleTypes=-9 topActivityRequestOpenInBrowserEducationTimestamp=0 appCompatTaskInfo=AppCompatTaskInfo { topActivityInSizeCompat=false eligibleForLetterboxEducation= false isLetterboxEducationEnabled= true isLetterboxDoubleTapEnabled= false eligibleForUserAspectRatioButton= false topActivityBoundsLetterboxed= false isFromLetterboxDoubleTap= false topActivityLetterboxVerticalPosition= -1 topActivityLetterboxHorizontalPosition= -1 topActivityLetterboxWidth=-1 topActivityLetterboxHeight=-1 topActivityAppBounds=Rect(0, 0 - 1080, 2400) isUserFullscreenOverrideEnabled=false isSystemFullscreenOverrideEnabled=false hasMinAspectRatioOverride=false topActivityLetterboxBounds=null cameraCompatTaskInfo=CameraCompatTaskInfo { freeformCameraCompatMode=inactive}} topActivityMainWindowFrame=null}, pipChange = null, remoteTransition = null, displayChange = null, flags = 0, debugId = 43 }
V/WindowManager(  677):     startWCT=WindowContainerTransaction { changes= {} hops= [] errorCallbackToken=null taskFragmentOrganizer=null }
V/WindowManager(  677):     info={id=43 t=OPEN f=0x0 trk=0 r=[0@Point(0, 0)] c=[
V/WindowManager(  677):         {WCT{RemoteToken{5acc09c Task{e68e661 #414 type=standard A=10217:com.penkra.canvas.fixture}}} m=OPEN f=NONE leash=Surface(name=Task=414)/@0x98ba96e sb=Rect(0, 0 - 1080, 2400) eb=Rect(0, 0 - 1080, 2400) epz=Point(1080, 2400) d=0 taskParent=-1},
V/WindowManager(  677):         {WCT{RemoteToken{a8584bf Task{65ff867 #1 type=home}}} m=TO_BACK f=SHOW_WALLPAPER leash=Surface(name=Task=1)/@0x724a548 sb=Rect(0, 0 - 1080, 2400) eb=Rect(0, 0 - 1080, 2400) epz=Point(1080, 2400) d=0 taskParent=-1},
V/WindowManager(  677):         {m=TO_BACK f=IS_WALLPAPER leash=Surface(name=WallpaperWindowToken{19b8f8f showWhenLocked=false})/@0x2adf3eb sb=Rect(0, 0 - 1080, 2400) eb=Rect(0, 0 - 1080, 2400) epz=Point(1080, 2400) d=0}
V/WindowManager(  677):     ]}
V/WindowManagerShell(  927): onTransitionReady(transaction=2907692860725)
V/WindowManagerShell(  927): onTransitionReady (#43) android.os.BinderProxy@1acc076: {id=43 t=OPEN f=0x0 trk=0 r=[0@Point(0, 0)] c=[
V/WindowManagerShell(  927):         {m=OPEN f=NONE leash=Surface(name=Task=414)/@0x755bb5a sb=Rect(0, 0 - 1080, 2400) eb=Rect(0, 0 - 1080, 2400) epz=Point(1080, 2400) d=0 taskParent=-1},
V/WindowManagerShell(  927):         {m=TO_BACK f=SHOW_WALLPAPER leash=Surface(name=Task=1)/@0x32618b sb=Rect(0, 0 - 1080, 2400) eb=Rect(0, 0 - 1080, 2400) epz=Point(1080, 2400) d=0 taskParent=-1},
V/WindowManagerShell(  927):         {m=TO_BACK f=IS_WALLPAPER leash=Surface(name=WallpaperWindowToken{19b8f8f showWhenLocked=false})/@0xbae1268 sb=Rect(0, 0 - 1080, 2400) eb=Rect(0, 0 - 1080, 2400) epz=Point(1080, 2400) d=0}
V/WindowManagerShell(  927):     ]}
V/WindowManagerShell(  927): Transition (#43) android.os.BinderProxy@1acc076@0 ready while (#42) android.os.BinderProxy@8d7502e@0 is still animating. Notify the animating transition in case they can be merged
V/WindowManagerShell(  927):    Merge into remote: RemoteTransition { remoteTransition = android.window.IRemoteTransition$Stub$Proxy@315bd92, appThread = android.app.IApplicationThread$Stub$Proxy@f06363, debugName = QuickstepLaunchHome }
V/WindowManagerShell(  927): Transition animation finished (aborted=false), notifying core (#42) android.os.BinderProxy@8d7502e@0
V/WindowManager(  677): Finish Transition (#42): created at 09-07 13:54:39.516 collect-started=0.017ms request-sent=0.052ms started=4.211ms ready=6.61ms sent=40.933ms commit=48.824ms finished=200.01ms
E/IPCThreadState(  677): Binder transaction failure. id: 172155, BR_*: 29189, error: -22 (Invalid argument)
W/ActivityManager(  677): pid 677 system sent binder code 7 with flags 1 to frozen apps and got error -32
W/WindowManager(  677): Exception thrown during dispatchAppVisibility Window{199b2ec u0 com.penkra.canvas.fixture/com.penkra.canvas.fixture.MainActivity EXITING}
W/WindowManager(  677): android.os.DeadObjectException
W/WindowManager(  677): 	at android.os.BinderProxy.transactNative(Native Method)
W/WindowManager(  677): 	at android.os.BinderProxy.transact(BinderProxy.java:592)
W/WindowManager(  677): 	at android.view.IWindow$Stub$Proxy.dispatchAppVisibility(IWindow.java:557)
W/WindowManager(  677): 	at com.android.server.wm.WindowState.sendAppVisibilityToClients(WindowState.java:3151)
W/WindowManager(  677): 	at com.android.server.wm.WindowContainer.sendAppVisibilityToClients(WindowContainer.java:1311)
W/WindowManager(  677): 	at com.android.server.wm.WindowToken.setClientVisible(WindowToken.java:389)
W/WindowManager(  677): 	at com.android.server.wm.ActivityRecord.setClientVisible(ActivityRecord.java:6650)
W/WindowManager(  677): 	at com.android.server.wm.ActivityRecord.commitVisibility(ActivityRecord.java:5561)
W/WindowManager(  677): 	at com.android.server.wm.Transition.finishTransition(Transition.java:1391)
W/WindowManager(  677): 	at com.android.server.wm.TransitionController.finishTransition(TransitionController.java:1029)
W/WindowManager(  677): 	at com.android.server.wm.WindowOrganizerController.finishTransition(WindowOrganizerController.java:496)
W/WindowManager(  677): 	at android.window.IWindowOrganizerController$Stub.onTransact(IWindowOrganizerController.java:261)
W/WindowManager(  677): 	at com.android.server.wm.WindowOrganizerController.onTransact(WindowOrganizerController.java:223)
W/WindowManager(  677): 	at android.os.Binder.execTransactInternal(Binder.java:1426)
W/WindowManager(  677): 	at android.os.Binder.execTransact(Binder.java:1365)
W/Process (  677): Unable to open /proc/4471/status
--------- beginning of kernel
I/binder  ( 1817): 1817:677 cannot find target node
I/binder  ( 1817): 677:1817 transaction async to 0:0 failed 172155/29189/-22, size 64-0 line 3348
I/ImeTracker(  677): system_server:c22f1494: onRequestHide at ORIGIN_SERVER reason IME_REQUESTED_CHANGED_LISTENER fromUser false
I/ImeTracker(  677): system_server:c22f1494: onCancelled at PHASE_SERVER_SHOULD_HIDE
V/WindowManagerShell(  927): Playing animation for (#43) android.os.BinderProxy@1acc076@0
V/ShellRecents(  927): RecentsTransitionHandler.startAnimation: no controller found
V/WindowManagerShell(  927): Transition doesn't have explicit remote, search filters for match for {id=43 t=OPEN f=0x0 trk=0 r=[0@Point(0, 0)] c=[{m=OPEN f=NONE leash=Surface(name=Task=414)/@0x755bb5a sb=Rect(0, 0 - 1080, 2400) eb=Rect(0, 0 - 1080, 2400) epz=Point(1080, 2400) d=0 taskParent=-1},{m=TO_BACK f=SHOW_WALLPAPER leash=Surface(name=Task=1)/@0x32618b sb=Rect(0, 0 - 1080, 2400) eb=Rect(0, 0 - 1080, 2400) epz=Point(1080, 2400) d=0 taskParent=-1},{m=TO_BACK f=IS_WALLPAPER leash=Surface(name=WallpaperWindowToken{19b8f8f showWhenLocked=false})/@0xbae1268 sb=Rect(0, 0 - 1080, 2400) eb=Rect(0, 0 - 1080, 2400) epz=Point(1080, 2400) d=0}]}
V/WindowManagerShell(  927):  Checking filter Pair{{types=[] flags=0x0] notFlags=0x0 checks=[{atype=undefined independent=true modes=[CLOSE,TO_BACK] flags=IN_TASK_WITH_EMBEDDED_ACTIVITY mustBeTask=false order=ANY topActivity=null launchCookie=null taskFragmentToken=android.os.BinderProxy@d66dde1 windowingMode=undefined}]} RemoteTransition { remoteTransition = android.window.IRemoteTransition$Stub$Proxy@96d3706, appThread = android.app.IApplicationThread$Stub$Proxy@ee871c7, debugName = overlayBackTransition }}
V/WindowManagerShell(  927):  Checking filter Pair{{types=[] flags=0x0] notFlags=0x0 checks=[{atype=dream independent=true modes=[OPEN,TO_FRONT] flags=NONE mustBeTask=false order=ANY topActivity=null launchCookie=null windowingMode=undefined},{atype=home independent=true modes=[CLOSE,TO_BACK] flags=NONE mustBeTask=false order=ANY topActivity=null launchCookie=null windowingMode=undefined}]} RemoteTransition { remoteTransition = android.window.IRemoteTransition$Stub$Proxy@28d43f4, appThread = android.app.IApplicationThread$Stub$Proxy@392771d, debugName = LauncherToDream }}
V/WindowManagerShell(  927):  Checking filter Pair{{types=[] flags=0x0] notFlags=0x100 checks=[{atype=home independent=true modes=[OPEN,TO_FRONT] flags=NONE mustBeTask=false order=TOP topActivity=ComponentInfo{com.google.android.apps.nexuslauncher/com.google.android.apps.nexuslauncher.NexusLauncherActivity} launchCookie=null windowingMode=undefined},{atype=standard independent=true modes=[CLOSE,TO_BACK] flags=NONE mustBeTask=false order=ANY topActivity=null launchCookie=null windowingMode=undefined},{NOT atype=undefined independent=true modes=[] flags=NONE mustBeTask=true order=ANY topActivity=null launchCookie=null customAnim=true windowingMode=undefined}]} RemoteTransition { remoteTransition = android.window.IRemoteTransition$Stub$Proxy@315bd92, appThread = android.app.IApplicationThread$Stub$Proxy@f06363, debugName = QuickstepLaunchHome }}
V/WindowManagerShell(  927):  Delegate animation for (#43) to null
V/WindowManagerShell(  927): start default transition animation, info = {id=43 t=OPEN f=0x0 trk=0 r=[0@Point(0, 0)] c=[{m=OPEN f=NONE leash=Surface(name=Task=414)/@0x755bb5a sb=Rect(0, 0 - 1080, 2400) eb=Rect(0, 0 - 1080, 2400) epz=Point(1080, 2400) d=0 taskParent=-1},{m=TO_BACK f=SHOW_WALLPAPER leash=Surface(name=Task=1)/@0x32618b sb=Rect(0, 0 - 1080, 2400) eb=Rect(0, 0 - 1080, 2400) epz=Point(1080, 2400) d=0 taskParent=-1},{m=TO_BACK f=IS_WALLPAPER leash=Surface(name=WallpaperWindowToken{19b8f8f showWhenLocked=false})/@0xbae1268 sb=Rect(0, 0 - 1080, 2400) eb=Rect(0, 0 - 1080, 2400) epz=Point(1080, 2400) d=0}]}
V/WindowManagerShell(  927): loadAnimation: anim=android.view.animation.AnimationSet@6ba39bd animAttr=0x13 type=OPEN isEntrance=false
V/WindowManagerShell(  927): loadAnimation: anim=android.view.animation.AnimationSet@bd5b4b9 animAttr=0x12 type=OPEN isEntrance=true
V/WindowManagerShell(  927):  animated by com.android.wm.shell.transition.DefaultTransitionHandler@d69f2bf
W/Looper  (  927): Slow dispatch took 31ms wmshell.main app=com.android.systemui main=false group=TOP_APP h=android.os.Handler c=com.android.wm.shell.transition.RemoteTransitionHandler$1$$ExternalSyntheticLambda0@72480fe m=0
D/RecentsView( 1050): onTaskRemoved: 413, not handling task stack changes
D/RecentsView( 1050): onTaskRemoved: 413, not handling task stack changes
E/BpTransactionCompletedListener(  511): Failed to transact (-32)
D/WorkspaceRevealAnim( 1050): onAnimationEnd: workspace alpha = 1.0
V/WindowManagerShell(  927): Transition animation finished (aborted=false), notifying core (#43) android.os.BinderProxy@1acc076@0
D/nativeloader( 4527): Configuring clns-9 for other apk /data/app/~~XiF5IjFWBQZSqhr54nrKdA==/com.penkra.canvas.fixture-JMXL4nWTNIMbvXoGypvByg==/base.apk. target_sdk_version=35, uses_libraries=, library_path=/data/app/~~XiF5IjFWBQZSqhr54nrKdA==/com.penkra.canvas.fixture-JMXL4nWTNIMbvXoGypvByg==/lib/arm64:/data/app/~~XiF5IjFWBQZSqhr54nrKdA==/com.penkra.canvas.fixture-JMXL4nWTNIMbvXoGypvByg==/base.apk!/lib/arm64-v8a, permitted_path=/data:/mnt/expand:/data/user/0/com.penkra.canvas.fixture
V/WindowManager(  677): Finish Transition (#43): created at 09-07 13:54:39.581 collect-started=0.012ms request-sent=9.719ms started=16.986ms ready=127.17ms sent=130.363ms commit=41.978ms finished=456.138ms
D/VRI[NexusLauncherActivity]( 1050): visibilityChanged oldVisibility=true newVisibility=false
V/WindowManagerShell(  927): Track 0 became idle
V/WindowManagerShell(  927): All active transition animations finished
D/CompatChangeReporter( 4527): Compat change id reported: 202956589; UID 10217; state: ENABLED
I/.canvas.fixture( 4527): AssetManager2(0xb400007770014698) locale list changing from [] to [en-US]
V/GraphicsEnvironment( 4527): Currently set values for:
V/GraphicsEnvironment( 4527):   angle_gl_driver_selection_pkgs=[]
V/GraphicsEnvironment( 4527):   angle_gl_driver_selection_values=[]
V/GraphicsEnvironment( 4527): com.penkra.canvas.fixture is not listed in per-application setting
V/GraphicsEnvironment( 4527): ANGLE allowlist from config: com.dreamgames.royalmatch com.dts.freefiremax com.dxx.firenow com.gramgames.mergedragons com.ludo.king com.mojang.minecraftpe com.my.defense com.nintendo.zaka com.os.airforce com.playrix.fishdomdd.gplay io.teslatech.callbreak jp.konami.prospia net.peakgames.toonblast
V/GraphicsEnvironment( 4527): com.penkra.canvas.fixture is not listed in ANGLE allowlist or settings, returning default
V/GraphicsEnvironment( 4527): Neither updatable production driver nor prerelease driver is supported.
D/NexusLauncherModelDelegate( 1050): notifySmartspaceEvent: SmartspaceTargetEvent{mSmartspaceTarget=null, mSmartspaceActionId='null', mEventType=7}
D/CompatChangeReporter( 4527): Compat change id reported: 279646685; UID 10217; state: ENABLED
W/OptProp (  677): Cannot read opt property android.window.PROPERTY_COMPAT_ENABLE_FAKE_FOCUS
D/CompatChangeReporter(  677): Compat change id reported: 324203798; UID 10217; state: ENABLED
D/BackgroundInstallControlService(  677): Package event received: 0
D/BackgroundInstallControlService(  677): Package event received: 0
I/DisplayManager( 4527): Choreographer implicitly registered for the refresh rate.
I/.canvas.fixture( 4527): AssetManager2(0xb40000777001a458) locale list changing from [] to [en-US]
E/ashmem  ( 4527): Pinning is deprecated since Android Q. Please use trim or other methods.
D/CompatChangeReporter( 4527): Compat change id reported: 309578419; UID 10217; state: ENABLED
D/DesktopModeFlags( 4527): Toggle override initialized to: OVERRIDE_UNSET
I/EGL_emulation( 4527): Opening libGLESv1_CM_emulation.so
I/EGL_emulation( 4527): Opening libGLESv2_emulation.so
W/HWUI    ( 4527): Failed to choose config with EGL_SWAP_BEHAVIOR_PRESERVED, retrying without...
W/HWUI    ( 4527): Failed to initialize 101010-2 format, error = EGL_SUCCESS
D/CompatChangeReporter( 4527): Compat change id reported: 352594277; UID 10217; state: ENABLED
D/CompatChangeReporter( 4527): Compat change id reported: 349153669; UID 10217; state: ENABLED
W/HWUI    ( 4527): Unknown dataspace 0
I/servicemanager(  219): Caller(pid=4527,uid=10217,sid=u:r:untrusted_app:s0:c217,c256,c512,c768) Found android.hardware.graphics.allocator.IAllocator/default in device VINTF manifest.
I/servicemanager(  219): Caller(pid=4527,uid=10217,sid=u:r:untrusted_app:s0:c217,c256,c512,c768) Found android.hardware.graphics.allocator.IAllocator/default in device VINTF manifest.
I/servicemanager(  219): Caller(pid=4527,uid=10217,sid=u:r:untrusted_app:s0:c217,c256,c512,c768) Found mapper/ranchu in device VINTF manifest.
D/CoreBackPreview(  677): Window{48c91a6 u0 com.penkra.canvas.fixture/com.penkra.canvas.fixture.MainActivity}: Setting back callback OnBackInvokedCallbackInfo{mCallback=android.window.IOnBackInvokedCallback$Stub$Proxy@76b0a3d, mPriority=0, mIsAnimationCallback=false, mOverrideBehavior=0}
I/CanvasFixedText( 4527): LUNA_FIXED_TEXT_READY case=top-level-style-spacing nonce=fixed-text-android-420-2-top-level-style-spacing-47b1a23b-3538-4443-80cd-a5e13ca740cb
I/CanvasFixedText( 4527): LUNA_FIXED_TEXT_ROOT case=top-level-style-spacing nonce=fixed-text-android-420-2-top-level-style-spacing-47b1a23b-3538-4443-80cd-a5e13ca740cb x=0.0 y=0.0 width=893 height=473 scale=2.625
I/ActivityTaskManager(  677): Displayed com.penkra.canvas.fixture/.MainActivity for user 0: +852ms
D/BaseDepthController( 1050): setSurface:
D/BaseDepthController( 1050): 	mWaitingOnSurfaceValidity: false
D/BaseDepthController( 1050): 	mBaseSurface: null
I/ImeTracker(  677): com.penkra.canvas.fixture:b3cc8c00: onRequestHide at ORIGIN_SERVER reason HIDE_UNSPECIFIED_WINDOW fromUser false
D/BaseDepthController( 1050): mSurface is null and mCurrentBlur is: 0
D/StateManager( 1050): goToState - fromState: Normal, toState: Normal, partial trace:
D/StateManager( 1050): 	at com.android.launcher3.statemanager.StateManager.moveToRestState(go/retraceme 43e00d9cd0eb17b3d9dd30fc1741b1c71445c4c0f7c8c9b81300265c86c5b873:4)
D/StateManager( 1050): 	at com.android.launcher3.statemanager.StateManager.moveToRestState(go/retraceme 43e00d9cd0eb17b3d9dd30fc1741b1c71445c4c0f7c8c9b81300265c86c5b873:1)
D/StateManager( 1050): 	at com.android.launcher3.statemanager.StatefulActivity.onStop(go/retraceme 43e00d9cd0eb17b3d9dd30fc1741b1c71445c4c0f7c8c9b81300265c86c5b873:34)
D/StatsLog( 1050): LAUNCHER_ONSTOP
I/GoogleInputMethodService( 1397): GoogleInputMethodService.onFinishInput():2043 
D/StatsLog( 1050): LAUNCHER_GOOGLE_SEARCH_RESTORE_LIST_SIZE_AFTER_ACTIVITY_RESTART
D/InsetsController( 4527): hide(ime(), fromIme=false)
I/ImeTracker( 4527): com.penkra.canvas.fixture:b3cc8c00: onCancelled at PHASE_CLIENT_ALREADY_HIDDEN
I/ImeTracker(  677): system_server:13541e1: onRequestHide at ORIGIN_SERVER reason IME_REQUESTED_CHANGED_LISTENER fromUser false
I/ImeTracker(  677): system_server:13541e1: onCancelled at PHASE_SERVER_SHOULD_HIDE
I/Module  ( 1397): DeviceLockedStatusModuleProvider$Module.updateDeviceLockedStatus():100 repeatCheckTimes = 0, locked = false
I/GoogleInputMethodService( 1397): GoogleInputMethodService.onStartInput():1293 onStartInput(EditorInfo{EditorInfo{packageName=com.penkra.canvas.fixture, inputType=0, inputTypeString=NULL, enableLearning=false, autoCorrection=false, autoComplete=false, imeOptions=0, privateImeOptions=null, actionName=UNSPECIFIED, actionLabel=null, initialSelStart=-1, initialSelEnd=-1, initialCapsMode=0, label=null, fieldId=0, fieldName=null, extras=null, hintText=null, hintLocales=[]}}, false)
I/Module  ( 1397): DeviceLockedStatusModuleProvider$Module.updateDeviceLockedStatus():100 repeatCheckTimes = 1, locked = false
I/EmojiCompatManager( 1397): EmojiCompatManager.getEmojiCompatIfLoaded():343 EmojiCompat.init() was never called.
I/EmojiCompatManager( 1397): java.lang.IllegalStateException: EmojiCompat is not initialized. Please call EmojiCompat.init() first
I/EmojiCompatManager( 1397): 	at asx.p(PG:6)
I/EmojiCompatManager( 1397): 	at axb.b(PG:13)
I/EmojiCompatManager( 1397): 	at jnr.b(PG:2)
I/EmojiCompatManager( 1397): 	at jnr.c(PG:4)
I/EmojiCompatManager( 1397): 	at jnr.f(PG:3)
I/EmojiCompatManager( 1397): 	at jnx.c(PG:3)
I/EmojiCompatManager( 1397): 	at kif.cz(PG:47)
I/EmojiCompatManager( 1397): 	at lhl.run(PG:1025)
I/EmojiCompatManager( 1397): 	at jaf.execute(PG:12)
I/EmojiCompatManager( 1397): 	at nco.v(PG:13)
I/EmojiCompatManager( 1397): 	at lhn.m(PG:96)
I/EmojiCompatManager( 1397): 	at lhn.k(PG:25)
I/EmojiCompatManager( 1397): 	at kgn.onStartInput(PG:250)
I/EmojiCompatManager( 1397): 	at android.inputmethodservice.InputMethodService.doStartInput(InputMethodService.java:3521)
I/EmojiCompatManager( 1397): 	at android.inputmethodservice.InputMethodService$InputMethodImpl.startInput(InputMethodService.java:879)
I/EmojiCompatManager( 1397): 	at android.inputmethodservice.InputMethodService$InputMethodImpl.dispatchStartInput(InputMethodService.java:908)
I/EmojiCompatManager( 1397): 	at android.inputmethodservice.IInputMethodWrapper.executeMessage(IInputMethodWrapper.java:201)
I/EmojiCompatManager( 1397): 	at com.android.internal.os.HandlerCaller$MyHandler.handleMessage(HandlerCaller.java:44)
I/EmojiCompatManager( 1397): 	at android.os.Handler.dispatchMessage(Handler.java:110)
I/EmojiCompatManager( 1397): 	at android.os.Looper.loopOnce(Looper.java:248)
I/EmojiCompatManager( 1397): 	at android.os.Looper.loop(Looper.java:338)
I/EmojiCompatManager( 1397): 	at android.app.ActivityThread.main(ActivityThread.java:9067)
I/EmojiCompatManager( 1397): 	at java.lang.reflect.Method.invoke(Native Method)
I/EmojiCompatManager( 1397): 	at com.android.internal.os.RuntimeInit$MethodAndArgsCaller.run(RuntimeInit.java:593)
I/EmojiCompatManager( 1397): 	at com.android.internal.os.ZygoteInit.main(ZygoteInit.java:932)
W/PackageConfigPersister(  677): App-specific configuration not found for packageName: com.penkra.canvas.fixture and userId: 0
I/AppWidgetServiceImpl(  677): setAppWidgetHidden() 0
D/BackgroundInstallControlService(  677): Package event received: 0
I/netd    (  453): tetherGetStats() -> {[]} <0.78ms>
I/.canvas.fixture( 4527): Compiler allocated 5111KB to compile void android.view.ViewRootImpl.performTraversals()
I/FontLog ( 1266): Received query Noto Color Emoji Compat, URI content://com.google.android.gms.fonts [CONTEXT service_id=132 ]
I/FontLog ( 1266): Query [emojicompat-emoji-font] resolved to {Noto Color Emoji Compat, wdth 100.0, wght 400, ital 0.0, bestEffort false}, isVf false} [CONTEXT service_id=132 ]
I/FontLog ( 1266): Fetch {Noto Color Emoji Compat, wdth 100.0, wght 400, ital 0.0, bestEffort false}, isVf false} end status Status{statusCode=SUCCESS, resolution=null} [CONTEXT service_id=132 ]
I/FontLog ( 1266): Pulling font file for id = 29, cache size = 11 [CONTEXT service_id=132 ]
I/FontLog ( 1266): Pulling font file for id = 29, cache size = 11 [CONTEXT service_id=132 ]
W/WindowOnBackDispatcher(  927): sendCancelIfRunning: isInProgress=false callback=android.view.ViewRootImpl$$ExternalSyntheticLambda13@62ba313
D/CoreBackPreview(  677): Window{2c4f00c u0 Splash Screen com.penkra.canvas.fixture EXITING}: Setting back callback null
D/WifiClientModeImpl[15875:wlan0](  677): updateLinkLayerStatsRssiSpeedFrequencyCapabilities rssi=-50 TxLinkspeed=1 freq=2447 RxLinkSpeed=2
D/WifiDataStall(  677): tx tput in kbps: 11000
D/WifiDataStall(  677): rx tput in kbps: 11000
V/WifiConfigManager(  677): Updating scan detail cache freq=2447 BSSID=00:13:10:85:fe:01 RSSI=-50 for "AndroidWifi"NONE
D/WifiThroughputPredictor(  677):  utilization (LLS) 80 isBluetoothConnected: false final utilization: 80
D/WifiThroughputPredictor(  677):  BW: 0 RSSI: -50 Nss: 1 Mode: 1 symDur: 4000 snrDb 30 bitPerTone: 4500 rate: 54 throughput: 11
D/WifiThroughputPredictor(  677):  utilization (LLS) 80 isBluetoothConnected: false final utilization: 80
D/WifiThroughputPredictor(  677):  BW: 0 RSSI: -50 Nss: 1 Mode: 1 symDur: 4000 snrDb 30 bitPerTone: 4500 rate: 54 throughput: 11
D/WifiThroughputPredictor(  677):  utilization (LLS) 80 isBluetoothConnected: false final utilization: 80
D/WifiThroughputPredictor(  677):  BW: 0 RSSI: -50 Nss: 1 Mode: 1 symDur: 4000 snrDb 30 bitPerTone: 4500 rate: 54 throughput: 11
D/WifiThroughputPredictor(  677):  utilization (LLS) 80 isBluetoothConnected: false final utilization: 80
D/WifiThroughputPredictor(  677):  BW: 0 RSSI: -50 Nss: 1 Mode: 1 symDur: 4000 snrDb 30 bitPerTone: 4500 rate: 54 throughput: 11
D/WifiScoreCard(  677): BSSID update SIGNAL_POLL ID: 10023120 SSID: "AndroidWifi", BSSID: 00:13:10:85:fe:01, MAC: 02:15:b2:00:00:00, IP: /10.0.2.16, Security type: 0, Supplicant state: COMPLETED, Wi-Fi standard: legacy, RSSI: -50, Link speed: 1Mbps, Tx Link speed: 1Mbps, Max Supported Tx Link speed: 11Mbps, Rx Link speed: 2Mbps, Max Supported Rx Link speed: 11Mbps, Frequency: 2447MHz, Net ID: 0, Metered hint: false, score: 60, isUsable: true, CarrierMerged: false, SubscriptionId: -1, IsPrimary: 1, Trusted: true, Restricted: false, Ephemeral: false, OEM paid: false, OEM private: false, OSU AP: false, FQDN: <none>, Provider friendly name: <none>, Requesting package name: <none>"AndroidWifi"openMLO Information: , Is TID-To-Link negotiation supported by the AP: false, AP MLD Address: <none>, AP MLO Link Id: <none>, AP MLO Affiliated links: <none>, Vendor Data: <none>
D/WifiScoreCard(  677): txRate: 8 txSpeed: 1
D/WifiScoreCard(  677): network update SIGNAL_POLL "AndroidWifi" ID: 353851559 RSSI -50 txSpeed 1
D/WifiClientModeImpl[15875:wlan0](  677):  ClientModeImpl$L2ConnectedState screen=on 1 0 "AndroidWifi" 00:13:10:85:fe:01 rssi=-50 f=2447 sc=60 link=1 tx=7.3, 0.0, 0.0 rx=6.7 bcn=0 [on:0 tx:0 rx:0 period:3005] from screen [on:0 period:2104486238] score=60
I/WifiService(  677): getWifiEnabledState uid=10147 state=3
D/ConnectivityService(  677): requestNetwork for uid/pid:10147/4157 activeRequest: null callbackRequest: 161 [NetworkRequest [ REQUEST id=161, [ Transports: CELLULAR Capabilities: INTERNET&NOT_RESTRICTED&TRUSTED&NOT_VPN&NOT_VCN_MANAGED&NOT_BANDWIDTH_CONSTRAINED Uid: 10147 RequestorUid: 10147 RequestorPkg: com.google.android.googlequicksearchbox UnderlyingNetworks: Null] ]] callback flags: 0 order: 2147483647 isUidTracked: false declaredMethods: AVAIL|LOSING|LOST|NC|LP
I/netd    (  453): networkSetPermissionForNetwork(101, 0) <2.07ms>
W/IPCThreadState(  677): Sending oneway calls to frozen process.
W/IPCThreadState(  677): Sending oneway calls to frozen process.
W/IPCThreadState(  677): Sending oneway calls to frozen process.
D/ConnectivityService(  677): NetReassign [161 : null → 101] [c 0] [a 5] [i 1]
D/ConnectivityService(  677): reportNetworkConnectivity(100, false) by 10147
D/NetworkMonitor/100( 1036): Forcing reevaluation for UID 10147. Dns signal count: 0
I/resolv  (  453): ResNSendHandler::run: 0 / {100 983140 100 983140 1073 1}
I/resolv  (  453): resolv_cache_lookup: FOUND IN CACHE entry=0xb400007a68178790
I/resolv  (  453): ResNSendHandler::run: 0 / {100 983140 100 983140 1073 1}
I/resolv  (  453): ResNSendHandler::run: 0 / {100 983140 100 983140 1073 1}
I/resolv  (  453): ResNSendHandler::run: 0 / {100 983140 100 983140 1073 1}
I/resolv  (  453): res_nsend: used send_dg 63 terrno: 0
I/resolv  (  453): res_nsend: used send_dg 160 terrno: 0
I/resolv  (  453): res_nsend: used send_dg 75 terrno: 0
D/NetworkMonitor/100( 1036): PROBE_DNS www.google.com 320ms OK 142.251.155.119,142.251.156.119,142.251.157.119,142.251.152.119,142.251.154.119,142.251.151.119,142.251.150.119,142.251.153.119,2001:4860:482c:7700::,2001:4860:482a:7700::,2001:4860:482d:7700::,2001:4860:4828:7700::,2001:4860:4829:7700::,2001:4860:4827:7700::,2001:4860:482b:7700::,2001:4860:4826:7700::
D/NetworkMonitor/100( 1036): PROBE_DNS connectivitycheck.gstatic.com 321ms OK 142.250.188.35,2607:f8b0:4001:c1d::5e
I/resolv  (  453): GetAddrInfoHandler::run: {100 983140 100 983140 1073 1}
I/resolv  (  453): GetAddrInfoHandler::run: {100 983140 100 983140 1073 1}
I/resolv  (  453): res_nmkquery: (QUERY, IN, AAAA)
I/resolv  (  453): resolv_cache_lookup: FOUND IN CACHE entry=0xb400007a68178790
I/resolv  (  453): doQuery: rcode=0, ancount=8, return value=256
I/resolv  (  453): res_nmkquery: (QUERY, IN, AAAA)
I/resolv  (  453): resolv_cache_lookup: FOUND IN CACHE entry=0xb4000079a8178310
I/resolv  (  453): doQuery: rcode=0, ancount=1, return value=75
I/resolv  (  453): res_nmkquery: (QUERY, IN, A)
I/resolv  (  453): resolv_cache_lookup: FOUND IN CACHE entry=0xb4000079a8178230
I/resolv  (  453): doQuery: rcode=0, ancount=1, return value=63
I/resolv  (  453): res_nmkquery: (QUERY, IN, A)
I/resolv  (  453): resolv_cache_lookup: FOUND IN CACHE entry=0xb400007928172730
I/resolv  (  453): doQuery: rcode=0, ancount=8, return value=160
D/wpa_supplicant(  909): nl80211: Drv Event 64 (NL80211_CMD_NOTIFY_CQM) received for wlan0
D/wpa_supplicant(  909): nl80211: Beacon loss event
D/wpa_supplicant(  909): wlan0: Event BEACON_LOSS (53) received
I/wpa_supplicant(  909): wlan0: CTRL-EVENT-BEACON-LOSS 
D/NetworkMonitor/100( 1036): PROBE_HTTP http://connectivitycheck.gstatic.com/generate_204 time=537ms ret=204 request={Connection=[close], User-Agent=[Mozilla/5.0 (X11; Linux x86_64) AppleWebKit/537.36 (KHTML, like Gecko) Chrome/60.0.3112.32 Safari/537.36]} headers={null=[HTTP/1.1 204 No Content], Connection=[close], Content-Length=[0], Cross-Origin-Resource-Policy=[cross-origin], Date=[Mon, 07 Sep 2026 19:54:42 GMT], X-Android-Received-Millis=[1788810882558], X-Android-Response-Source=[NETWORK 204], X-Android-Selected-Protocol=[http/1.1], X-Android-Sent-Millis=[1788810882256]}
D/NetworkMonitor/100( 1036): PROBE_HTTPS https://www.google.com/generate_204 time=593ms ret=204 request={Connection=[close], User-Agent=[Mozilla/5.0 (X11; Linux x86_64) AppleWebKit/537.36 (KHTML, like Gecko) Chrome/60.0.3112.32 Safari/537.36]} headers={null=[HTTP/1.1 204 No Content], Alt-Svc=[h3=":443"; ma=2592000,h3-29=":443"; ma=2592000], Connection=[close], Content-Length=[0], Cross-Origin-Resource-Policy=[cross-origin], Date=[Mon, 07 Sep 2026 19:54:42 GMT], X-Android-Received-Millis=[1788810882613], X-Android-Response-Source=[NETWORK 204], X-Android-Selected-Protocol=[http/1.1], X-Android-Sent-Millis=[1788810882558]}
D/NetworkMonitor/100( 1036): isCaptivePortal: isSuccessful()=true isPortal()=false RedirectUrl=null isPartialConnectivity()=false Time=919ms
D/ConnectivityService(  677): [100 WIFI] validation passed
E/TaskPersister(  677): File error accessing recents directory (directory doesn't exist?).
W/acut    ( 4157): (REDACTED) [%s] response code: %d
D/WifiClientModeImpl[15875:wlan0](  677): updateLinkLayerStatsRssiSpeedFrequencyCapabilities rssi=-50 TxLinkspeed=2 freq=2447 RxLinkSpeed=2
D/WifiDataStall(  677): tx tput in kbps: 11000
D/WifiDataStall(  677): rx tput in kbps: 11000
V/WifiConfigManager(  677): Updating scan detail cache freq=2447 BSSID=00:13:10:85:fe:01 RSSI=-50 for "AndroidWifi"NONE
D/WifiThroughputPredictor(  677):  utilization (LLS) 80 isBluetoothConnected: false final utilization: 80
D/WifiThroughputPredictor(  677):  BW: 0 RSSI: -50 Nss: 1 Mode: 1 symDur: 4000 snrDb 30 bitPerTone: 4500 rate: 54 throughput: 11
D/WifiThroughputPredictor(  677):  utilization (LLS) 80 isBluetoothConnected: false final utilization: 80
D/WifiThroughputPredictor(  677):  BW: 0 RSSI: -50 Nss: 1 Mode: 1 symDur: 4000 snrDb 30 bitPerTone: 4500 rate: 54 throughput: 11
D/WifiThroughputPredictor(  677):  utilization (LLS) 80 isBluetoothConnected: false final utilization: 80
D/WifiThroughputPredictor(  677):  BW: 0 RSSI: -50 Nss: 1 Mode: 1 symDur: 4000 snrDb 30 bitPerTone: 4500 rate: 54 throughput: 11
D/WifiThroughputPredictor(  677):  utilization (LLS) 80 isBluetoothConnected: false final utilization: 80
D/WifiThroughputPredictor(  677):  BW: 0 RSSI: -50 Nss: 1 Mode: 1 symDur: 4000 snrDb 30 bitPerTone: 4500 rate: 54 throughput: 11
D/WifiScoreCard(  677): BSSID update SIGNAL_POLL ID: 10023120 SSID: "AndroidWifi", BSSID: 00:13:10:85:fe:01, MAC: 02:15:b2:00:00:00, IP: /10.0.2.16, Security type: 0, Supplicant state: COMPLETED, Wi-Fi standard: legacy, RSSI: -50, Link speed: 2Mbps, Tx Link speed: 2Mbps, Max Supported Tx Link speed: 11Mbps, Rx Link speed: 2Mbps, Max Supported Rx Link speed: 11Mbps, Frequency: 2447MHz, Net ID: 0, Metered hint: false, score: 60, isUsable: true, CarrierMerged: false, SubscriptionId: -1, IsPrimary: 1, Trusted: true, Restricted: false, Ephemeral: false, OEM paid: false, OEM private: false, OSU AP: false, FQDN: <none>, Provider friendly name: <none>, Requesting package name: <none>"AndroidWifi"openMLO Information: , Is TID-To-Link negotiation supported by the AP: false, AP MLD Address: <none>, AP MLO Link Id: <none>, AP MLO Affiliated links: <none>, Vendor Data: <none>
D/WifiScoreCard(  677): txRate: 9 txSpeed: 2
D/WifiScoreCard(  677): network update SIGNAL_POLL "AndroidWifi" ID: 353851559 RSSI -50 txSpeed 2
D/WifiClientModeImpl[15875:wlan0](  677):  ClientModeImpl$L2ConnectedState screen=on 1 0 "AndroidWifi" 00:13:10:85:fe:01 rssi=-50 f=2447 sc=60 link=2 tx=8.8, 0.0, 0.0 rx=8.7 bcn=0 [on:0 tx:0 rx:0 period:3006] from screen [on:0 period:2104489244] score=60

