Timestamp               Ty Process[PID:TID]
2026-09-07 14:04:58.362 Df CanvasFlowPaintEvidence[181:54bca6a] (Foundation) LUNA_FLOW_PAINT_READY case=wrap-horizontal-start nonce=missing
2026-09-07 14:04:58.362 Df CanvasFlowPaintEvidence[181:54bca6a] (Foundation) LUNA_FLOW_PAINT_ROOT case=wrap-horizontal-start nonce=missing frame=-9.000,271.000 420.000x360.000 scale=3.000
2026-09-07 14:04:59.370 Df log[361:0] [com.apple.log:] log run noninteractively, parent: 97696 (launchd_sim), args: 'log' 'show' '--style' 'compact' '--start' '@1788811497' '--predicate' 'eventMessage CONTAINS[c] "LUNA_FLOW_PAINT_READY" OR eventMessage CONTAINS[c] "LUNA_FLOW_PAINT_ROOT"'
2026-09-07 14:05:01.058 Df log[784:0] [com.apple.log:] log run noninteractively, parent: 97696 (launchd_sim), args: 'log' 'show' '--style' 'compact' '--start' '@1788811497' '--predicate' 'eventMessage CONTAINS[c] "LUNA_FLOW_PAINT_READY" OR eventMessage CONTAINS[c] "LUNA_FLOW_PAINT_ROOT"'
2026-09-07 14:05:02.590 Df log[1331:0] [com.apple.log:] log run noninteractively, parent: 97696 (launchd_sim), args: 'log' 'show' '--style' 'compact' '--start' '@1788811497' '--predicate' 'eventMessage CONTAINS[c] "LUNA_FLOW_PAINT_READY" OR eventMessage CONTAINS[c] "LUNA_FLOW_PAINT_ROOT"'
2026-09-07 14:05:04.089 Df log[1776:0] [com.apple.log:] log run noninteractively, parent: 97696 (launchd_sim), args: 'log' 'show' '--style' 'compact' '--start' '@1788811497' '--predicate' 'eventMessage CONTAINS[c] "LUNA_FLOW_PAINT_READY" OR eventMessage CONTAINS[c] "LUNA_FLOW_PAINT_ROOT"'
2026-09-07 14:05:05.663 Df log[2249:0] [com.apple.log:] log run noninteractively, parent: 97696 (launchd_sim), args: 'log' 'show' '--style' 'compact' '--start' '@1788811497' '--predicate' 'eventMessage CONTAINS[c] "LUNA_FLOW_PAINT_READY" OR eventMessage CONTAINS[c] "LUNA_FLOW_PAINT_ROOT"'
2026-09-07 14:05:07.327 Df log[2289:0] [com.apple.log:] log run noninteractively, parent: 97696 (launchd_sim), args: 'log' 'show' '--style' 'compact' '--start' '@1788811497' '--predicate' 'eventMessage CONTAINS[c] "LUNA_FLOW_PAINT_READY" OR eventMessage CONTAINS[c] "LUNA_FLOW_PAINT_ROOT"'
2026-09-07 14:05:08.915 Df log[2318:0] [com.apple.log:] log run noninteractively, parent: 97696 (launchd_sim), args: 'log' 'show' '--style' 'compact' '--start' '@1788811497' '--predicate' 'eventMessage CONTAINS[c] "LUNA_FLOW_PAINT_READY" OR eventMessage CONTAINS[c] "LUNA_FLOW_PAINT_ROOT"'
2026-09-07 14:05:10.389 Df log[2411:0] [com.apple.log:] log run noninteractively, parent: 97696 (launchd_sim), args: 'log' 'show' '--style' 'compact' '--start' '@1788811497' '--predicate' 'eventMessage CONTAINS[c] "LUNA_FLOW_PAINT_READY" OR eventMessage CONTAINS[c] "LUNA_FLOW_PAINT_ROOT"'
2026-09-07 14:05:11.924 Df log[2829:0] [com.apple.log:] log run noninteractively, parent: 97696 (launchd_sim), args: 'log' 'show' '--style' 'compact' '--start' '@1788811497' '--predicate' 'eventMessage CONTAINS[c] "LUNA_FLOW_PAINT_READY" OR eventMessage CONTAINS[c] "LUNA_FLOW_PAINT_ROOT"'
2026-09-07 14:05:13.393 Df log[3007:0] [com.apple.log:] log run noninteractively, parent: 97696 (launchd_sim), args: 'log' 'show' '--style' 'compact' '--start' '@1788811497' '--predicate' 'eventMessage CONTAINS[c] "LUNA_FLOW_PAINT_READY" OR eventMessage CONTAINS[c] "LUNA_FLOW_PAINT_ROOT"'
2026-09-07 14:05:15.056 Df log[3028:0] [com.apple.log:] log run noninteractively, parent: 97696 (launchd_sim), args: 'log' 'show' '--style' 'compact' '--start' '@1788811497' '--predicate' 'eventMessage CONTAINS[c] "LUNA_FLOW_PAINT_READY" OR eventMessage CONTAINS[c] "LUNA_FLOW_PAINT_ROOT"'
2026-09-07 14:05:16.602 Df log[3131:0] [com.apple.log:] log run noninteractively, parent: 97696 (launchd_sim), args: 'log' 'show' '--style' 'compact' '--start' '@1788811497' '--predicate' 'eventMessage CONTAINS[c] "LUNA_FLOW_PAINT_READY" OR eventMessage CONTAINS[c] "LUNA_FLOW_PAINT_ROOT"'
2026-09-07 14:05:18.126 Df log[3148:0] [com.apple.log:] log run noninteractively, parent: 97696 (launchd_sim), args: 'log' 'show' '--style' 'compact' '--start' '@1788811497' '--predicate' 'eventMessage CONTAINS[c] "LUNA_FLOW_PAINT_READY" OR eventMessage CONTAINS[c] "LUNA_FLOW_PAINT_ROOT"'
2026-09-07 14:05:19.569 Df log[3168:0] [com.apple.log:] log run noninteractively, parent: 97696 (launchd_sim), args: 'log' 'show' '--style' 'compact' '--start' '@1788811497' '--predicate' 'eventMessage CONTAINS[c] "LUNA_FLOW_PAINT_READY" OR eventMessage CONTAINS[c] "LUNA_FLOW_PAINT_ROOT"'
2026-09-07 14:05:21.029 Df log[3178:0] [com.apple.log:] log run noninteractively, parent: 97696 (launchd_sim), args: 'log' 'show' '--style' 'compact' '--start' '@1788811497' '--predicate' 'eventMessage CONTAINS[c] "LUNA_FLOW_PAINT_READY" OR eventMessage CONTAINS[c] "LUNA_FLOW_PAINT_ROOT"'
2026-09-07 14:05:22.602 Df log[3313:0] [com.apple.log:] log run noninteractively, parent: 97696 (launchd_sim), args: 'log' 'show' '--style' 'compact' '--start' '@1788811497' '--predicate' 'eventMessage CONTAINS[c] "LUNA_FLOW_PAINT_READY" OR eventMessage CONTAINS[c] "LUNA_FLOW_PAINT_ROOT"'
2026-09-07 14:05:24.068 Df log[3402:0] [com.apple.log:] log run noninteractively, parent: 97696 (launchd_sim), args: 'log' 'show' '--style' 'compact' '--start' '@1788811497' '--predicate' 'eventMessage CONTAINS[c] "LUNA_FLOW_PAINT_READY" OR eventMessage CONTAINS[c] "LUNA_FLOW_PAINT_ROOT"'
2026-09-07 14:05:25.525 Df log[3415:0] [com.apple.log:] log run noninteractively, parent: 97696 (launchd_sim), args: 'log' 'show' '--style' 'compact' '--start' '@1788811497' '--predicate' 'eventMessage CONTAINS[c] "LUNA_FLOW_PAINT_READY" OR eventMessage CONTAINS[c] "LUNA_FLOW_PAINT_ROOT"'
2026-09-07 14:05:26.966 Df log[3433:0] [com.apple.log:] log run noninteractively, parent: 97696 (launchd_sim), args: 'log' 'show' '--style' 'compact' '--start' '@1788811497' '--predicate' 'eventMessage CONTAINS[c] "LUNA_FLOW_PAINT_READY" OR eventMessage CONTAINS[c] "LUNA_FLOW_PAINT_ROOT"'
2026-09-07 14:05:28.447 Df log[3522:0] [com.apple.log:] log run noninteractively, parent: 97696 (launchd_sim), args: 'log' 'show' '--style' 'compact' '--start' '@1788811497' '--predicate' 'eventMessage CONTAINS[c] "LUNA_FLOW_PAINT_READY" OR eventMessage CONTAINS[c] "LUNA_FLOW_PAINT_ROOT"'
2026-09-07 14:05:29.889 Df log[3612:0] [com.apple.log:] log run noninteractively, parent: 97696 (launchd_sim), args: 'log' 'show' '--style' 'compact' '--start' '@1788811497' '--predicate' 'eventMessage CONTAINS[c] "LUNA_FLOW_PAINT_READY" OR eventMessage CONTAINS[c] "LUNA_FLOW_PAINT_ROOT"'
2026-09-07 14:05:31.422 Df log[3623:0] [com.apple.log:] log run noninteractively, parent: 97696 (launchd_sim), args: 'log' 'show' '--style' 'compact' '--start' '@1788811497' '--predicate' 'eventMessage CONTAINS[c] "LUNA_FLOW_PAINT_READY" OR eventMessage CONTAINS[c] "LUNA_FLOW_PAINT_ROOT"'
2026-09-07 14:05:32.898 Df log[3637:0] [com.apple.log:] log run noninteractively, parent: 97696 (launchd_sim), args: 'log' 'show' '--style' 'compact' '--start' '@1788811497' '--predicate' 'eventMessage CONTAINS[c] "LUNA_FLOW_PAINT_READY" OR eventMessage CONTAINS[c] "LUNA_FLOW_PAINT_ROOT"'
2026-09-07 14:05:34.389 Df log[3658:0] [com.apple.log:] log run noninteractively, parent: 97696 (launchd_sim), args: 'log' 'show' '--style' 'compact' '--start' '@1788811497' '--predicate' 'eventMessage CONTAINS[c] "LUNA_FLOW_PAINT_READY" OR eventMessage CONTAINS[c] "LUNA_FLOW_PAINT_ROOT"'
2026-09-07 14:05:35.842 Df log[3670:0] [com.apple.log:] log run noninteractively, parent: 97696 (launchd_sim), args: 'log' 'show' '--style' 'compact' '--start' '@1788811497' '--predicate' 'eventMessage CONTAINS[c] "LUNA_FLOW_PAINT_READY" OR eventMessage CONTAINS[c] "LUNA_FLOW_PAINT_ROOT"'
2026-09-07 14:05:37.389 Df log[3695:0] [com.apple.log:] log run noninteractively, parent: 97696 (launchd_sim), args: 'log' 'show' '--style' 'compact' '--start' '@1788811497' '--predicate' 'eventMessage CONTAINS[c] "LUNA_FLOW_PAINT_READY" OR eventMessage CONTAINS[c] "LUNA_FLOW_PAINT_ROOT"'
2026-09-07 14:05:38.849 Df log[3794:0] [com.apple.log:] log run noninteractively, parent: 97696 (launchd_sim), args: 'log' 'show' '--style' 'compact' '--start' '@1788811497' '--predicate' 'eventMessage CONTAINS[c] "LUNA_FLOW_PAINT_READY" OR eventMessage CONTAINS[c] "LUNA_FLOW_PAINT_ROOT"'
2026-09-07 14:05:40.355 Df log[3806:0] [com.apple.log:] log run noninteractively, parent: 97696 (launchd_sim), args: 'log' 'show' '--style' 'compact' '--start' '@1788811497' '--predicate' 'eventMessage CONTAINS[c] "LUNA_FLOW_PAINT_READY" OR eventMessage CONTAINS[c] "LUNA_FLOW_PAINT_ROOT"'
2026-09-07 14:05:41.817 Df log[3818:0] [com.apple.log:] log run noninteractively, parent: 97696 (launchd_sim), args: 'log' 'show' '--style' 'compact' '--start' '@1788811497' '--predicate' 'eventMessage CONTAINS[c] "LUNA_FLOW_PAINT_READY" OR eventMessage CONTAINS[c] "LUNA_FLOW_PAINT_ROOT"'
2026-09-07 14:05:43.283 Df log[3848:0] [com.apple.log:] log run noninteractively, parent: 97696 (launchd_sim), args: 'log' 'show' '--style' 'compact' '--start' '@1788811497' '--predicate' 'eventMessage CONTAINS[c] "LUNA_FLOW_PAINT_READY" OR eventMessage CONTAINS[c] "LUNA_FLOW_PAINT_ROOT"'

getpwuid_r did not find a match for uid 501
