Timestamp               Ty Process[PID:TID]
2026-09-07 13:23:38.190 Df log[16229:0] [com.apple.log:] log run noninteractively, parent: 97696 (launchd_sim), args: 'log' 'show' '--style' 'compact' '--start' '@1788808928' '--predicate' 'eventMessage CONTAINS[c] "LUNA_FIXED_TEXT_READY" OR eventMessage CONTAINS[c] "LUNA_FIXED_TEXT_ROOT"'
2026-09-07 13:23:38.413 Df log[16239:0] [com.apple.log:] log run noninteractively, parent: 97696 (launchd_sim), args: 'log' 'show' '--style' 'compact' '--start' '@1788809016' '--predicate' 'eventMessage CONTAINS[c] "LUNA_FIXED_TEXT_READY" OR eventMessage CONTAINS[c] "LUNA_FIXED_TEXT_ROOT"'
2026-09-07 13:23:40.137 Df log[16278:0] [com.apple.log:] log run noninteractively, parent: 97696 (launchd_sim), args: 'log' 'show' '--style' 'compact' '--start' '@1788809018' '--predicate' 'eventMessage CONTAINS[c] "LUNA_FIXED_TEXT_READY" OR eventMessage CONTAINS[c] "LUNA_FIXED_TEXT_ROOT"'
2026-09-07 13:23:41.203 Df CanvasFixedTextEvidence[16288:547f8e8] (Foundation) LUNA_FIXED_TEXT_READY case=fixed-text-top-level-style-spacing nonce=fixed-text-iphone-large-large-top-level-style-spacing-4463757e-c9de-4cd0-bde1-9c8b910814a1
2026-09-07 13:23:41.203 Df CanvasFixedTextEvidence[16288:547f8e8] (Foundation) LUNA_FIXED_TEXT_ROOT case=fixed-text-top-level-style-spacing nonce=fixed-text-iphone-large-large-top-level-style-spacing-4463757e-c9de-4cd0-bde1-9c8b910814a1 frame=31.000,361.000 340.000x180.000 scale=3.000
2026-09-07 13:23:41.556 Df log[16298:0] [com.apple.log:] log run noninteractively, parent: 97696 (launchd_sim), args: 'log' 'show' '--style' 'compact' '--start' '@1788809018' '--predicate' 'eventMessage CONTAINS[c] "LUNA_FIXED_TEXT_READY" OR eventMessage CONTAINS[c] "LUNA_FIXED_TEXT_ROOT"'
2026-09-07 13:23:41.853 Df log[16309:0] [com.apple.log:] log run noninteractively, parent: 97696 (launchd_sim), args: 'log' 'show' '--style' 'compact' '--start' '@1788809020' '--predicate' 'eventMessage CONTAINS[c] "LUNA_FIXED_TEXT_READY" OR eventMessage CONTAINS[c] "LUNA_FIXED_TEXT_ROOT"'
2026-09-07 13:23:43.015 Df log[16328:0] [com.apple.log:] log run noninteractively, parent: 97696 (launchd_sim), args: 'log' 'show' '--style' 'compact' '--start' '@1788809018' '--predicate' 'eventMessage CONTAINS[c] "LUNA_FIXED_TEXT_READY" OR eventMessage CONTAINS[c] "LUNA_FIXED_TEXT_ROOT"'
2026-09-07 13:23:44.448 Df log[16357:0] [com.apple.log:] log run noninteractively, parent: 97696 (launchd_sim), args: 'log' 'show' '--style' 'compact' '--start' '@1788809018' '--predicate' 'eventMessage CONTAINS[c] "LUNA_FIXED_TEXT_READY" OR eventMessage CONTAINS[c] "LUNA_FIXED_TEXT_ROOT"'
2026-09-07 13:23:44.640 Df CanvasFixedTextEvidence[16358:547f9d1] (Foundation) LUNA_FIXED_TEXT_READY case=fixed-text-top-level-decorations nonce=fixed-text-iphone-large-large-top-level-decorations-3bd41788-722f-4ee5-adca-9278e1a2c4ce
2026-09-07 13:23:44.640 Df CanvasFixedTextEvidence[16358:547f9d1] (Foundation) LUNA_FIXED_TEXT_ROOT case=fixed-text-top-level-decorations nonce=fixed-text-iphone-large-large-top-level-decorations-3bd41788-722f-4ee5-adca-9278e1a2c4ce frame=31.000,361.000 340.000x180.000 scale=3.000
2026-09-07 13:23:45.269 Df log[16369:0] [com.apple.log:] log run noninteractively, parent: 97696 (launchd_sim), args: 'log' 'show' '--style' 'compact' '--start' '@1788809023' '--predicate' 'eventMessage CONTAINS[c] "LUNA_FIXED_TEXT_READY" OR eventMessage CONTAINS[c] "LUNA_FIXED_TEXT_ROOT"'
2026-09-07 13:23:45.894 Df log[16379:0] [com.apple.log:] log run noninteractively, parent: 97696 (launchd_sim), args: 'log' 'show' '--style' 'compact' '--start' '@1788809018' '--predicate' 'eventMessage CONTAINS[c] "LUNA_FIXED_TEXT_READY" OR eventMessage CONTAINS[c] "LUNA_FIXED_TEXT_ROOT"'
2026-09-07 13:23:47.376 Df log[16489:0] [com.apple.log:] log run noninteractively, parent: 97696 (launchd_sim), args: 'log' 'show' '--style' 'compact' '--start' '@1788809018' '--predicate' 'eventMessage CONTAINS[c] "LUNA_FIXED_TEXT_READY" OR eventMessage CONTAINS[c] "LUNA_FIXED_TEXT_ROOT"'
2026-09-07 13:23:48.151 Df CanvasFixedTextEvidence[16499:547fb54] (Foundation) LUNA_FIXED_TEXT_READY case=fixed-text-rich-run-fill-family nonce=fixed-text-iphone-large-large-rich-run-fill-family-31f8638d-b14c-4ccc-8a97-c82bc081b226
2026-09-07 13:23:48.151 Df CanvasFixedTextEvidence[16499:547fb54] (Foundation) LUNA_FIXED_TEXT_ROOT case=fixed-text-rich-run-fill-family nonce=fixed-text-iphone-large-large-rich-run-fill-family-31f8638d-b14c-4ccc-8a97-c82bc081b226 frame=31.000,361.000 340.000x180.000 scale=3.000
2026-09-07 13:23:48.833 Df log[16674:0] [com.apple.log:] log run noninteractively, parent: 97696 (launchd_sim), args: 'log' 'show' '--style' 'compact' '--start' '@1788809018' '--predicate' 'eventMessage CONTAINS[c] "LUNA_FIXED_TEXT_READY" OR eventMessage CONTAINS[c] "LUNA_FIXED_TEXT_ROOT"'
2026-09-07 13:23:48.938 Df log[16675:0] [com.apple.log:] log run noninteractively, parent: 97696 (launchd_sim), args: 'log' 'show' '--style' 'compact' '--start' '@1788809027' '--predicate' 'eventMessage CONTAINS[c] "LUNA_FIXED_TEXT_READY" OR eventMessage CONTAINS[c] "LUNA_FIXED_TEXT_ROOT"'
2026-09-07 13:23:50.301 Df log[16694:0] [com.apple.log:] log run noninteractively, parent: 97696 (launchd_sim), args: 'log' 'show' '--style' 'compact' '--start' '@1788809018' '--predicate' 'eventMessage CONTAINS[c] "LUNA_FIXED_TEXT_READY" OR eventMessage CONTAINS[c] "LUNA_FIXED_TEXT_ROOT"'
2026-09-07 13:23:51.696 Df CanvasFixedTextEvidence[16713:547fd3f] (Foundation) LUNA_FIXED_TEXT_READY case=fixed-text-rich-run-size nonce=fixed-text-iphone-large-large-rich-run-size-99bd6e6f-521a-414e-b222-87111e651954
2026-09-07 13:23:51.696 Df CanvasFixedTextEvidence[16713:547fd3f] (Foundation) LUNA_FIXED_TEXT_ROOT case=fixed-text-rich-run-size nonce=fixed-text-iphone-large-large-rich-run-size-99bd6e6f-521a-414e-b222-87111e651954 frame=31.000,361.000 340.000x180.000 scale=3.000
2026-09-07 13:23:51.837 Df log[16723:0] [com.apple.log:] log run noninteractively, parent: 97696 (launchd_sim), args: 'log' 'show' '--style' 'compact' '--start' '@1788809018' '--predicate' 'eventMessage CONTAINS[c] "LUNA_FIXED_TEXT_READY" OR eventMessage CONTAINS[c] "LUNA_FIXED_TEXT_ROOT"'
2026-09-07 13:23:52.334 Df log[16733:0] [com.apple.log:] log run noninteractively, parent: 97696 (launchd_sim), args: 'log' 'show' '--style' 'compact' '--start' '@1788809030' '--predicate' 'eventMessage CONTAINS[c] "LUNA_FIXED_TEXT_READY" OR eventMessage CONTAINS[c] "LUNA_FIXED_TEXT_ROOT"'
2026-09-07 13:23:53.299 Df log[16753:0] [com.apple.log:] log run noninteractively, parent: 97696 (launchd_sim), args: 'log' 'show' '--style' 'compact' '--start' '@1788809018' '--predicate' 'eventMessage CONTAINS[c] "LUNA_FIXED_TEXT_READY" OR eventMessage CONTAINS[c] "LUNA_FIXED_TEXT_ROOT"'
2026-09-07 13:23:54.881 Df log[16945:0] [com.apple.log:] log run noninteractively, parent: 97696 (launchd_sim), args: 'log' 'show' '--style' 'compact' '--start' '@1788809018' '--predicate' 'eventMessage CONTAINS[c] "LUNA_FIXED_TEXT_READY" OR eventMessage CONTAINS[c] "LUNA_FIXED_TEXT_ROOT"'
2026-09-07 13:23:55.246 Df CanvasFixedTextEvidence[16948:547ffb1] (Foundation) LUNA_FIXED_TEXT_READY case=fixed-text-rich-run-italic-spacing nonce=fixed-text-iphone-large-large-rich-run-italic-spacing-75ac418b-754b-4138-981d-f230a9934703
2026-09-07 13:23:55.246 Df CanvasFixedTextEvidence[16948:547ffb1] (Foundation) LUNA_FIXED_TEXT_ROOT case=fixed-text-rich-run-italic-spacing nonce=fixed-text-iphone-large-large-rich-run-italic-spacing-75ac418b-754b-4138-981d-f230a9934703 frame=31.000,361.000 340.000x180.000 scale=3.000
2026-09-07 13:23:55.899 Df log[16960:0] [com.apple.log:] log run noninteractively, parent: 97696 (launchd_sim), args: 'log' 'show' '--style' 'compact' '--start' '@1788809034' '--predicate' 'eventMessage CONTAINS[c] "LUNA_FIXED_TEXT_READY" OR eventMessage CONTAINS[c] "LUNA_FIXED_TEXT_ROOT"'
2026-09-07 13:23:56.358 Df log[16970:0] [com.apple.log:] log run noninteractively, parent: 97696 (launchd_sim), args: 'log' 'show' '--style' 'compact' '--start' '@1788809018' '--predicate' 'eventMessage CONTAINS[c] "LUNA_FIXED_TEXT_READY" OR eventMessage CONTAINS[c] "LUNA_FIXED_TEXT_ROOT"'
2026-09-07 13:23:57.842 Df log[17002:0] [com.apple.log:] log run noninteractively, parent: 97696 (launchd_sim), args: 'log' 'show' '--style' 'compact' '--start' '@1788809018' '--predicate' 'eventMessage CONTAINS[c] "LUNA_FIXED_TEXT_READY" OR eventMessage CONTAINS[c] "LUNA_FIXED_TEXT_ROOT"'
2026-09-07 13:23:58.599 Df CanvasFixedTextEvidence[17012:54800ad] (Foundation) LUNA_FIXED_TEXT_READY case=fixed-text-rich-run-decorations nonce=fixed-text-iphone-large-large-rich-run-decorations-25dfa450-5038-40ee-ab17-06893ea4694c
2026-09-07 13:23:58.599 Df CanvasFixedTextEvidence[17012:54800ad] (Foundation) LUNA_FIXED_TEXT_ROOT case=fixed-text-rich-run-decorations nonce=fixed-text-iphone-large-large-rich-run-decorations-25dfa450-5038-40ee-ab17-06893ea4694c frame=31.000,361.000 340.000x180.000 scale=3.000
2026-09-07 13:23:59.273 Df log[17035:0] [com.apple.log:] log run noninteractively, parent: 97696 (launchd_sim), args: 'log' 'show' '--style' 'compact' '--start' '@1788809037' '--predicate' 'eventMessage CONTAINS[c] "LUNA_FIXED_TEXT_READY" OR eventMessage CONTAINS[c] "LUNA_FIXED_TEXT_ROOT"'
2026-09-07 13:23:59.429 Df log[17037:0] [com.apple.log:] log run noninteractively, parent: 97696 (launchd_sim), args: 'log' 'show' '--style' 'compact' '--start' '@1788809018' '--predicate' 'eventMessage CONTAINS[c] "LUNA_FIXED_TEXT_READY" OR eventMessage CONTAINS[c] "LUNA_FIXED_TEXT_ROOT"'
2026-09-07 13:24:01.008 Df log[17068:0] [com.apple.log:] log run noninteractively, parent: 97696 (launchd_sim), args: 'log' 'show' '--style' 'compact' '--start' '@1788809018' '--predicate' 'eventMessage CONTAINS[c] "LUNA_FIXED_TEXT_READY" OR eventMessage CONTAINS[c] "LUNA_FIXED_TEXT_ROOT"'
2026-09-07 13:24:02.288 Df CanvasFixedTextEvidence[17083:5480202] (Foundation) LUNA_FIXED_TEXT_READY case=fixed-text-marks-and-paragraphs nonce=fixed-text-iphone-large-large-marks-and-paragraphs-4a8dcfb3-df75-444a-b5e4-b7d4bc9a94c2
2026-09-07 13:24:02.288 Df CanvasFixedTextEvidence[17083:5480202] (Foundation) LUNA_FIXED_TEXT_ROOT case=fixed-text-marks-and-paragraphs nonce=fixed-text-iphone-large-large-marks-and-paragraphs-4a8dcfb3-df75-444a-b5e4-b7d4bc9a94c2 frame=31.000,361.000 340.000x180.000 scale=3.000
2026-09-07 13:24:02.697 Df log[17098:0] [com.apple.log:] log run noninteractively, parent: 97696 (launchd_sim), args: 'log' 'show' '--style' 'compact' '--start' '@1788809018' '--predicate' 'eventMessage CONTAINS[c] "LUNA_FIXED_TEXT_READY" OR eventMessage CONTAINS[c] "LUNA_FIXED_TEXT_ROOT"'
2026-09-07 13:24:02.993 Df log[17109:0] [com.apple.log:] log run noninteractively, parent: 97696 (launchd_sim), args: 'log' 'show' '--style' 'compact' '--start' '@1788809041' '--predicate' 'eventMessage CONTAINS[c] "LUNA_FIXED_TEXT_READY" OR eventMessage CONTAINS[c] "LUNA_FIXED_TEXT_ROOT"'
2026-09-07 13:24:15.350 Df log[17129:0] [com.apple.log:] log run noninteractively, parent: 97696 (launchd_sim), args: 'log' 'show' '--style' 'compact' '--start' '@1788809018' '--predicate' 'eventMessage CONTAINS[c] "LUNA_FIXED_TEXT_READY" OR eventMessage CONTAINS[c] "LUNA_FIXED_TEXT_ROOT"'
2026-09-07 13:24:15.600 Df CanvasFixedTextEvidence[17312:54805ad] (Foundation) LUNA_FIXED_TEXT_READY case=fixed-text-text-growth-auto nonce=fixed-text-iphone-large-large-text-growth-auto-89efc561-6b6a-4065-bc01-a6221789a866
2026-09-07 13:24:15.600 Df CanvasFixedTextEvidence[17312:54805ad] (Foundation) LUNA_FIXED_TEXT_ROOT case=fixed-text-text-growth-auto nonce=fixed-text-iphone-large-large-text-growth-auto-89efc561-6b6a-4065-bc01-a6221789a866 frame=31.000,361.000 340.000x180.000 scale=3.000
2026-09-07 13:24:16.301 Df log[17322:0] [com.apple.log:] log run noninteractively, parent: 97696 (launchd_sim), args: 'log' 'show' '--style' 'compact' '--start' '@1788809045' '--predicate' 'eventMessage CONTAINS[c] "LUNA_FIXED_TEXT_READY" OR eventMessage CONTAINS[c] "LUNA_FIXED_TEXT_ROOT"'
2026-09-07 13:24:17.287 Df log[17416:0] [com.apple.log:] log run noninteractively, parent: 97696 (launchd_sim), args: 'log' 'show' '--style' 'compact' '--start' '@1788809018' '--predicate' 'eventMessage CONTAINS[c] "LUNA_FIXED_TEXT_READY" OR eventMessage CONTAINS[c] "LUNA_FIXED_TEXT_ROOT"'
2026-09-07 13:24:21.356 Df log[17441:0] [com.apple.log:] log run noninteractively, parent: 97696 (launchd_sim), args: 'log' 'show' '--style' 'compact' '--start' '@1788809018' '--predicate' 'eventMessage CONTAINS[c] "LUNA_FIXED_TEXT_READY" OR eventMessage CONTAINS[c] "LUNA_FIXED_TEXT_ROOT"'
2026-09-07 13:24:22.866 Df log[17551:0] [com.apple.log:] log run noninteractively, parent: 97696 (launchd_sim), args: 'log' 'show' '--style' 'compact' '--start' '@1788809018' '--predicate' 'eventMessage CONTAINS[c] "LUNA_FIXED_TEXT_READY" OR eventMessage CONTAINS[c] "LUNA_FIXED_TEXT_ROOT"'

getpwuid_r did not find a match for uid 501
