Timestamp               Ty Process[PID:TID]
2026-09-07 14:06:27.366 Df log[4753:0] [com.apple.log:] log run noninteractively, parent: 97696 (launchd_sim), args: 'log' 'show' '--style' 'compact' '--start' '@1788811543' '--predicate' 'eventMessage CONTAINS[c] "LUNA_FLOW_PAINT_READY" OR eventMessage CONTAINS[c] "LUNA_FLOW_PAINT_ROOT"'
2026-09-07 14:06:28.578 Df CanvasFlowPaintEvidence[4764:54bf49c] (Foundation) LUNA_FLOW_PAINT_READY case=wrap-horizontal-start nonce=missing
2026-09-07 14:06:28.578 Df CanvasFlowPaintEvidence[4764:54bf49c] (Foundation) LUNA_FLOW_PAINT_ROOT case=wrap-horizontal-start nonce=missing frame=-9.000,271.000 420.000x360.000 scale=3.000
2026-09-07 14:06:29.240 Df log[4815:0] [com.apple.log:] log run noninteractively, parent: 97696 (launchd_sim), args: 'log' 'show' '--style' 'compact' '--start' '@1788811587' '--predicate' 'eventMessage CONTAINS[c] "LUNA_FLOW_PAINT_READY" OR eventMessage CONTAINS[c] "LUNA_FLOW_PAINT_ROOT"'
2026-09-07 14:06:30.671 Df log[4865:0] [com.apple.log:] log run noninteractively, parent: 97696 (launchd_sim), args: 'log' 'show' '--style' 'compact' '--start' '@1788811587' '--predicate' 'eventMessage CONTAINS[c] "LUNA_FLOW_PAINT_READY" OR eventMessage CONTAINS[c] "LUNA_FLOW_PAINT_ROOT"'
2026-09-07 14:06:32.144 Df log[4877:0] [com.apple.log:] log run noninteractively, parent: 97696 (launchd_sim), args: 'log' 'show' '--style' 'compact' '--start' '@1788811587' '--predicate' 'eventMessage CONTAINS[c] "LUNA_FLOW_PAINT_READY" OR eventMessage CONTAINS[c] "LUNA_FLOW_PAINT_ROOT"'
2026-09-07 14:06:33.589 Df log[4887:0] [com.apple.log:] log run noninteractively, parent: 97696 (launchd_sim), args: 'log' 'show' '--style' 'compact' '--start' '@1788811587' '--predicate' 'eventMessage CONTAINS[c] "LUNA_FLOW_PAINT_READY" OR eventMessage CONTAINS[c] "LUNA_FLOW_PAINT_ROOT"'
2026-09-07 14:06:35.074 Df log[5055:0] [com.apple.log:] log run noninteractively, parent: 97696 (launchd_sim), args: 'log' 'show' '--style' 'compact' '--start' '@1788811587' '--predicate' 'eventMessage CONTAINS[c] "LUNA_FLOW_PAINT_READY" OR eventMessage CONTAINS[c] "LUNA_FLOW_PAINT_ROOT"'
2026-09-07 14:06:36.525 Df log[5065:0] [com.apple.log:] log run noninteractively, parent: 97696 (launchd_sim), args: 'log' 'show' '--style' 'compact' '--start' '@1788811587' '--predicate' 'eventMessage CONTAINS[c] "LUNA_FLOW_PAINT_READY" OR eventMessage CONTAINS[c] "LUNA_FLOW_PAINT_ROOT"'
2026-09-07 14:06:37.984 Df log[5077:0] [com.apple.log:] log run noninteractively, parent: 97696 (launchd_sim), args: 'log' 'show' '--style' 'compact' '--start' '@1788811587' '--predicate' 'eventMessage CONTAINS[c] "LUNA_FLOW_PAINT_READY" OR eventMessage CONTAINS[c] "LUNA_FLOW_PAINT_ROOT"'
2026-09-07 14:06:39.404 Df log[5088:0] [com.apple.log:] log run noninteractively, parent: 97696 (launchd_sim), args: 'log' 'show' '--style' 'compact' '--start' '@1788811587' '--predicate' 'eventMessage CONTAINS[c] "LUNA_FLOW_PAINT_READY" OR eventMessage CONTAINS[c] "LUNA_FLOW_PAINT_ROOT"'
2026-09-07 14:06:40.841 Df log[5176:0] [com.apple.log:] log run noninteractively, parent: 97696 (launchd_sim), args: 'log' 'show' '--style' 'compact' '--start' '@1788811587' '--predicate' 'eventMessage CONTAINS[c] "LUNA_FLOW_PAINT_READY" OR eventMessage CONTAINS[c] "LUNA_FLOW_PAINT_ROOT"'
2026-09-07 14:06:42.293 Df log[5187:0] [com.apple.log:] log run noninteractively, parent: 97696 (launchd_sim), args: 'log' 'show' '--style' 'compact' '--start' '@1788811587' '--predicate' 'eventMessage CONTAINS[c] "LUNA_FLOW_PAINT_READY" OR eventMessage CONTAINS[c] "LUNA_FLOW_PAINT_ROOT"'
2026-09-07 14:06:43.754 Df log[5276:0] [com.apple.log:] log run noninteractively, parent: 97696 (launchd_sim), args: 'log' 'show' '--style' 'compact' '--start' '@1788811587' '--predicate' 'eventMessage CONTAINS[c] "LUNA_FLOW_PAINT_READY" OR eventMessage CONTAINS[c] "LUNA_FLOW_PAINT_ROOT"'
2026-09-07 14:06:45.213 Df log[5287:0] [com.apple.log:] log run noninteractively, parent: 97696 (launchd_sim), args: 'log' 'show' '--style' 'compact' '--start' '@1788811587' '--predicate' 'eventMessage CONTAINS[c] "LUNA_FLOW_PAINT_READY" OR eventMessage CONTAINS[c] "LUNA_FLOW_PAINT_ROOT"'
2026-09-07 14:06:46.660 Df log[5297:0] [com.apple.log:] log run noninteractively, parent: 97696 (launchd_sim), args: 'log' 'show' '--style' 'compact' '--start' '@1788811587' '--predicate' 'eventMessage CONTAINS[c] "LUNA_FLOW_PAINT_READY" OR eventMessage CONTAINS[c] "LUNA_FLOW_PAINT_ROOT"'
2026-09-07 14:06:49.488 Df log[5310:0] [com.apple.log:] log run noninteractively, parent: 97696 (launchd_sim), args: 'log' 'show' '--style' 'compact' '--start' '@1788811587' '--predicate' 'eventMessage CONTAINS[c] "LUNA_FLOW_PAINT_READY" OR eventMessage CONTAINS[c] "LUNA_FLOW_PAINT_ROOT"'
2026-09-07 14:06:50.943 Df log[5322:0] [com.apple.log:] log run noninteractively, parent: 97696 (launchd_sim), args: 'log' 'show' '--style' 'compact' '--start' '@1788811587' '--predicate' 'eventMessage CONTAINS[c] "LUNA_FLOW_PAINT_READY" OR eventMessage CONTAINS[c] "LUNA_FLOW_PAINT_ROOT"'
2026-09-07 14:06:52.386 Df log[5411:0] [com.apple.log:] log run noninteractively, parent: 97696 (launchd_sim), args: 'log' 'show' '--style' 'compact' '--start' '@1788811587' '--predicate' 'eventMessage CONTAINS[c] "LUNA_FLOW_PAINT_READY" OR eventMessage CONTAINS[c] "LUNA_FLOW_PAINT_ROOT"'
2026-09-07 14:06:53.855 Df log[5427:0] [com.apple.log:] log run noninteractively, parent: 97696 (launchd_sim), args: 'log' 'show' '--style' 'compact' '--start' '@1788811587' '--predicate' 'eventMessage CONTAINS[c] "LUNA_FLOW_PAINT_READY" OR eventMessage CONTAINS[c] "LUNA_FLOW_PAINT_ROOT"'
2026-09-07 14:06:55.295 Df log[5442:0] [com.apple.log:] log run noninteractively, parent: 97696 (launchd_sim), args: 'log' 'show' '--style' 'compact' '--start' '@1788811587' '--predicate' 'eventMessage CONTAINS[c] "LUNA_FLOW_PAINT_READY" OR eventMessage CONTAINS[c] "LUNA_FLOW_PAINT_ROOT"'
2026-09-07 14:06:56.728 Df log[5452:0] [com.apple.log:] log run noninteractively, parent: 97696 (launchd_sim), args: 'log' 'show' '--style' 'compact' '--start' '@1788811587' '--predicate' 'eventMessage CONTAINS[c] "LUNA_FLOW_PAINT_READY" OR eventMessage CONTAINS[c] "LUNA_FLOW_PAINT_ROOT"'
2026-09-07 14:06:58.234 Df log[5631:0] [com.apple.log:] log run noninteractively, parent: 97696 (launchd_sim), args: 'log' 'show' '--style' 'compact' '--start' '@1788811587' '--predicate' 'eventMessage CONTAINS[c] "LUNA_FLOW_PAINT_READY" OR eventMessage CONTAINS[c] "LUNA_FLOW_PAINT_ROOT"'
2026-09-07 14:06:59.737 Df log[5654:0] [com.apple.log:] log run noninteractively, parent: 97696 (launchd_sim), args: 'log' 'show' '--style' 'compact' '--start' '@1788811587' '--predicate' 'eventMessage CONTAINS[c] "LUNA_FLOW_PAINT_READY" OR eventMessage CONTAINS[c] "LUNA_FLOW_PAINT_ROOT"'
2026-09-07 14:07:01.191 Df log[5945:0] [com.apple.log:] log run noninteractively, parent: 97696 (launchd_sim), args: 'log' 'show' '--style' 'compact' '--start' '@1788811587' '--predicate' 'eventMessage CONTAINS[c] "LUNA_FLOW_PAINT_READY" OR eventMessage CONTAINS[c] "LUNA_FLOW_PAINT_ROOT"'
2026-09-07 14:07:02.651 Df log[6111:0] [com.apple.log:] log run noninteractively, parent: 97696 (launchd_sim), args: 'log' 'show' '--style' 'compact' '--start' '@1788811587' '--predicate' 'eventMessage CONTAINS[c] "LUNA_FLOW_PAINT_READY" OR eventMessage CONTAINS[c] "LUNA_FLOW_PAINT_ROOT"'
2026-09-07 14:07:04.107 Df log[6123:0] [com.apple.log:] log run noninteractively, parent: 97696 (launchd_sim), args: 'log' 'show' '--style' 'compact' '--start' '@1788811587' '--predicate' 'eventMessage CONTAINS[c] "LUNA_FLOW_PAINT_READY" OR eventMessage CONTAINS[c] "LUNA_FLOW_PAINT_ROOT"'
2026-09-07 14:07:05.548 Df log[6134:0] [com.apple.log:] log run noninteractively, parent: 97696 (launchd_sim), args: 'log' 'show' '--style' 'compact' '--start' '@1788811587' '--predicate' 'eventMessage CONTAINS[c] "LUNA_FLOW_PAINT_READY" OR eventMessage CONTAINS[c] "LUNA_FLOW_PAINT_ROOT"'
2026-09-07 14:07:06.995 Df log[6144:0] [com.apple.log:] log run noninteractively, parent: 97696 (launchd_sim), args: 'log' 'show' '--style' 'compact' '--start' '@1788811587' '--predicate' 'eventMessage CONTAINS[c] "LUNA_FLOW_PAINT_READY" OR eventMessage CONTAINS[c] "LUNA_FLOW_PAINT_ROOT"'
2026-09-07 14:07:08.455 Df log[6156:0] [com.apple.log:] log run noninteractively, parent: 97696 (launchd_sim), args: 'log' 'show' '--style' 'compact' '--start' '@1788811587' '--predicate' 'eventMessage CONTAINS[c] "LUNA_FLOW_PAINT_READY" OR eventMessage CONTAINS[c] "LUNA_FLOW_PAINT_ROOT"'
2026-09-07 14:07:09.912 Df log[6246:0] [com.apple.log:] log run noninteractively, parent: 97696 (launchd_sim), args: 'log' 'show' '--style' 'compact' '--start' '@1788811587' '--predicate' 'eventMessage CONTAINS[c] "LUNA_FLOW_PAINT_READY" OR eventMessage CONTAINS[c] "LUNA_FLOW_PAINT_ROOT"'
2026-09-07 14:07:11.379 Df log[6257:0] [com.apple.log:] log run noninteractively, parent: 97696 (launchd_sim), args: 'log' 'show' '--style' 'compact' '--start' '@1788811587' '--predicate' 'eventMessage CONTAINS[c] "LUNA_FLOW_PAINT_READY" OR eventMessage CONTAINS[c] "LUNA_FLOW_PAINT_ROOT"'
2026-09-07 14:07:12.857 Df log[6268:0] [com.apple.log:] log run noninteractively, parent: 97696 (launchd_sim), args: 'log' 'show' '--style' 'compact' '--start' '@1788811587' '--predicate' 'eventMessage CONTAINS[c] "LUNA_FLOW_PAINT_READY" OR eventMessage CONTAINS[c] "LUNA_FLOW_PAINT_ROOT"'

getpwuid_r did not find a match for uid 501
