--------- beginning of main
I/BugleDataModel( 2365): 2 not running because already up to date, upgradeCommand: EXECUTE_UPGRADE, version: 2
D/MddListenableWorkerFactory( 2365): createWorker for class: com.google.android.apps.messaging.shared.datamodel.workqueue.WorkQueueWorkerShim
D/WM-WorkerWrapper( 2365): Starting work for com.google.android.apps.messaging.shared.datamodel.workqueue.WorkQueueWorkerShim
I/BugleSatellite( 2365): Processing Phenotype flag changes.
D/WM-Processor( 2365): Work WorkGenerationalId(workSpecId=0e6d96fe-cd6f-4cb3-bf65-40cfa0120bd3, generation=0) is already enqueued for processing
W/aicd    ( 1587): (REDACTED) Can't format flag %s to integer.
W/aicd    ( 1587): (REDACTED) Can't format flag %s to integer.
W/aicd    ( 1587): (REDACTED) Can't format flag %s to integer.
W/aicd    ( 1587): (REDACTED) Can't format flag %s to integer.
W/aicd    ( 1587): (REDACTED) Can't format flag %s to integer.
W/aicd    ( 1587): (REDACTED) Can't format flag %s to integer.
W/aicd    ( 1587): (REDACTED) Can't format flag %s to integer.
W/aicd    ( 1587): (REDACTED) Can't format flag %s to integer.
W/aicd    ( 1587): (REDACTED) Can't format flag %s to integer.
W/aicd    ( 1587): (REDACTED) Can't format flag %s to integer.
W/aicd    ( 1587): (REDACTED) Can't format flag %s to integer.
W/aicd    ( 1587): (REDACTED) Can't format flag %s to integer.
W/aicd    ( 1587): (REDACTED) Can't format flag %s to integer.
W/aicd    ( 1587): (REDACTED) Can't format flag %s to integer.
W/aicd    ( 1587): (REDACTED) Can't format flag %s to integer.
W/aicd    ( 1587): (REDACTED) Can't format flag %s to integer.
W/aicd    ( 1587): (REDACTED) Can't format flag %s to integer.
W/aicd    ( 1587): (REDACTED) Can't format flag %s to integer.
W/aicd    ( 1587): (REDACTED) Can't format flag %s to integer.
W/aicd    ( 1587): (REDACTED) Can't format flag %s to integer.
W/aicd    ( 1587): (REDACTED) Can't format flag %s to integer.
W/aicd    ( 1587): (REDACTED) Can't format flag %s to integer.
I/BugleSatellite( 2365): Reporting to Telephony: SMS supported = true
I/WestworldConfigOp( 1266): Received westworld committed action [CONTEXT service_id=251 ]
I/WM-WorkerWrapper( 2365): Worker result SUCCESS for Work [ id=0e6d96fe-cd6f-4cb3-bf65-40cfa0120bd3, tags={ com.google.android.apps.messaging.shared.datamodel.workqueue.WorkQueueWorkerShim,data_upgrade- } ]
D/WM-Processor( 2365): pst 0e6d96fe-cd6f-4cb3-bf65-40cfa0120bd3 executed; reschedule = false
D/WM-SystemJobService( 2365): 0e6d96fe-cd6f-4cb3-bf65-40cfa0120bd3 executed on JobScheduler
D/WM-GreedyScheduler( 2365): Cancelling work ID 0e6d96fe-cd6f-4cb3-bf65-40cfa0120bd3
D/WM-GreedyScheduler( 2365): Ignoring {WorkSpec: a6359601-b3fb-4c78-924f-58734cc9d541}. Requires device idle.
D/WM-GreedyScheduler( 2365): Ignoring {WorkSpec: 6b6ceea6-48de-4025-9a5b-1a3af1980279}. Requires device idle.
D/WM-GreedyScheduler( 2365): Ignoring {WorkSpec: fc230ee4-9198-4ba2-a84d-68a2cd8f44c6}. Requires device idle.
D/WM-GreedyScheduler( 2365): Ignoring {WorkSpec: ee323566-5a4b-4309-b5c9-6df8a0fe389d}. Requires device idle.
D/WM-GreedyScheduler( 2365): Ignoring {WorkSpec: 119f8746-d735-4593-b9bd-e476ee194c7e}. Requires ContentUri triggers.
D/WM-GreedyScheduler( 2365): Ignoring {WorkSpec: 42eccf14-f620-46ce-ab81-18fe68349f17}. Requires ContentUri triggers.
D/WM-GreedyScheduler( 2365): Starting tracking for 2b445ab6-6c0e-406a-870f-0ad55d9d6834,5cb37536-b5e6-4f5e-897c-36cbc492e03c
W/adua    ( 1587): Abort, client detached.
I/apll    ( 1587): send OpaEligibilityChange broadcast to CommonBroadcastReceiver
--------- beginning of system
W/JobScheduler(  677): Job didn't exist in JobStore: 2f7b92 #u0a147/-43 com.google.android.googlequicksearchbox/com.google.android.apps.gsa.tasks.BackgroundTasksJobService
I/amtp    ( 1587): NGA enabled in interactor.
I/bknv    ( 1587): #handleFlagUpdate()
I/bber    ( 1587): Set Assistant eligibility status
I/fwnm    ( 1490): (REDACTED) Created gRPC endpoint for service %s
I/Icing   ( 1712): IndexChimeraService.getServiceInterface callingPackage=com.google.android.googlequicksearchbox componentName=agsa_icing_connection serviceId=33
I/Icing   ( 1712): IndexChimeraService.getServiceInterface callingPackage=com.google.android.googlequicksearchbox componentName=agsa_icing_connection serviceId=32
I/bknh    ( 1490): (REDACTED) #handleFlagsUpdate: changed %s
I/bknh    ( 1490): #handleFlagsUpdate: listeners notified
E/native  ( 1712): E0000 00:00:1788810653.288357    2122 document-store.cc:1359] Failed to update per-doc-data with usage report
I/Icing   ( 1712): Usage reports ok 0, Failed Usage reports 1, indexed 0, rejected 0
I/Icing   ( 1712): Usage reports ok 0, Failed Usage reports 0, indexed 0, rejected 0
D/ActivityManager(  677): freezing 1620 com.google.android.adservices.api
D/InetDiagMessage(  677): Destroyed 0 sockets, proto=IPPROTO_TCP, family=AF_INET, states=14
D/InetDiagMessage(  677): Destroyed 0 sockets, proto=IPPROTO_TCP, family=AF_INET6, states=14
D/InetDiagMessage(  677): Destroyed live tcp sockets for uids={10210} in 0ms
I/netd    (  453): setProcSysNet(4, 2, wlan0, retrans_time_ms, 750) <0.07ms>
I/netd    (  453): setProcSysNet(4, 2, wlan0, ucast_solicit, 10) <0.02ms>
I/netd    (  453): setProcSysNet(6, 2, wlan0, retrans_time_ms, 750) <0.03ms>
I/netd    (  453): setProcSysNet(6, 2, wlan0, ucast_solicit, 10) <0.02ms>
--------- beginning of kernel
I/servicemanager(  219): Notifying artd they don't (previously: do) have clients when we now have no record of a client
I/AidlLazyServiceRegistrar( 1778): Process has 0 (of 1 available) client(s) in use after notification artd has clients: 0
I/AidlLazyServiceRegistrar( 1778): Trying to shut down the service. No clients in use for any service in process.
I/AidlLazyServiceRegistrar( 1778): Unregistered all clients and exiting
I/servicemanager(  219): Caller(pid=1778,uid=1082,sid=u:r:artd:s0) Unregistering artd
I/BpBinder(  219): onLastStrongRef automatically unlinking death recipients:
I/init    (    1): Service 'artd' (pid 1778) exited with status 0 oneshot service took 22.728001 seconds in background
I/init    (    1): Sending signal 9 to service 'artd' (pid 1778) process group...
I/libprocessgroup(    1): Removed cgroup /sys/fs/cgroup/system/uid_1082/pid_1778
E/TaskPersister(  677): File error accessing recents directory (directory doesn't exist?).
I/netd    (  453): tetherGetStats() -> {[]} <0.84ms>
I/Bugle   ( 2365): BugleStartup: Registering SIM change receiver...
I/Bugle   ( 2365): BugleStartup: Updating app config...
I/Bugle   ( 2365): BugleStartup: Done with SIM change receiver & app config.
I/Bugle   ( 2365): BugleStartup: Handling shared prefs upgrade & Load MMS Configuration...
W/JobInfo ( 2365): Job 'com.google.android.apps.messaging/.shared.datamodel.action.execution.ActionJobService#102' has a deadline with no functional constraints. The deadline won't improve job execution latency. Consider removing the deadline.
W/JobInfo (  677): Job 'com.google.android.apps.messaging/.shared.datamodel.action.execution.ActionJobService#102' has a deadline with no functional constraints. The deadline won't improve job execution latency. Consider removing the deadline.
I/BugleRcsEngine( 2365): do not delay first event [CONTEXT thread_id=96 ]
I/BugleRcsEngine( 2365): Unexpected action: android.intent.action.SIM_STATE_CHANGED [CONTEXT log_prefix="(Sim)" thread_id=66 ]
I/AsyncTelephonySimStateR( 2365): Received intent action: android.intent.action.SIM_STATE_CHANGED with extra SIM_STATE: LOADED
I/SimStateSchedulerImpl( 2365): Scheduling UPDATE_PHONE_SIMS_STATE. Delay Seconds: 0, UpdateTrigger: UPDATE_TRIGGER_SIM_STATE_LOADED
I/Bugle   ( 2365): BugleStartup: Initializing RCS availability...
I/SimStateSchedulerImpl( 2365): Scheduling WORK_TYPE_UPDATE_PHONE_SIMS_STATE using PWQ. Delay Seconds: 0, UpdateTrigger: 6
I/Bugle   ( 2365): BugleStartup: Done with RCS availability.
I/Bugle   ( 2365): BugleStartup: Done initializing with enabled individual init failures.
I/BugleRcsEngine( 2365): Processing an intent [CONTEXT log_prefix="(Sim)" thread_id=96 ]
I/BugleRcsEngine( 2365): SIM state LOADED [CONTEXT log_prefix="(Sim)" thread_id=96 ]
I/BugleSimStateTracker( 2365): Updating PhoneSimState
I/BugleDataModel( 2365): Scheduling country code detector action, because a subscription changed its state.
W/JobInfo ( 2365): Requested important-while-foreground flag for job1501 is ignored and takes no effect
D/WM-SystemJobScheduler( 2365): Scheduling work ID 2a351691-a59e-459b-a281-6fbccee2c7d7Job ID 1501
I/Bugle   ( 2365): BroadcastReceiverAsyncWorkTracker: Acknowledging broadcast of com.google.android.apps.messaging.shared.simstatetracker.AsyncTelephonySimStateReceiver@2dc1a6a
I/BugleRcsEngine( 2365): SIM changed: false. current id: redacted-pii:sim_id[chars:20,last3:897]; stored id: redacted-pii:sim_id[chars:20,last3:897]; isFiDevice: false; subId: 1; slotIndex: 0 [CONTEXT log_prefix="(Sim)" thread_id=96 ]
W/JobInfo ( 2365): Job 'com.google.android.apps.messaging/.shared.datamodel.action.execution.ActionJobService#102' has a deadline with no functional constraints. The deadline won't improve job execution latency. Consider removing the deadline.
W/JobInfo (  677): Job 'com.google.android.apps.messaging/.shared.datamodel.action.execution.ActionJobService#102' has a deadline with no functional constraints. The deadline won't improve job execution latency. Consider removing the deadline.
I/BugleSimStateTracker( 2365): Update trigger: 1
D/WM-GreedyScheduler( 2365): Ignoring {WorkSpec: a6359601-b3fb-4c78-924f-58734cc9d541}. Requires device idle.
D/WM-GreedyScheduler( 2365): Ignoring {WorkSpec: 6b6ceea6-48de-4025-9a5b-1a3af1980279}. Requires device idle.
D/WM-GreedyScheduler( 2365): Ignoring {WorkSpec: fc230ee4-9198-4ba2-a84d-68a2cd8f44c6}. Requires device idle.
D/WM-GreedyScheduler( 2365): Ignoring {WorkSpec: ee323566-5a4b-4309-b5c9-6df8a0fe389d}. Requires device idle.
D/WM-SystemJobService( 2365): onStartJob for WorkGenerationalId(workSpecId=2a351691-a59e-459b-a281-6fbccee2c7d7, generation=0)
I/BugleDataModel( 2365): Scheduling self participants refresh action, because a subscription changed its state.
I/BugleSimStateTracker( 2365): Is carrier config for identified carrier: true
D/WM-GreedyScheduler( 2365): Ignoring {WorkSpec: 119f8746-d735-4593-b9bd-e476ee194c7e}. Requires ContentUri triggers.
D/WM-GreedyScheduler( 2365): Ignoring {WorkSpec: 42eccf14-f620-46ce-ab81-18fe68349f17}. Requires ContentUri triggers.
D/WM-GreedyScheduler( 2365): Starting work for 2a351691-a59e-459b-a281-6fbccee2c7d7
I/BugleSimStateTracker( 2365): Looking up Fi through package names.
D/WM-GreedyScheduler( 2365): Starting tracking for 2b445ab6-6c0e-406a-870f-0ad55d9d6834,5cb37536-b5e6-4f5e-897c-36cbc492e03c
I/.apps.messaging( 2365): AssetManager2(0xb40000777001aa98) locale list changing from [] to [en-US]
D/WM-Processor( 2365): pst: processing WorkGenerationalId(workSpecId=2a351691-a59e-459b-a281-6fbccee2c7d7, generation=0)
D/WM-Processor( 2365): Work WorkGenerationalId(workSpecId=2a351691-a59e-459b-a281-6fbccee2c7d7, generation=0) is already enqueued for processing
I/BugleRcsEngine( 2365): Skipping writing subId because this is main bugle process. [CONTEXT log_prefix="(Sim)" thread_id=96 ]
I/BugleSimStateTracker( 2365): default call SIM: redacted-pii:sim_id[chars:20,last3:897], default sms SIM redacted-pii:sim_id[chars:20,last3:897]. default data SIM redacted-pii:sim_id[chars:20,last3:897].
I/BugleRcsEngine( 2365): Updated SIM info: currentSimId: redacted-pii:sim_id[chars:20,last3:897]; imsi: redacted-pii:imsi[chars:15]; rawMsisdn: redacted-pii:phone_number[chars:12,last2:67]; formattedMsisdn: redacted-pii:phone_number[chars:12,last2:67]; mccmnc: redacted-pii:sim_operator[chars:6]; gid1: redacted-pii:sim_gid[chars:0]; isFiDevice: false; subId: 1; slotIndex: 0 [CONTEXT log_prefix="(Sim)" thread_id=96 ]
W/Bugle   ( 2365): BuglePhoneNumberUtils: canonicalizeMccMnc: invalid mccmnc. mcc: null, mnc: null
I/BugleRcsEngine( 2365): Handling SIM_LOADED in PhoneSimsStateUpdater. [CONTEXT log_prefix="(Sim)" thread_id=96 ]
D/MddListenableWorkerFactory( 2365): createWorker for class: com.google.android.apps.messaging.shared.datamodel.workqueue.WorkQueueWorkerShim
I/BugleSimStateTracker( 2365): Looking up Fi through package names.
D/WM-WorkerWrapper( 2365): Starting work for com.google.android.apps.messaging.shared.datamodel.workqueue.WorkQueueWorkerShim
I/BugleSimStateTracker( 2365): All newly built SimSubscriptionInfos: [(simId: redacted-pii:sim_id[chars:20,last3:897],
I/BugleSimStateTracker( 2365): subId: 1,
I/BugleSimStateTracker( 2365): simSlot: 0,
I/BugleSimStateTracker( 2365): imsi: redacted-pii:imsi[chars:15],
I/BugleSimStateTracker( 2365): phoneNumber: redacted-pii:phone_number[chars:12,last2:67],
I/BugleSimStateTracker( 2365): countryCode: US,
I/BugleSimStateTracker( 2365): networkOperatorName: T-Mobile,
I/BugleSimStateTracker( 2365): subscriptionGroupUuid: ,
I/BugleSimStateTracker( 2365): mcc: 310,
I/BugleSimStateTracker( 2365): mnc: 260,
I/BugleSimStateTracker( 2365): simCarrierId: 1,
I/BugleSimStateTracker( 2365): iccid: redacted-pii:sim_iccid[chars:20],
I/BugleSimStateTracker( 2365): isFi: false,
I/BugleSimStateTracker( 2365): loggableGuid: dd2a5a71-efcd-4719-a49e-063a54b171d9,
I/BugleSimStateTracker( 2365): formattedMsisdn: redacted-pii:phone_number[chars:12,last2:67],
I/BugleSimStateTracker( 2365): simOperatorName: T-Mobile,
I/BugleSimStateTracker( 2365): simOperator: 310260,
I/BugleSimStateTracker( 2365): groupIdLevel1: ,
I/BugleSimStateTracker( 2365): preferredSubscriptionName: T-Mobile)]
I/BugleSimStateTracker( 2365): Storing updatedSimSubscriptionInfos: [(redacted-pii:sim_id[chars:20,last3:897], dd2a5a71-efcd-4719-a49e-063a54b171d9)]
I/BugleJobs( 2365): Starts to observe table change.
I/BugleSimStateTracker( 2365): Handling SIM loaded event for all SIMs on first update: [(redacted-pii[20-chars], dd2a5a71-efcd-4719-a49e-063a54b171d9)]
I/SimStateUpdateHandler( 2365): Handling SimStateUpdate. Request for 3 work type received.
I/SimStateUpdateHandler( 2365): Handling update phone SIM state.
I/BugleSimStateTracker( 2365): Updating PhoneSimState
I/BugleSimStateTracker( 2365): Update trigger: 6
I/BugleSimStateTracker( 2365): Is carrier config for identified carrier: true
I/BugleSimStateTracker( 2365): default call SIM: redacted-pii:sim_id[chars:20,last3:897], default sms SIM redacted-pii:sim_id[chars:20,last3:897]. default data SIM redacted-pii:sim_id[chars:20,last3:897].
D/WM-GreedyScheduler( 2365): Ignoring {WorkSpec: a6359601-b3fb-4c78-924f-58734cc9d541}. Requires device idle.
D/WM-GreedyScheduler( 2365): Ignoring {WorkSpec: 6b6ceea6-48de-4025-9a5b-1a3af1980279}. Requires device idle.
D/WM-GreedyScheduler( 2365): Ignoring {WorkSpec: fc230ee4-9198-4ba2-a84d-68a2cd8f44c6}. Requires device idle.
D/WM-GreedyScheduler( 2365): Ignoring {WorkSpec: ee323566-5a4b-4309-b5c9-6df8a0fe389d}. Requires device idle.
D/WM-GreedyScheduler( 2365): Ignoring {WorkSpec: 119f8746-d735-4593-b9bd-e476ee194c7e}. Requires ContentUri triggers.
D/WM-GreedyScheduler( 2365): Ignoring {WorkSpec: 42eccf14-f620-46ce-ab81-18fe68349f17}. Requires ContentUri triggers.
D/WM-GreedyScheduler( 2365): Starting tracking for 2b445ab6-6c0e-406a-870f-0ad55d9d6834,5cb37536-b5e6-4f5e-897c-36cbc492e03c
I/BugleDataModel( 2365): SubscriptionsTracker#refreshSelfParticipantList([1])
I/GnpSdk  ( 2365): set is [].
D/BoundBrokerSvc( 1712): onBind: Intent { act=com.google.android.gms.notifications.capping.api.NotificationsCappingApiService.START dat=chimera-action:/... xflg=0x4 cmp=com.google.android.gms/.chimera.GmsApiService }
D/BoundBrokerSvc( 1712): Loading bound service for intent: Intent { act=com.google.android.gms.notifications.capping.api.NotificationsCappingApiService.START dat=chimera-action:/... xflg=0x4 cmp=com.google.android.gms/.chimera.GmsApiService }
I/BugleSimStateTracker( 2365): Looking up Fi through package names.
I/Forking ( 2365): Starting analysis.
I/Misthreading( 2365): Starting analysis.
I/BugleSimStateTracker( 2365): All newly built SimSubscriptionInfos: [(simId: redacted-pii:sim_id[chars:20,last3:897],
I/BugleSimStateTracker( 2365): subId: 1,
I/BugleSimStateTracker( 2365): simSlot: 0,
I/BugleSimStateTracker( 2365): imsi: redacted-pii:imsi[chars:15],
I/BugleSimStateTracker( 2365): phoneNumber: redacted-pii:phone_number[chars:12,last2:67],
I/BugleSimStateTracker( 2365): countryCode: US,
I/BugleSimStateTracker( 2365): networkOperatorName: T-Mobile,
I/BugleSimStateTracker( 2365): subscriptionGroupUuid: ,
I/BugleSimStateTracker( 2365): mcc: 310,
I/BugleSimStateTracker( 2365): mnc: 260,
I/BugleSimStateTracker( 2365): simCarrierId: 1,
I/BugleSimStateTracker( 2365): iccid: redacted-pii:sim_iccid[chars:20],
I/BugleSimStateTracker( 2365): isFi: false,
I/BugleSimStateTracker( 2365): loggableGuid: dd2a5a71-efcd-4719-a49e-063a54b171d9,
I/BugleSimStateTracker( 2365): formattedMsisdn: redacted-pii:phone_number[chars:12,last2:67],
I/BugleSimStateTracker( 2365): simOperatorName: T-Mobile,
I/BugleSimStateTracker( 2365): simOperator: 310260,
I/BugleSimStateTracker( 2365): groupIdLevel1: ,
I/BugleSimStateTracker( 2365): preferredSubscriptionName: T-Mobile)]
I/BugleSimStateTracker( 2365): Storing updatedSimSubscriptionInfos: [(redacted-pii:sim_id[chars:20,last3:897], dd2a5a71-efcd-4719-a49e-063a54b171d9)]
I/.gms.persistent( 1266): AssetManager2(0xb4000077700217f8) locale list changing from [] to [en-US]
I/BugleSimStateTracker( 2365): No newly loaded SIMs on phone sim state update.
W/BpBinder( 1266): Large outgoing transaction of 427720 bytes, interface descriptor , code 4 was sent
E/IPCThreadState( 1266): Process seems to be sending too many oneway calls.
W/IPCThreadState( 1266): CallStack::getCurrentInternal not linked, returning null
W/oneway spamming( 1266): CallStack::logStackInternal not linked
I/binder_alloc( 1615): 2365: pid 1266 spamming oneway? 1 buffers allocated for a total size of 427720
I/FirebaseApp( 2365): Device unlocked: initializing all Firebase APIs for app [DEFAULT]
I/BugleNetwork( 2365): FirebaseRegistrationStartupTask: Enabling Firebase component
I/BugleRcsProvisioning( 2365): BugleSystemBindingManager: onBuglePhenotypeFlagChanged
I/BugleTransport( 2365): Retrieved RCS available simIds: []
I/BugleSelfIdentity( 2365): Phone number for MyIdentity 0c137bb4-3b02-4f3f-86b0-fb259c138622 does not change [CONTEXT sub_id=1 icc_id="89860318640220133897" messaging_identity="redacted-pii[12-chars]" rcs_provisioning_id="redacted-pii[0-chars]" ]
I/BugleTransport( 2365): Deregister all SIMs except for SIMs with subIds: [] from chat transport: DUAL_REGISTRATION.
I/BugleRcsEngine( 2365): SystemBinding enabled: true [CONTEXT log_prefix="SystemBindingManager" thread_id=42 ]
I/BugleTransport( 2365): Deregister all SIMs except for SIMs with subIds: [] from chat transport: SINGLE_REGISTRATION.
I/BugleTransport( 2365): Deregister all SIMs except for SIMs with subIds: [] from chat transport: TACHYGRAM.
W/RcsClientLib( 2365): Service is deprecated skipping connection attempt: RcsEngineLifecycleServiceV2
W/RcsClientLib( 2365): Service is deprecated skipping connection attempt: RcsEngineLifecycleServiceV2
E/BugleRcs( 2365): RcsEngineLifecycleManagerV2: RcsServiceConnectionException was raised while waiting to connect to RcsEngineLifecycleServiceV2
E/BugleRcs( 2365): cumf: RcsServiceConnectionException:com.google.android.rcs.client.lifecycle.RcsEngineLifecycleServiceV2:UNKNOWN
E/BugleRcs( 2365): 	at culm.a(PG:54)
E/BugleRcs( 2365): 	at kho.a(PG:19)
E/BugleRcs( 2365): 	at culn.a(PG:14)
E/BugleRcs( 2365): 	at elsk.a(PG:13)
E/BugleRcs( 2365): 	at esfd.a(PG:3)
E/BugleRcs( 2365): 	at eseb.run(PG:19)
E/BugleRcs( 2365): 	at esff.run(PG:5)
E/BugleRcs( 2365): 	at dubu.run(PG:7)
E/BugleRcs( 2365): 	at java.util.concurrent.ThreadPoolExecutor.runWorker(ThreadPoolExecutor.java:1156)
E/BugleRcs( 2365): 	at java.util.concurrent.ThreadPoolExecutor$Worker.run(ThreadPoolExecutor.java:651)
E/BugleRcs( 2365): 	at dubb.run(PG:6)
E/BugleRcs( 2365): 	at java.lang.Thread.run(Thread.java:1119)
E/BugleRcs( 2365): 	at ducv.run(PG:61)
E/BugleRcs( 2365): RcsEngineLifecycleManagerV2: RcsServiceConnectionException was raised while waiting to connect to RcsEngineLifecycleServiceV2
E/BugleRcs( 2365): cumf: RcsServiceConnectionException:com.google.android.rcs.client.lifecycle.RcsEngineLifecycleServiceV2:UNKNOWN
E/BugleRcs( 2365): 	at culm.a(PG:54)
E/BugleRcs( 2365): 	at kho.a(PG:19)
E/BugleRcs( 2365): 	at culn.a(PG:14)
E/BugleRcs( 2365): 	at elsk.a(PG:13)
E/BugleRcs( 2365): 	at esfd.a(PG:3)
E/BugleRcs( 2365): 	at eseb.run(PG:19)
E/BugleRcs( 2365): 	at esff.run(PG:5)
E/BugleRcs( 2365): 	at dubu.run(PG:7)
E/BugleRcs( 2365): 	at java.util.concurrent.ThreadPoolExecutor.runWorker(ThreadPoolExecutor.java:1156)
E/BugleRcs( 2365): 	at java.util.concurrent.ThreadPoolExecutor$Worker.run(ThreadPoolExecutor.java:651)
E/BugleRcs( 2365): 	at dubb.run(PG:6)
E/BugleRcs( 2365): 	at java.lang.Thread.run(Thread.java:1119)
E/BugleRcs( 2365): 	at ducv.run(PG:61)
W/BugleRcsEngine( 2365): Unable to send diagnostic log [CONTEXT thread_id=80 ]
W/BugleRcsEngine( 2365): Unable to send diagnostic log [CONTEXT thread_id=72 ]
I/BugleRcsEngine( 2365): System Binding updated [CONTEXT thread_id=67 ]
D/WM-GreedyScheduler( 2365): Ignoring {WorkSpec: a6359601-b3fb-4c78-924f-58734cc9d541}. Requires device idle.
D/WM-GreedyScheduler( 2365): Ignoring {WorkSpec: 6b6ceea6-48de-4025-9a5b-1a3af1980279}. Requires device idle.
D/WM-GreedyScheduler( 2365): Ignoring {WorkSpec: fc230ee4-9198-4ba2-a84d-68a2cd8f44c6}. Requires device idle.
D/WM-GreedyScheduler( 2365): Ignoring {WorkSpec: ee323566-5a4b-4309-b5c9-6df8a0fe389d}. Requires device idle.
D/WM-GreedyScheduler( 2365): Ignoring {WorkSpec: 119f8746-d735-4593-b9bd-e476ee194c7e}. Requires ContentUri triggers.
D/WM-GreedyScheduler( 2365): Ignoring {WorkSpec: 42eccf14-f620-46ce-ab81-18fe68349f17}. Requires ContentUri triggers.
D/WM-GreedyScheduler( 2365): Starting tracking for 2b445ab6-6c0e-406a-870f-0ad55d9d6834,5cb37536-b5e6-4f5e-897c-36cbc492e03c
D/WM-GreedyScheduler( 2365): Ignoring {WorkSpec: a6359601-b3fb-4c78-924f-58734cc9d541}. Requires device idle.
D/WM-GreedyScheduler( 2365): Ignoring {WorkSpec: 6b6ceea6-48de-4025-9a5b-1a3af1980279}. Requires device idle.
D/WM-GreedyScheduler( 2365): Ignoring {WorkSpec: fc230ee4-9198-4ba2-a84d-68a2cd8f44c6}. Requires device idle.
D/WM-GreedyScheduler( 2365): Ignoring {WorkSpec: ee323566-5a4b-4309-b5c9-6df8a0fe389d}. Requires device idle.
D/WM-GreedyScheduler( 2365): Ignoring {WorkSpec: 119f8746-d735-4593-b9bd-e476ee194c7e}. Requires ContentUri triggers.
D/WM-GreedyScheduler( 2365): Ignoring {WorkSpec: 42eccf14-f620-46ce-ab81-18fe68349f17}. Requires ContentUri triggers.
D/WM-GreedyScheduler( 2365): Starting tracking for 2b445ab6-6c0e-406a-870f-0ad55d9d6834,5cb37536-b5e6-4f5e-897c-36cbc492e03c
I/WM-WorkerWrapper( 2365): Worker result SUCCESS for Work [ id=2a351691-a59e-459b-a281-6fbccee2c7d7, tags={ com.google.android.apps.messaging.shared.datamodel.workqueue.WorkQueueWorkerShim,sim_state_update_queue-WORK_TYPE_UPDATE_PHONE_SIMS_STATE } ]
D/WM-Processor( 2365): pst 2a351691-a59e-459b-a281-6fbccee2c7d7 executed; reschedule = false
D/WM-SystemJobService( 2365): 2a351691-a59e-459b-a281-6fbccee2c7d7 executed on JobScheduler
I/BugleDataModel( 2365): SubscriptionsTracker bindToTrackingMap bound participants: [ParticipantId=1 subId=-1, ParticipantId=2 subId=1]
I/BugleDataModel( 2365): set orderedRowIdAndTokenPairs: [rowId=2 subId= 1 token=0c137bb4-3b02-4f3f-86b0-fb259c138622, rowId=1 subId= -1 token=bc9d60ed-c565-4706-a644-8e6b04f69ccf]
D/WM-GreedyScheduler( 2365): Cancelling work ID 2a351691-a59e-459b-a281-6fbccee2c7d7
D/WM-GreedyScheduler( 2365): Ignoring {WorkSpec: a6359601-b3fb-4c78-924f-58734cc9d541}. Requires device idle.
D/WM-GreedyScheduler( 2365): Ignoring {WorkSpec: 6b6ceea6-48de-4025-9a5b-1a3af1980279}. Requires device idle.
D/WM-GreedyScheduler( 2365): Ignoring {WorkSpec: fc230ee4-9198-4ba2-a84d-68a2cd8f44c6}. Requires device idle.
D/WM-GreedyScheduler( 2365): Ignoring {WorkSpec: ee323566-5a4b-4309-b5c9-6df8a0fe389d}. Requires device idle.
D/WM-GreedyScheduler( 2365): Ignoring {WorkSpec: 119f8746-d735-4593-b9bd-e476ee194c7e}. Requires ContentUri triggers.
D/WM-GreedyScheduler( 2365): Ignoring {WorkSpec: 42eccf14-f620-46ce-ab81-18fe68349f17}. Requires ContentUri triggers.
D/WM-GreedyScheduler( 2365): Starting tracking for 2b445ab6-6c0e-406a-870f-0ad55d9d6834,5cb37536-b5e6-4f5e-897c-36cbc492e03c
I/BugleSelfIdentity( 2365): Phone number for MyIdentity 0c137bb4-3b02-4f3f-86b0-fb259c138622 does not change [CONTEXT sub_id=1 icc_id="89860318640220133897" messaging_identity="redacted-pii[12-chars]" rcs_provisioning_id="redacted-pii[20-chars]" ]
I/BugleConnectivity( 2365): Connection state change: SIM loaded, data connection: UNKNOWN, manual connection eligibility: false, ntn roaming: false
D/nativeloader( 2365): Load /product/priv-app/PrebuiltBugle/PrebuiltBugle.apk!/lib/arm64-v8a/libscytale_v2_jni.so using class loader ns product-clns-10 (caller=/product/priv-app/PrebuiltBugle/PrebuiltBugle.apk!classes3.dex): ok
I/BugleSatellite( 2365): Attempting to register registerForCarrierRoamingNtnModeChanged listener
I/BugleConnectivity( 2365): Connection state change: SubID = 1 onCarrierRoamingNtnModeChanged (false), data connection: UNKNOWN, manual connection eligibility: false, ntn roaming: false
I/BugleConnectivity( 2365): Notifying listeners of manual satellite eligibility change: false
I/BugleConnectivity( 2365): Connection state change: SubID = 1 onCarrierRoamingNtnEligibleStateChanged (false), data connection: UNKNOWN, manual connection eligibility: false, ntn roaming: false
I/BugleConnectivity( 2365): Lost eligibility for manual satellite.
I/BugleConnectivity( 2365): Notifying listeners of manual satellite eligibility change: false
W/BugleE2eeEtouffee( 2365): E2eeStartupTask: No identities to perform prekey checking for.
W/JobInfo ( 2365): Requested important-while-foreground flag for job1502 is ignored and takes no effect
D/WM-SystemJobScheduler( 2365): Scheduling work ID 57be59cf-bb9a-4767-a8f3-c1d71ab14c8dJob ID 1502
I/BugleDataModel( 2365): 3 not running because already up to date, upgradeCommand: EXECUTE_UPGRADE, version: 2
I/BugleDataModel( 2365): 2 not running because already up to date, upgradeCommand: EXECUTE_UPGRADE, version: 2
D/WM-SystemJobService( 2365): onStartJob for WorkGenerationalId(workSpecId=57be59cf-bb9a-4767-a8f3-c1d71ab14c8d, generation=0)
D/WM-GreedyScheduler( 2365): Ignoring {WorkSpec: a6359601-b3fb-4c78-924f-58734cc9d541}. Requires device idle.
D/WM-GreedyScheduler( 2365): Ignoring {WorkSpec: 6b6ceea6-48de-4025-9a5b-1a3af1980279}. Requires device idle.
D/WM-GreedyScheduler( 2365): Ignoring {WorkSpec: fc230ee4-9198-4ba2-a84d-68a2cd8f44c6}. Requires device idle.
D/WM-GreedyScheduler( 2365): Ignoring {WorkSpec: ee323566-5a4b-4309-b5c9-6df8a0fe389d}. Requires device idle.
D/WM-GreedyScheduler( 2365): Ignoring {WorkSpec: 119f8746-d735-4593-b9bd-e476ee194c7e}. Requires ContentUri triggers.
D/WM-GreedyScheduler( 2365): Ignoring {WorkSpec: 42eccf14-f620-46ce-ab81-18fe68349f17}. Requires ContentUri triggers.
D/WM-GreedyScheduler( 2365): Starting work for 57be59cf-bb9a-4767-a8f3-c1d71ab14c8d
D/WM-GreedyScheduler( 2365): Starting tracking for 2b445ab6-6c0e-406a-870f-0ad55d9d6834,5cb37536-b5e6-4f5e-897c-36cbc492e03c
I/BugleSatellite( 2365): Processing Phenotype flag changes.
I/BugleSatellite( 2365): Reporting to Telephony: SMS supported = true
I/Bugle   ( 2365): RcsAvailabilityUtilForProvisioningEngineV2: updateAvailabilityForAllSimsAsync, hint: NO_HINT
D/WM-GreedyScheduler( 2365): Ignoring {WorkSpec: a6359601-b3fb-4c78-924f-58734cc9d541}. Requires device idle.
D/WM-GreedyScheduler( 2365): Ignoring {WorkSpec: 6b6ceea6-48de-4025-9a5b-1a3af1980279}. Requires device idle.
D/WM-GreedyScheduler( 2365): Ignoring {WorkSpec: fc230ee4-9198-4ba2-a84d-68a2cd8f44c6}. Requires device idle.
D/WM-GreedyScheduler( 2365): Ignoring {WorkSpec: ee323566-5a4b-4309-b5c9-6df8a0fe389d}. Requires device idle.
D/WM-GreedyScheduler( 2365): Ignoring {WorkSpec: 119f8746-d735-4593-b9bd-e476ee194c7e}. Requires ContentUri triggers.
D/WM-GreedyScheduler( 2365): Ignoring {WorkSpec: 42eccf14-f620-46ce-ab81-18fe68349f17}. Requires ContentUri triggers.
D/WM-GreedyScheduler( 2365): Starting tracking for 2b445ab6-6c0e-406a-870f-0ad55d9d6834,5cb37536-b5e6-4f5e-897c-36cbc492e03c
I/BugleRcsProvisioning( 2365): updateAvailabilityForAllSimsAsync: scheduling updateAvailabilityForRcsProvisioningId call. Hint: NO_HINT, enableWelcomePopupWithoutGoogleTos: false, reshowSuccessPopup: false
I/BugleRcsProvisioning( 2365): updateRcsAvailabilityForMultipleSims: hint: NO_HINT, canReshowWelcomeMessage: false
D/WM-Processor( 2365): pst: processing WorkGenerationalId(workSpecId=57be59cf-bb9a-4767-a8f3-c1d71ab14c8d, generation=0)
D/WM-Processor( 2365): Work WorkGenerationalId(workSpecId=57be59cf-bb9a-4767-a8f3-c1d71ab14c8d, generation=0) is already enqueued for processing
I/MobileConfigurationApi( 2365): registerParameters successfully stored 4 parameters
I/SyncScheduler( 2365): scheduling sync for 0 seconds later, policy = KEEP
D/MddListenableWorkerFactory( 2365): createWorker for class: com.google.android.apps.messaging.shared.datamodel.workqueue.WorkQueueWorkerShim
I/BugleRcsEngine( 2365): [SR]: Single Registration is disabled. Skipping Single Registration capability check for subId: 1, OS.isAtLeastS:[true], enableSingleRegistrationProvisioning:[false] [CONTEXT thread_id=55 ]
I/BugleRcsEngine( 2365): No RCS Configuration was found in Bugle for simID: redacted-pii:sim_id[chars:20,last3:897] [CONTEXT log_prefix="ProvisioningEngineDataRetriever" thread_id=55 ]
D/WM-WorkerWrapper( 2365): Starting work for com.google.android.apps.messaging.shared.datamodel.workqueue.WorkQueueWorkerShim
I/BugleRcsProvisioning( 2365): RcsAvailability configuration availability and enabled status: simId: redacted-pii:sim_id[chars:20,last3:897], SipConnectionType: DUAL_REG, isConfigurationAvailableAndEnabled: false
I/BugleRcsProvisioning( 2365): Checking isConfigServerUrlAvailable with simId: redacted-pii:sim_id[chars:20,last3:897], 
I/BugleRcsEngine( 2365): getConfigServerUrl with simId: redacted-pii:sim_id[chars:20,last3:897] [CONTEXT log_prefix="ProvisioningServerUtil" thread_id=55 ]
I/BugleRcsEngine( 2365): Using config server URL from chgq [CONTEXT log_prefix="ProvisioningServerUtil" thread_id=55 ]
I/BugleRcsProvisioning( 2365): RcsAvailability: Subscription Id: 1, simId: redacted-pii:sim_id[chars:20,last3:897], sipConnectionType: DUAL_REG, isRcsAvailable: false
I/BugleRcsEngine( 2365): No RCS Configuration was found in Bugle for simID: redacted-pii:sim_id[chars:20,last3:897] [CONTEXT log_prefix="ProvisioningEngineDataRetriever" thread_id=55 ]
I/BugleRcsProvisioning( 2365): updateAvailabilityForRcsProvisioningId. SimId: redacted-pii:sim_id[chars:20,last3:897], currentAvailability: 10, newAvailability: 10, hint: NO_HINT
I/WM-WorkerWrapper( 2365): Worker result SUCCESS for Work [ id=57be59cf-bb9a-4767-a8f3-c1d71ab14c8d, tags={ com.google.android.apps.messaging.shared.datamodel.workqueue.WorkQueueWorkerShim,data_upgrade- } ]
I/.gms.persistent( 1266): AssetManager2(0xb4000077700217f8) locale list changing from [] to [en-US]
D/WM-Processor( 2365): pst 57be59cf-bb9a-4767-a8f3-c1d71ab14c8d executed; reschedule = false
D/WM-SystemJobService( 2365): 57be59cf-bb9a-4767-a8f3-c1d71ab14c8d executed on JobScheduler
W/BugleRcsEngine( 2365): Unable to send RCS extension log [CONTEXT thread_id=63 ]
D/WM-GreedyScheduler( 2365): Cancelling work ID 57be59cf-bb9a-4767-a8f3-c1d71ab14c8d
I/BugleRcsProvisioning( 2365): RcsProvisioningTrigger: onRcsAvailabilityUpdate : availability is updated to Carrier RCS is not set up, lastAvailabilityLocal is Carrier RCS is not set up, simId hash = -649662650210222451, simId = redacted-pii:sim_id[chars:20,last3:897], isPev3Enabled = true
D/WM-GreedyScheduler( 2365): Ignoring {WorkSpec: a6359601-b3fb-4c78-924f-58734cc9d541}. Requires device idle.
D/WM-GreedyScheduler( 2365): Ignoring {WorkSpec: 6b6ceea6-48de-4025-9a5b-1a3af1980279}. Requires device idle.
D/WM-GreedyScheduler( 2365): Ignoring {WorkSpec: fc230ee4-9198-4ba2-a84d-68a2cd8f44c6}. Requires device idle.
D/WM-GreedyScheduler( 2365): Ignoring {WorkSpec: ee323566-5a4b-4309-b5c9-6df8a0fe389d}. Requires device idle.
D/WM-GreedyScheduler( 2365): Ignoring {WorkSpec: 119f8746-d735-4593-b9bd-e476ee194c7e}. Requires ContentUri triggers.
D/WM-GreedyScheduler( 2365): Ignoring {WorkSpec: 42eccf14-f620-46ce-ab81-18fe68349f17}. Requires ContentUri triggers.
D/WM-GreedyScheduler( 2365): Starting tracking for 2b445ab6-6c0e-406a-870f-0ad55d9d6834,5cb37536-b5e6-4f5e-897c-36cbc492e03c
D/BackgroundInstallControlService(  677): Package event received: 0
D/WearableService( 1266): Creating wearable service asynchronously.
D/WearableService( 1266): onGetService: waiting for onCreate to be completed.
D/WM-GreedyScheduler( 2365): Cancelling work ID 6b6ceea6-48de-4025-9a5b-1a3af1980279
D/ProfileInstaller( 2365): Skipping profile installation for com.google.android.apps.messaging
I/BugleMDD( 2365): MddBackgroundStartupTask: Scheduled MDD periodic tasks.
I/BugleRcsProvisioning( 2365): RcsProvisioningTrigger: Schedule provisioning on app startup
I/BugleRcsProvisioning( 2365): RcsProvisioningTrigger: updateAvailabilityForAllSimsAsync : hint = NO_HINT logTriggerEvent = false
I/Bugle   ( 2365): RcsAvailabilityUtilForProvisioningEngineV2: updateAvailabilityForAllSimsAsync, hint: NO_HINT
I/BugleRcsProvisioning( 2365): RcsProvisioningTrigger: onCsLibPhenotypeUpdated, enableProvisioningTaskInBugle = true
I/Wear_Controller( 1266): Wearable module requires a companion app to be installed.
I/WearableService( 1266): onCreate: Wearable Services not starting. Wear is not available on this device.
I/BugleRcsProvisioning( 2365): updateAvailabilityForAllSimsAsync: scheduling updateAvailabilityForRcsProvisioningId call. Hint: NO_HINT, enableWelcomePopupWithoutGoogleTos: false, reshowSuccessPopup: false
I/BugleRcsProvisioning( 2365): RcsProvisioningTrigger: updateAvailabilityForAllSimsAsync : hint = CSLIB_PHENOTYPE_UPDATE logTriggerEvent = true
I/BugleRcsProvisioning( 2365): updateRcsAvailabilityForMultipleSims: hint: NO_HINT, canReshowWelcomeMessage: false
W/WearableService( 1266): onGetService: Wear is not available on this device.
I/Bugle   ( 2365): RcsAvailabilityUtilForProvisioningEngineV2: updateAvailabilityForAllSimsAsync, hint: CSLIB_PHENOTYPE_UPDATE
I/BugleRcsProvisioning( 2365): updateAvailabilityForAllSimsAsync: scheduling updateAvailabilityForRcsProvisioningId call. Hint: CSLIB_PHENOTYPE_UPDATE, enableWelcomePopupWithoutGoogleTos: false, reshowSuccessPopup: false
W/JobInfo ( 2365): Requested important-while-foreground flag for job1503 is ignored and takes no effect
D/WM-SystemJobScheduler( 2365): Scheduling work ID 6b6ceea6-48de-4025-9a5b-1a3af1980279Job ID 1503
I/Bugle   ( 2365): RcsAvailabilityUtilForProvisioningEngineV2: onCsLibPhenotypeUpdated
W/BugleRcsEngine( 2365): Unable to send diagnostic log [CONTEXT thread_id=61 ]
D/WM-GreedyScheduler( 2365): Ignoring {WorkSpec: a6359601-b3fb-4c78-924f-58734cc9d541}. Requires device idle.
D/WM-GreedyScheduler( 2365): Ignoring {WorkSpec: 6b6ceea6-48de-4025-9a5b-1a3af1980279}. Requires device idle.
D/WM-GreedyScheduler( 2365): Ignoring {WorkSpec: fc230ee4-9198-4ba2-a84d-68a2cd8f44c6}. Requires device idle.
D/WM-GreedyScheduler( 2365): Ignoring {WorkSpec: ee323566-5a4b-4309-b5c9-6df8a0fe389d}. Requires device idle.
I/BugleRcsEngine( 2365): SystemBinding enabled: true [CONTEXT log_prefix="SystemBindingManager" thread_id=42 ]
I/BugleRcsEngine( 2365): SystemBinding enabled: true [CONTEXT log_prefix="SystemBindingManager" thread_id=67 ]
I/BugleRcsEngine( 2365): System Binding updated [CONTEXT thread_id=42 ]
I/BugleRcsEngine( 2365): System Binding updated [CONTEXT thread_id=67 ]
D/WM-GreedyScheduler( 2365): Ignoring {WorkSpec: 119f8746-d735-4593-b9bd-e476ee194c7e}. Requires ContentUri triggers.
D/WM-GreedyScheduler( 2365): Ignoring {WorkSpec: 42eccf14-f620-46ce-ab81-18fe68349f17}. Requires ContentUri triggers.
D/WM-GreedyScheduler( 2365): Starting tracking for 2b445ab6-6c0e-406a-870f-0ad55d9d6834,5cb37536-b5e6-4f5e-897c-36cbc492e03c
W/BugleRcsEngine( 2365): Unable to send diagnostic log [CONTEXT thread_id=61 ]
W/BugleRcsEngine( 2365): Unable to send diagnostic log [CONTEXT thread_id=48 ]
I/BugleNetwork( 2365): Startup: registering tachyon.
W/BugleRcsEngine( 2365): Unable to send diagnostic log [CONTEXT thread_id=80 ]
I/BugleRcsProvisioning( 2365): updateRcsAvailabilityForMultipleSims: hint: CSLIB_PHENOTYPE_UPDATE, canReshowWelcomeMessage: false
D/WM-GreedyScheduler( 2365): Cancelling work ID 0803d547-3e30-4612-9946-d526e182920d
D/WM-SystemJobScheduler( 2365): Scheduling work ID 0803d547-3e30-4612-9946-d526e182920dJob ID 1504
D/WM-GreedyScheduler( 2365): Ignoring {WorkSpec: a6359601-b3fb-4c78-924f-58734cc9d541}. Requires device idle.
D/WM-GreedyScheduler( 2365): Ignoring {WorkSpec: 6b6ceea6-48de-4025-9a5b-1a3af1980279}. Requires device idle.
D/WM-GreedyScheduler( 2365): Ignoring {WorkSpec: fc230ee4-9198-4ba2-a84d-68a2cd8f44c6}. Requires device idle.
D/WM-GreedyScheduler( 2365): Ignoring {WorkSpec: ee323566-5a4b-4309-b5c9-6df8a0fe389d}. Requires device idle.
D/WM-GreedyScheduler( 2365): Ignoring {WorkSpec: 119f8746-d735-4593-b9bd-e476ee194c7e}. Requires ContentUri triggers.
D/WM-GreedyScheduler( 2365): Ignoring {WorkSpec: 42eccf14-f620-46ce-ab81-18fe68349f17}. Requires ContentUri triggers.
D/WM-GreedyScheduler( 2365): Starting tracking for 2b445ab6-6c0e-406a-870f-0ad55d9d6834,5cb37536-b5e6-4f5e-897c-36cbc492e03c
I/BugleNetwork( 2365): Startup: registering tachyon for phone.
I/BugleRcsEngine( 2365): [SR]: Single Registration is disabled. Skipping Single Registration capability check for subId: 1, OS.isAtLeastS:[true], enableSingleRegistrationProvisioning:[false] [CONTEXT thread_id=50 ]
D/WM-GreedyScheduler( 2365): Cancelling work ID 5cb37536-b5e6-4f5e-897c-36cbc492e03c
I/BugleRcsEngine( 2365): [SR]: Single Registration is disabled. Skipping Single Registration capability check for subId: 1, OS.isAtLeastS:[true], enableSingleRegistrationProvisioning:[false] [CONTEXT thread_id=72 ]
I/RcsProvisioningManager( 2365): Skipping backfill of identity mapping.
I/BugleRcsEngine( 2365): No RCS Configuration was found in Bugle for simID: redacted-pii:sim_id[chars:20,last3:897] [CONTEXT log_prefix="ProvisioningEngineDataRetriever" thread_id=72 ]
I/BugleRcsProvisioning( 2365): RcsAvailability configuration availability and enabled status: simId: redacted-pii:sim_id[chars:20,last3:897], SipConnectionType: DUAL_REG, isConfigurationAvailableAndEnabled: false
I/BugleRcsEngine( 2365): No RCS Configuration was found in Bugle for simID: redacted-pii:sim_id[chars:20,last3:897] [CONTEXT log_prefix="ProvisioningEngineDataRetriever" thread_id=50 ]
I/BugleRcsProvisioning( 2365): RcsAvailability configuration availability and enabled status: simId: redacted-pii:sim_id[chars:20,last3:897], SipConnectionType: DUAL_REG, isConfigurationAvailableAndEnabled: false
I/BugleRcsProvisioning( 2365): Checking isConfigServerUrlAvailable with simId: redacted-pii:sim_id[chars:20,last3:897], 
I/BugleRcsEngine( 2365): getConfigServerUrl with simId: redacted-pii:sim_id[chars:20,last3:897] [CONTEXT log_prefix="ProvisioningServerUtil" thread_id=50 ]
I/BugleRcsEngine( 2365): Using config server URL from chgq [CONTEXT log_prefix="ProvisioningServerUtil" thread_id=50 ]
I/BugleRcsProvisioning( 2365): Checking isConfigServerUrlAvailable with simId: redacted-pii:sim_id[chars:20,last3:897], 
I/BugleRcsEngine( 2365): getConfigServerUrl with simId: redacted-pii:sim_id[chars:20,last3:897] [CONTEXT log_prefix="ProvisioningServerUtil" thread_id=72 ]
I/BugleRcsEngine( 2365): Using config server URL from chgq [CONTEXT log_prefix="ProvisioningServerUtil" thread_id=72 ]
W/BugleRcs( 2365): getAvailablePhoneNumbers: accessing uninitialized provisioning identities.
W/BugleRcs( 2365): eoex: FULL
W/BugleRcs( 2365): 	at dkfd.m(PG:54)
W/BugleRcs( 2365): 	at dknc.A(PG:3)
W/BugleRcs( 2365): 	at dklo.apply(PG:5)
W/BugleRcs( 2365): 	at elsr.apply(PG:13)
W/BugleRcs( 2365): 	at esar.d(PG:3)
W/BugleRcs( 2365): 	at esas.run(PG:38)
W/BugleRcs( 2365): 	at dubu.run(PG:7)
W/BugleRcs( 2365): 	at eosd.run(PG:44)
W/BugleRcs( 2365): 	at duem.run(PG:18)
W/BugleRcs( 2365): 	at dubc.run(PG:8)
W/BugleRcs( 2365): 	at java.lang.Thread.run(Thread.java:1119)
W/BugleRcs( 2365): 	at ducv.run(PG:61)
I/BugleRcs( 2365): No phone numbers available.
I/BugleRcs( 2365): eoex: FULL
I/BugleRcs( 2365): 	at dkfd.m(PG:126)
I/BugleRcs( 2365): 	at dknc.A(PG:3)
I/BugleRcs( 2365): 	at dklo.apply(PG:5)
I/BugleRcs( 2365): 	at elsr.apply(PG:13)
I/BugleRcs( 2365): 	at esar.d(PG:3)
I/BugleRcs( 2365): 	at esas.run(PG:38)
I/BugleRcs( 2365): 	at dubu.run(PG:7)
I/BugleRcs( 2365): 	at eosd.run(PG:44)
I/BugleRcs( 2365): 	at duem.run(PG:18)
I/BugleRcs( 2365): 	at dubc.run(PG:8)
I/BugleRcs( 2365): 	at java.lang.Thread.run(Thread.java:1119)
I/BugleRcs( 2365): 	at ducv.run(PG:61)
W/BugleNetwork( 2365): No available phone number to start tachyon for.
I/BugleRcsProvisioning( 2365): RcsAvailability: Subscription Id: 1, simId: redacted-pii:sim_id[chars:20,last3:897], sipConnectionType: DUAL_REG, isRcsAvailable: false
I/BugleRcsEngine( 2365): No RCS Configuration was found in Bugle for simID: redacted-pii:sim_id[chars:20,last3:897] [CONTEXT log_prefix="ProvisioningEngineDataRetriever" thread_id=72 ]
I/BugleRcsProvisioning( 2365): updateAvailabilityForRcsProvisioningId. SimId: redacted-pii:sim_id[chars:20,last3:897], currentAvailability: 10, newAvailability: 10, hint: CSLIB_PHENOTYPE_UPDATE
I/BugleRcsProvisioning( 2365): RcsAvailability: Subscription Id: 1, simId: redacted-pii:sim_id[chars:20,last3:897], sipConnectionType: DUAL_REG, isRcsAvailable: false
I/BugleRcsEngine( 2365): No RCS Configuration was found in Bugle for simID: redacted-pii:sim_id[chars:20,last3:897] [CONTEXT log_prefix="ProvisioningEngineDataRetriever" thread_id=50 ]
I/BugleRcsProvisioning( 2365): updateAvailabilityForRcsProvisioningId. SimId: redacted-pii:sim_id[chars:20,last3:897], currentAvailability: 10, newAvailability: 10, hint: NO_HINT
W/JobInfo ( 2365): Requested important-while-foreground flag for job1505 is ignored and takes no effect
D/WM-SystemJobScheduler( 2365): Scheduling work ID 5cb37536-b5e6-4f5e-897c-36cbc492e03cJob ID 1505
I/Bugle   ( 2365): VerifiedSmsEnabledCheckerImpl: VSMS is disabled via Phenotype flag.
I/BugleRcsProvisioning( 2365): scheduleProvisioningForEligibleSims
D/WM-GreedyScheduler( 2365): Ignoring {WorkSpec: a6359601-b3fb-4c78-924f-58734cc9d541}. Requires device idle.
D/WM-GreedyScheduler( 2365): Ignoring {WorkSpec: 6b6ceea6-48de-4025-9a5b-1a3af1980279}. Requires device idle.
D/WM-GreedyScheduler( 2365): Ignoring {WorkSpec: fc230ee4-9198-4ba2-a84d-68a2cd8f44c6}. Requires device idle.
D/WM-GreedyScheduler( 2365): Ignoring {WorkSpec: ee323566-5a4b-4309-b5c9-6df8a0fe389d}. Requires device idle.
D/WM-GreedyScheduler( 2365): Ignoring {WorkSpec: 119f8746-d735-4593-b9bd-e476ee194c7e}. Requires ContentUri triggers.
D/WM-GreedyScheduler( 2365): Ignoring {WorkSpec: 42eccf14-f620-46ce-ab81-18fe68349f17}. Requires ContentUri triggers.
D/WM-GreedyScheduler( 2365): Starting tracking for 2b445ab6-6c0e-406a-870f-0ad55d9d6834,5cb37536-b5e6-4f5e-897c-36cbc492e03c
I/Bugle   ( 2365): VerifiedSmsStartupTask: Checking if Verified SMS tasks should be enqueued. feature supported: false, feature enabled: false, eligible / has registered key: false, C11N: false
I/BugleRcsProvisioning( 2365): RcsProvisioningTrigger: onRcsAvailabilityUpdate : availability is updated to Carrier RCS is not set up, lastAvailabilityLocal is Carrier RCS is not set up, simId hash = -649662650210222451, simId = redacted-pii:sim_id[chars:20,last3:897], isPev3Enabled = true
I/cnab    ( 2365): scheduleProvisioningForEligibleSims: operationTrigger: 2 bugle trigger event: 9
I/BugleRcsProvisioning( 2365): scheduleProvisioningForEligibleSims
D/WM-GreedyScheduler( 2365): Cancelling work ID 2b445ab6-6c0e-406a-870f-0ad55d9d6834
I/Bugle   ( 2365): VerifiedSmsStartupTask: Not enqueuing VSMS periodic task, VSMS is disabled or not supported.
I/cnab    ( 2365): scheduleProvisioningForAllEligibleSims: operationTrigger: 2 bugle trigger event: 9
I/Bugle   ( 2365): VerifiedSmsStartupTask: Not calling C11N to get phone numbers.
I/cnab    ( 2365): scheduleProvisioningForRcsProvisioningId: rcsProvisioningId: redacted-pii:sim_id[chars:20,last3:897] operationTrigger: 2 bugle trigger event: 9
I/BugleRcsEngine( 2365): [SR]: Single Registration is disabled. Skipping Single Registration capability check for subId: 1, OS.isAtLeastS:[true], enableSingleRegistrationProvisioning:[false] [CONTEXT thread_id=61 ]
I/cnab    ( 2365): RcsProvisioningTrigger: DR is active, initializing DR provisioning. DUAL_REG
W/JobInfo ( 2365): Requested important-while-foreground flag for job1506 is ignored and takes no effect
D/WM-SystemJobScheduler( 2365): Scheduling work ID 2b445ab6-6c0e-406a-870f-0ad55d9d6834Job ID 1506
I/BugleRcsEngine( 2365): [SR]: Single Registration is disabled. Skipping Single Registration capability check for subId: 1, OS.isAtLeastS:[true], enableSingleRegistrationProvisioning:[false] [CONTEXT thread_id=80 ]
D/WM-GreedyScheduler( 2365): Ignoring {WorkSpec: a6359601-b3fb-4c78-924f-58734cc9d541}. Requires device idle.
D/WM-GreedyScheduler( 2365): Ignoring {WorkSpec: 6b6ceea6-48de-4025-9a5b-1a3af1980279}. Requires device idle.
D/WM-GreedyScheduler( 2365): Ignoring {WorkSpec: fc230ee4-9198-4ba2-a84d-68a2cd8f44c6}. Requires device idle.
D/WM-GreedyScheduler( 2365): Ignoring {WorkSpec: ee323566-5a4b-4309-b5c9-6df8a0fe389d}. Requires device idle.
D/WM-GreedyScheduler( 2365): Ignoring {WorkSpec: 119f8746-d735-4593-b9bd-e476ee194c7e}. Requires ContentUri triggers.
D/WM-GreedyScheduler( 2365): Ignoring {WorkSpec: 42eccf14-f620-46ce-ab81-18fe68349f17}. Requires ContentUri triggers.
D/WM-GreedyScheduler( 2365): Starting tracking for 2b445ab6-6c0e-406a-870f-0ad55d9d6834,5cb37536-b5e6-4f5e-897c-36cbc492e03c
I/cnab    ( 2365): scheduleProvisioningForEligibleSims: operationTrigger: 5 bugle trigger event: 4
I/cnab    ( 2365): scheduleProvisioningForAllEligibleSims: operationTrigger: 5 bugle trigger event: 4
I/cnab    ( 2365): scheduleProvisioningForRcsProvisioningId: rcsProvisioningId: redacted-pii:sim_id[chars:20,last3:897] operationTrigger: 5 bugle trigger event: 4
I/BugleRcsEngine( 2365): No RCS Configuration was found in Bugle for simID: redacted-pii:sim_id[chars:20,last3:897] [CONTEXT log_prefix="ProvisioningEngineDataRetriever" thread_id=80 ]
I/BugleRcsEngine( 2365): [SR]: Single Registration is disabled. Skipping Single Registration capability check for subId: 1, OS.isAtLeastS:[true], enableSingleRegistrationProvisioning:[false] [CONTEXT thread_id=81 ]
I/BugleRcsProvisioning( 2365): RcsProvisioningTrigger: onRcsAvailabilityUpdate : availability is updated to Carrier RCS is not set up, lastAvailabilityLocal is Carrier RCS is not set up, simId hash = -649662650210222451, simId = redacted-pii:sim_id[chars:20,last3:897], isPev3Enabled = true
I/cnab    ( 2365): RcsProvisioningTrigger: DR is active, initializing DR provisioning. DUAL_REG
I/BugleRcsEngine( 2365): [SR]: Single Registration is disabled. Skipping Single Registration capability check for subId: 1, OS.isAtLeastS:[true], enableSingleRegistrationProvisioning:[false] [CONTEXT thread_id=63 ]
I/BugleRcsEngine( 2365): No RCS Configuration was found in Bugle for simID: redacted-pii:sim_id[chars:20,last3:897] [CONTEXT log_prefix="ProvisioningEngineDataRetriever" thread_id=63 ]
I/BugleRcsEngine( 2365): Scheduled provisioning task with 0 seconds delay, KEEP policy, trigger is CSLIB_PHENOTYPE_UPDATE, workerId is 52937e0a-c2ab-40c8-8cd6-3b8c10ba539c, simId is redacted-pii:sim_id[chars:20,last3:897] [CONTEXT log_prefix="provisioning" thread_id=80 ]
D/WM-GreedyScheduler( 2365): Constraints not met: Cancelling work ID WorkGenerationalId(workSpecId=5cb37536-b5e6-4f5e-897c-36cbc492e03c, generation=13)
I/BugleRcsEngine( 2365): Scheduled provisioning task with 0 seconds delay, KEEP policy, trigger is APP_STARTUP, workerId is 43e174ff-1652-4eec-a681-49f5704aa2dd, simId is redacted-pii:sim_id[chars:20,last3:897] [CONTEXT log_prefix="provisioning" thread_id=63 ]
D/WM-GreedyScheduler( 2365): Constraints not met: Cancelling work ID WorkGenerationalId(workSpecId=2b445ab6-6c0e-406a-870f-0ad55d9d6834, generation=13)
D/ProfileInstaller( 3194): Installing profile for com.konsier.app.dev
D/InetDiagMessage(  677): Destroyed 0 sockets, proto=IPPROTO_TCP, family=AF_INET, states=14
D/InetDiagMessage(  677): Destroyed 0 sockets, proto=IPPROTO_TCP, family=AF_INET6, states=14
D/InetDiagMessage(  677): Destroyed live tcp sockets for uids={10153} in 1ms
D/InetDiagMessage(  677): Destroyed 0 sockets, proto=IPPROTO_TCP, family=AF_INET, states=14
D/InetDiagMessage(  677): Destroyed 0 sockets, proto=IPPROTO_TCP, family=AF_INET6, states=14
D/InetDiagMessage(  677): Destroyed live tcp sockets for uids={20153} in 0ms
D/WifiClientModeImpl[15875:wlan0](  677): updateLinkLayerStatsRssiSpeedFrequencyCapabilities rssi=-50 TxLinkspeed=2 freq=2447 RxLinkSpeed=2
D/WifiDataStall(  677): tx tput in kbps: 11000
D/WifiDataStall(  677): rx tput in kbps: 11000
V/WifiConfigManager(  677): Updating scan detail cache freq=2447 BSSID=00:13:10:85:fe:01 RSSI=-50 for "AndroidWifi"NONE
D/WifiThroughputPredictor(  677):  utilization (LLS) 80 isBluetoothConnected: false final utilization: 80
D/WifiThroughputPredictor(  677):  BW: 0 RSSI: -50 Nss: 1 Mode: 1 symDur: 4000 snrDb 30 bitPerTone: 4500 rate: 54 throughput: 11
D/WifiThroughputPredictor(  677):  utilization (LLS) 80 isBluetoothConnected: false final utilization: 80
D/WifiThroughputPredictor(  677):  BW: 0 RSSI: -50 Nss: 1 Mode: 1 symDur: 4000 snrDb 30 bitPerTone: 4500 rate: 54 throughput: 11
D/WifiThroughputPredictor(  677):  utilization (LLS) 80 isBluetoothConnected: false final utilization: 80
D/WifiThroughputPredictor(  677):  BW: 0 RSSI: -50 Nss: 1 Mode: 1 symDur: 4000 snrDb 30 bitPerTone: 4500 rate: 54 throughput: 11
D/WifiThroughputPredictor(  677):  utilization (LLS) 80 isBluetoothConnected: false final utilization: 80
D/WifiThroughputPredictor(  677):  BW: 0 RSSI: -50 Nss: 1 Mode: 1 symDur: 4000 snrDb 30 bitPerTone: 4500 rate: 54 throughput: 11
D/WifiScoreCard(  677): BSSID update SIGNAL_POLL ID: 10023120 SSID: "AndroidWifi", BSSID: 00:13:10:85:fe:01, MAC: 02:15:b2:00:00:00, IP: /10.0.2.16, Security type: 0, Supplicant state: COMPLETED, Wi-Fi standard: legacy, RSSI: -50, Link speed: 2Mbps, Tx Link speed: 2Mbps, Max Supported Tx Link speed: 11Mbps, Rx Link speed: 2Mbps, Max Supported Rx Link speed: 11Mbps, Frequency: 2447MHz, Net ID: 0, Metered hint: false, score: 60, isUsable: true, CarrierMerged: false, SubscriptionId: -1, IsPrimary: 1, Trusted: true, Restricted: false, Ephemeral: false, OEM paid: false, OEM private: false, OSU AP: false, FQDN: <none>, Provider friendly name: <none>, Requesting package name: <none>"AndroidWifi"openMLO Information: , Is TID-To-Link negotiation supported by the AP: false, AP MLD Address: <none>, AP MLO Link Id: <none>, AP MLO Affiliated links: <none>, Vendor Data: <none>
D/WifiScoreCard(  677): txRate: 37 txSpeed: 2
D/WifiScoreCard(  677): network update SIGNAL_POLL "AndroidWifi" ID: 353851559 RSSI -50 txSpeed 2
D/WifiClientModeImpl[15875:wlan0](  677):  ClientModeImpl$L2ConnectedState screen=on 1 0 "AndroidWifi" 00:13:10:85:fe:01 rssi=-50 f=2447 sc=60 link=2 tx=36.1, 0.0, 0.0 rx=76.5 bcn=0 [on:0 tx:0 rx:0 period:3003] from screen [on:0 period:2104259754] score=60

