Timestamp               Ty Process[PID:TID]
2026-09-07 13:24:55.114 Df log[18776:0] [com.apple.log:] log run noninteractively, parent: 97696 (launchd_sim), args: 'log' 'show' '--style' 'compact' '--start' '@1788809063' '--predicate' 'eventMessage CONTAINS[c] "LUNA_FIXED_TEXT_READY" OR eventMessage CONTAINS[c] "LUNA_FIXED_TEXT_ROOT"'
2026-09-07 13:25:02.228 Df log[18962:0] [com.apple.log:] log run noninteractively, parent: 97696 (launchd_sim), args: 'log' 'show' '--style' 'compact' '--start' '@1788809095' '--predicate' 'eventMessage CONTAINS[c] "LUNA_FIXED_TEXT_READY" OR eventMessage CONTAINS[c] "LUNA_FIXED_TEXT_ROOT"'
2026-09-07 13:25:08.595 Df log[19245:0] [com.apple.log:] log run noninteractively, parent: 97696 (launchd_sim), args: 'log' 'show' '--style' 'compact' '--start' '@1788809095' '--predicate' 'eventMessage CONTAINS[c] "LUNA_FIXED_TEXT_READY" OR eventMessage CONTAINS[c] "LUNA_FIXED_TEXT_ROOT"'
2026-09-07 13:25:08.712 Df CanvasFixedTextEvidence[19124:5481bb9] (Foundation) LUNA_FIXED_TEXT_READY case=fixed-text-uniform-single-run nonce=fixed-text-iphone-large-large-uniform-single-run-29a704e5-82ab-4fbe-949e-43c7fb432cac
2026-09-07 13:25:08.713 Df CanvasFixedTextEvidence[19124:5481bb9] (Foundation) LUNA_FIXED_TEXT_ROOT case=fixed-text-uniform-single-run nonce=fixed-text-iphone-large-large-uniform-single-run-29a704e5-82ab-4fbe-949e-43c7fb432cac frame=31.000,361.000 340.000x180.000 scale=3.000
2026-09-07 13:25:09.347 Df log[19310:0] [com.apple.log:] log run noninteractively, parent: 97696 (launchd_sim), args: 'log' 'show' '--style' 'compact' '--start' '@1788809102' '--predicate' 'eventMessage CONTAINS[c] "LUNA_FIXED_TEXT_READY" OR eventMessage CONTAINS[c] "LUNA_FIXED_TEXT_ROOT"'
2026-09-07 13:25:10.056 Df log[19324:0] [com.apple.log:] log run noninteractively, parent: 97696 (launchd_sim), args: 'log' 'show' '--style' 'compact' '--start' '@1788809095' '--predicate' 'eventMessage CONTAINS[c] "LUNA_FIXED_TEXT_READY" OR eventMessage CONTAINS[c] "LUNA_FIXED_TEXT_ROOT"'
2026-09-07 13:25:11.534 Df log[19431:0] [com.apple.log:] log run noninteractively, parent: 97696 (launchd_sim), args: 'log' 'show' '--style' 'compact' '--start' '@1788809095' '--predicate' 'eventMessage CONTAINS[c] "LUNA_FIXED_TEXT_READY" OR eventMessage CONTAINS[c] "LUNA_FIXED_TEXT_ROOT"'
2026-09-07 13:25:12.069 Df CanvasFixedTextEvidence[19520:5481da0] (Foundation) LUNA_FIXED_TEXT_READY case=fixed-text-top-level-style-spacing nonce=fixed-text-iphone-large-large-top-level-style-spacing-2966ce86-fa88-4dcb-a466-963cf3d4cee4
2026-09-07 13:25:12.070 Df CanvasFixedTextEvidence[19520:5481da0] (Foundation) LUNA_FIXED_TEXT_ROOT case=fixed-text-top-level-style-spacing nonce=fixed-text-iphone-large-large-top-level-style-spacing-2966ce86-fa88-4dcb-a466-963cf3d4cee4 frame=31.000,361.000 340.000x180.000 scale=3.000
2026-09-07 13:25:12.846 Df log[19530:0] [com.apple.log:] log run noninteractively, parent: 97696 (launchd_sim), args: 'log' 'show' '--style' 'compact' '--start' '@1788809111' '--predicate' 'eventMessage CONTAINS[c] "LUNA_FIXED_TEXT_READY" OR eventMessage CONTAINS[c] "LUNA_FIXED_TEXT_ROOT"'
2026-09-07 13:25:13.123 Df log[19586:0] [com.apple.log:] log run noninteractively, parent: 97696 (launchd_sim), args: 'log' 'show' '--style' 'compact' '--start' '@1788809095' '--predicate' 'eventMessage CONTAINS[c] "LUNA_FIXED_TEXT_READY" OR eventMessage CONTAINS[c] "LUNA_FIXED_TEXT_ROOT"'
2026-09-07 13:25:14.869 Df log[19647:0] [com.apple.log:] log run noninteractively, parent: 97696 (launchd_sim), args: 'log' 'show' '--style' 'compact' '--start' '@1788809095' '--predicate' 'eventMessage CONTAINS[c] "LUNA_FIXED_TEXT_READY" OR eventMessage CONTAINS[c] "LUNA_FIXED_TEXT_ROOT"'
2026-09-07 13:25:16.446 Df log[19702:0] [com.apple.log:] log run noninteractively, parent: 97696 (launchd_sim), args: 'log' 'show' '--style' 'compact' '--start' '@1788809095' '--predicate' 'eventMessage CONTAINS[c] "LUNA_FIXED_TEXT_READY" OR eventMessage CONTAINS[c] "LUNA_FIXED_TEXT_ROOT"'
2026-09-07 13:25:16.687 Df CanvasFixedTextEvidence[19721:5481fd2] (Foundation) LUNA_FIXED_TEXT_READY case=fixed-text-top-level-decorations nonce=fixed-text-iphone-large-large-top-level-decorations-b272ea6e-164c-4580-b793-eac67a5eb8e6
2026-09-07 13:25:16.687 Df CanvasFixedTextEvidence[19721:5481fd2] (Foundation) LUNA_FIXED_TEXT_ROOT case=fixed-text-top-level-decorations nonce=fixed-text-iphone-large-large-top-level-decorations-b272ea6e-164c-4580-b793-eac67a5eb8e6 frame=31.000,361.000 340.000x180.000 scale=3.000
2026-09-07 13:25:17.354 Df log[19764:0] [com.apple.log:] log run noninteractively, parent: 97696 (launchd_sim), args: 'log' 'show' '--style' 'compact' '--start' '@1788809115' '--predicate' 'eventMessage CONTAINS[c] "LUNA_FIXED_TEXT_READY" OR eventMessage CONTAINS[c] "LUNA_FIXED_TEXT_ROOT"'
2026-09-07 13:25:18.003 Df log[19774:0] [com.apple.log:] log run noninteractively, parent: 97696 (launchd_sim), args: 'log' 'show' '--style' 'compact' '--start' '@1788809095' '--predicate' 'eventMessage CONTAINS[c] "LUNA_FIXED_TEXT_READY" OR eventMessage CONTAINS[c] "LUNA_FIXED_TEXT_ROOT"'
2026-09-07 13:25:19.501 Df log[19887:0] [com.apple.log:] log run noninteractively, parent: 97696 (launchd_sim), args: 'log' 'show' '--style' 'compact' '--start' '@1788809095' '--predicate' 'eventMessage CONTAINS[c] "LUNA_FIXED_TEXT_READY" OR eventMessage CONTAINS[c] "LUNA_FIXED_TEXT_ROOT"'
2026-09-07 13:25:20.176 Df CanvasFixedTextEvidence[19903:54821de] (Foundation) LUNA_FIXED_TEXT_READY case=fixed-text-rich-run-fill-family nonce=fixed-text-iphone-large-large-rich-run-fill-family-72d9e4f1-bf2e-4174-889f-b1b036b7a365
2026-09-07 13:25:20.176 Df CanvasFixedTextEvidence[19903:54821de] (Foundation) LUNA_FIXED_TEXT_ROOT case=fixed-text-rich-run-fill-family nonce=fixed-text-iphone-large-large-rich-run-fill-family-72d9e4f1-bf2e-4174-889f-b1b036b7a365 frame=31.000,361.000 340.000x180.000 scale=3.000
2026-09-07 13:25:21.206 Df log[20039:0] [com.apple.log:] log run noninteractively, parent: 97696 (launchd_sim), args: 'log' 'show' '--style' 'compact' '--start' '@1788809119' '--predicate' 'eventMessage CONTAINS[c] "LUNA_FIXED_TEXT_READY" OR eventMessage CONTAINS[c] "LUNA_FIXED_TEXT_ROOT"'
2026-09-07 13:25:21.567 Df log[20052:0] [com.apple.log:] log run noninteractively, parent: 97696 (launchd_sim), args: 'log' 'show' '--style' 'compact' '--start' '@1788809095' '--predicate' 'eventMessage CONTAINS[c] "LUNA_FIXED_TEXT_READY" OR eventMessage CONTAINS[c] "LUNA_FIXED_TEXT_ROOT"'
2026-09-07 13:25:23.069 Df log[20083:0] [com.apple.log:] log run noninteractively, parent: 97696 (launchd_sim), args: 'log' 'show' '--style' 'compact' '--start' '@1788809095' '--predicate' 'eventMessage CONTAINS[c] "LUNA_FIXED_TEXT_READY" OR eventMessage CONTAINS[c] "LUNA_FIXED_TEXT_ROOT"'
2026-09-07 13:25:24.287 Df CanvasFixedTextEvidence[20095:54823e1] (Foundation) LUNA_FIXED_TEXT_READY case=fixed-text-rich-run-size nonce=fixed-text-iphone-large-large-rich-run-size-b8b0b9da-ad2f-4616-9a91-d692bbe57e33
2026-09-07 13:25:24.287 Df CanvasFixedTextEvidence[20095:54823e1] (Foundation) LUNA_FIXED_TEXT_ROOT case=fixed-text-rich-run-size nonce=fixed-text-iphone-large-large-rich-run-size-b8b0b9da-ad2f-4616-9a91-d692bbe57e33 frame=31.000,361.000 340.000x180.000 scale=3.000
2026-09-07 13:25:24.659 Df log[20105:0] [com.apple.log:] log run noninteractively, parent: 97696 (launchd_sim), args: 'log' 'show' '--style' 'compact' '--start' '@1788809095' '--predicate' 'eventMessage CONTAINS[c] "LUNA_FIXED_TEXT_READY" OR eventMessage CONTAINS[c] "LUNA_FIXED_TEXT_ROOT"'
2026-09-07 13:25:24.963 Df log[20115:0] [com.apple.log:] log run noninteractively, parent: 97696 (launchd_sim), args: 'log' 'show' '--style' 'compact' '--start' '@1788809123' '--predicate' 'eventMessage CONTAINS[c] "LUNA_FIXED_TEXT_READY" OR eventMessage CONTAINS[c] "LUNA_FIXED_TEXT_ROOT"'
2026-09-07 13:25:26.561 Df log[20136:0] [com.apple.log:] log run noninteractively, parent: 97696 (launchd_sim), args: 'log' 'show' '--style' 'compact' '--start' '@1788809095' '--predicate' 'eventMessage CONTAINS[c] "LUNA_FIXED_TEXT_READY" OR eventMessage CONTAINS[c] "LUNA_FIXED_TEXT_ROOT"'
2026-09-07 13:25:28.171 Df CanvasFixedTextEvidence[20164:54824d1] (Foundation) LUNA_FIXED_TEXT_READY case=fixed-text-rich-run-italic-spacing nonce=fixed-text-iphone-large-large-rich-run-italic-spacing-525b3323-61f7-4c1d-ba3f-a15a68247128
2026-09-07 13:25:28.171 Df CanvasFixedTextEvidence[20164:54824d1] (Foundation) LUNA_FIXED_TEXT_ROOT case=fixed-text-rich-run-italic-spacing nonce=fixed-text-iphone-large-large-rich-run-italic-spacing-525b3323-61f7-4c1d-ba3f-a15a68247128 frame=31.000,361.000 340.000x180.000 scale=3.000
2026-09-07 13:25:28.225 Df log[20165:0] [com.apple.log:] log run noninteractively, parent: 97696 (launchd_sim), args: 'log' 'show' '--style' 'compact' '--start' '@1788809095' '--predicate' 'eventMessage CONTAINS[c] "LUNA_FIXED_TEXT_READY" OR eventMessage CONTAINS[c] "LUNA_FIXED_TEXT_ROOT"'
2026-09-07 13:25:28.827 Df log[20255:0] [com.apple.log:] log run noninteractively, parent: 97696 (launchd_sim), args: 'log' 'show' '--style' 'compact' '--start' '@1788809127' '--predicate' 'eventMessage CONTAINS[c] "LUNA_FIXED_TEXT_READY" OR eventMessage CONTAINS[c] "LUNA_FIXED_TEXT_ROOT"'
2026-09-07 13:25:29.754 Df log[20274:0] [com.apple.log:] log run noninteractively, parent: 97696 (launchd_sim), args: 'log' 'show' '--style' 'compact' '--start' '@1788809095' '--predicate' 'eventMessage CONTAINS[c] "LUNA_FIXED_TEXT_READY" OR eventMessage CONTAINS[c] "LUNA_FIXED_TEXT_ROOT"'
2026-09-07 13:25:32.421 Df log[20307:0] [com.apple.log:] log run noninteractively, parent: 97696 (launchd_sim), args: 'log' 'show' '--style' 'compact' '--start' '@1788809095' '--predicate' 'eventMessage CONTAINS[c] "LUNA_FIXED_TEXT_READY" OR eventMessage CONTAINS[c] "LUNA_FIXED_TEXT_ROOT"'
2026-09-07 13:25:32.656 Df CanvasFixedTextEvidence[20308:5482695] (Foundation) LUNA_FIXED_TEXT_READY case=fixed-text-rich-run-decorations nonce=fixed-text-iphone-large-large-rich-run-decorations-49a81d6b-33d5-44a3-bbee-3fc30bed01b3
2026-09-07 13:25:32.656 Df CanvasFixedTextEvidence[20308:5482695] (Foundation) LUNA_FIXED_TEXT_ROOT case=fixed-text-rich-run-decorations nonce=fixed-text-iphone-large-large-rich-run-decorations-49a81d6b-33d5-44a3-bbee-3fc30bed01b3 frame=31.000,361.000 340.000x180.000 scale=3.000
2026-09-07 13:25:33.315 Df log[20318:0] [com.apple.log:] log run noninteractively, parent: 97696 (launchd_sim), args: 'log' 'show' '--style' 'compact' '--start' '@1788809131' '--predicate' 'eventMessage CONTAINS[c] "LUNA_FIXED_TEXT_READY" OR eventMessage CONTAINS[c] "LUNA_FIXED_TEXT_ROOT"'
2026-09-07 13:25:33.952 Df log[20329:0] [com.apple.log:] log run noninteractively, parent: 97696 (launchd_sim), args: 'log' 'show' '--style' 'compact' '--start' '@1788809095' '--predicate' 'eventMessage CONTAINS[c] "LUNA_FIXED_TEXT_READY" OR eventMessage CONTAINS[c] "LUNA_FIXED_TEXT_ROOT"'
2026-09-07 13:25:35.472 Df log[20436:0] [com.apple.log:] log run noninteractively, parent: 97696 (launchd_sim), args: 'log' 'show' '--style' 'compact' '--start' '@1788809095' '--predicate' 'eventMessage CONTAINS[c] "LUNA_FIXED_TEXT_READY" OR eventMessage CONTAINS[c] "LUNA_FIXED_TEXT_ROOT"'
2026-09-07 13:25:36.028 Df CanvasFixedTextEvidence[20447:54827fc] (Foundation) LUNA_FIXED_TEXT_READY case=fixed-text-marks-and-paragraphs nonce=fixed-text-iphone-large-large-marks-and-paragraphs-0a3b1e5e-1e0b-48eb-954d-fe1e98650f2a
2026-09-07 13:25:36.028 Df CanvasFixedTextEvidence[20447:54827fc] (Foundation) LUNA_FIXED_TEXT_ROOT case=fixed-text-marks-and-paragraphs nonce=fixed-text-iphone-large-large-marks-and-paragraphs-0a3b1e5e-1e0b-48eb-954d-fe1e98650f2a frame=31.000,361.000 340.000x180.000 scale=3.000
2026-09-07 13:25:36.658 Df log[20459:0] [com.apple.log:] log run noninteractively, parent: 97696 (launchd_sim), args: 'log' 'show' '--style' 'compact' '--start' '@1788809135' '--predicate' 'eventMessage CONTAINS[c] "LUNA_FIXED_TEXT_READY" OR eventMessage CONTAINS[c] "LUNA_FIXED_TEXT_ROOT"'
2026-09-07 13:25:37.052 Df log[20504:0] [com.apple.log:] log run noninteractively, parent: 97696 (launchd_sim), args: 'log' 'show' '--style' 'compact' '--start' '@1788809095' '--predicate' 'eventMessage CONTAINS[c] "LUNA_FIXED_TEXT_READY" OR eventMessage CONTAINS[c] "LUNA_FIXED_TEXT_ROOT"'
2026-09-07 13:25:38.580 Df log[20579:0] [com.apple.log:] log run noninteractively, parent: 97696 (launchd_sim), args: 'log' 'show' '--style' 'compact' '--start' '@1788809095' '--predicate' 'eventMessage CONTAINS[c] "LUNA_FIXED_TEXT_READY" OR eventMessage CONTAINS[c] "LUNA_FIXED_TEXT_ROOT"'

getpwuid_r did not find a match for uid 501
