--------- beginning of main
W/IPCThreadState(  677): Sending oneway calls to frozen process.
W/IPCThreadState(  677): Sending oneway calls to frozen process.
W/IPCThreadState(  677): Sending oneway calls to frozen process.
W/IPCThreadState(  677): Sending oneway calls to frozen process.
W/IPCThreadState(  677): Sending oneway calls to frozen process.
W/IPCThreadState(  677): Sending oneway calls to frozen process.
W/IPCThreadState(  677): Sending oneway calls to frozen process.
W/IPCThreadState(  677): Sending oneway calls to frozen process.
W/IPCThreadState(  677): Sending oneway calls to frozen process.
W/IPCThreadState(  677): Sending oneway calls to frozen process.
W/IPCThreadState(  677): Sending oneway calls to frozen process.
W/IPCThreadState(  677): Sending oneway calls to frozen process.
W/IPCThreadState(  677): Sending oneway calls to frozen process.
W/IPCThreadState(  677): Sending oneway calls to frozen process.
W/IPCThreadState(  677): Sending oneway calls to frozen process.
W/IPCThreadState(  677): Sending oneway calls to frozen process.
W/IPCThreadState(  677): Sending oneway calls to frozen process.
W/IPCThreadState(  677): Sending oneway calls to frozen process.
W/IPCThreadState(  677): Sending oneway calls to frozen process.
W/IPCThreadState(  677): Sending oneway calls to frozen process.
W/IPCThreadState(  677): Sending oneway calls to frozen process.
W/IPCThreadState(  677): Sending oneway calls to frozen process.
W/IPCThreadState(  677): Sending oneway calls to frozen process.
W/IPCThreadState(  677): Sending oneway calls to frozen process.
W/IPCThreadState(  677): Sending oneway calls to frozen process.
W/IPCThreadState(  677): Sending oneway calls to frozen process.
W/IPCThreadState(  677): Sending oneway calls to frozen process.
W/IPCThreadState(  677): Sending oneway calls to frozen process.
W/IPCThreadState(  677): Sending oneway calls to frozen process.
W/IPCThreadState(  677): Sending oneway calls to frozen process.
W/IPCThreadState(  677): Sending oneway calls to frozen process.
W/IPCThreadState(  677): Sending oneway calls to frozen process.
W/IPCThreadState(  677): Sending oneway calls to frozen process.
D/StatsLog( 1050): LAUNCHER_ONRESUME
--------- beginning of system
I/AppWidgetServiceImpl(  677): startListening() 0
D/BackgroundInstallControlService(  677): Package event received: 0
I/BpBinder(  511): onLastStrongRef automatically unlinking death recipients: 
D/QuickstepModelDelegate( 1050): notifyAppTargetEvent action=1 launchLocation=workspace/0/[-1,-1]/[1,1]
W/InputDispatcher(  677): channel 'f72b6d1 com.penkra.canvas.fixture/com.penkra.canvas.fixture.MainActivity' ~ Consumer closed input channel or an error occurred.  events=0x9
E/InputDispatcher(  677): channel 'f72b6d1 com.penkra.canvas.fixture/com.penkra.canvas.fixture.MainActivity' ~ Channel is unrecoverably broken and will be disposed!
D/WindowManagerShell(  927): setLauncherKeepClearAreaHeight: visible=true, height=527
D/NexusLauncherModelDelegate( 1050): notifySmartspaceEvent: SmartspaceTargetEvent{mSmartspaceTarget=null, mSmartspaceActionId='null', mEventType=6}
D/BackgroundInstallControlService(  677): Package event received: 0
I/Zygote  (  456): Process 4083 exited due to signal 9 (Killed)
I/AiAiEcho( 1487): Predicting[0]:  [CONTEXT sampling_count=5 ]
I/AiAiEcho( 1487): EchoTargets: 
I/AiAiEcho( 1487): Filtered by AiAi flag check: 
I/AiAiEcho( 1487): [CONTEXT ratelimit_period="10 SECONDS" ]
I/AiAiEcho( 1487): #remoteViewsTwiddler: feature disabled.
I/AiAiEcho( 1487): #postPredictionTargets: Sending updates to UISurface home with targets# 0 (types=[])
I/adbd    (  521): Remote process closed the socket (on MSG_PEEK)
I/WindowManager(  677): WINDOW DIED Window{f72b6d1 u0 com.penkra.canvas.fixture/com.penkra.canvas.fixture.MainActivity}
I/ImeTracker(  677): com.penkra.canvas.fixture:6bb5f2f5: onRequestHide at ORIGIN_SERVER reason HIDE_REMOVE_CLIENT fromUser false
I/ImeTracker(  677): com.penkra.canvas.fixture:6bb5f2f5: onCancelled at PHASE_SERVER_SHOULD_HIDE
I/WindowManager(  677): WIN DEATH: Window{f72b6d1 u0 com.penkra.canvas.fixture/com.penkra.canvas.fixture.MainActivity EXITING}
I/AppsFilter(  677): interaction: PackageSetting{c11fd90 com.konsier.app.dev/10214} -> PackageSetting{b27f834 com.penkra.canvas.fixture/10217} BLOCKED
I/AppsFilter(  677): interaction: PackageSetting{ee5b68e com.penkra.canvas.qa.fonts/10219} -> PackageSetting{b27f834 com.penkra.canvas.fixture/10217} BLOCKED
I/AppsFilter(  677): interaction: PackageSetting{5422eaf com.penkra.canvas.qa.typomixed0606/10215} -> PackageSetting{b27f834 com.penkra.canvas.fixture/10217} BLOCKED
D/BaseDepthController( 1050): setSurface:
D/BaseDepthController( 1050): 	mWaitingOnSurfaceValidity: false
D/BaseDepthController( 1050): 	mBaseSurface: Surface(name=com.google.android.apps.nexuslauncher/com.google.android.apps.nexuslauncher.NexusLauncherActivity)/@0xb0cd91
V/ActivityManager(  677): Got obituary of 4083:com.penkra.canvas.fixture
I/libprocessgroup(  677): Removed cgroup /sys/fs/cgroup/apps/uid_10217/pid_4083
W/ActivityManager(  677): setHasOverlayUi called on unknown pid: 4083
I/netd    (  453): tetherGetStats() -> {[]} <0.22ms>
I/AppWidgetServiceImpl(  677): Received broadcast: android.intent.action.PACKAGE_RESTARTED on user 0
I/AppWidgetServiceImpl(  677): Updating package stopped masked state for uid 10217 package com.penkra.canvas.fixture isStopped true
D/CarrierSvcBindHelper( 1042): onHandleForceStop: [com.penkra.canvas.fixture]
D/CarrierSvcBindHelper( 1042): No carrier app for: 0
I/system_server(  677): AssetManager2(0xb40000777004b198) locale list changing from [] to [en-US]
I/system_server(  677): AssetManager2(0xb40000777004e078) locale list changing from [] to [en-US]
I/NotificationListener( 1050): Handling notification state refresh for android#0
D/SsBaseTemplateCard( 1050): No text view can be set up
D/SsBaseTemplateCard( 1050): Passed-in item info is null
D/SsBaseTemplateCard( 1050): Passed-in item info is null
D/SsBaseTemplateCard( 1050): Passed-in item info is null
I/SsBaseTemplateCard( 1050): Secondary card pane is null
V/WindowManagerShell(  927): onTransitionReady(transaction=2907692860324)
V/WindowManagerShell(  927): onTransitionReady (#28) android.os.BinderProxy@403b492: {id=28 t=CLOSE f=0x0 trk=0 r=[0@Point(0, 0)] c=[
V/WindowManagerShell(  927):         {m=TO_FRONT f=SHOW_WALLPAPER|MOVE_TO_TOP leash=Surface(name=Task=1)/@0x1880b19 sb=Rect(0, 0 - 1080, 2400) eb=Rect(0, 0 - 1080, 2400) epz=Point(1080, 2400) d=0 taskParent=-1},
V/WindowManagerShell(  927):         {m=CLOSE f=NONE leash=Surface(name=Task=407)/@0x8a487de sb=Rect(0, 0 - 1080, 2400) eb=Rect(0, 0 - 1080, 2400) epz=Point(1080, 2400) d=0 taskParent=-1},
V/WindowManagerShell(  927):         {m=TO_FRONT f=IS_WALLPAPER leash=Surface(name=WallpaperWindowToken{19b8f8f showWhenLocked=false})/@0x327adbf sb=Rect(0, 0 - 1080, 2400) eb=Rect(0, 0 - 1080, 2400) epz=Point(1080, 2400) d=0}
V/WindowManagerShell(  927):     ]}
V/WindowManagerShell(  927): Playing animation for (#28) android.os.BinderProxy@403b492@0
V/ShellRecents(  927): RecentsTransitionHandler.startAnimation: no controller found
V/WindowManagerShell(  927): Transition doesn't have explicit remote, search filters for match for {id=28 t=CLOSE f=0x0 trk=0 r=[0@Point(0, 0)] c=[{m=TO_FRONT f=SHOW_WALLPAPER|MOVE_TO_TOP leash=Surface(name=Task=1)/@0x1880b19 sb=Rect(0, 0 - 1080, 2400) eb=Rect(0, 0 - 1080, 2400) epz=Point(1080, 2400) d=0 taskParent=-1},{m=CLOSE f=NONE leash=Surface(name=Task=407)/@0x8a487de sb=Rect(0, 0 - 1080, 2400) eb=Rect(0, 0 - 1080, 2400) epz=Point(1080, 2400) d=0 taskParent=-1},{m=TO_FRONT f=IS_WALLPAPER leash=Surface(name=WallpaperWindowToken{19b8f8f showWhenLocked=false})/@0x327adbf sb=Rect(0, 0 - 1080, 2400) eb=Rect(0, 0 - 1080, 2400) epz=Point(1080, 2400) d=0}]}
V/WindowManagerShell(  927):  Checking filter Pair{{types=[] flags=0x0] notFlags=0x0 checks=[{atype=undefined independent=true modes=[CLOSE,TO_BACK] flags=IN_TASK_WITH_EMBEDDED_ACTIVITY mustBeTask=false order=ANY topActivity=null launchCookie=null taskFragmentToken=android.os.BinderProxy@29d9206 windowingMode=undefined}]} RemoteTransition { remoteTransition = android.window.IRemoteTransition$Stub$Proxy@63930c7, appThread = android.app.IApplicationThread$Stub$Proxy@42096f4, debugName = overlayBackTransition }}
V/WindowManagerShell(  927):  Checking filter Pair{{types=[] flags=0x0] notFlags=0x0 checks=[{atype=dream independent=true modes=[OPEN,TO_FRONT] flags=NONE mustBeTask=false order=ANY topActivity=null launchCookie=null windowingMode=undefined},{atype=home independent=true modes=[CLOSE,TO_BACK] flags=NONE mustBeTask=false order=ANY topActivity=null launchCookie=null windowingMode=undefined}]} RemoteTransition { remoteTransition = android.window.IRemoteTransition$Stub$Proxy@496ce1d, appThread = android.app.IApplicationThread$Stub$Proxy@e70c892, debugName = LauncherToDream }}
V/WindowManagerShell(  927):  Checking filter Pair{{types=[] flags=0x0] notFlags=0x100 checks=[{atype=home independent=true modes=[OPEN,TO_FRONT] flags=NONE mustBeTask=false order=TOP topActivity=ComponentInfo{com.google.android.apps.nexuslauncher/com.google.android.apps.nexuslauncher.NexusLauncherActivity} launchCookie=null windowingMode=undefined},{atype=standard independent=true modes=[CLOSE,TO_BACK] flags=NONE mustBeTask=false order=ANY topActivity=null launchCookie=null windowingMode=undefined},{NOT atype=undefined independent=true modes=[] flags=NONE mustBeTask=true order=ANY topActivity=null launchCookie=null customAnim=true windowingMode=undefined}]} RemoteTransition { remoteTransition = android.window.IRemoteTransition$Stub$Proxy@60e1263, appThread = android.app.IApplicationThread$Stub$Proxy@92a2e60, debugName = QuickstepLaunchHome }}
D/RemoteTransitionHandler(  927): Found filterPair{{types=[] flags=0x0] notFlags=0x100 checks=[{atype=home independent=true modes=[OPEN,TO_FRONT] flags=NONE mustBeTask=false order=TOP topActivity=ComponentInfo{com.google.android.apps.nexuslauncher/com.google.android.apps.nexuslauncher.NexusLauncherActivity} launchCookie=null windowingMode=undefined},{atype=standard independent=true modes=[CLOSE,TO_BACK] flags=NONE mustBeTask=false order=ANY topActivity=null launchCookie=null windowingMode=undefined},{NOT atype=undefined independent=true modes=[] flags=NONE mustBeTask=true order=ANY topActivity=null launchCookie=null customAnim=true windowingMode=undefined}]} RemoteTransition { remoteTransition = android.window.IRemoteTransition$Stub$Proxy@60e1263, appThread = android.app.IApplicationThread$Stub$Proxy@92a2e60, debugName = QuickstepLaunchHome }}
V/WindowManagerShell(  927):  Delegate animation for (#28) to RemoteTransition { remoteTransition = android.window.IRemoteTransition$Stub$Proxy@60e1263, appThread = android.app.IApplicationThread$Stub$Proxy@92a2e60, debugName = QuickstepLaunchHome }
D/StateManager( 1050): createAtomicAnimation - fromState: Background, toState: Normal, partial trace:
D/StateManager( 1050): 	at com.android.quickstep.util.WorkspaceRevealAnim.prepareToAnimate(go/retraceme 43e00d9cd0eb17b3d9dd30fc1741b1c71445c4c0f7c8c9b81300265c86c5b873:22)
D/StateManager( 1050): 	at com.android.quickstep.util.WorkspaceRevealAnim.<init>(go/retraceme 43e00d9cd0eb17b3d9dd30fc1741b1c71445c4c0f7c8c9b81300265c86c5b873:11)
D/StateManager( 1050): 	at com.android.launcher3.QuickstepTransitionManager.createWallpaperOpenAnimations(go/retraceme 43e00d9cd0eb17b3d9dd30fc1741b1c71445c4c0f7c8c9b81300265c86c5b873:339)
D/b/311077782( 1050): LauncherAnimationRunner.setAnimation
V/WindowManager(  677): Sent Transition (#28) createdAt=09-07 13:53:58.025 via request=TransitionRequestInfo { type = CLOSE, triggerTask = TaskInfo{userId=0 taskId=407 effectiveUid=10217 displayId=0 isRunning=false baseIntent=Intent { flg=0x10000000 cmp=com.penkra.canvas.fixture/.MainActivity } baseActivity=null topActivity=null origActivity=null realActivity=ComponentInfo{com.penkra.canvas.fixture/com.penkra.canvas.fixture.MainActivity} numActivities=0 lastActiveTime=99181 supportsMultiWindow=true resizeMode=1 isResizeable=true minWidth=-1 minHeight=-1 defaultMinSize=220 token=WCT{RemoteToken{c5822fe Task{bee5077 #407 type=standard A=10217:com.penkra.canvas.fixture}}} topActivityType=1 pictureInPictureParams=null shouldDockBigOverlays=false launchIntoPipHostTaskId=-1 lastParentTaskIdBeforePip=-1 displayCutoutSafeInsets=Rect(0, 0 - 0, 0) topActivityInfo=null launchCookies=[] positionInParent=Point(0, 0) parentTaskId=-1 isFocused=true isVisible=true isVisibleRequested=true isTopActivityNoDisplay=false isSleeping=false locusId=null displayAreaFeatureId=1 isTopActivityTransparent=false isActivityStackTransparent=true lastNonFullscreenBounds=Rect(276, 694 - 804, 1774) capturedLink=null capturedLinkTimestamp=0 requestedVisibleTypes=-9 topActivityRequestOpenInBrowserEducationTimestamp=0 appCompatTaskInfo=AppCompatTaskInfo { topActivityInSizeCompat=false eligibleForLetterboxEducation= false isLetterboxEducationEnabled= false isLetterboxDoubleTapEnabled= false eligibleForUserAspectRatioButton= false topActivityBoundsLetterboxed= false isFromLetterboxDoubleTap= false topActivityLetterboxVerticalPosition= -1 topActivityLetterboxHorizontalPosition= -1 topActivityLetterboxWidth=-1 topActivityLetterboxHeight=-1 topActivityAppBounds=Rect(0, 0 - 0, 0) isUserFullscreenOverrideEnabled=false isSystemFullscreenOverrideEnabled=false hasMinAspectRatioOverride=false topActivityLetterboxBounds=null cameraCompatTaskInfo=CameraCompatTaskInfo { freeformCameraCompatMode=undefined}} topActivityMainWindowFrame=null}, pipChange = null, remoteTransition = null, displayChange = null, flags = 0, debugId = 28 }
V/WindowManager(  677):     startWCT=WindowContainerTransaction { changes= {} hops= [] errorCallbackToken=null taskFragmentOrganizer=null }
V/WindowManager(  677):     info={id=28 t=CLOSE f=0x0 trk=0 r=[0@Point(0, 0)] c=[
V/WindowManager(  677):         {WCT{RemoteToken{a8584bf Task{65ff867 #1 type=home}}} m=TO_FRONT f=SHOW_WALLPAPER|MOVE_TO_TOP leash=Surface(name=Task=1)/@0x724a548 sb=Rect(0, 0 - 1080, 2400) eb=Rect(0, 0 - 1080, 2400) epz=Point(1080, 2400) d=0 taskParent=-1},
V/WindowManager(  677):         {WCT{RemoteToken{c5822fe Task{bee5077 #407 type=standard A=10217:com.penkra.canvas.fixture}}} m=CLOSE f=NONE leash=Surface(name=Task=407)/@0x37fd103 sb=Rect(0, 0 - 1080, 2400) eb=Rect(0, 0 - 1080, 2400) epz=Point(1080, 2400) d=0 taskParent=-1},
V/WindowManager(  677):         {m=TO_FRONT f=IS_WALLPAPER leash=Surface(name=WallpaperWindowToken{19b8f8f showWhenLocked=false})/@0x2adf3eb sb=Rect(0, 0 - 1080, 2400) eb=Rect(0, 0 - 1080, 2400) epz=Point(1080, 2400) d=0}
V/WindowManager(  677):     ]}
V/WindowManager(  677): Unknown focus tokens, dropping reportFocusChanged
V/WindowManagerShell(  927):  animated by com.android.wm.shell.transition.RemoteTransitionHandler@ee80a28
W/ActivityTaskManager(  677): Unable to send transaction to client proc com.penkra.canvas.fixture: no app thread
I/ImeTracker(  677): com.google.android.apps.nexuslauncher:799bd058: onRequestHide at ORIGIN_SERVER reason HIDE_UNSPECIFIED_WINDOW fromUser false
D/InsetsController( 1050): hide(ime(), fromIme=false)
I/ImeTracker( 1050): com.google.android.apps.nexuslauncher:799bd058: onCancelled at PHASE_CLIENT_ALREADY_HIDDEN
I/GoogleInputMethodService( 1397): GoogleInputMethodService.onFinishInput():2043 
I/ImeTracker(  677): system_server:16f4ff27: onRequestHide at ORIGIN_SERVER reason IME_REQUESTED_CHANGED_LISTENER fromUser false
I/Module  ( 1397): DeviceLockedStatusModuleProvider$Module.updateDeviceLockedStatus():100 repeatCheckTimes = 0, locked = false
I/GoogleInputMethodService( 1397): GoogleInputMethodService.onStartInput():1293 onStartInput(EditorInfo{EditorInfo{packageName=com.google.android.apps.nexuslauncher, inputType=0, inputTypeString=NULL, enableLearning=false, autoCorrection=false, autoComplete=false, imeOptions=0, privateImeOptions=null, actionName=UNSPECIFIED, actionLabel=null, initialSelStart=-1, initialSelEnd=-1, initialCapsMode=0, label=null, fieldId=0, fieldName=null, extras=null, hintText=null, hintLocales=[]}}, false)
I/Module  ( 1397): DeviceLockedStatusModuleProvider$Module.updateDeviceLockedStatus():100 repeatCheckTimes = 1, locked = false
I/EmojiCompatManager( 1397): EmojiCompatManager.getEmojiCompatIfLoaded():343 EmojiCompat.init() was never called.
I/EmojiCompatManager( 1397): java.lang.IllegalStateException: EmojiCompat is not initialized. Please call EmojiCompat.init() first
I/EmojiCompatManager( 1397): 	at asx.p(PG:6)
I/EmojiCompatManager( 1397): 	at axb.b(PG:13)
I/EmojiCompatManager( 1397): 	at jnr.b(PG:2)
I/EmojiCompatManager( 1397): 	at jnr.c(PG:4)
I/EmojiCompatManager( 1397): 	at jnr.f(PG:3)
I/EmojiCompatManager( 1397): 	at jnx.c(PG:3)
I/EmojiCompatManager( 1397): 	at kif.cz(PG:47)
I/EmojiCompatManager( 1397): 	at lhl.run(PG:1025)
I/EmojiCompatManager( 1397): 	at jaf.execute(PG:12)
I/EmojiCompatManager( 1397): 	at nco.v(PG:13)
I/EmojiCompatManager( 1397): 	at lhn.m(PG:96)
I/EmojiCompatManager( 1397): 	at lhn.k(PG:25)
I/EmojiCompatManager( 1397): 	at kgn.onStartInput(PG:250)
I/EmojiCompatManager( 1397): 	at android.inputmethodservice.InputMethodService.doStartInput(InputMethodService.java:3521)
I/EmojiCompatManager( 1397): 	at android.inputmethodservice.InputMethodService$InputMethodImpl.startInput(InputMethodService.java:879)
I/EmojiCompatManager( 1397): 	at android.inputmethodservice.InputMethodService$InputMethodImpl.dispatchStartInput(InputMethodService.java:908)
I/EmojiCompatManager( 1397): 	at android.inputmethodservice.IInputMethodWrapper.executeMessage(IInputMethodWrapper.java:201)
I/EmojiCompatManager( 1397): 	at com.android.internal.os.HandlerCaller$MyHandler.handleMessage(HandlerCaller.java:44)
I/EmojiCompatManager( 1397): 	at android.os.Handler.dispatchMessage(Handler.java:110)
I/EmojiCompatManager( 1397): 	at android.os.Looper.loopOnce(Looper.java:248)
I/EmojiCompatManager( 1397): 	at android.os.Looper.loop(Looper.java:338)
I/EmojiCompatManager( 1397): 	at android.app.ActivityThread.main(ActivityThread.java:9067)
I/EmojiCompatManager( 1397): 	at java.lang.reflect.Method.invoke(Native Method)
I/EmojiCompatManager( 1397): 	at com.android.internal.os.RuntimeInit$MethodAndArgsCaller.run(RuntimeInit.java:593)
I/EmojiCompatManager( 1397): 	at com.android.internal.os.ZygoteInit.main(ZygoteInit.java:932)
W/PackageConfigPersister(  677): App-specific configuration not found for packageName: com.google.android.apps.nexuslauncher and userId: 0
I/ImeTracker(  677): system_server:16f4ff27: onCancelled at PHASE_SERVER_SHOULD_HIDE
I/RanchuHwc(  477): logCompositionFallbackIfChanged: layer 62 CompositionType fallback from 2 to 1
I/RanchuHwc(  477): logCompositionFallbackIfChanged: layer 63 CompositionType fallback from 2 to 1
W/ActivityTaskManager(  677): Unable to send transaction to client proc com.penkra.canvas.fixture: no app thread
W/System  ( 1050): A resource failed to call release. 
W/System  ( 1050): A resource failed to call release. 
W/System  ( 1050): A resource failed to call release. 
W/System  ( 1050): A resource failed to call release. 
W/System  ( 1050): A resource failed to call release. 
W/System  ( 1050): A resource failed to call release. 
W/ActivityTaskManager(  677): callingPackage for (uid=2000, pid=4130) has no WPC
V/GrammaticalInflectionUtils(  677): AttributionSource: AttributionSource { uid = 10217, packageName = null, attributionTag = null, token = android.os.Binder@544e582, deviceId = 0, next = null } does not have READ_SYSTEM_GRAMMATICAL_GENDER permission.
W/OptProp (  677): Cannot read opt property android.window.PROPERTY_COMPAT_ALLOW_USER_ASPECT_RATIO_OVERRIDE
W/OptProp (  677): Cannot read opt property android.window.PROPERTY_COMPAT_ALLOW_USER_ASPECT_RATIO_FULLSCREEN_OVERRIDE
W/OptProp (  677): Cannot read opt property android.window.PROPERTY_COMPAT_ALLOW_RESIZEABLE_ACTIVITY_OVERRIDES
W/OptProp (  677): Cannot read opt property android.window.PROPERTY_COMPAT_ALLOW_MIN_ASPECT_RATIO_OVERRIDE
W/OptProp (  677): Cannot read opt property android.window.PROPERTY_COMPAT_ALLOW_ORIENTATION_OVERRIDE
V/SplashScreenExceptionList(  677): SplashScreen checking exception for package com.penkra.canvas.fixture (target sdk:35) -> false
I/ActivityTaskManager(  677): Add Task{bee5077 #407 type=standard A=10217:com.penkra.canvas.fixture} to hidden list because adding Task{138c843 #408 type=standard A=10217:com.penkra.canvas.fixture}
D/CompatChangeReporter(  677): Compat change id reported: 309578419; UID 10217; state: ENABLED
I/ActivityTaskManager(  677): START u0 {flg=0x10000000 xflg=0x5 cmp=com.penkra.canvas.fixture/.MainActivity (has extras)} with LAUNCH_MULTIPLE from uid 2000 (BAL_ALLOW_PERMISSION) result code=0
W/HWUI    (  927): Image decoding logging dropped!
D/SplashScreenView(  927): Build android.window.SplashScreenView{9e5d653 V.E...... ......ID 0,0-0,0}
D/SplashScreenView(  927): Icon: view: android.widget.ImageView{55bbb90 V.ED..... ......I. 0,0-0,0 #1020542 android:id/splashscreen_icon_view} drawable: com.android.wm.shell.startingsurface.SplashscreenIconDrawableFactory$ImmobileIconDrawable@c94ec89 size: 420
D/SplashScreenView(  927): Branding: view: android.view.View{670a48e G.ED..... ......I. 0,0-0,0 #1020541 android:id/splashscreen_branding_view} drawable: null size w: 0 h: 0
V/WindowManagerShell(  927): Transition requested (#29): android.os.BinderProxy@c17bccb TransitionRequestInfo { type = OPEN, triggerTask = TaskInfo{userId=0 taskId=408 effectiveUid=10217 displayId=0 isRunning=true baseIntent=Intent { flg=0x10000000 cmp=com.penkra.canvas.fixture/.MainActivity } baseActivity=ComponentInfo{com.penkra.canvas.fixture/com.penkra.canvas.fixture.MainActivity} topActivity=ComponentInfo{com.penkra.canvas.fixture/com.penkra.canvas.fixture.MainActivity} origActivity=null realActivity=ComponentInfo{com.penkra.canvas.fixture/com.penkra.canvas.fixture.MainActivity} numActivities=1 lastActiveTime=105545 supportsMultiWindow=true resizeMode=1 isResizeable=true minWidth=-1 minHeight=-1 defaultMinSize=220 token=WCT{android.window.IWindowContainerToken$Stub$Proxy@1a36ca8} topActivityType=1 pictureInPictureParams=null shouldDockBigOverlays=false launchIntoPipHostTaskId=-1 lastParentTaskIdBeforePip=-1 displayCutoutSafeInsets=Rect(0, 132 - 0, 0) topActivityInfo=ActivityInfo{fa0a3c1 com.penkra.canvas.fixture.MainActivity} launchCookies=[] positionInParent=Point(0, 0) parentTaskId=-1 isFocused=false isVisible=false isVisibleRequested=false isTopActivityNoDisplay=false isSleeping=false locusId=null displayAreaFeatureId=1 isTopActivityTransparent=false isActivityStackTransparent=false lastNonFullscreenBounds=Rect(276, 694 - 804, 1774) capturedLink=null capturedLinkTimestamp=0 requestedVisibleTypes=-9 topActivityRequestOpenInBrowserEducationTimestamp=0 appCompatTaskInfo=AppCompatTaskInfo { topActivityInSizeCompat=false eligibleForLetterboxEducation= false isLetterboxEducationEnabled= true isLetterboxDoubleTapEnabled= false eligibleForUserAspectRatioButton= false topActivityBoundsLetterboxed= false isFromLetterboxDoubleTap= false topActivityLetterboxVerticalPosition= -1 topActivityLetterboxHorizontalPosition= -1 topActivityLetterboxWidth=-1 topActivityLetterboxHeight=-1 topActivityAppBounds=Rect(0, 0 - 1080, 2400) isUserFullscreenOverrideEnabled=false isSystemFullscreenOverrideEnabled=false hasMinAspectRatioOverride=false topActivityLetterboxBounds=null cameraCompatTaskInfo=CameraCompatTaskInfo { freeformCameraCompatMode=inactive}} topActivityMainWindowFrame=null}, pipChange = null, remoteTransition = null, displayChange = null, flags = 0, debugId = 29 }
D/ShellSplitScreen(  927): logExit: no-op, mLoggerSessionId is null
V/GrammaticalInflectionUtils(  677): AttributionSource: AttributionSource { uid = 10217, packageName = null, attributionTag = null, token = android.os.Binder@544e582, deviceId = 0, next = null } does not have READ_SYSTEM_GRAMMATICAL_GENDER permission.
D/WindowManagerShell(  927): setLauncherKeepClearAreaHeight: visible=false, height=527
W/SplitSelectStateCtor( 1050): Missing session instanceIds
D/StatsLog( 1050): LAUNCHER_SPLIT_SELECTION_EXIT_INTERRUPTED
I/AppsFilter(  677): interaction: PackageSetting{c11fd90 com.konsier.app.dev/10214} -> PackageSetting{215a59f com.penkra.canvas.fixture/10217} BLOCKED
I/AppsFilter(  677): interaction: PackageSetting{ee5b68e com.penkra.canvas.qa.fonts/10219} -> PackageSetting{215a59f com.penkra.canvas.fixture/10217} BLOCKED
I/AppsFilter(  677): interaction: PackageSetting{5422eaf com.penkra.canvas.qa.typomixed0606/10215} -> PackageSetting{215a59f com.penkra.canvas.fixture/10217} BLOCKED
I/AppWidgetServiceImpl(  677): Received broadcast: android.intent.action.PACKAGE_UNSTOPPED on user 0
I/AppWidgetServiceImpl(  677): Updating package stopped masked state for uid 10217 package com.penkra.canvas.fixture isStopped false
D/Zygote  (  456): Forked child process 4133
D/BackgroundInstallControlService(  677): Package event received: 0
I/BpBinder(  511): onLastStrongRef automatically unlinking death recipients: 
I/ActivityManager(  677): Start proc 4133:com.penkra.canvas.fixture/u0a217 for next-top-activity {com.penkra.canvas.fixture/com.penkra.canvas.fixture.MainActivity}
I/ActivityManager(  677): ProcessObserver broadcast disabled
I/.canvas.fixture( 4133): Late-enabling -Xcheck:jni
I/.canvas.fixture( 4133): Using CollectorTypeCMC GC.
D/CoreBackPreview(  677): Window{9f1f3a2 u0 Splash Screen com.penkra.canvas.fixture}: Setting back callback OnBackInvokedCallbackInfo{mCallback=android.window.IOnBackInvokedCallback$Stub$Proxy@52c77f0, mPriority=0, mIsAnimationCallback=false, mOverrideBehavior=0}
I/adbd    (  521): jdwp connection from 4133
D/nativeloader( 4133): Load libframework-connectivity-tiramisu-jni.so using APEX ns com_android_tethering for caller /apex/com.android.tethering/javalib/framework-connectivity-t.jar: ok
D/BackgroundInstallControlService(  677): Package event received: 0
V/WindowManager(  677): Sent Transition (#29) createdAt=09-07 13:53:58.098 via request=TransitionRequestInfo { type = OPEN, triggerTask = TaskInfo{userId=0 taskId=408 effectiveUid=10217 displayId=0 isRunning=true baseIntent=Intent { flg=0x10000000 cmp=com.penkra.canvas.fixture/.MainActivity } baseActivity=ComponentInfo{com.penkra.canvas.fixture/com.penkra.canvas.fixture.MainActivity} topActivity=ComponentInfo{com.penkra.canvas.fixture/com.penkra.canvas.fixture.MainActivity} origActivity=null realActivity=ComponentInfo{com.penkra.canvas.fixture/com.penkra.canvas.fixture.MainActivity} numActivities=1 lastActiveTime=105545 supportsMultiWindow=true resizeMode=1 isResizeable=true minWidth=-1 minHeight=-1 defaultMinSize=220 token=WCT{RemoteToken{96254fa Task{138c843 #408 type=standard A=10217:com.penkra.canvas.fixture}}} topActivityType=1 pictureInPictureParams=null shouldDockBigOverlays=false launchIntoPipHostTaskId=-1 lastParentTaskIdBeforePip=-1 displayCutoutSafeInsets=Rect(0, 132 - 0, 0) topActivityInfo=ActivityInfo{81e8aab com.penkra.canvas.fixture.MainActivity} launchCookies=[] positionInParent=Point(0, 0) parentTaskId=-1 isFocused=false isVisible=false isVisibleRequested=false isTopActivityNoDisplay=false isSleeping=false locusId=null displayAreaFeatureId=1 isTopActivityTransparent=false isActivityStackTransparent=false lastNonFullscreenBounds=Rect(276, 694 - 804, 1774) capturedLink=null capturedLinkTimestamp=0 requestedVisibleTypes=-9 topActivityRequestOpenInBrowserEducationTimestamp=0 appCompatTaskInfo=AppCompatTaskInfo { topActivityInSizeCompat=false eligibleForLetterboxEducation= false isLetterboxEducationEnabled= true isLetterboxDoubleTapEnabled= false eligibleForUserAspectRatioButton= false topActivityBoundsLetterboxed= false isFromLetterboxDoubleTap= false topActivityLetterboxVerticalPosition= -1 topActivityLetterboxHorizontalPosition= -1 topActivityLetterboxWidth=-1 topActivityLetterboxHeight=-1 topActivityAppBounds=Rect(0, 0 - 1080, 2400) isUserFullscreenOverrideEnabled=false isSystemFullscreenOverrideEnabled=false hasMinAspectRatioOverride=false topActivityLetterboxBounds=null cameraCompatTaskInfo=CameraCompatTaskInfo { freeformCameraCompatMode=inactive}} topActivityMainWindowFrame=null}, pipChange = null, remoteTransition = null, displayChange = null, flags = 0, debugId = 29 }
V/WindowManager(  677):     startWCT=WindowContainerTransaction { changes= {} hops= [] errorCallbackToken=null taskFragmentOrganizer=null }
V/WindowManager(  677):     info={id=29 t=OPEN f=0x0 trk=0 r=[0@Point(0, 0)] c=[
V/WindowManager(  677):         {WCT{RemoteToken{96254fa Task{138c843 #408 type=standard A=10217:com.penkra.canvas.fixture}}} m=OPEN f=NONE leash=Surface(name=Task=408)/@0xd79231c sb=Rect(0, 0 - 1080, 2400) eb=Rect(0, 0 - 1080, 2400) epz=Point(1080, 2400) d=0 taskParent=-1},
V/WindowManager(  677):         {WCT{RemoteToken{a8584bf Task{65ff867 #1 type=home}}} m=TO_BACK f=SHOW_WALLPAPER leash=Surface(name=Task=1)/@0x724a548 sb=Rect(0, 0 - 1080, 2400) eb=Rect(0, 0 - 1080, 2400) epz=Point(1080, 2400) d=0 taskParent=-1},
V/WindowManager(  677):         {m=TO_BACK f=IS_WALLPAPER leash=Surface(name=WallpaperWindowToken{19b8f8f showWhenLocked=false})/@0x2adf3eb sb=Rect(0, 0 - 1080, 2400) eb=Rect(0, 0 - 1080, 2400) epz=Point(1080, 2400) d=0}
V/WindowManager(  677):     ]}
V/WindowManagerShell(  927): onTransitionReady(transaction=2907692860341)
V/WindowManagerShell(  927): onTransitionReady (#29) android.os.BinderProxy@c17bccb: {id=29 t=OPEN f=0x0 trk=0 r=[0@Point(0, 0)] c=[
V/WindowManagerShell(  927):         {m=OPEN f=NONE leash=Surface(name=Task=408)/@0x3cc10ec sb=Rect(0, 0 - 1080, 2400) eb=Rect(0, 0 - 1080, 2400) epz=Point(1080, 2400) d=0 taskParent=-1},
V/WindowManagerShell(  927):         {m=TO_BACK f=SHOW_WALLPAPER leash=Surface(name=Task=1)/@0xd934cb5 sb=Rect(0, 0 - 1080, 2400) eb=Rect(0, 0 - 1080, 2400) epz=Point(1080, 2400) d=0 taskParent=-1},
V/WindowManagerShell(  927):         {m=TO_BACK f=IS_WALLPAPER leash=Surface(name=WallpaperWindowToken{19b8f8f showWhenLocked=false})/@0x214ff4a sb=Rect(0, 0 - 1080, 2400) eb=Rect(0, 0 - 1080, 2400) epz=Point(1080, 2400) d=0}
V/WindowManagerShell(  927):     ]}
V/WindowManagerShell(  927): Transition (#29) android.os.BinderProxy@c17bccb@0 ready while (#28) android.os.BinderProxy@403b492@0 is still animating. Notify the animating transition in case they can be merged
V/WindowManagerShell(  927):    Merge into remote: RemoteTransition { remoteTransition = android.window.IRemoteTransition$Stub$Proxy@60e1263, appThread = android.app.IApplicationThread$Stub$Proxy@92a2e60, debugName = QuickstepLaunchHome }
V/WindowManagerShell(  927): Transition animation finished (aborted=false), notifying core (#28) android.os.BinderProxy@403b492@0
E/IPCThreadState(  677): Binder transaction failure. id: 152691, BR_*: 29189, error: -22 (Invalid argument)
W/ActivityManager(  677): pid 677 system sent binder code 7 with flags 1 to frozen apps and got error -32
W/WindowManager(  677): Exception thrown during dispatchAppVisibility Window{f72b6d1 u0 com.penkra.canvas.fixture/com.penkra.canvas.fixture.MainActivity EXITING}
W/WindowManager(  677): android.os.DeadObjectException
W/WindowManager(  677): 	at android.os.BinderProxy.transactNative(Native Method)
W/WindowManager(  677): 	at android.os.BinderProxy.transact(BinderProxy.java:592)
W/WindowManager(  677): 	at android.view.IWindow$Stub$Proxy.dispatchAppVisibility(IWindow.java:557)
W/WindowManager(  677): 	at com.android.server.wm.WindowState.sendAppVisibilityToClients(WindowState.java:3151)
W/WindowManager(  677): 	at com.android.server.wm.WindowContainer.sendAppVisibilityToClients(WindowContainer.java:1311)
W/WindowManager(  677): 	at com.android.server.wm.WindowToken.setClientVisible(WindowToken.java:389)
W/WindowManager(  677): 	at com.android.server.wm.ActivityRecord.setClientVisible(ActivityRecord.java:6650)
W/WindowManager(  677): 	at com.android.server.wm.ActivityRecord.commitVisibility(ActivityRecord.java:5561)
W/WindowManager(  677): 	at com.android.server.wm.Transition.finishTransition(Transition.java:1391)
W/WindowManager(  677): 	at com.android.server.wm.TransitionController.finishTransition(TransitionController.java:1029)
W/WindowManager(  677): 	at com.android.server.wm.WindowOrganizerController.finishTransition(WindowOrganizerController.java:496)
W/WindowManager(  677): 	at android.window.IWindowOrganizerController$Stub.onTransact(IWindowOrganizerController.java:261)
W/WindowManager(  677): 	at com.android.server.wm.WindowOrganizerController.onTransact(WindowOrganizerController.java:223)
W/WindowManager(  677): 	at android.os.Binder.execTransactInternal(Binder.java:1426)
W/WindowManager(  677): 	at android.os.Binder.execTransact(Binder.java:1365)
--------- beginning of kernel
I/binder  (  915): 915:677 cannot find target node
I/binder  (  915): 677:915 transaction async to 0:0 failed 152691/29189/-22, size 64-0 line 3348
W/Process (  677): Unable to open /proc/4083/status
V/WindowManager(  677): Finish Transition (#28): created at 09-07 13:53:58.025 collect-started=0.021ms request-sent=0.065ms started=4.987ms ready=27.545ms sent=29.44ms commit=13.192ms finished=218.639ms
V/WindowManagerShell(  927): Playing animation for (#29) android.os.BinderProxy@c17bccb@0
V/ShellRecents(  927): RecentsTransitionHandler.startAnimation: no controller found
V/WindowManagerShell(  927): Transition doesn't have explicit remote, search filters for match for {id=29 t=OPEN f=0x0 trk=0 r=[0@Point(0, 0)] c=[{m=OPEN f=NONE leash=Surface(name=Task=408)/@0x3cc10ec sb=Rect(0, 0 - 1080, 2400) eb=Rect(0, 0 - 1080, 2400) epz=Point(1080, 2400) d=0 taskParent=-1},{m=TO_BACK f=SHOW_WALLPAPER leash=Surface(name=Task=1)/@0xd934cb5 sb=Rect(0, 0 - 1080, 2400) eb=Rect(0, 0 - 1080, 2400) epz=Point(1080, 2400) d=0 taskParent=-1},{m=TO_BACK f=IS_WALLPAPER leash=Surface(name=WallpaperWindowToken{19b8f8f showWhenLocked=false})/@0x214ff4a sb=Rect(0, 0 - 1080, 2400) eb=Rect(0, 0 - 1080, 2400) epz=Point(1080, 2400) d=0}]}
V/WindowManagerShell(  927):  Checking filter Pair{{types=[] flags=0x0] notFlags=0x0 checks=[{atype=undefined independent=true modes=[CLOSE,TO_BACK] flags=IN_TASK_WITH_EMBEDDED_ACTIVITY mustBeTask=false order=ANY topActivity=null launchCookie=null taskFragmentToken=android.os.BinderProxy@29d9206 windowingMode=undefined}]} RemoteTransition { remoteTransition = android.window.IRemoteTransition$Stub$Proxy@63930c7, appThread = android.app.IApplicationThread$Stub$Proxy@42096f4, debugName = overlayBackTransition }}
V/WindowManagerShell(  927):  Checking filter Pair{{types=[] flags=0x0] notFlags=0x0 checks=[{atype=dream independent=true modes=[OPEN,TO_FRONT] flags=NONE mustBeTask=false order=ANY topActivity=null launchCookie=null windowingMode=undefined},{atype=home independent=true modes=[CLOSE,TO_BACK] flags=NONE mustBeTask=false order=ANY topActivity=null launchCookie=null windowingMode=undefined}]} RemoteTransition { remoteTransition = android.window.IRemoteTransition$Stub$Proxy@496ce1d, appThread = android.app.IApplicationThread$Stub$Proxy@e70c892, debugName = LauncherToDream }}
V/WindowManagerShell(  927):  Checking filter Pair{{types=[] flags=0x0] notFlags=0x100 checks=[{atype=home independent=true modes=[OPEN,TO_FRONT] flags=NONE mustBeTask=false order=TOP topActivity=ComponentInfo{com.google.android.apps.nexuslauncher/com.google.android.apps.nexuslauncher.NexusLauncherActivity} launchCookie=null windowingMode=undefined},{atype=standard independent=true modes=[CLOSE,TO_BACK] flags=NONE mustBeTask=false order=ANY topActivity=null launchCookie=null windowingMode=undefined},{NOT atype=undefined independent=true modes=[] flags=NONE mustBeTask=true order=ANY topActivity=null launchCookie=null customAnim=true windowingMode=undefined}]} RemoteTransition { remoteTransition = android.window.IRemoteTransition$Stub$Proxy@60e1263, appThread = android.app.IApplicationThread$Stub$Proxy@92a2e60, debugName = QuickstepLaunchHome }}
V/WindowManagerShell(  927):  Delegate animation for (#29) to null
V/WindowManagerShell(  927): start default transition animation, info = {id=29 t=OPEN f=0x0 trk=0 r=[0@Point(0, 0)] c=[{m=OPEN f=NONE leash=Surface(name=Task=408)/@0x3cc10ec sb=Rect(0, 0 - 1080, 2400) eb=Rect(0, 0 - 1080, 2400) epz=Point(1080, 2400) d=0 taskParent=-1},{m=TO_BACK f=SHOW_WALLPAPER leash=Surface(name=Task=1)/@0xd934cb5 sb=Rect(0, 0 - 1080, 2400) eb=Rect(0, 0 - 1080, 2400) epz=Point(1080, 2400) d=0 taskParent=-1},{m=TO_BACK f=IS_WALLPAPER leash=Surface(name=WallpaperWindowToken{19b8f8f showWhenLocked=false})/@0x214ff4a sb=Rect(0, 0 - 1080, 2400) eb=Rect(0, 0 - 1080, 2400) epz=Point(1080, 2400) d=0}]}
V/WindowManagerShell(  927): loadAnimation: anim=android.view.animation.AnimationSet@278ff31 animAttr=0x13 type=OPEN isEntrance=false
V/WindowManagerShell(  927): loadAnimation: anim=android.view.animation.AnimationSet@c2bc616 animAttr=0x12 type=OPEN isEntrance=true
V/WindowManagerShell(  927):  animated by com.android.wm.shell.transition.DefaultTransitionHandler@d69f2bf
D/RecentsView( 1050): onTaskRemoved: 407, not handling task stack changes
D/RecentsView( 1050): onTaskRemoved: 407, not handling task stack changes
E/BpTransactionCompletedListener(  511): Failed to transact (-32)
D/WorkspaceRevealAnim( 1050): onAnimationEnd: workspace alpha = 1.0
D/nativeloader( 4133): Configuring clns-9 for other apk /data/app/~~XiF5IjFWBQZSqhr54nrKdA==/com.penkra.canvas.fixture-JMXL4nWTNIMbvXoGypvByg==/base.apk. target_sdk_version=35, uses_libraries=, library_path=/data/app/~~XiF5IjFWBQZSqhr54nrKdA==/com.penkra.canvas.fixture-JMXL4nWTNIMbvXoGypvByg==/lib/arm64:/data/app/~~XiF5IjFWBQZSqhr54nrKdA==/com.penkra.canvas.fixture-JMXL4nWTNIMbvXoGypvByg==/base.apk!/lib/arm64-v8a, permitted_path=/data:/mnt/expand:/data/user/0/com.penkra.canvas.fixture
D/CompatChangeReporter( 4133): Compat change id reported: 202956589; UID 10217; state: ENABLED
I/.canvas.fixture( 4133): AssetManager2(0xb400007770014698) locale list changing from [] to [en-US]
V/GraphicsEnvironment( 4133): Currently set values for:
V/GraphicsEnvironment( 4133):   angle_gl_driver_selection_pkgs=[]
V/GraphicsEnvironment( 4133):   angle_gl_driver_selection_values=[]
V/GraphicsEnvironment( 4133): com.penkra.canvas.fixture is not listed in per-application setting
V/GraphicsEnvironment( 4133): ANGLE allowlist from config: com.dreamgames.royalmatch com.dts.freefiremax com.dxx.firenow com.gramgames.mergedragons com.ludo.king com.mojang.minecraftpe com.my.defense com.nintendo.zaka com.os.airforce com.playrix.fishdomdd.gplay io.teslatech.callbreak jp.konami.prospia net.peakgames.toonblast
V/GraphicsEnvironment( 4133): com.penkra.canvas.fixture is not listed in ANGLE allowlist or settings, returning default
V/GraphicsEnvironment( 4133): Neither updatable production driver nor prerelease driver is supported.
V/WindowManagerShell(  927): Transition animation finished (aborted=false), notifying core (#29) android.os.BinderProxy@c17bccb@0
V/WindowManager(  677): Finish Transition (#29): created at 09-07 13:53:58.098 collect-started=0.016ms request-sent=6.547ms started=10.655ms ready=126.461ms sent=127.515ms commit=42.632ms finished=456.111ms
D/CompatChangeReporter( 4133): Compat change id reported: 279646685; UID 10217; state: ENABLED
V/WindowManagerShell(  927): Track 0 became idle
V/WindowManagerShell(  927): All active transition animations finished
D/VRI[NexusLauncherActivity]( 1050): visibilityChanged oldVisibility=true newVisibility=false
W/OptProp (  677): Cannot read opt property android.window.PROPERTY_COMPAT_ENABLE_FAKE_FOCUS
D/CompatChangeReporter(  677): Compat change id reported: 324203798; UID 10217; state: ENABLED
D/BackgroundInstallControlService(  677): Package event received: 0
D/BackgroundInstallControlService(  677): Package event received: 0
D/NexusLauncherModelDelegate( 1050): notifySmartspaceEvent: SmartspaceTargetEvent{mSmartspaceTarget=null, mSmartspaceActionId='null', mEventType=7}
I/DisplayManager( 4133): Choreographer implicitly registered for the refresh rate.
I/.canvas.fixture( 4133): AssetManager2(0xb40000777001a458) locale list changing from [] to [en-US]
E/ashmem  ( 4133): Pinning is deprecated since Android Q. Please use trim or other methods.
D/CompatChangeReporter( 4133): Compat change id reported: 309578419; UID 10217; state: ENABLED
D/DesktopModeFlags( 4133): Toggle override initialized to: OVERRIDE_UNSET
I/EGL_emulation( 4133): Opening libGLESv1_CM_emulation.so
I/EGL_emulation( 4133): Opening libGLESv2_emulation.so
W/HWUI    ( 4133): Failed to choose config with EGL_SWAP_BEHAVIOR_PRESERVED, retrying without...
W/HWUI    ( 4133): Failed to initialize 101010-2 format, error = EGL_SUCCESS
D/CompatChangeReporter( 4133): Compat change id reported: 352594277; UID 10217; state: ENABLED
D/CompatChangeReporter( 4133): Compat change id reported: 349153669; UID 10217; state: ENABLED
W/HWUI    ( 4133): Unknown dataspace 0
I/servicemanager(  219): Caller(pid=4133,uid=10217,sid=u:r:untrusted_app:s0:c217,c256,c512,c768) Found android.hardware.graphics.allocator.IAllocator/default in device VINTF manifest.
I/servicemanager(  219): Caller(pid=4133,uid=10217,sid=u:r:untrusted_app:s0:c217,c256,c512,c768) Found android.hardware.graphics.allocator.IAllocator/default in device VINTF manifest.
I/servicemanager(  219): Caller(pid=4133,uid=10217,sid=u:r:untrusted_app:s0:c217,c256,c512,c768) Found mapper/ranchu in device VINTF manifest.
D/CoreBackPreview(  677): Window{66df768 u0 com.penkra.canvas.fixture/com.penkra.canvas.fixture.MainActivity}: Setting back callback OnBackInvokedCallbackInfo{mCallback=android.window.IOnBackInvokedCallback$Stub$Proxy@23c7467, mPriority=0, mIsAnimationCallback=false, mOverrideBehavior=0}
I/CanvasFixedText( 4133): LUNA_FIXED_TEXT_READY case=rich-run-decorations nonce=fixed-text-android-420-1-rich-run-decorations-75e442ed-238a-424b-86b3-518131190d5d
I/CanvasFixedText( 4133): LUNA_FIXED_TEXT_ROOT case=rich-run-decorations nonce=fixed-text-android-420-1-rich-run-decorations-75e442ed-238a-424b-86b3-518131190d5d x=0.0 y=0.0 width=893 height=473 scale=2.625
I/ActivityTaskManager(  677): Displayed com.penkra.canvas.fixture/.MainActivity for user 0: +1s24ms
D/BaseDepthController( 1050): setSurface:
D/BaseDepthController( 1050): 	mWaitingOnSurfaceValidity: false
D/BaseDepthController( 1050): 	mBaseSurface: null
D/BaseDepthController( 1050): mSurface is null and mCurrentBlur is: 0
D/StateManager( 1050): goToState - fromState: Normal, toState: Normal, partial trace:
D/StateManager( 1050): 	at com.android.launcher3.statemanager.StateManager.moveToRestState(go/retraceme 43e00d9cd0eb17b3d9dd30fc1741b1c71445c4c0f7c8c9b81300265c86c5b873:4)
D/StateManager( 1050): 	at com.android.launcher3.statemanager.StateManager.moveToRestState(go/retraceme 43e00d9cd0eb17b3d9dd30fc1741b1c71445c4c0f7c8c9b81300265c86c5b873:1)
D/StateManager( 1050): 	at com.android.launcher3.statemanager.StatefulActivity.onStop(go/retraceme 43e00d9cd0eb17b3d9dd30fc1741b1c71445c4c0f7c8c9b81300265c86c5b873:34)
D/StatsLog( 1050): LAUNCHER_ONSTOP
D/StatsLog( 1050): LAUNCHER_GOOGLE_SEARCH_RESTORE_LIST_SIZE_AFTER_ACTIVITY_RESTART
I/AppWidgetServiceImpl(  677): setAppWidgetHidden() 0
I/netd    (  453): tetherGetStats() -> {[]} <0.28ms>
I/ImeTracker(  677): com.penkra.canvas.fixture:bfe08583: onRequestHide at ORIGIN_SERVER reason HIDE_UNSPECIFIED_WINDOW fromUser false
D/BackgroundInstallControlService(  677): Package event received: 0
D/InsetsController( 4133): hide(ime(), fromIme=false)
I/ImeTracker( 4133): com.penkra.canvas.fixture:bfe08583: onCancelled at PHASE_CLIENT_ALREADY_HIDDEN
I/FontLog ( 1266): Received query Noto Color Emoji Compat, URI content://com.google.android.gms.fonts [CONTEXT service_id=132 ]
I/FontLog ( 1266): Query [emojicompat-emoji-font] resolved to {Noto Color Emoji Compat, wdth 100.0, wght 400, ital 0.0, bestEffort false}, isVf false} [CONTEXT service_id=132 ]
I/FontLog ( 1266): Fetch {Noto Color Emoji Compat, wdth 100.0, wght 400, ital 0.0, bestEffort false}, isVf false} end status Status{statusCode=SUCCESS, resolution=null} [CONTEXT service_id=132 ]
I/GoogleInputMethodService( 1397): GoogleInputMethodService.onFinishInput():2043 
I/Module  ( 1397): DeviceLockedStatusModuleProvider$Module.updateDeviceLockedStatus():100 repeatCheckTimes = 0, locked = false
I/GoogleInputMethodService( 1397): GoogleInputMethodService.onStartInput():1293 onStartInput(EditorInfo{EditorInfo{packageName=com.penkra.canvas.fixture, inputType=0, inputTypeString=NULL, enableLearning=false, autoCorrection=false, autoComplete=false, imeOptions=0, privateImeOptions=null, actionName=UNSPECIFIED, actionLabel=null, initialSelStart=-1, initialSelEnd=-1, initialCapsMode=0, label=null, fieldId=0, fieldName=null, extras=null, hintText=null, hintLocales=[]}}, false)
I/Module  ( 1397): DeviceLockedStatusModuleProvider$Module.updateDeviceLockedStatus():100 repeatCheckTimes = 1, locked = false
I/EmojiCompatManager( 1397): EmojiCompatManager.getEmojiCompatIfLoaded():343 EmojiCompat.init() was never called.
I/EmojiCompatManager( 1397): java.lang.IllegalStateException: EmojiCompat is not initialized. Please call EmojiCompat.init() first
I/EmojiCompatManager( 1397): 	at asx.p(PG:6)
I/EmojiCompatManager( 1397): 	at axb.b(PG:13)
I/EmojiCompatManager( 1397): 	at jnr.b(PG:2)
I/EmojiCompatManager( 1397): 	at jnr.c(PG:4)
I/EmojiCompatManager( 1397): 	at jnr.f(PG:3)
I/EmojiCompatManager( 1397): 	at jnx.c(PG:3)
I/EmojiCompatManager( 1397): 	at kif.cz(PG:47)
I/EmojiCompatManager( 1397): 	at lhl.run(PG:1025)
I/EmojiCompatManager( 1397): 	at jaf.execute(PG:12)
I/EmojiCompatManager( 1397): 	at nco.v(PG:13)
I/EmojiCompatManager( 1397): 	at lhn.m(PG:96)
I/EmojiCompatManager( 1397): 	at lhn.k(PG:25)
I/EmojiCompatManager( 1397): 	at kgn.onStartInput(PG:250)
I/EmojiCompatManager( 1397): 	at android.inputmethodservice.InputMethodService.doStartInput(InputMethodService.java:3521)
I/EmojiCompatManager( 1397): 	at android.inputmethodservice.InputMethodService$InputMethodImpl.startInput(InputMethodService.java:879)
I/EmojiCompatManager( 1397): 	at android.inputmethodservice.InputMethodService$InputMethodImpl.dispatchStartInput(InputMethodService.java:908)
I/EmojiCompatManager( 1397): 	at android.inputmethodservice.IInputMethodWrapper.executeMessage(IInputMethodWrapper.java:201)
I/EmojiCompatManager( 1397): 	at com.android.internal.os.HandlerCaller$MyHandler.handleMessage(HandlerCaller.java:44)
I/EmojiCompatManager( 1397): 	at android.os.Handler.dispatchMessage(Handler.java:110)
I/EmojiCompatManager( 1397): 	at android.os.Looper.loopOnce(Looper.java:248)
I/EmojiCompatManager( 1397): 	at android.os.Looper.loop(Looper.java:338)
I/EmojiCompatManager( 1397): 	at android.app.ActivityThread.main(ActivityThread.java:9067)
I/EmojiCompatManager( 1397): 	at java.lang.reflect.Method.invoke(Native Method)
I/EmojiCompatManager( 1397): 	at com.android.internal.os.RuntimeInit$MethodAndArgsCaller.run(RuntimeInit.java:593)
I/EmojiCompatManager( 1397): 	at com.android.internal.os.ZygoteInit.main(ZygoteInit.java:932)
W/PackageConfigPersister(  677): App-specific configuration not found for packageName: com.penkra.canvas.fixture and userId: 0
I/ImeTracker(  677): system_server:3a29e9d6: onRequestHide at ORIGIN_SERVER reason IME_REQUESTED_CHANGED_LISTENER fromUser false
I/ImeTracker(  677): system_server:3a29e9d6: onCancelled at PHASE_SERVER_SHOULD_HIDE
I/FontLog ( 1266): Pulling font file for id = 23, cache size = 14 [CONTEXT service_id=132 ]
I/FontLog ( 1266): Pulling font file for id = 23, cache size = 14 [CONTEXT service_id=132 ]
D/WifiClientModeImpl[15875:wlan0](  677): updateLinkLayerStatsRssiSpeedFrequencyCapabilities rssi=-50 TxLinkspeed=2 freq=2447 RxLinkSpeed=2
D/WifiDataStall(  677): tx tput in kbps: 11000
D/WifiDataStall(  677): rx tput in kbps: 11000
V/WifiConfigManager(  677): Updating scan detail cache freq=2447 BSSID=00:13:10:85:fe:01 RSSI=-50 for "AndroidWifi"NONE
D/WifiThroughputPredictor(  677):  utilization (LLS) 80 isBluetoothConnected: false final utilization: 80
D/WifiThroughputPredictor(  677):  BW: 0 RSSI: -50 Nss: 1 Mode: 1 symDur: 4000 snrDb 30 bitPerTone: 4500 rate: 54 throughput: 11
D/WifiThroughputPredictor(  677):  utilization (LLS) 80 isBluetoothConnected: false final utilization: 80
D/WifiThroughputPredictor(  677):  BW: 0 RSSI: -50 Nss: 1 Mode: 1 symDur: 4000 snrDb 30 bitPerTone: 4500 rate: 54 throughput: 11
D/WifiThroughputPredictor(  677):  utilization (LLS) 80 isBluetoothConnected: false final utilization: 80
D/WifiThroughputPredictor(  677):  BW: 0 RSSI: -50 Nss: 1 Mode: 1 symDur: 4000 snrDb 30 bitPerTone: 4500 rate: 54 throughput: 11
D/WifiThroughputPredictor(  677):  utilization (LLS) 80 isBluetoothConnected: false final utilization: 80
D/WifiThroughputPredictor(  677):  BW: 0 RSSI: -50 Nss: 1 Mode: 1 symDur: 4000 snrDb 30 bitPerTone: 4500 rate: 54 throughput: 11
D/WifiScoreCard(  677): BSSID update SIGNAL_POLL ID: 10023120 SSID: "AndroidWifi", BSSID: 00:13:10:85:fe:01, MAC: 02:15:b2:00:00:00, IP: /10.0.2.16, Security type: 0, Supplicant state: COMPLETED, Wi-Fi standard: legacy, RSSI: -50, Link speed: 2Mbps, Tx Link speed: 2Mbps, Max Supported Tx Link speed: 11Mbps, Rx Link speed: 2Mbps, Max Supported Rx Link speed: 11Mbps, Frequency: 2447MHz, Net ID: 0, Metered hint: false, score: 60, isUsable: true, CarrierMerged: false, SubscriptionId: -1, IsPrimary: 1, Trusted: true, Restricted: false, Ephemeral: false, OEM paid: false, OEM private: false, OSU AP: false, FQDN: <none>, Provider friendly name: <none>, Requesting package name: <none>"AndroidWifi"openMLO Information: , Is TID-To-Link negotiation supported by the AP: false, AP MLD Address: <none>, AP MLO Link Id: <none>, AP MLO Affiliated links: <none>, Vendor Data: <none>
D/WifiScoreCard(  677): txRate: 1 txSpeed: 2
D/WifiScoreCard(  677): network update SIGNAL_POLL "AndroidWifi" ID: 353851559 RSSI -50 txSpeed -1
D/WifiClientModeImpl[15875:wlan0](  677):  ClientModeImpl$L2ConnectedState screen=on 1 0 "AndroidWifi" 00:13:10:85:fe:01 rssi=-50 f=2447 sc=60 link=2 tx=0.3, 0.0, 0.0 rx=0.3 bcn=0 [on:0 tx:0 rx:0 period:3001] from screen [on:0 period:2104444158] score=60
I/.canvas.fixture( 4133): Compiler allocated 5111KB to compile void android.view.ViewRootImpl.performTraversals()
W/WindowOnBackDispatcher(  927): sendCancelIfRunning: isInProgress=false callback=android.view.ViewRootImpl$$ExternalSyntheticLambda13@116ab54
D/CoreBackPreview(  677): Window{9f1f3a2 u0 Splash Screen com.penkra.canvas.fixture EXITING}: Setting back callback null
D/ActivityManager(  677): freezing 1712 com.google.android.gms
D/ActivityManager(  677): freezing 2325 com.google.android.tts
D/InetDiagMessage(  677): Destroyed 0 sockets, proto=IPPROTO_TCP, family=AF_INET, states=14
D/InetDiagMessage(  677): Destroyed 0 sockets, proto=IPPROTO_TCP, family=AF_INET6, states=14
D/InetDiagMessage(  677): Destroyed live tcp sockets for uids={10149} in 1ms
I/OpaConnection( 1490): Destroying connection
I/aqfj    ( 1490): setupConnection
V/GrammaticalInflectionUtils(  677): AttributionSource: AttributionSource { uid = 10147, packageName = null, attributionTag = null, token = android.os.Binder@544e582, deviceId = 0, next = null } does not have READ_SYSTEM_GRAMMATICAL_GENDER permission.
I/aqfj    ( 1490): (REDACTED) State changed: %s => %s
D/Zygote  (  456): Forked child process 4157
I/ActivityManager(  677): Start proc 4157:com.google.android.googlequicksearchbox:search/u0a147 for service {com.google.android.googlequicksearchbox/com.google.android.apps.gsa.publicsearch.PublicSearchService}
I/ActivityManager(  677): ProcessObserver broadcast disabled
I/earchbox:search( 4157): Using CollectorTypeCMC GC.
E/earchbox:search( 4157): Not starting debugger since process cannot load the jdwp agent.
D/nativeloader( 4157): Load libframework-connectivity-tiramisu-jni.so using APEX ns com_android_tethering for caller /apex/com.android.tethering/javalib/framework-connectivity-t.jar: ok
D/OomAdjuster(  677): Not killing cached processes
D/ApplicationLoaders( 4157): Returning zygote-cached class loader: /system/framework/org.apache.http.legacy.jar
D/nativeloader( 4157): Configuring clns-9 for other apk /system_ext/framework/com.android.extensions.appfunctions.jar. target_sdk_version=35, uses_libraries=ALL, library_path=/product/priv-app/Velvet/lib/arm64:/product/priv-app/Velvet/Velvet.apk!/lib/arm64-v8a, permitted_path=/data:/mnt/expand:/data/user/0/com.google.android.googlequicksearchbox
D/ApplicationLoaders( 4157): Returning zygote-cached class loader: /system_ext/framework/androidx.window.extensions.jar
D/ApplicationLoaders( 4157): Returning zygote-cached class loader: /system_ext/framework/androidx.window.sidecar.jar
D/nativeloader( 4157): InitLlndkLibrariesProduct: libEGL.so:libGLESv1_CM.so:libGLESv2.so:libGLESv3.so:libRS.so:libandroid_net.so:libapexsupport.so:libavf.so:libbinder_ndk.so:libc.so:libcgrouprc.so:libclang_rt.asan-aarch64-android.so:libclang_rt.hwasan-aarch64-android.so:libcom.android.tethering.connectivity_native.so:libdl.so:libft2.so:liblog.so:libm.so:libmediandk.so:libnativewindow.so:libneuralnetworks.so:libselinux.so:libsync.so:libvendorsupport.so:libvndksupport.so:libvulkan.so
D/nativeloader( 4157): Configuring product-clns-10 for unbundled product apk /product/priv-app/Velvet/Velvet.apk. target_sdk_version=35, uses_libraries=, library_path=/product/priv-app/Velvet/lib/arm64:/product/priv-app/Velvet/Velvet.apk!/lib/arm64-v8a:/product/lib64:/system/product/lib64, permitted_path=/data:/mnt/expand:/data/user/0/com.google.android.googlequicksearchbox:/product/lib64:/system/product/lib64
D/nativeloader( 4157): InitVndkspLibrariesProduct: VNDK is deprecated with product
D/CompatChangeReporter( 4157): Compat change id reported: 202956589; UID 10147; state: ENABLED
I/earchbox:search( 4157): AssetManager2(0xb4000077700104f8) locale list changing from [] to [en-US]
V/GraphicsEnvironment( 4157): Currently set values for:
V/GraphicsEnvironment( 4157):   angle_gl_driver_selection_pkgs=[]
V/GraphicsEnvironment( 4157):   angle_gl_driver_selection_values=[]
V/GraphicsEnvironment( 4157): com.google.android.googlequicksearchbox is not listed in per-application setting
V/GraphicsEnvironment( 4157): ANGLE allowlist from config: com.dreamgames.royalmatch com.dts.freefiremax com.dxx.firenow com.gramgames.mergedragons com.ludo.king com.mojang.minecraftpe com.my.defense com.nintendo.zaka com.os.airforce com.playrix.fishdomdd.gplay io.teslatech.callbreak jp.konami.prospia net.peakgames.toonblast
V/GraphicsEnvironment( 4157): com.google.android.googlequicksearchbox is not listed in ANGLE allowlist or settings, returning default
V/GraphicsEnvironment( 4157): Neither updatable production driver nor prerelease driver is supported.
I/MultiDex( 4157): VM with version 2.1.0 has multidex support
I/MultiDex( 4157): Installing application
I/MultiDex( 4157): VM has multidex support, MultiDex support library is disabled.
D/ProcessLifecycleG3( 4157): androidx.startup is not available, initializing using ProcessLifecycleOwnerInitializer instead.
D/nativeloader( 4157): Load /product/priv-app/Velvet/Velvet.apk!/lib/arm64-v8a/libnative_crash_handler_jni.so using class loader ns product-clns-10 (caller=/product/priv-app/Velvet/Velvet.apk!classes3.dex): ok
D/BackgroundInstallControlService(  677): Package event received: 0
D/ActivityManager(  677): sync unfroze 1712 com.google.android.gms for 6
D/BoundBrokerSvc( 1712): onBind: Intent { act=com.google.android.mobstore.service.START xflg=0x4 pkg=com.google.android.gms }
D/BoundBrokerSvc( 1712): Loading bound service for intent: Intent { act=com.google.android.mobstore.service.START xflg=0x4 pkg=com.google.android.gms }
I/dsfq    ( 4157): Initializing GMS Compliance Client Library...
I/dsfq    ( 4157): Checking for device compliance...
I/dsfq    ( 4157): Completed library init.
D/BackgroundInstallControlService(  677): Package event received: 0
D/BackgroundInstallControlService(  677): Package event received: 0
I/aqfj    ( 1490): onServiceConnected
I/A       ( 4157): Calling beginBinderSession().
W/DynamiteModule( 4157): Local module descriptor class for com.google.android.gms.googlecertificates not found.
I/DynamiteModule( 4157): Considering local module com.google.android.gms.googlecertificates:0 and remote module com.google.android.gms.googlecertificates:7
I/DynamiteModule( 4157): Selected remote version of com.google.android.gms.googlecertificates, version >= 7
V/DynamiteModule( 4157): Dynamite loader version >= 2, using loadModule2NoCrashUtils
I/dsfq    ( 4157): (REDACTED) Device Compliance Fetch time taken = %sms
I/dsfq    ( 4157): Device is compliant!
I/dsfq    ( 4157): Invoking "compliant" action...
I/earchbox:search( 4157): AssetManager2(0xb40000777001a778) locale list changing from [] to [en-US]
D/CompatChangeReporter( 4157): Compat change id reported: 312399441; UID 10147; state: ENABLED
I/earchbox:search( 4157): AssetManager2(0xb400007770018e78) locale list changing from [] to [en-US]
I/earchbox:search( 4157): AssetManager2(0xb400007770015f98) locale list changing from [] to [en-US]
I/A       ( 4157): beginBinderSession(): calling binder
D/nativeloader( 4157): Load /product/priv-app/Velvet/Velvet.apk!/lib/arm64-v8a/libmappedcountercacheversionjni.so using class loader ns product-clns-10 (caller=/product/priv-app/Velvet/Velvet.apk!classes4.dex): ok
D/StrictMode( 1490): StrictMode policy violation: android.os.strictmode.DiskReadViolation
D/StrictMode( 1490): 	at android.os.StrictMode$AndroidBlockGuardPolicy.onReadFromDisk(StrictMode.java:1728)
D/StrictMode( 1490): 	at libcore.io.BlockGuardOs.access(BlockGuardOs.java:74)
D/StrictMode( 1490): 	at libcore.io.ForwardingOs.access(ForwardingOs.java:128)
D/StrictMode( 1490): 	at android.app.ActivityThread$AndroidOs.access(ActivityThread.java:8944)
D/StrictMode( 1490): 	at java.io.UnixFileSystem.checkAccess(UnixFileSystem.java:332)
D/StrictMode( 1490): 	at java.io.File.exists(File.java:829)
D/StrictMode( 1490): 	at android.app.ContextImpl.getDataDir(ContextImpl.java:3347)
D/StrictMode( 1490): 	at android.app.ContextImpl.getDir(ContextImpl.java:3366)
D/StrictMode( 1490): 	at android.content.ContextWrapper.getDir(ContextWrapper.java:353)
D/StrictMode( 1490): 	at adba.<init>(PG:23)
D/StrictMode( 1490): 	at snw.a(PG:2551)
D/StrictMode( 1490): 	at gisv.d(PG:10)
D/StrictMode( 1490): 	at gisv.a(PG:7)
D/StrictMode( 1490): 	at gisu.a(PG:5)
D/StrictMode( 1490): 	at snw.D(PG:2623)
D/StrictMode( 1490): 	at snw.a(PG:140)
D/StrictMode( 1490): 	at snw.D(PG:2636)
D/StrictMode( 1490): 	at snw.a(PG:140)
D/StrictMode( 1490): 	at gisv.d(PG:10)
D/StrictMode( 1490): 	at gisv.a(PG:7)
D/StrictMode( 1490): 	at snw.D(PG:2697)
D/StrictMode( 1490): 	at snw.a(PG:140)
D/StrictMode( 1490): 	at gisv.d(PG:10)
D/StrictMode( 1490): 	at gisv.a(PG:7)
D/StrictMode( 1490): 	at gisu.a(PG:5)
D/StrictMode( 1490): 	at gisv.d(PG:10)
D/StrictMode( 1490): 	at gisv.a(PG:7)
D/StrictMode( 1490): 	at actj.a(PG:30)
D/StrictMode( 1490): 	at actj.dispatchTransaction(PG:28)
D/StrictMode( 1490): 	at osh.onTransact(PG:13)
D/StrictMode( 1490): 	at android.os.Binder.execTransactInternal(Binder.java:1421)
D/StrictMode( 1490): 	at android.os.Binder.execTransact(Binder.java:1365)
D/StrictMode( 1490): # via Binder call with stack:
D/StrictMode( 1490): 	at android.os.StrictMode.readAndHandleBinderCallViolations(StrictMode.java:2671)
D/StrictMode( 1490): 	at android.os.Parcel.readExceptionCode(Parcel.java:3285)
D/StrictMode( 1490): 	at android.os.Parcel.readException(Parcel.java:3246)
D/StrictMode( 1490): 	at osg.transactAndReadException(PG:11)
D/StrictMode( 1490): 	at acti.a(PG:15)
D/StrictMode( 1490): 	at aqfb.run(PG:64)
D/StrictMode( 1490): 	at dtjf.run(PG:9)
D/StrictMode( 1490): 	at ahum.b(PG:3)
D/StrictMode( 1490): 	at ahup.run(PG:1)
D/StrictMode( 1490): 	at fvic.run(PG:3)
D/StrictMode( 1490): 	at fvid.run(PG:68)
D/StrictMode( 1490): 	at dpnc.run(PG:7)
D/StrictMode( 1490): 	at ftuu.run(PG:44)
D/StrictMode( 1490): 	at dpmt.run(PG:42)
D/StrictMode( 1490): 	at java.lang.Thread.run(Thread.java:1119)
D/StrictMode( 1490): 	at dpof.run(PG:62)
D/StrictMode( 1490): # via Binder call with stack:
D/StrictMode( 1490): 	at android.os.StrictMode.readAndHandleBinderCallViolations(StrictMode.java:2671)
D/StrictMode( 1490): 	at android.os.Parcel.readExceptionCode(Parcel.java:3285)
D/StrictMode( 1490): 	at android.os.Parcel.readException(Parcel.java:3246)
D/StrictMode( 1490): 	at osg.transactAndReadException(PG:11)
D/StrictMode( 1490): 	at dbpr.g(PG:161)
D/StrictMode( 1490): 	at dbpr.c(PG:1)
D/StrictMode( 1490): 	at acts.test(PG:5)
D/StrictMode( 1490): 	at j$.util.stream.y0.accept(SourceFile:7)
D/StrictMode( 1490): 	at j$.util.m0.tryAdvance(SourceFile:20)
D/StrictMode( 1490): 	at j$.util.stream.r2.y(SourceFile:7)
D/StrictMode( 1490): 	at j$.util.stream.a.q(SourceFile:16)
D/StrictMode( 1490): 	at j$.util.stream.a.n(SourceFile:28)
D/StrictMode( 1490): 	at j$.util.stream.a.J(SourceFile:8)
D/StrictMode( 1490): 	at j$.nio.file.G.a(SourceFile:11)
D/StrictMode( 1490): 	at j$.util.stream.a.u(SourceFile:35)
D/StrictMode( 1490): 	at j$.util.stream.r2.allMatch(SourceFile:7)
D/StrictMode( 1490): 	at actj.b(PG:40)
D/StrictMode( 1490): 	at actj.a(PG:51)
D/StrictMode( 1490): 	at actj.dispatchTransaction(PG:28)
D/StrictMode( 1490): 	at osh.onTransact(PG:13)
D/StrictMode( 1490): 	at android.os.Binder.execTransactInternal(Binder.java:1421)
D/StrictMode( 1490): 	at android.os.Binder.execTransact(Binder.java:1365)
D/StrictMode( 1490): # via Binder call with stack:
D/StrictMode( 1490): 	at android.os.StrictMode.readAndHandleBinderCallViolations(StrictMode.java:2671)
D/StrictMode( 1490): 	at android.os.Parcel.readExceptionCode(Parcel.java:3285)
D/StrictMode( 1490): 	at android.os.Parcel.readException(Parcel.java:3246)
D/StrictMode( 1490): 	at osg.transactAndReadException(PG:11)
D/StrictMode( 1490): 	at dbpr.g(PG:42)
D/StrictMode( 1490): 	at dbpr.c(PG:1)
D/StrictMode( 1490): 	at acts.test(PG:5)
D/StrictMode( 1490): 	at j$.util.stream.y0.accept(SourceFile:7)
D/StrictMode( 1490): 	at j$.util.m0.tryAdvance(SourceFile:20)
D/StrictMode( 1490): 	at j$.util.stream.r2.y(SourceFile:7)
D/StrictMode( 1490): 	at j$.util.stream.a.q(SourceFile:16)
D/StrictMode( 1490): 	at j$.util.stream.a.n(SourceFile:28)
D/StrictMode( 1490): 	at j$.util.stream.a.J(SourceFile:8)
D/StrictMode( 1490): 	at j$.nio.file.G.a(SourceFile:11)
D/StrictMode( 1490): 	at j$.util.stream.a.u(SourceFile:35)
D/StrictMode( 1490): 	at j$.util.stream.r2.allMatch(SourceFile:7)
D/StrictMode( 1490): 	at actj.b(PG:40)
D/StrictMode( 1490): 	at actj.a(PG:51)
D/StrictMode( 1490): 	at actj.dispatchTransaction(PG:28)
D/StrictMode( 1490): 	at osh.onTransact(PG:13)
D/StrictMode( 1490): 	at android.os.Binder.execTransactInternal(Binder.java:1421)
D/StrictMode( 1490): 	at android.os.Binder.execTransact(Binder.java:1365)
D/StrictMode( 1490): # via Binder call with stack:
D/StrictMode( 1490): 	at android.os.StrictMode.readAndHandleBinderCallViolations(StrictMode.java:2671)
D/StrictMode( 1490): 	at android.os.Parcel.readExceptionCode(Parcel.java:3285)
D/StrictMode( 1490): 	at android.os.Parcel.readException(Parcel.java:3246)
D/StrictMode( 1490): 	at osg.transactAndReadException(PG:11)
D/StrictMode( 1490): 	at com.google.android.gms.dynamite.DynamiteModule.d(PG:282)
D/StrictMode( 1490): 	at dbpj.c(PG:24)
D/StrictMode( 1490): 	at dbpr.g(PG:32)
D/StrictMode( 1490): 	at dbpr.c(PG:1)
D/StrictMode( 1490): 	at acts.test(PG:5)
D/StrictMode( 1490): 	at j$.util.stream.y0.accept(SourceFile:7)
D/StrictMode( 1490): 	at j$.util.m0.tryAdvance(SourceFile:20)
D/StrictMode( 1490): 	at j$.util.stream.r2.y(SourceFile:7)
D/StrictMode( 1490): 	at j$.util.stream.a.q(SourceFile:16)
D/StrictMode( 1490): 	at j$.util.stream.a.n(SourceFile:28)
D/StrictMode( 1490): 	at j$.util.stream.a.J(SourceFile:8)
D/StrictMode( 1490): 	at j$.nio.file.G.a(SourceFile:11)
D/StrictMode( 1490): 	at j$.util.stream.a.u(SourceFile:35)
D/StrictMode( 1490): 	at j$.util.stream.r2.allMatch(SourceFile:7)
D/StrictMode( 1490): 	at actj.b(PG:40)
D/StrictMode( 1490): 	at actj.a(PG:51)
D/StrictMode( 1490): 	at actj.dispatchTransaction(PG:28)
D/StrictMode( 1490): 	at osh.onTransact(PG:13)
D/StrictMode( 1490): 	at android.os.Binder.execTransactInternal(Binder.java:1421)
D/StrictMode( 1490): 	at android.os.Binder.execTransact(Binder.java:1365)
D/StrictMode( 1490): StrictMode policy violation: android.os.strictmode.DiskReadViolation
D/StrictMode( 1490): 	at android.os.StrictMode$AndroidBlockGuardPolicy.onReadFromDisk(StrictMode.java:1728)
D/StrictMode( 1490): 	at libcore.io.BlockGuardOs.access(BlockGuardOs.java:74)
D/StrictMode( 1490): 	at libcore.io.ForwardingOs.access(ForwardingOs.java:128)
D/StrictMode( 1490): 	at android.app.ActivityThread$AndroidOs.access(ActivityThread.java:8944)
D/StrictMode( 1490): 	at java.io.UnixFileSystem.checkAccess(UnixFileSystem.java:332)
D/StrictMode( 1490): 	at java.io.File.exists(File.java:829)
D/StrictMode( 1490): 	at android.app.ContextImpl.getDir(ContextImpl.java:3367)
D/StrictMode( 1490): 	at android.content.ContextWrapper.getDir(ContextWrapper.java:353)
D/StrictMode( 1490): 	at adba.<init>(PG:23)
D/StrictMode( 1490): 	at snw.a(PG:2551)
D/StrictMode( 1490): 	at gisv.d(PG:10)
D/StrictMode( 1490): 	at gisv.a(PG:7)
D/StrictMode( 1490): 	at gisu.a(PG:5)
D/StrictMode( 1490): 	at snw.D(PG:2623)
D/StrictMode( 1490): 	at snw.a(PG:140)
D/StrictMode( 1490): 	at snw.D(PG:2636)
D/StrictMode( 1490): 	at snw.a(PG:140)
D/StrictMode( 1490): 	at gisv.d(PG:10)
D/StrictMode( 1490): 	at gisv.a(PG:7)
D/StrictMode( 1490): 	at snw.D(PG:2697)
D/StrictMode( 1490): 	at snw.a(PG:140)
D/StrictMode( 1490): 	at gisv.d(PG:10)
D/StrictMode( 1490): 	at gisv.a(PG:7)
D/StrictMode( 1490): 	at gisu.a(PG:5)
D/StrictMode( 1490): 	at gisv.d(PG:10)
D/StrictMode( 1490): 	at gisv.a(PG:7)
D/StrictMode( 1490): 	at actj.a(PG:30)
D/StrictMode( 1490): 	at actj.dispatchTransaction(PG:28)
D/StrictMode( 1490): 	at osh.onTransact(PG:13)
D/StrictMode( 1490): 	at android.os.Binder.execTransactInternal(Binder.java:1421)
D/StrictMode( 1490): 	at android.os.Binder.execTransact(Binder.java:1365)
D/StrictMode( 1490): # via Binder call with stack:
D/StrictMode( 1490): 	at android.os.StrictMode.readAndHandleBinderCallViolations(StrictMode.java:2671)
D/StrictMode( 1490): 	at android.os.Parcel.readExceptionCode(Parcel.java:3285)
D/StrictMode( 1490): 	at android.os.Parcel.readException(Parcel.java:3246)
D/StrictMode( 1490): 	at osg.transactAndReadException(PG:11)
D/StrictMode( 1490): 	at acti.a(PG:15)
D/StrictMode( 1490): 	at aqfb.run(PG:64)
D/StrictMode( 1490): 	at dtjf.run(PG:9)
D/StrictMode( 1490): 	at ahum.b(PG:3)
D/StrictMode( 1490): 	at ahup.run(PG:1)
D/StrictMode( 1490): 	at fvic.run(PG:3)
D/StrictMode( 1490): 	at fvid.run(PG:68)
D/StrictMode( 1490): 	at dpnc.run(PG:7)
D/StrictMode( 1490): 	at ftuu.run(PG:44)
D/StrictMode( 1490): 	at dpmt.run(PG:42)
D/StrictMode( 1490): 	at java.lang.Thread.run(Thread.java:1119)
D/StrictMode( 1490): 	at dpof.run(PG:62)
D/StrictMode( 1490): # via Binder call with stack:
D/StrictMode( 1490): 	at android.os.StrictMode.readAndHandleBinderCallViolations(StrictMode.java:2671)
D/StrictMode( 1490): 	at android.os.Parcel.readExceptionCode(Parcel.java:3285)
D/StrictMode( 1490): 	at android.os.Parcel.readException(Parcel.java:3246)
D/StrictMode( 1490): 	at osg.transactAndReadException(PG:11)
D/StrictMode( 1490): 	at dbpr.g(PG:161)
D/StrictMode( 1490): 	at dbpr.c(PG:1)
D/StrictMode( 1490): 	at acts.test(PG:5)
D/StrictMode( 1490): 	at j$.util.stream.y0.accept(SourceFile:7)
D/StrictMode( 1490): 	at j$.util.m0.tryAdvance(SourceFile:20)
D/StrictMode( 1490): 	at j$.util.stream.r2.y(SourceFile:7)
D/StrictMode( 1490): 	at j$.util.stream.a.q(SourceFile:16)
D/StrictMode( 1490): 	at j$.util.stream.a.n(SourceFile:28)
D/StrictMode( 1490): 	at j$.util.stream.a.J(SourceFile:8)
D/StrictMode( 1490): 	at j$.nio.file.G.a(SourceFile:11)
D/StrictMode( 1490): 	at j$.util.stream.a.u(SourceFile:35)
D/StrictMode( 1490): 	at j$.util.stream.r2.allMatch(SourceFile:7)
D/StrictMode( 1490): 	at actj.b(PG:40)
D/StrictMode( 1490): 	at actj.a(PG:51)
D/StrictMode( 1490): 	at actj.dispatchTransaction(PG:28)
D/StrictMode( 1490): 	at osh.onTransact(PG:13)
D/StrictMode( 1490): 	at android.os.Binder.execTransactInternal(Binder.java:1421)
D/StrictMode( 1490): 	at android.os.Binder.execTransact(Binder.java:1365)
D/StrictMode( 1490): # via Binder call with stack:
D/StrictMode( 1490): 	at android.os.StrictMode.readAndHandleBinderCallViolations(StrictMode.java:2671)
D/StrictMode( 1490): 	at android.os.Parcel.readExceptionCode(Parcel.java:3285)
D/StrictMode( 1490): 	at android.os.Parcel.readException(Parcel.java:3246)
D/StrictMode( 1490): 	at osg.transactAndReadException(PG:11)
D/StrictMode( 1490): 	at dbpr.g(PG:42)
D/StrictMode( 1490): 	at dbpr.c(PG:1)
D/StrictMode( 1490): 	at acts.test(PG:5)
D/StrictMode( 1490): 	at j$.util.stream.y0.accept(SourceFile:7)
D/StrictMode( 1490): 	at j$.util.m0.tryAdvance(SourceFile:20)
D/StrictMode( 1490): 	at j$.util.stream.r2.y(SourceFile:7)
D/StrictMode( 1490): 	at j$.util.stream.a.q(SourceFile:16)
D/StrictMode( 1490): 	at j$.util.stream.a.n(SourceFile:28)
D/StrictMode( 1490): 	at j$.util.stream.a.J(SourceFile:8)
D/StrictMode( 1490): 	at j$.nio.file.G.a(SourceFile:11)
D/StrictMode( 1490): 	at j$.util.stream.a.u(SourceFile:35)
D/StrictMode( 1490): 	at j$.util.stream.r2.allMatch(SourceFile:7)
D/StrictMode( 1490): 	at actj.b(PG:40)
D/StrictMode( 1490): 	at actj.a(PG:51)
D/StrictMode( 1490): 	at actj.dispatchTransaction(PG:28)
D/StrictMode( 1490): 	at osh.onTransact(PG:13)
D/StrictMode( 1490): 	at android.os.Binder.execTransactInternal(Binder.java:1421)
D/StrictMode( 1490): 	at android.os.Binder.execTransact(Binder.java:1365)
D/StrictMode( 1490): # via Binder call with stack:
D/StrictMode( 1490): 	at android.os.StrictMode.readAndHandleBinderCallViolations(StrictMode.java:2671)
D/StrictMode( 1490): 	at android.os.Parcel.readExceptionCode(Parcel.java:3285)
D/StrictMode( 1490): 	at android.os.Parcel.readException(Parcel.java:3246)
D/StrictMode( 1490): 	at osg.transactAndReadException(PG:11)
D/StrictMode( 1490): 	at com.google.android.gms.dynamite.DynamiteModule.d(PG:282)
D/StrictMode( 1490): 	at dbpj.c(PG:24)
D/StrictMode( 1490): 	at dbpr.g(PG:32)
D/StrictMode( 1490): 	at dbpr.c(PG:1)
D/StrictMode( 1490): 	at acts.test(PG:5)
D/StrictMode( 1490): 	at j$.util.stream.y0.accept(SourceFile:7)
D/StrictMode( 1490): 	at j$.util.m0.tryAdvance(SourceFile:20)
D/StrictMode( 1490): 	at j$.util.stream.r2.y(SourceFile:7)
D/StrictMode( 1490): 	at j$.util.stream.a.q(SourceFile:16)
D/StrictMode( 1490): 	at j$.util.stream.a.n(SourceFile:28)
D/StrictMode( 1490): 	at j$.util.stream.a.J(SourceFile:8)
D/StrictMode( 1490): 	at j$.nio.file.G.a(SourceFile:11)
D/StrictMode( 1490): 	at j$.util.stream.a.u(SourceFile:35)
D/StrictMode( 1490): 	at j$.util.stream.r2.allMatch(SourceFile:7)
D/StrictMode( 1490): 	at actj.b(PG:40)
D/StrictMode( 1490): 	at actj.a(PG:51)
D/StrictMode( 1490): 	at actj.dispatchTransaction(PG:28)
D/StrictMode( 1490): 	at osh.onTransact(PG:13)
D/StrictMode( 1490): 	at android.os.Binder.execTransactInternal(Binder.java:1421)
D/StrictMode( 1490): 	at android.os.Binder.execTransact(Binder.java:1365)
D/StrictMode( 1490): StrictMode policy violation: android.os.strictmode.CustomViolation: gcore.dynamite
D/StrictMode( 1490): 	at android.os.StrictMode$AndroidBlockGuardPolicy.onCustomSlowCall(StrictMode.java:1695)
D/StrictMode( 1490): 	at android.os.StrictMode.noteSlowCall(StrictMode.java:2873)
D/StrictMode( 1490): 	at azuf.a(:com.google.android.gms@252635035@25.26.35 (260400-783060121):3)
D/StrictMode( 1490): 	at com.google.android.gms.chimera.container.GmsModuleChimeraProvider.query(:com.google.android.gms@252635035@25.26.35 (260400-783060121):143)
D/StrictMode( 1490): 	at augi.query(:com.google.android.gms@252635035@25.26.35 (260400-783060121):3)
D/StrictMode( 1490): 	at android.content.ContentProvider.query(ContentProvider.java:1625)
D/StrictMode( 1490): 	at vvc.superQuery(:com.google.android.gms@252635035@25.26.35 (260400-783060121):2)
D/StrictMode( 1490): 	at com.google.android.chimera.ContentProvider.query(:com.google.android.gms@252635035@25.26.35 (260400-783060121):2)
D/StrictMode( 1490): 	at augi.query(:com.google.android.gms@252635035@25.26.35 (260400-783060121):13)
D/StrictMode( 1490): 	at android.content.ContentProvider.query(ContentProvider.java:1721)
D/StrictMode( 1490): 	at vvc.superQuery(:com.google.android.gms@252635035@25.26.35 (260400-783060121):1)
D/StrictMode( 1490): 	at com.google.android.chimera.ContentProvider.query(:com.google.android.gms@252635035@25.26.35 (260400-783060121):1)
D/StrictMode( 1490): 	at vvc.query(:com.google.android.gms@252635035@25.26.35 (260400-783060121):2)
D/StrictMode( 1490): 	at android.content.ContentProvider$Transport.query(ContentProvider.java:296)
D/StrictMode( 1490): 	at android.content.ContentProviderNative.onTransact(ContentProviderNative.java:107)
D/StrictMode( 1490): 	at android.os.Binder.execTransactInternal(Binder.java:1421)
D/StrictMode( 1490): 	at android.os.Binder.execTransact(Binder.java:1365)
D/StrictMode( 1490): # via Binder call with stack:
D/StrictMode( 1490): 	at android.os.StrictMode.readAndHandleBinderCallViolations(StrictMode.java:2671)
D/StrictMode( 1490): 	at android.os.Parcel.readExceptionCode(Parcel.java:3285)
D/StrictMode( 1490): 	at android.os.Parcel.readException(Parcel.java:3246)
D/StrictMode( 1490): 	at osg.transactAndReadException(PG:11)
D/StrictMode( 1490): 	at acti.a(PG:15)
D/StrictMode( 1490): 	at aqfb.run(PG:64)
D/StrictMode( 1490): 	at dtjf.run(PG:9)
D/StrictMode( 1490): 	at ahum.b(PG:3)
D/StrictMode( 1490): 	at ahup.run(PG:1)
D/StrictMode( 1490): 	at fvic.run(PG:3)
D/StrictMode( 1490): 	at fvid.run(PG:68)
D/StrictMode( 1490): 	at dpnc.run(PG:7)
D/StrictMode( 1490): 	at ftuu.run(PG:44)
D/StrictMode( 1490): 	at dpmt.run(PG:42)
D/StrictMode( 1490): 	at java.lang.Thread.run(Thread.java:1119)
D/StrictMode( 1490): 	at dpof.run(PG:62)
D/StrictMode( 1490): # via Binder call with stack:
D/StrictMode( 1490): 	at android.os.StrictMode.readAndHandleBinderCallViolations(StrictMode.java:2671)
D/StrictMode( 1490): 	at android.os.Parcel.readExceptionCode(Parcel.java:3285)
D/StrictMode( 1490): 	at android.os.Parcel.readException(Parcel.java:3246)
D/StrictMode( 1490): 	at osg.transactAndReadException(PG:11)
D/StrictMode( 1490): 	at dbpr.g(PG:161)
D/StrictMode( 1490): 	at dbpr.c(PG:1)
D/StrictMode( 1490): 	at acts.test(PG:5)
D/StrictMode( 1490): 	at j$.util.stream.y0.accept(SourceFile:7)
D/StrictMode( 1490): 	at j$.util.m0.tryAdvance(SourceFile:20)
D/StrictMode( 1490): 	at j$.util.stream.r2.y(SourceFile:7)
D/StrictMode( 1490): 	at j$.util.stream.a.q(SourceFile:16)
D/StrictMode( 1490): 	at j$.util.stream.a.n(SourceFile:28)
D/StrictMode( 1490): 	at j$.util.stream.a.J(SourceFile:8)
D/StrictMode( 1490): 	at j$.nio.file.G.a(SourceFile:11)
D/StrictMode( 1490): 	at j$.util.stream.a.u(SourceFile:35)
D/StrictMode( 1490): 	at j$.util.stream.r2.allMatch(SourceFile:7)
D/StrictMode( 1490): 	at actj.b(PG:40)
D/StrictMode( 1490): 	at actj.a(PG:51)
D/StrictMode( 1490): 	at actj.dispatchTransaction(PG:28)
D/StrictMode( 1490): 	at osh.onTransact(PG:13)
D/StrictMode( 1490): 	at android.os.Binder.execTransactInternal(Binder.java:1421)
D/StrictMode( 1490): 	at android.os.Binder.execTransact(Binder.java:1365)
D/StrictMode( 1490): # via Binder call with stack:
D/StrictMode( 1490): 	at android.os.StrictMode.readAndHandleBinderCallViolations(StrictMode.java:2671)
D/StrictMode( 1490): 	at android.os.Parcel.readExceptionCode(Parcel.java:3285)
D/StrictMode( 1490): 	at android.os.Parcel.readException(Parcel.java:3246)
D/StrictMode( 1490): 	at osg.transactAndReadException(PG:11)
D/StrictMode( 1490): 	at dbpr.g(PG:42)
D/StrictMode( 1490): 	at dbpr.c(PG:1)
D/StrictMode( 1490): 	at acts.test(PG:5)
D/StrictMode( 1490): 	at j$.util.stream.y0.accept(SourceFile:7)
D/StrictMode( 1490): 	at j$.util.m0.tryAdvance(SourceFile:20)
D/StrictMode( 1490): 	at j$.util.stream.r2.y(SourceFile:7)
D/StrictMode( 1490): 	at j$.util.stream.a.q(SourceFile:16)
D/StrictMode( 1490): 	at j$.util.stream.a.n(SourceFile:28)
D/StrictMode( 1490): 	at j$.util.stream.a.J(SourceFile:8)
D/StrictMode( 1490): 	at j$.nio.file.G.a(SourceFile:11)
D/StrictMode( 1490): 	at j$.util.stream.a.u(SourceFile:35)
D/StrictMode( 1490): 	at j$.util.stream.r2.allMatch(SourceFile:7)
D/StrictMode( 1490): 	at actj.b(PG:40)
D/StrictMode( 1490): 	at actj.a(PG:51)
D/StrictMode( 1490): 	at actj.dispatchTransaction(PG:28)
D/StrictMode( 1490): 	at osh.onTransact(PG:13)
D/StrictMode( 1490): 	at android.os.Binder.execTransactInternal(Binder.java:1421)
D/StrictMode( 1490): 	at android.os.Binder.execTransact(Binder.java:1365)
D/StrictMode( 1490): # via Binder call with stack:
D/StrictMode( 1490): 	at android.os.StrictMode.readAndHandleBinderCallViolations(StrictMode.java:2671)
D/StrictMode( 1490): 	at android.os.Parcel.readExceptionCode(Parcel.java:3285)
D/StrictMode( 1490): 	at android.os.Parcel.readException(Parcel.java:3246)
D/StrictMode( 1490): 	at osg.transactAndReadException(PG:11)
D/StrictMode( 1490): 	at com.google.android.gms.dynamite.DynamiteModule.d(PG:282)
D/StrictMode( 1490): 	at dbpj.c(PG:24)
D/StrictMode( 1490): 	at dbpr.g(PG:32)
D/StrictMode( 1490): 	at dbpr.c(PG:1)
D/StrictMode( 1490): 	at acts.test(PG:5)
D/StrictMode( 1490): 	at j$.util.stream.y0.accept(SourceFile:7)
D/StrictMode( 1490): 	at j$.util.m0.tryAdvance(SourceFile:20)
D/StrictMode( 1490): 	at j$.util.stream.r2.y(SourceFile:7)
D/StrictMode( 1490): 	at j$.util.stream.a.q(SourceFile:16)
D/StrictMode( 1490): 	at j$.util.stream.a.n(SourceFile:28)
D/StrictMode( 1490): 	at j$.util.stream.a.J(SourceFile:8)
D/StrictMode( 1490): 	at j$.nio.file.G.a(SourceFile:11)
D/StrictMode( 1490): 	at j$.util.stream.a.u(SourceFile:35)
D/StrictMode( 1490): 	at j$.util.stream.r2.allMatch(SourceFile:7)
D/StrictMode( 1490): 	at actj.b(PG:40)
D/StrictMode( 1490): 	at actj.a(PG:51)
D/StrictMode( 1490): 	at actj.dispatchTransaction(PG:28)
D/StrictMode( 1490): 	at osh.onTransact(PG:13)
D/StrictMode( 1490): 	at android.os.Binder.execTransactInternal(Binder.java:1421)
D/StrictMode( 1490): 	at android.os.Binder.execTransact(Binder.java:1365)
D/StrictMode( 1490): # via Binder call with stack:
D/StrictMode( 1490): 	at android.os.StrictMode.readAndHandleBinderCallViolations(StrictMode.java:2671)
D/StrictMode( 1490): 	at android.os.Parcel.readExceptionCode(Parcel.java:3285)
D/StrictMode( 1490): 	at android.database.DatabaseUtils.readExceptionFromParcel(DatabaseUtils.java:150)
D/StrictMode( 1490): 	at android.content.ContentProviderProxy.query(ContentProviderNative.java:495)
D/StrictMode( 1490): 	at android.content.ContentProviderClient.query(ContentProviderClient.java:196)
D/StrictMode( 1490): 	at android.content.ContentProviderClient.query(ContentProviderClient.java:178)
D/StrictMode( 1490): 	at android.content.ContentProviderClient.query(ContentProviderClient.java:168)
D/StrictMode( 1490): 	at com.google.android.gms.dynamite.DynamiteModule.e(PG:80)
D/StrictMode( 1490): 	at com.google.android.gms.dynamite.DynamiteModule.b(PG:85)
D/StrictMode( 1490): 	at dceb.b(PG:1)
D/StrictMode( 1490): 	at dcec.a(PG:65)
D/StrictMode( 1490): 	at com.google.android.gms.dynamite.DynamiteModule.d(PG:58)
D/StrictMode( 1490): 	at dbpj.c(PG:24)
D/StrictMode( 1490): 	at dbpr.g(PG:32)
D/StrictMode( 1490): 	at dbpr.c(PG:1)
D/StrictMode( 1490): 	at acts.test(PG:5)
D/StrictMode( 1490): 	at j$.util.stream.y0.accept(SourceFile:7)
D/StrictMode( 1490): 	at j$.util.m0.tryAdvance(SourceFile:20)
D/StrictMode( 1490): 	at j$.util.stream.r2.y(SourceFile:7)
D/StrictMode( 1490): 	at j$.util.stream.a.q(SourceFile:16)
D/StrictMode( 1490): 	at j$.util.stream.a.n(SourceFile:28)
D/StrictMode( 1490): 	at j$.util.stream.a.J(SourceFile:8)
D/StrictMode( 1490): 	at j$.nio.file.G.a(SourceFile:11)
D/StrictMode( 1490): 	at j$.util.stream.a.u(SourceFile:35)
D/StrictMode( 1490): 	at j$.util.stream.r2.allMatch(SourceFile:7)
D/StrictMode( 1490): 	at actj.b(PG:40)
D/StrictMode( 1490): 	at actj.a(PG:51)
D/StrictMode( 1490): 	at actj.dispatchTransaction(PG:28)
D/StrictMode( 1490): 	at osh.onTransact(PG:13)
D/StrictMode( 1490): 	at android.os.Binder.execTransactInternal(Binder.java:1421)
D/StrictMode( 1490): 	at android.os.Binder.execTransact(Binder.java:1365)
I/aqfj    ( 1490): (REDACTED) State changed: %s => %s
D/CompatChangeReporter(  677): Compat change id reported: 311208629; UID 10147; state: ENABLED
I/aqfj    ( 1490): (REDACTED) State changed: %s => %s (%s)
E/TaskPersister(  677): File error accessing recents directory (directory doesn't exist?).
D/WifiClientModeImpl[15875:wlan0](  677): updateLinkLayerStatsRssiSpeedFrequencyCapabilities rssi=-50 TxLinkspeed=2 freq=2447 RxLinkSpeed=2
D/WifiDataStall(  677): tx tput in kbps: 11000
D/WifiDataStall(  677): rx tput in kbps: 11000
V/WifiConfigManager(  677): Updating scan detail cache freq=2447 BSSID=00:13:10:85:fe:01 RSSI=-50 for "AndroidWifi"NONE
D/WifiThroughputPredictor(  677):  utilization (LLS) 80 isBluetoothConnected: false final utilization: 80
D/WifiThroughputPredictor(  677):  BW: 0 RSSI: -50 Nss: 1 Mode: 1 symDur: 4000 snrDb 30 bitPerTone: 4500 rate: 54 throughput: 11
D/WifiThroughputPredictor(  677):  utilization (LLS) 80 isBluetoothConnected: false final utilization: 80
D/WifiThroughputPredictor(  677):  BW: 0 RSSI: -50 Nss: 1 Mode: 1 symDur: 4000 snrDb 30 bitPerTone: 4500 rate: 54 throughput: 11
D/WifiThroughputPredictor(  677):  utilization (LLS) 80 isBluetoothConnected: false final utilization: 80
D/WifiThroughputPredictor(  677):  BW: 0 RSSI: -50 Nss: 1 Mode: 1 symDur: 4000 snrDb 30 bitPerTone: 4500 rate: 54 throughput: 11
D/WifiThroughputPredictor(  677):  utilization (LLS) 80 isBluetoothConnected: false final utilization: 80
D/WifiThroughputPredictor(  677):  BW: 0 RSSI: -50 Nss: 1 Mode: 1 symDur: 4000 snrDb 30 bitPerTone: 4500 rate: 54 throughput: 11
D/WifiScoreCard(  677): BSSID update SIGNAL_POLL ID: 10023120 SSID: "AndroidWifi", BSSID: 00:13:10:85:fe:01, MAC: 02:15:b2:00:00:00, IP: /10.0.2.16, Security type: 0, Supplicant state: COMPLETED, Wi-Fi standard: legacy, RSSI: -50, Link speed: 2Mbps, Tx Link speed: 2Mbps, Max Supported Tx Link speed: 11Mbps, Rx Link speed: 2Mbps, Max Supported Rx Link speed: 11Mbps, Frequency: 2447MHz, Net ID: 0, Metered hint: false, score: 60, isUsable: true, CarrierMerged: false, SubscriptionId: -1, IsPrimary: 1, Trusted: true, Restricted: false, Ephemeral: false, OEM paid: false, OEM private: false, OSU AP: false, FQDN: <none>, Provider friendly name: <none>, Requesting package name: <none>"AndroidWifi"openMLO Information: , Is TID-To-Link negotiation supported by the AP: false, AP MLD Address: <none>, AP MLO Link Id: <none>, AP MLO Affiliated links: <none>, Vendor Data: <none>
D/WifiScoreCard(  677): txRate: 1 txSpeed: 2
D/WifiScoreCard(  677): network update SIGNAL_POLL "AndroidWifi" ID: 353851559 RSSI -50 txSpeed -1
D/WifiClientModeImpl[15875:wlan0](  677):  ClientModeImpl$L2ConnectedState screen=on 1 0 "AndroidWifi" 00:13:10:85:fe:01 rssi=-50 f=2447 sc=60 link=2 tx=0.1, 0.0, 0.0 rx=0.1 bcn=0 [on:0 tx:0 rx:0 period:3007] from screen [on:0 period:2104447165] score=60
I/fjhh    ( 4157): Validating WorkManager process
I/fjhh    ( 4157): (REDACTED) Processes: %s, %s, %s, %s
D/wpa_supplicant(  909): nl80211: Drv Event 64 (NL80211_CMD_NOTIFY_CQM) received for wlan0
D/wpa_supplicant(  909): nl80211: Beacon loss event
D/wpa_supplicant(  909): wlan0: Event BEACON_LOSS (53) received
I/wpa_supplicant(  909): wlan0: CTRL-EVENT-BEACON-LOSS 
D/WM-PackageManagerHelper( 4157): Skipping component enablement for androidx.work.impl.background.systemjob.SystemJobService
D/WM-Schedulers( 4157): Created SystemJobScheduler and enabled SystemJobService
D/WM-ForceStopRunnable( 4157): Is default app process = true
D/WM-ForceStopRunnable( 4157): Performing cleanup operations.
I/adih    ( 4157): Getting accounts.
E/ashmem  ( 4157): Pinning is deprecated since Android Q. Please use trim or other methods.
I/apll    ( 4157): send OpaEligibilityChange broadcast to CommonBroadcastReceiver
I/aduw    ( 4157): (REDACTED) Event Bus thread starting with TID %d
I/bbex    ( 4157): (REDACTED) Set Assistant Enabled to %s
I/aiku    ( 4157): (REDACTED) Util.isLowRamDevice: %b, canUsePreemptibleAudioSource: %b
I/AppWidgetServiceImpl(  677): getInstalledProvidersForProfiles() 0
W/ParceledListSlice(  677): Element #4 is 20684 bytes.
I/AppWidgetServiceImpl(  677): notifyProviderInheritance() 0
D/WM-PackageManagerHelper( 4157): Skipping component enablement for androidx.work.impl.background.systemalarm.RescheduleReceiver
D/BoundBrokerSvc( 1712): onBind: Intent { act=com.google.android.gms.audit.service.START xflg=0x4 pkg=com.google.android.gms }
D/BoundBrokerSvc( 1712): Loading bound service for intent: Intent { act=com.google.android.gms.audit.service.START xflg=0x4 pkg=com.google.android.gms }
I/amtp    ( 4157): NGA enabled in interactor.
I/amtp    ( 4157): (REDACTED) Nga state changed to %s
I/amtp    ( 4157): (REDACTED) isTngActive=%s
I/amtp    ( 4157): NGA enabled in interactor.
I/WifiService(  677): getVerboseLoggingLevel uid=10147
D/BackgroundInstallControlService(  677): Package event received: 0
D/BoundBrokerSvc( 1712): onBind: Intent { act=com.google.android.gms.chimera.container.moduleinstall.ModuleInstallService.START dat=chimera-action:/... xflg=0x4 cmp=com.google.android.gms/.chimera.GmsApiService }
D/BoundBrokerSvc( 1712): Loading bound service for intent: Intent { act=com.google.android.gms.chimera.container.moduleinstall.ModuleInstallService.START dat=chimera-action:/... xflg=0x4 cmp=com.google.android.gms/.chimera.GmsApiService }
I/ankz    ( 4157): (REDACTED) Native library update finished with: %s
W/chqu    ( 4157): No value provided for the places model index flag.
W/chqu    ( 4157): No value provided for the places model index flag.
I/bber    ( 4157): Set Assistant eligibility status
I/utd     ( 1490): (REDACTED) on opa visibility changed %s
I/utd     ( 1490): (REDACTED) on opa visibility changed %s
I/evcz    ( 4157): Scheduling next refresh
I/ailc    ( 4157): getLocaleToModelSpecsMap
I/ailc    ( 4157): Fetching latest config from MDD...
I/ujp     ( 1490): (REDACTED) Nga on-device enabled based on TNG:MA active state: %b
I/ailc    ( 4157): (REDACTED) Found map of size: %d
I/amqj    ( 4157): (REDACTED) Initializing MicroDataManager InitializeType-%d, isForced-%b, isActivePhoneEnrollment-%b isActiveGoogleHomeEnrollment-%b
I/aedy    ( 4157): Returning false in #takeChangeMicroDetectorMode without doing anything.
I/ailc    ( 4157): getLocaleToModelSpecsMap
I/ailc    ( 4157): Fetching latest config from MDD...
I/ailc    ( 4157): (REDACTED) Found map of size: %d
I/aina    ( 4157): (REDACTED) Location for model with model type: %s and locale: %s, is : %s
I/ainh    ( 4157): (REDACTED) #getHotwordModel [locale: %s, modelType: %s]
I/ainh    ( 4157): (REDACTED) #getHotwordModelFromMobstore [mobstoreUri: %s]
I/aina    ( 4157): (REDACTED) MicroDataManager InitializationTask. googleHotwordData is null: true, hotwordModel is null: %b , sourceLocationOfCurrentHotwordModel %s
I/ailc    ( 4157): getLocaleToModelSpecsMap
I/ailc    ( 4157): Fetching latest config from MDD...
I/ailc    ( 4157): (REDACTED) Found map of size: %d
I/aedy    ( 4157): Returning false in #takeChangeMicroDetectorMode without doing anything.

