--------- beginning of system
I/ActivityManager(  677): Force stopping com.penkra.canvas.fixture appid=10217 user=0: from pid 5519
I/ActivityManager(  677): Killing 5470:com.penkra.canvas.fixture/u0a217 (adj 0): stop com.penkra.canvas.fixture due to from pid 5519
D/CompatChangeReporter(  677): Compat change id reported: 151861875; UID 10217; state: ENABLED
W/ActivityTaskManager(  677): Force removing ActivityRecord{219507295 u0 com.penkra.canvas.fixture/.MainActivity t431 f}}: app died, no saved state
V/WindowManagerShell(  927): Transition requested (#80): android.os.BinderProxy@fe1b27b TransitionRequestInfo { type = CLOSE, triggerTask = TaskInfo{userId=0 taskId=431 effectiveUid=10217 displayId=0 isRunning=false baseIntent=Intent { flg=0x10000000 cmp=com.penkra.canvas.fixture/.MainActivity } baseActivity=null topActivity=null origActivity=null realActivity=ComponentInfo{com.penkra.canvas.fixture/com.penkra.canvas.fixture.MainActivity} numActivities=0 lastActiveTime=264816 supportsMultiWindow=true resizeMode=1 isResizeable=true minWidth=-1 minHeight=-1 defaultMinSize=220 token=WCT{android.window.IWindowContainerToken$Stub$Proxy@d9ca898} topActivityType=1 pictureInPictureParams=null shouldDockBigOverlays=false launchIntoPipHostTaskId=-1 lastParentTaskIdBeforePip=-1 displayCutoutSafeInsets=Rect(0, 0 - 0, 0) topActivityInfo=null launchCookies=[] positionInParent=Point(0, 0) parentTaskId=-1 isFocused=true isVisible=true isVisibleRequested=true isTopActivityNoDisplay=false isSleeping=false locusId=null displayAreaFeatureId=1 isTopActivityTransparent=false isActivityStackTransparent=true lastNonFullscreenBounds=Rect(278, 702 - 803, 1782) capturedLink=null capturedLinkTimestamp=0 requestedVisibleTypes=-9 topActivityRequestOpenInBrowserEducationTimestamp=0 appCompatTaskInfo=AppCompatTaskInfo { topActivityInSizeCompat=false eligibleForLetterboxEducation= false isLetterboxEducationEnabled= false isLetterboxDoubleTapEnabled= false eligibleForUserAspectRatioButton= false topActivityBoundsLetterboxed= false isFromLetterboxDoubleTap= false topActivityLetterboxVerticalPosition= -1 topActivityLetterboxHorizontalPosition= -1 topActivityLetterboxWidth=-1 topActivityLetterboxHeight=-1 topActivityAppBounds=Rect(0, 0 - 0, 0) isUserFullscreenOverrideEnabled=false isSystemFullscreenOverrideEnabled=false hasMinAspectRatioOverride=false topActivityLetterboxBounds=null cameraCompatTaskInfo=CameraCompatTaskInfo { freeformCameraCompatMode=undefined}} topActivityMainWindowFrame=null}, pipChange = null, remoteTransition = null, displayChange = null, flags = 0, debugId = 80 }
D/BackgroundInstallControlService(  677): Package event received: 0
--------- beginning of main
I/BpBinder(  511): onLastStrongRef automatically unlinking death recipients: 
D/ViewRootImpl( 1050): Skipping stats log for color mode
I/AppWidgetServiceImpl(  677): startListening() 0
D/StatsLog( 1050): LAUNCHER_ONRESUME
D/WindowManagerShell(  927): setLauncherKeepClearAreaHeight: visible=true, height=402
I/AppWidgetServiceImpl(  677): startListening() 0
D/OomAdjuster(  677): Not killing cached processes
W/IPCThreadState(  677): Sending oneway calls to frozen process.
I/BpBinder(  511): onLastStrongRef automatically unlinking death recipients: 
W/IPCThreadState(  677): Sending oneway calls to frozen process.
W/IPCThreadState(  677): Sending oneway calls to frozen process.
W/IPCThreadState(  677): Sending oneway calls to frozen process.
W/IPCThreadState(  677): Sending oneway calls to frozen process.
W/IPCThreadState(  677): Sending oneway calls to frozen process.
W/IPCThreadState(  677): Sending oneway calls to frozen process.
D/NexusLauncherModelDelegate( 1050): notifySmartspaceEvent: SmartspaceTargetEvent{mSmartspaceTarget=null, mSmartspaceActionId='null', mEventType=6}
W/IPCThreadState(  677): Sending oneway calls to frozen process.
W/InputDispatcher(  677): channel '8f6adbe com.penkra.canvas.fixture/com.penkra.canvas.fixture.MainActivity' ~ Consumer closed input channel or an error occurred.  events=0x9
E/InputDispatcher(  677): channel '8f6adbe com.penkra.canvas.fixture/com.penkra.canvas.fixture.MainActivity' ~ Channel is unrecoverably broken and will be disposed!
I/WindowManager(  677): WINDOW DIED Window{8f6adbe u0 com.penkra.canvas.fixture/com.penkra.canvas.fixture.MainActivity}
W/IPCThreadState(  677): Sending oneway calls to frozen process.
W/IPCThreadState(  677): Sending oneway calls to frozen process.
W/IPCThreadState(  677): Sending oneway calls to frozen process.
W/IPCThreadState(  677): Sending oneway calls to frozen process.
W/IPCThreadState(  677): Sending oneway calls to frozen process.
W/IPCThreadState(  677): Sending oneway calls to frozen process.
W/IPCThreadState(  677): Sending oneway calls to frozen process.
D/BackgroundInstallControlService(  677): Package event received: 0
W/IPCThreadState(  677): Sending oneway calls to frozen process.
W/IPCThreadState(  677): Sending oneway calls to frozen process.
I/adbd    (  521): Remote process closed the socket (on MSG_PEEK)
D/QuickstepModelDelegate( 1050): notifyAppTargetEvent action=1 launchLocation=workspace/0/[-1,-1]/[1,1]
I/Zygote  (  456): Process 5470 exited due to signal 9 (Killed)
W/IPCThreadState(  677): Sending oneway calls to frozen process.
W/IPCThreadState(  677): Sending oneway calls to frozen process.
W/IPCThreadState(  677): Sending oneway calls to frozen process.
W/IPCThreadState(  677): Sending oneway calls to frozen process.
W/IPCThreadState(  677): Sending oneway calls to frozen process.
W/IPCThreadState(  677): Sending oneway calls to frozen process.
W/IPCThreadState(  677): Sending oneway calls to frozen process.
I/netd    (  453): tetherGetStats() -> {[]} <0.85ms>
W/IPCThreadState(  677): Sending oneway calls to frozen process.
W/IPCThreadState(  677): Sending oneway calls to frozen process.
W/IPCThreadState(  677): Sending oneway calls to frozen process.
W/IPCThreadState(  677): Sending oneway calls to frozen process.
W/IPCThreadState(  677): Sending oneway calls to frozen process.
W/IPCThreadState(  677): Sending oneway calls to frozen process.
W/IPCThreadState(  677): Sending oneway calls to frozen process.
W/IPCThreadState(  677): Sending oneway calls to frozen process.
W/IPCThreadState(  677): Sending oneway calls to frozen process.
W/IPCThreadState(  677): Sending oneway calls to frozen process.
W/IPCThreadState(  677): Sending oneway calls to frozen process.
D/BaseDepthController( 1050): setSurface:
D/BaseDepthController( 1050): 	mWaitingOnSurfaceValidity: false
D/BaseDepthController( 1050): 	mBaseSurface: Surface(name=com.google.android.apps.nexuslauncher/com.google.android.apps.nexuslauncher.NexusLauncherActivity)/@0xccef783
W/IPCThreadState(  677): Sending oneway calls to frozen process.
W/IPCThreadState(  677): Sending oneway calls to frozen process.
W/IPCThreadState(  677): Sending oneway calls to frozen process.
W/IPCThreadState(  677): Sending oneway calls to frozen process.
I/ImeTracker(  677): com.penkra.canvas.fixture:2539563d: onRequestHide at ORIGIN_SERVER reason HIDE_REMOVE_CLIENT fromUser false
D/BackgroundInstallControlService(  677): Package event received: 0
I/ImeTracker(  677): com.penkra.canvas.fixture:2539563d: onCancelled at PHASE_SERVER_SHOULD_HIDE
I/WindowManager(  677): WIN DEATH: Window{8f6adbe u0 com.penkra.canvas.fixture/com.penkra.canvas.fixture.MainActivity EXITING}
I/AppsFilter(  677): interaction: PackageSetting{c11fd90 com.konsier.app.dev/10214} -> PackageSetting{88f5083 com.penkra.canvas.fixture/10217} BLOCKED
I/AppsFilter(  677): interaction: PackageSetting{ee5b68e com.penkra.canvas.qa.fonts/10219} -> PackageSetting{88f5083 com.penkra.canvas.fixture/10217} BLOCKED
I/AppsFilter(  677): interaction: PackageSetting{5422eaf com.penkra.canvas.qa.typomixed0606/10215} -> PackageSetting{88f5083 com.penkra.canvas.fixture/10217} BLOCKED
V/ActivityManager(  677): Got obituary of 5470:com.penkra.canvas.fixture
I/AiAiEcho( 1487): Predicting[0]:  [CONTEXT sampling_count=5 ]
I/AiAiEcho( 1487): EchoTargets: 
I/AiAiEcho( 1487): Filtered by AiAi flag check: 
I/AiAiEcho( 1487): [CONTEXT ratelimit_period="10 SECONDS" ]
I/AiAiEcho( 1487): #remoteViewsTwiddler: feature disabled.
I/AiAiEcho( 1487): #postPredictionTargets: Sending updates to UISurface home with targets# 0 (types=[])
I/NotificationListener( 1050): Handling notification state refresh for android#0
D/SsBaseTemplateCard( 1050): No text view can be set up
D/SsBaseTemplateCard( 1050): Passed-in item info is null
D/SsBaseTemplateCard( 1050): Passed-in item info is null
D/SsBaseTemplateCard( 1050): Passed-in item info is null
I/SsBaseTemplateCard( 1050): Secondary card pane is null
V/WindowManagerShell(  927): onTransitionReady(transaction=2907692861791)
V/WindowManagerShell(  927): onTransitionReady (#80) android.os.BinderProxy@fe1b27b: {id=80 t=CLOSE f=0x0 trk=0 r=[0@Point(0, 0)] c=[
V/WindowManagerShell(  927):         {m=TO_FRONT f=SHOW_WALLPAPER|MOVE_TO_TOP leash=Surface(name=Task=1)/@0x4a248f1 sb=Rect(0, 0 - 1080, 2400) eb=Rect(0, 0 - 1080, 2400) epz=Point(1080, 2400) d=0 taskParent=-1},
V/WindowManagerShell(  927):         {m=CLOSE f=NONE leash=Surface(name=Task=431)/@0x6b8acd6 sb=Rect(0, 0 - 1080, 2400) eb=Rect(0, 0 - 1080, 2400) epz=Point(1080, 2400) d=0 taskParent=-1},
V/WindowManagerShell(  927):         {m=TO_FRONT f=IS_WALLPAPER leash=Surface(name=WallpaperWindowToken{19b8f8f showWhenLocked=false})/@0x4cefb57 sb=Rect(0, 0 - 1080, 2400) eb=Rect(0, 0 - 1080, 2400) epz=Point(1080, 2400) d=0}
V/WindowManagerShell(  927):     ]}
V/WindowManagerShell(  927): Playing animation for (#80) android.os.BinderProxy@fe1b27b@0
V/ShellRecents(  927): RecentsTransitionHandler.startAnimation: no controller found
V/WindowManagerShell(  927): Transition doesn't have explicit remote, search filters for match for {id=80 t=CLOSE f=0x0 trk=0 r=[0@Point(0, 0)] c=[{m=TO_FRONT f=SHOW_WALLPAPER|MOVE_TO_TOP leash=Surface(name=Task=1)/@0x4a248f1 sb=Rect(0, 0 - 1080, 2400) eb=Rect(0, 0 - 1080, 2400) epz=Point(1080, 2400) d=0 taskParent=-1},{m=CLOSE f=NONE leash=Surface(name=Task=431)/@0x6b8acd6 sb=Rect(0, 0 - 1080, 2400) eb=Rect(0, 0 - 1080, 2400) epz=Point(1080, 2400) d=0 taskParent=-1},{m=TO_FRONT f=IS_WALLPAPER leash=Surface(name=WallpaperWindowToken{19b8f8f showWhenLocked=false})/@0x4cefb57 sb=Rect(0, 0 - 1080, 2400) eb=Rect(0, 0 - 1080, 2400) epz=Point(1080, 2400) d=0}]}
V/WindowManagerShell(  927):  Checking filter Pair{{types=[] flags=0x0] notFlags=0x0 checks=[{atype=undefined independent=true modes=[CLOSE,TO_BACK] flags=IN_TASK_WITH_EMBEDDED_ACTIVITY mustBeTask=false order=ANY topActivity=null launchCookie=null taskFragmentToken=android.os.BinderProxy@adfd7ce windowingMode=undefined}]} RemoteTransition { remoteTransition = android.window.IRemoteTransition$Stub$Proxy@c63d6ef, appThread = android.app.IApplicationThread$Stub$Proxy@dd985fc, debugName = overlayBackTransition }}
V/WindowManagerShell(  927):  Checking filter Pair{{types=[] flags=0x0] notFlags=0x0 checks=[{atype=dream independent=true modes=[OPEN,TO_FRONT] flags=NONE mustBeTask=false order=ANY topActivity=null launchCookie=null windowingMode=undefined},{atype=home independent=true modes=[CLOSE,TO_BACK] flags=NONE mustBeTask=false order=ANY topActivity=null launchCookie=null windowingMode=undefined}]} RemoteTransition { remoteTransition = android.window.IRemoteTransition$Stub$Proxy@9590485, appThread = android.app.IApplicationThread$Stub$Proxy@e25a2da, debugName = LauncherToDream }}
V/WindowManagerShell(  927):  Checking filter Pair{{types=[] flags=0x0] notFlags=0x100 checks=[{atype=home independent=true modes=[OPEN,TO_FRONT] flags=NONE mustBeTask=false order=TOP topActivity=ComponentInfo{com.google.android.apps.nexuslauncher/com.google.android.apps.nexuslauncher.NexusLauncherActivity} launchCookie=null windowingMode=undefined},{atype=standard independent=true modes=[CLOSE,TO_BACK] flags=NONE mustBeTask=false order=ANY topActivity=null launchCookie=null windowingMode=undefined},{NOT atype=undefined independent=true modes=[] flags=NONE mustBeTask=true order=ANY topActivity=null launchCookie=null customAnim=true windowingMode=undefined}]} RemoteTransition { remoteTransition = android.window.IRemoteTransition$Stub$Proxy@c40f30b, appThread = android.app.IApplicationThread$Stub$Proxy@73705e8, debugName = QuickstepLaunchHome }}
D/RemoteTransitionHandler(  927): Found filterPair{{types=[] flags=0x0] notFlags=0x100 checks=[{atype=home independent=true modes=[OPEN,TO_FRONT] flags=NONE mustBeTask=false order=TOP topActivity=ComponentInfo{com.google.android.apps.nexuslauncher/com.google.android.apps.nexuslauncher.NexusLauncherActivity} launchCookie=null windowingMode=undefined},{atype=standard independent=true modes=[CLOSE,TO_BACK] flags=NONE mustBeTask=false order=ANY topActivity=null launchCookie=null windowingMode=undefined},{NOT atype=undefined independent=true modes=[] flags=NONE mustBeTask=true order=ANY topActivity=null launchCookie=null customAnim=true windowingMode=undefined}]} RemoteTransition { remoteTransition = android.window.IRemoteTransition$Stub$Proxy@c40f30b, appThread = android.app.IApplicationThread$Stub$Proxy@73705e8, debugName = QuickstepLaunchHome }}
V/WindowManagerShell(  927):  Delegate animation for (#80) to RemoteTransition { remoteTransition = android.window.IRemoteTransition$Stub$Proxy@c40f30b, appThread = android.app.IApplicationThread$Stub$Proxy@73705e8, debugName = QuickstepLaunchHome }
I/libprocessgroup(  677): Removed cgroup /sys/fs/cgroup/apps/uid_10217/pid_5470
W/ActivityManager(  677): setHasOverlayUi called on unknown pid: 5470
I/AppWidgetServiceImpl(  677): Received broadcast: android.intent.action.PACKAGE_RESTARTED on user 0
I/AppWidgetServiceImpl(  677): Updating package stopped masked state for uid 10217 package com.penkra.canvas.fixture isStopped true
D/StateManager( 1050): createAtomicAnimation - fromState: Background, toState: Normal, partial trace:
D/StateManager( 1050): 	at com.android.quickstep.util.WorkspaceRevealAnim.prepareToAnimate(go/retraceme 43e00d9cd0eb17b3d9dd30fc1741b1c71445c4c0f7c8c9b81300265c86c5b873:22)
D/StateManager( 1050): 	at com.android.quickstep.util.WorkspaceRevealAnim.<init>(go/retraceme 43e00d9cd0eb17b3d9dd30fc1741b1c71445c4c0f7c8c9b81300265c86c5b873:11)
D/StateManager( 1050): 	at com.android.launcher3.QuickstepTransitionManager.createWallpaperOpenAnimations(go/retraceme 43e00d9cd0eb17b3d9dd30fc1741b1c71445c4c0f7c8c9b81300265c86c5b873:339)
D/b/311077782( 1050): LauncherAnimationRunner.setAnimation
D/CarrierSvcBindHelper( 1042): onHandleForceStop: [com.penkra.canvas.fixture]
I/system_server(  677): AssetManager2(0xb400007770052858) locale list changing from [] to [en-US]
D/CarrierSvcBindHelper( 1042): No carrier app for: 0
I/system_server(  677): AssetManager2(0xb400007770029b38) locale list changing from [] to [en-US]
V/WindowManagerShell(  927):  animated by com.android.wm.shell.transition.RemoteTransitionHandler@ee80a28
V/WindowManager(  677): Sent Transition (#80) createdAt=09-07 13:56:43.709 via request=TransitionRequestInfo { type = CLOSE, triggerTask = TaskInfo{userId=0 taskId=431 effectiveUid=10217 displayId=0 isRunning=false baseIntent=Intent { flg=0x10000000 cmp=com.penkra.canvas.fixture/.MainActivity } baseActivity=null topActivity=null origActivity=null realActivity=ComponentInfo{com.penkra.canvas.fixture/com.penkra.canvas.fixture.MainActivity} numActivities=0 lastActiveTime=264816 supportsMultiWindow=true resizeMode=1 isResizeable=true minWidth=-1 minHeight=-1 defaultMinSize=220 token=WCT{RemoteToken{69a06e0 Task{d016cac #431 type=standard A=10217:com.penkra.canvas.fixture}}} topActivityType=1 pictureInPictureParams=null shouldDockBigOverlays=false launchIntoPipHostTaskId=-1 lastParentTaskIdBeforePip=-1 displayCutoutSafeInsets=Rect(0, 0 - 0, 0) topActivityInfo=null launchCookies=[] positionInParent=Point(0, 0) parentTaskId=-1 isFocused=true isVisible=true isVisibleRequested=true isTopActivityNoDisplay=false isSleeping=false locusId=null displayAreaFeatureId=1 isTopActivityTransparent=false isActivityStackTransparent=true lastNonFullscreenBounds=Rect(278, 702 - 803, 1782) capturedLink=null capturedLinkTimestamp=0 requestedVisibleTypes=-9 topActivityRequestOpenInBrowserEducationTimestamp=0 appCompatTaskInfo=AppCompatTaskInfo { topActivityInSizeCompat=false eligibleForLetterboxEducation= false isLetterboxEducationEnabled= false isLetterboxDoubleTapEnabled= false eligibleForUserAspectRatioButton= false topActivityBoundsLetterboxed= false isFromLetterboxDoubleTap= false topActivityLetterboxVerticalPosition= -1 topActivityLetterboxHorizontalPosition= -1 topActivityLetterboxWidth=-1 topActivityLetterboxHeight=-1 topActivityAppBounds=Rect(0, 0 - 0, 0) isUserFullscreenOverrideEnabled=false isSystemFullscreenOverrideEnabled=false hasMinAspectRatioOverride=false topActivityLetterboxBounds=null cameraCompatTaskInfo=CameraCompatTaskInfo { freeformCameraCompatMode=undefined}} topActivityMainWindowFrame=null}, pipChange = null, remoteTransition = null, displayChange = null, flags = 0, debugId = 80 }
V/WindowManager(  677):     startWCT=WindowContainerTransaction { changes= {} hops= [] errorCallbackToken=null taskFragmentOrganizer=null }
D/ActivityManager(  677): sync unfroze 4157 com.google.android.googlequicksearchbox:search for 6
V/WindowManager(  677):     info={id=80 t=CLOSE f=0x0 trk=0 r=[0@Point(0, 0)] c=[
V/WindowManager(  677):         {WCT{RemoteToken{a8584bf Task{65ff867 #1 type=home}}} m=TO_FRONT f=SHOW_WALLPAPER|MOVE_TO_TOP leash=Surface(name=Task=1)/@0x724a548 sb=Rect(0, 0 - 1080, 2400) eb=Rect(0, 0 - 1080, 2400) epz=Point(1080, 2400) d=0 taskParent=-1},
V/WindowManager(  677):         {WCT{RemoteToken{69a06e0 Task{d016cac #431 type=standard A=10217:com.penkra.canvas.fixture}}} m=CLOSE f=NONE leash=Surface(name=Task=431)/@0x141cd12 sb=Rect(0, 0 - 1080, 2400) eb=Rect(0, 0 - 1080, 2400) epz=Point(1080, 2400) d=0 taskParent=-1},
V/WindowManager(  677):         {m=TO_FRONT f=IS_WALLPAPER leash=Surface(name=WallpaperWindowToken{19b8f8f showWhenLocked=false})/@0x2adf3eb sb=Rect(0, 0 - 1080, 2400) eb=Rect(0, 0 - 1080, 2400) epz=Point(1080, 2400) d=0}
V/WindowManager(  677):     ]}
V/WindowManager(  677): Unknown focus tokens, dropping reportFocusChanged
W/ActivityTaskManager(  677): Unable to send transaction to client proc com.penkra.canvas.fixture: no app thread
I/ImeTracker(  677): com.google.android.apps.nexuslauncher:e11bc1c0: onRequestHide at ORIGIN_SERVER reason HIDE_UNSPECIFIED_WINDOW fromUser false
I/RanchuHwc(  477): logCompositionFallbackIfChanged: layer 164 CompositionType fallback from 2 to 1
I/RanchuHwc(  477): logCompositionFallbackIfChanged: layer 163 CompositionType fallback from 2 to 1
I/GoogleInputMethodService( 1397): GoogleInputMethodService.onFinishInput():2043 
D/InsetsController( 1050): hide(ime(), fromIme=false)
I/ImeTracker( 1050): com.google.android.apps.nexuslauncher:e11bc1c0: onCancelled at PHASE_CLIENT_ALREADY_HIDDEN
I/Module  ( 1397): DeviceLockedStatusModuleProvider$Module.updateDeviceLockedStatus():100 repeatCheckTimes = 0, locked = false
I/GoogleInputMethodService( 1397): GoogleInputMethodService.onStartInput():1293 onStartInput(EditorInfo{EditorInfo{packageName=com.google.android.apps.nexuslauncher, inputType=0, inputTypeString=NULL, enableLearning=false, autoCorrection=false, autoComplete=false, imeOptions=0, privateImeOptions=null, actionName=UNSPECIFIED, actionLabel=null, initialSelStart=-1, initialSelEnd=-1, initialCapsMode=0, label=null, fieldId=0, fieldName=null, extras=null, hintText=null, hintLocales=[]}}, false)
I/Module  ( 1397): DeviceLockedStatusModuleProvider$Module.updateDeviceLockedStatus():100 repeatCheckTimes = 1, locked = false
I/EmojiCompatManager( 1397): EmojiCompatManager.getEmojiCompatIfLoaded():343 EmojiCompat.init() was never called.
I/EmojiCompatManager( 1397): java.lang.IllegalStateException: EmojiCompat is not initialized. Please call EmojiCompat.init() first
I/EmojiCompatManager( 1397): 	at asx.p(PG:6)
I/EmojiCompatManager( 1397): 	at axb.b(PG:13)
I/EmojiCompatManager( 1397): 	at jnr.b(PG:2)
I/EmojiCompatManager( 1397): 	at jnr.c(PG:4)
I/EmojiCompatManager( 1397): 	at jnr.f(PG:3)
I/EmojiCompatManager( 1397): 	at jnx.c(PG:3)
I/EmojiCompatManager( 1397): 	at kif.cz(PG:47)
I/EmojiCompatManager( 1397): 	at lhl.run(PG:1025)
I/EmojiCompatManager( 1397): 	at jaf.execute(PG:12)
I/EmojiCompatManager( 1397): 	at nco.v(PG:13)
I/EmojiCompatManager( 1397): 	at lhn.m(PG:96)
I/EmojiCompatManager( 1397): 	at lhn.k(PG:25)
I/EmojiCompatManager( 1397): 	at kgn.onStartInput(PG:250)
I/EmojiCompatManager( 1397): 	at android.inputmethodservice.InputMethodService.doStartInput(InputMethodService.java:3521)
I/EmojiCompatManager( 1397): 	at android.inputmethodservice.InputMethodService$InputMethodImpl.startInput(InputMethodService.java:879)
I/EmojiCompatManager( 1397): 	at android.inputmethodservice.InputMethodService$InputMethodImpl.dispatchStartInput(InputMethodService.java:908)
I/EmojiCompatManager( 1397): 	at android.inputmethodservice.IInputMethodWrapper.executeMessage(IInputMethodWrapper.java:201)
I/EmojiCompatManager( 1397): 	at com.android.internal.os.HandlerCaller$MyHandler.handleMessage(HandlerCaller.java:44)
I/EmojiCompatManager( 1397): 	at android.os.Handler.dispatchMessage(Handler.java:110)
I/EmojiCompatManager( 1397): 	at android.os.Looper.loopOnce(Looper.java:248)
I/EmojiCompatManager( 1397): 	at android.os.Looper.loop(Looper.java:338)
I/EmojiCompatManager( 1397): 	at android.app.ActivityThread.main(ActivityThread.java:9067)
I/EmojiCompatManager( 1397): 	at java.lang.reflect.Method.invoke(Native Method)
I/EmojiCompatManager( 1397): 	at com.android.internal.os.RuntimeInit$MethodAndArgsCaller.run(RuntimeInit.java:593)
I/EmojiCompatManager( 1397): 	at com.android.internal.os.ZygoteInit.main(ZygoteInit.java:932)
I/axea    ( 4157): (REDACTED) Starting %s background task %s.
I/ImeTracker(  677): system_server:92f36df9: onRequestHide at ORIGIN_SERVER reason IME_REQUESTED_CHANGED_LISTENER fromUser false
W/PackageConfigPersister(  677): App-specific configuration not found for packageName: com.google.android.apps.nexuslauncher and userId: 0
I/ImeTracker(  677): system_server:92f36df9: onCancelled at PHASE_SERVER_SHOULD_HIDE
I/s.nexuslauncher( 1050): NativeAlloc concurrent mark compact GC freed 2157KB AllocSpace bytes, 10(520KB) LOS objects, 49% free, 7012KB/13MB, paused 116us,5.480ms total 38.480ms
W/System  ( 1050): A resource failed to call release. 
W/System  ( 1050): A resource failed to call release. 
W/System  ( 1050): A resource failed to call release. 
W/System  ( 1050): A resource failed to call release. 
W/System  ( 1050): A resource failed to call release. 
W/System  ( 1050): A resource failed to call release. 
W/System  ( 1050): A resource failed to call release. 
W/System  ( 1050): A resource failed to call release. 
W/System  ( 1050): A resource failed to call release. 
W/ActivityTaskManager(  677): callingPackage for (uid=2000, pid=5526) has no WPC
V/GrammaticalInflectionUtils(  677): AttributionSource: AttributionSource { uid = 10217, packageName = null, attributionTag = null, token = android.os.Binder@544e582, deviceId = 0, next = null } does not have READ_SYSTEM_GRAMMATICAL_GENDER permission.
W/OptProp (  677): Cannot read opt property android.window.PROPERTY_COMPAT_ALLOW_USER_ASPECT_RATIO_OVERRIDE
W/OptProp (  677): Cannot read opt property android.window.PROPERTY_COMPAT_ALLOW_USER_ASPECT_RATIO_FULLSCREEN_OVERRIDE
W/OptProp (  677): Cannot read opt property android.window.PROPERTY_COMPAT_ALLOW_RESIZEABLE_ACTIVITY_OVERRIDES
W/OptProp (  677): Cannot read opt property android.window.PROPERTY_COMPAT_ALLOW_MIN_ASPECT_RATIO_OVERRIDE
W/OptProp (  677): Cannot read opt property android.window.PROPERTY_COMPAT_ALLOW_ORIENTATION_OVERRIDE
V/SplashScreenExceptionList(  677): SplashScreen checking exception for package com.penkra.canvas.fixture (target sdk:35) -> false
I/ActivityTaskManager(  677): Add Task{d016cac #431 type=standard A=10217:com.penkra.canvas.fixture} to hidden list because adding Task{68f4f7f #432 type=standard A=10217:com.penkra.canvas.fixture}
I/ActivityTaskManager(  677): START u0 {flg=0x10000000 xflg=0x5 cmp=com.penkra.canvas.fixture/.MainActivity (has extras)} with LAUNCH_MULTIPLE from uid 2000 (BAL_ALLOW_PERMISSION) result code=0
V/WindowManagerShell(  927): Transition requested (#81): android.os.BinderProxy@a8d89dc TransitionRequestInfo { type = OPEN, triggerTask = TaskInfo{userId=0 taskId=432 effectiveUid=10217 displayId=0 isRunning=true baseIntent=Intent { flg=0x10000000 cmp=com.penkra.canvas.fixture/.MainActivity } baseActivity=ComponentInfo{com.penkra.canvas.fixture/com.penkra.canvas.fixture.MainActivity} topActivity=ComponentInfo{com.penkra.canvas.fixture/com.penkra.canvas.fixture.MainActivity} origActivity=null realActivity=ComponentInfo{com.penkra.canvas.fixture/com.penkra.canvas.fixture.MainActivity} numActivities=1 lastActiveTime=271271 supportsMultiWindow=true resizeMode=1 isResizeable=true minWidth=-1 minHeight=-1 defaultMinSize=220 token=WCT{android.window.IWindowContainerToken$Stub$Proxy@a6ceae5} topActivityType=1 pictureInPictureParams=null shouldDockBigOverlays=false launchIntoPipHostTaskId=-1 lastParentTaskIdBeforePip=-1 displayCutoutSafeInsets=Rect(0, 132 - 0, 0) topActivityInfo=ActivityInfo{20ff9ba com.penkra.canvas.fixture.MainActivity} launchCookies=[] positionInParent=Point(0, 0) parentTaskId=-1 isFocused=false isVisible=false isVisibleRequested=false isTopActivityNoDisplay=false isSleeping=false locusId=null displayAreaFeatureId=1 isTopActivityTransparent=false isActivityStackTransparent=false lastNonFullscreenBounds=Rect(278, 702 - 803, 1782) capturedLink=null capturedLinkTimestamp=0 requestedVisibleTypes=-9 topActivityRequestOpenInBrowserEducationTimestamp=0 appCompatTaskInfo=AppCompatTaskInfo { topActivityInSizeCompat=false eligibleForLetterboxEducation= false isLetterboxEducationEnabled= true isLetterboxDoubleTapEnabled= false eligibleForUserAspectRatioButton= false topActivityBoundsLetterboxed= false isFromLetterboxDoubleTap= false topActivityLetterboxVerticalPosition= -1 topActivityLetterboxHorizontalPosition= -1 topActivityLetterboxWidth=-1 topActivityLetterboxHeight=-1 topActivityAppBounds=Rect(0, 0 - 1080, 2400) isUserFullscreenOverrideEnabled=false isSystemFullscreenOverrideEnabled=false hasMinAspectRatioOverride=false topActivityLetterboxBounds=null cameraCompatTaskInfo=CameraCompatTaskInfo { freeformCameraCompatMode=inactive}} topActivityMainWindowFrame=null}, pipChange = null, remoteTransition = null, displayChange = null, flags = 0, debugId = 81 }
D/ShellSplitScreen(  927): logExit: no-op, mLoggerSessionId is null
W/ActivityTaskManager(  677): Unable to send transaction to client proc com.penkra.canvas.fixture: no app thread
D/CompatChangeReporter(  677): Compat change id reported: 309578419; UID 10217; state: ENABLED
V/GrammaticalInflectionUtils(  677): AttributionSource: AttributionSource { uid = 10217, packageName = null, attributionTag = null, token = android.os.Binder@544e582, deviceId = 0, next = null } does not have READ_SYSTEM_GRAMMATICAL_GENDER permission.
W/SplitSelectStateCtor( 1050): Missing session instanceIds
D/StatsLog( 1050): LAUNCHER_SPLIT_SELECTION_EXIT_INTERRUPTED
W/aefw    ( 4157): Account id is not cached
D/WindowManagerShell(  927): setLauncherKeepClearAreaHeight: visible=false, height=402
I/AppsFilter(  677): interaction: PackageSetting{c11fd90 com.konsier.app.dev/10214} -> PackageSetting{d53649b com.penkra.canvas.fixture/10217} BLOCKED
I/AppsFilter(  677): interaction: PackageSetting{ee5b68e com.penkra.canvas.qa.fonts/10219} -> PackageSetting{d53649b com.penkra.canvas.fixture/10217} BLOCKED
I/AppsFilter(  677): interaction: PackageSetting{5422eaf com.penkra.canvas.qa.typomixed0606/10215} -> PackageSetting{d53649b com.penkra.canvas.fixture/10217} BLOCKED
I/avxj    ( 4157): Using pair HTTP connection
I/acup    ( 4157): [Upload] Connected
W/HWUI    (  927): Image decoding logging dropped!
D/SplashScreenView(  927): Build android.window.SplashScreenView{5af6847 V.E...... ......ID 0,0-0,0}
D/SplashScreenView(  927): Icon: view: android.widget.ImageView{b5f3874 V.ED..... ......I. 0,0-0,0 #1020542 android:id/splashscreen_icon_view} drawable: com.android.wm.shell.startingsurface.SplashscreenIconDrawableFactory$ImmobileIconDrawable@876919d size: 320
D/SplashScreenView(  927): Branding: view: android.view.View{7480612 G.ED..... ......I. 0,0-0,0 #1020541 android:id/splashscreen_branding_view} drawable: null size w: 0 h: 0
I/WifiService(  677): getWifiEnabledState uid=10147 state=3
I/AppWidgetServiceImpl(  677): Received broadcast: android.intent.action.PACKAGE_UNSTOPPED on user 0
I/AppWidgetServiceImpl(  677): Updating package stopped masked state for uid 10217 package com.penkra.canvas.fixture isStopped false
D/BackgroundInstallControlService(  677): Package event received: 0
D/Zygote  (  456): Forked child process 5529
I/ActivityManager(  677): Start proc 5529:com.penkra.canvas.fixture/u0a217 for next-top-activity {com.penkra.canvas.fixture/com.penkra.canvas.fixture.MainActivity}
I/.canvas.fixture( 5529): Late-enabling -Xcheck:jni
I/ActivityManager(  677): ProcessObserver broadcast disabled
E/rya     ( 4157): onError
E/rya     ( 4157): ahif: errorCode: 65561, engine: 2
E/rya     ( 4157): 	at avxl.a(PG:23)
E/rya     ( 4157): 	at acul.hp(PG:13)
E/rya     ( 4157): 	at gifa.e(PG:9)
E/rya     ( 4157): 	at aino.d(PG:156)
E/rya     ( 4157): 	at aino.iJ(PG:26)
E/rya     ( 4157): 	at acum.c(PG:104)
E/rya     ( 4157): 	at acun.run(PG:1)
E/rya     ( 4157): 	at java.util.concurrent.Executors$RunnableAdapter.call(Executors.java:524)
E/rya     ( 4157): 	at java.util.concurrent.FutureTask.run(FutureTask.java:317)
E/rya     ( 4157): 	at ahte.run(PG:37)
E/rya     ( 4157): 	at ahuc.run(PG:3)
E/rya     ( 4157): 	at ahuc.run(PG:3)
E/rya     ( 4157): 	at java.util.concurrent.ThreadPoolExecutor.runWorker(ThreadPoolExecutor.java:1156)
E/rya     ( 4157): 	at java.util.concurrent.ThreadPoolExecutor$Worker.run(ThreadPoolExecutor.java:651)
E/rya     ( 4157): 	at java.lang.Thread.run(Thread.java:1119)
E/rya     ( 4157): 	at ahst.run(PG:44)
E/rya     ( 4157): Caused by: ahih: errorCode: 65586, engine: 2
E/rya     ( 4157): 	at acul.hp(PG:6)
E/rya     ( 4157): 	... 14 more
E/rya     ( 4157): Caused by: ahid: errorCode: 401, engine: 2
E/rya     ( 4157): 	at rxx.b(PG:30)
E/rya     ( 4157): 	at acvi.hx(PG:11)
E/rya     ( 4157): 	at aino.d(PG:131)
E/rya     ( 4157): 	... 12 more
I/avxj    ( 4157): Using pair HTTP connection
I/.canvas.fixture( 5529): Using CollectorTypeCMC GC.
I/acup    ( 4157): [Upload] Connected
I/adbd    (  521): jdwp connection from 5529
I/WifiService(  677): getWifiEnabledState uid=10147 state=3
W/rln     ( 4157): Failed to sync device settings.
I/rln     ( 4157): Retrying to sync device settings.
W/JobInfo ( 4157): Job 'com.google.android.googlequicksearchbox/com.google.android.apps.gsa.tasks.BackgroundTasksJobService#-353' has a deadline with functional constraints and an extremely short time window of 0 ms (delay=240000, deadline=240000). The functional constraints are not likely to be satisfied when the job runs.
W/JobInfo (  677): Job 'com.google.android.googlequicksearchbox/com.google.android.apps.gsa.tasks.BackgroundTasksJobService#-353' has a deadline with functional constraints and an extremely short time window of 0 ms (delay=240000, deadline=240000). The functional constraints are not likely to be satisfied when the job runs.
W/JobInfo (  677): Job 'com.google.android.googlequicksearchbox/com.google.android.apps.gsa.tasks.BackgroundTasksJobService#-353' has a deadline with functional constraints and an extremely short time window of 0 ms (delay=240000, deadline=240000). The functional constraints are not likely to be satisfied when the job runs.
D/nativeloader( 5529): Load libframework-connectivity-tiramisu-jni.so using APEX ns com_android_tethering for caller /apex/com.android.tethering/javalib/framework-connectivity-t.jar: ok
I/WifiService(  677): isFeatureSupported uid=1000 returns [WIFI_FEATURE_INFRA, WIFI_FEATURE_P2P, WIFI_FEATURE_MOBILE_HOTSPOT, WIFI_FEATURE_WPA3_SAE, WIFI_FEATURE_WPA3_SUITE_B, WIFI_FEATURE_OWE, WIFI_FEATURE_DPP, WIFI_FEATURE_AP_RAND_MAC, WIFI_FEATURE_MBO, WIFI_FEATURE_FILS_SHA256, WIFI_FEATURE_FILS_SHA384, WIFI_FEATURE_SAE_PK, WIFI_FEATURE_DPP_ENROLLEE_RESPONDER, WIFI_FEATURE_PASSPOINT_TERMS_AND_CONDITIONS, WIFI_FEATURE_WFD_R2, WIFI_FEATURE_DECORATED_IDENTITY, WIFI_FEATURE_TRUST_ON_FIRST_USE, WIFI_FEATURE_SET_TLS_MINIMUM_VERSION, WIFI_FEATURE_TLS_V1_3, WIFI_FEATURE_WEP, WIFI_FEATURE_WPA_PERSONAL]
W/JobScheduler(  677): Job didn't exist in JobStore: 7cf691f #u0a147/-353 com.google.android.googlequicksearchbox/com.google.android.apps.gsa.tasks.BackgroundTasksJobService
D/BackgroundInstallControlService(  677): Package event received: 0
D/CoreBackPreview(  677): Window{694654e u0 Splash Screen com.penkra.canvas.fixture}: Setting back callback OnBackInvokedCallbackInfo{mCallback=android.window.IOnBackInvokedCallback$Stub$Proxy@b92aa8b, mPriority=0, mIsAnimationCallback=false, mOverrideBehavior=0}
I/BpBinder(  511): onLastStrongRef automatically unlinking death recipients: 
V/WindowManager(  677): Sent Transition (#81) createdAt=09-07 13:56:43.827 via request=TransitionRequestInfo { type = OPEN, triggerTask = TaskInfo{userId=0 taskId=432 effectiveUid=10217 displayId=0 isRunning=true baseIntent=Intent { flg=0x10000000 cmp=com.penkra.canvas.fixture/.MainActivity } baseActivity=ComponentInfo{com.penkra.canvas.fixture/com.penkra.canvas.fixture.MainActivity} topActivity=ComponentInfo{com.penkra.canvas.fixture/com.penkra.canvas.fixture.MainActivity} origActivity=null realActivity=ComponentInfo{com.penkra.canvas.fixture/com.penkra.canvas.fixture.MainActivity} numActivities=1 lastActiveTime=271271 supportsMultiWindow=true resizeMode=1 isResizeable=true minWidth=-1 minHeight=-1 defaultMinSize=220 token=WCT{RemoteToken{9ff5214 Task{68f4f7f #432 type=standard A=10217:com.penkra.canvas.fixture}}} topActivityType=1 pictureInPictureParams=null shouldDockBigOverlays=false launchIntoPipHostTaskId=-1 lastParentTaskIdBeforePip=-1 displayCutoutSafeInsets=Rect(0, 132 - 0, 0) topActivityInfo=ActivityInfo{d9cc8b2 com.penkra.canvas.fixture.MainActivity} launchCookies=[] positionInParent=Point(0, 0) parentTaskId=-1 isFocused=false isVisible=false isVisibleRequested=false isTopActivityNoDisplay=false isSleeping=false locusId=null displayAreaFeatureId=1 isTopActivityTransparent=false isActivityStackTransparent=false lastNonFullscreenBounds=Rect(278, 702 - 803, 1782) capturedLink=null capturedLinkTimestamp=0 requestedVisibleTypes=-9 topActivityRequestOpenInBrowserEducationTimestamp=0 appCompatTaskInfo=AppCompatTaskInfo { topActivityInSizeCompat=false eligibleForLetterboxEducation= false isLetterboxEducationEnabled= true isLetterboxDoubleTapEnabled= false eligibleForUserAspectRatioButton= false topActivityBoundsLetterboxed= false isFromLetterboxDoubleTap= false topActivityLetterboxVerticalPosition= -1 topActivityLetterboxHorizontalPosition= -1 topActivityLetterboxWidth=-1 topActivityLetterboxHeight=-1 topActivityAppBounds=Rect(0, 0 - 1080, 2400) isUserFullscreenOverrideEnabled=false isSystemFullscreenOverrideEnabled=false hasMinAspectRatioOverride=false topActivityLetterboxBounds=null cameraCompatTaskInfo=CameraCompatTaskInfo { freeformCameraCompatMode=inactive}} topActivityMainWindowFrame=null}, pipChange = null, remoteTransition = null, displayChange = null, flags = 0, debugId = 81 }
V/WindowManager(  677):     startWCT=WindowContainerTransaction { changes= {} hops= [] errorCallbackToken=null taskFragmentOrganizer=null }
V/WindowManagerShell(  927): onTransitionReady(transaction=2907692861807)
V/WindowManager(  677):     info={id=81 t=OPEN f=0x0 trk=0 r=[0@Point(0, 0)] c=[
V/WindowManager(  677):         {WCT{RemoteToken{9ff5214 Task{68f4f7f #432 type=standard A=10217:com.penkra.canvas.fixture}}} m=OPEN f=NONE leash=Surface(name=Task=432)/@0xf91a781 sb=Rect(0, 0 - 1080, 2400) eb=Rect(0, 0 - 1080, 2400) epz=Point(1080, 2400) d=0 taskParent=-1},
V/WindowManager(  677):         {WCT{RemoteToken{a8584bf Task{65ff867 #1 type=home}}} m=TO_BACK f=SHOW_WALLPAPER leash=Surface(name=Task=1)/@0x724a548 sb=Rect(0, 0 - 1080, 2400) eb=Rect(0, 0 - 1080, 2400) epz=Point(1080, 2400) d=0 taskParent=-1},
V/WindowManager(  677):         {m=TO_BACK f=IS_WALLPAPER leash=Surface(name=WallpaperWindowToken{19b8f8f showWhenLocked=false})/@0x2adf3eb sb=Rect(0, 0 - 1080, 2400) eb=Rect(0, 0 - 1080, 2400) epz=Point(1080, 2400) d=0}
V/WindowManager(  677):     ]}
V/WindowManagerShell(  927): onTransitionReady (#81) android.os.BinderProxy@a8d89dc: {id=81 t=OPEN f=0x0 trk=0 r=[0@Point(0, 0)] c=[
V/WindowManagerShell(  927):         {m=OPEN f=NONE leash=Surface(name=Task=432)/@0x37ba6a4 sb=Rect(0, 0 - 1080, 2400) eb=Rect(0, 0 - 1080, 2400) epz=Point(1080, 2400) d=0 taskParent=-1},
V/WindowManagerShell(  927):         {m=TO_BACK f=SHOW_WALLPAPER leash=Surface(name=Task=1)/@0xf441c0d sb=Rect(0, 0 - 1080, 2400) eb=Rect(0, 0 - 1080, 2400) epz=Point(1080, 2400) d=0 taskParent=-1},
V/WindowManagerShell(  927):         {m=TO_BACK f=IS_WALLPAPER leash=Surface(name=WallpaperWindowToken{19b8f8f showWhenLocked=false})/@0xf9a17c2 sb=Rect(0, 0 - 1080, 2400) eb=Rect(0, 0 - 1080, 2400) epz=Point(1080, 2400) d=0}
V/WindowManagerShell(  927):     ]}
V/WindowManagerShell(  927): Transition (#81) android.os.BinderProxy@a8d89dc@0 ready while (#80) android.os.BinderProxy@fe1b27b@0 is still animating. Notify the animating transition in case they can be merged
V/WindowManagerShell(  927):    Merge into remote: RemoteTransition { remoteTransition = android.window.IRemoteTransition$Stub$Proxy@c40f30b, appThread = android.app.IApplicationThread$Stub$Proxy@73705e8, debugName = QuickstepLaunchHome }
V/WindowManagerShell(  927): Transition animation finished (aborted=false), notifying core (#80) android.os.BinderProxy@fe1b27b@0
V/WindowManager(  677): Finish Transition (#80): created at 09-07 13:56:43.709 collect-started=0.029ms request-sent=0.085ms started=6.363ms ready=26.771ms sent=27.779ms commit=35.325ms finished=247.325ms
E/IPCThreadState(  677): Binder transaction failure. id: 225721, BR_*: 29189, error: -22 (Invalid argument)
W/ActivityManager(  677): pid 677 system sent binder code 7 with flags 1 to frozen apps and got error -32
D/ActivityManager(  677): Too many transaction errors, throttling freezer binder callback.
W/WindowManager(  677): Exception thrown during dispatchAppVisibility Window{8f6adbe u0 com.penkra.canvas.fixture/com.penkra.canvas.fixture.MainActivity EXITING}
W/WindowManager(  677): android.os.DeadObjectException
W/WindowManager(  677): 	at android.os.BinderProxy.transactNative(Native Method)
W/WindowManager(  677): 	at android.os.BinderProxy.transact(BinderProxy.java:592)
W/WindowManager(  677): 	at android.view.IWindow$Stub$Proxy.dispatchAppVisibility(IWindow.java:557)
W/WindowManager(  677): 	at com.android.server.wm.WindowState.sendAppVisibilityToClients(WindowState.java:3151)
W/WindowManager(  677): 	at com.android.server.wm.WindowContainer.sendAppVisibilityToClients(WindowContainer.java:1311)
W/WindowManager(  677): 	at com.android.server.wm.WindowToken.setClientVisible(WindowToken.java:389)
W/WindowManager(  677): 	at com.android.server.wm.ActivityRecord.setClientVisible(ActivityRecord.java:6650)
W/WindowManager(  677): 	at com.android.server.wm.ActivityRecord.commitVisibility(ActivityRecord.java:5561)
W/WindowManager(  677): 	at com.android.server.wm.Transition.finishTransition(Transition.java:1391)
W/WindowManager(  677): 	at com.android.server.wm.TransitionController.finishTransition(TransitionController.java:1029)
W/WindowManager(  677): 	at com.android.server.wm.WindowOrganizerController.finishTransition(WindowOrganizerController.java:496)
W/WindowManager(  677): 	at android.window.IWindowOrganizerController$Stub.onTransact(IWindowOrganizerController.java:261)
W/WindowManager(  677): 	at com.android.server.wm.WindowOrganizerController.onTransact(WindowOrganizerController.java:223)
W/WindowManager(  677): 	at android.os.Binder.execTransactInternal(Binder.java:1426)
W/WindowManager(  677): 	at android.os.Binder.execTransact(Binder.java:1365)
W/Process (  677): Unable to open /proc/5470/status
--------- beginning of kernel
I/binder  ( 1101): 1101:677 cannot find target node
I/binder  ( 1101): 677:1101 transaction async to 0:0 failed 225721/29189/-22, size 64-0 line 3348
V/WindowManagerShell(  927): Playing animation for (#81) android.os.BinderProxy@a8d89dc@0
V/ShellRecents(  927): RecentsTransitionHandler.startAnimation: no controller found
V/WindowManagerShell(  927): Transition doesn't have explicit remote, search filters for match for {id=81 t=OPEN f=0x0 trk=0 r=[0@Point(0, 0)] c=[{m=OPEN f=NONE leash=Surface(name=Task=432)/@0x37ba6a4 sb=Rect(0, 0 - 1080, 2400) eb=Rect(0, 0 - 1080, 2400) epz=Point(1080, 2400) d=0 taskParent=-1},{m=TO_BACK f=SHOW_WALLPAPER leash=Surface(name=Task=1)/@0xf441c0d sb=Rect(0, 0 - 1080, 2400) eb=Rect(0, 0 - 1080, 2400) epz=Point(1080, 2400) d=0 taskParent=-1},{m=TO_BACK f=IS_WALLPAPER leash=Surface(name=WallpaperWindowToken{19b8f8f showWhenLocked=false})/@0xf9a17c2 sb=Rect(0, 0 - 1080, 2400) eb=Rect(0, 0 - 1080, 2400) epz=Point(1080, 2400) d=0}]}
V/WindowManagerShell(  927):  Checking filter Pair{{types=[] flags=0x0] notFlags=0x0 checks=[{atype=undefined independent=true modes=[CLOSE,TO_BACK] flags=IN_TASK_WITH_EMBEDDED_ACTIVITY mustBeTask=false order=ANY topActivity=null launchCookie=null taskFragmentToken=android.os.BinderProxy@adfd7ce windowingMode=undefined}]} RemoteTransition { remoteTransition = android.window.IRemoteTransition$Stub$Proxy@c63d6ef, appThread = android.app.IApplicationThread$Stub$Proxy@dd985fc, debugName = overlayBackTransition }}
V/WindowManagerShell(  927):  Checking filter Pair{{types=[] flags=0x0] notFlags=0x0 checks=[{atype=dream independent=true modes=[OPEN,TO_FRONT] flags=NONE mustBeTask=false order=ANY topActivity=null launchCookie=null windowingMode=undefined},{atype=home independent=true modes=[CLOSE,TO_BACK] flags=NONE mustBeTask=false order=ANY topActivity=null launchCookie=null windowingMode=undefined}]} RemoteTransition { remoteTransition = android.window.IRemoteTransition$Stub$Proxy@9590485, appThread = android.app.IApplicationThread$Stub$Proxy@e25a2da, debugName = LauncherToDream }}
V/WindowManagerShell(  927):  Checking filter Pair{{types=[] flags=0x0] notFlags=0x100 checks=[{atype=home independent=true modes=[OPEN,TO_FRONT] flags=NONE mustBeTask=false order=TOP topActivity=ComponentInfo{com.google.android.apps.nexuslauncher/com.google.android.apps.nexuslauncher.NexusLauncherActivity} launchCookie=null windowingMode=undefined},{atype=standard independent=true modes=[CLOSE,TO_BACK] flags=NONE mustBeTask=false order=ANY topActivity=null launchCookie=null windowingMode=undefined},{NOT atype=undefined independent=true modes=[] flags=NONE mustBeTask=true order=ANY topActivity=null launchCookie=null customAnim=true windowingMode=undefined}]} RemoteTransition { remoteTransition = android.window.IRemoteTransition$Stub$Proxy@c40f30b, appThread = android.app.IApplicationThread$Stub$Proxy@73705e8, debugName = QuickstepLaunchHome }}
V/WindowManagerShell(  927):  Delegate animation for (#81) to null
V/WindowManagerShell(  927): start default transition animation, info = {id=81 t=OPEN f=0x0 trk=0 r=[0@Point(0, 0)] c=[{m=OPEN f=NONE leash=Surface(name=Task=432)/@0x37ba6a4 sb=Rect(0, 0 - 1080, 2400) eb=Rect(0, 0 - 1080, 2400) epz=Point(1080, 2400) d=0 taskParent=-1},{m=TO_BACK f=SHOW_WALLPAPER leash=Surface(name=Task=1)/@0xf441c0d sb=Rect(0, 0 - 1080, 2400) eb=Rect(0, 0 - 1080, 2400) epz=Point(1080, 2400) d=0 taskParent=-1},{m=TO_BACK f=IS_WALLPAPER leash=Surface(name=WallpaperWindowToken{19b8f8f showWhenLocked=false})/@0xf9a17c2 sb=Rect(0, 0 - 1080, 2400) eb=Rect(0, 0 - 1080, 2400) epz=Point(1080, 2400) d=0}]}
V/WindowManagerShell(  927): loadAnimation: anim=android.view.animation.AnimationSet@2236c09 animAttr=0x13 type=OPEN isEntrance=false
V/WindowManagerShell(  927): loadAnimation: anim=android.view.animation.AnimationSet@bf5ee0e animAttr=0x12 type=OPEN isEntrance=true
V/WindowManagerShell(  927):  animated by com.android.wm.shell.transition.DefaultTransitionHandler@d69f2bf
D/RecentsView( 1050): onTaskRemoved: 431, not handling task stack changes
D/RecentsView( 1050): onTaskRemoved: 431, not handling task stack changes
E/BpTransactionCompletedListener(  511): Failed to transact (-32)
D/WorkspaceRevealAnim( 1050): onAnimationEnd: workspace alpha = 1.0
D/nativeloader( 5529): Configuring clns-9 for other apk /data/app/~~XiF5IjFWBQZSqhr54nrKdA==/com.penkra.canvas.fixture-JMXL4nWTNIMbvXoGypvByg==/base.apk. target_sdk_version=35, uses_libraries=, library_path=/data/app/~~XiF5IjFWBQZSqhr54nrKdA==/com.penkra.canvas.fixture-JMXL4nWTNIMbvXoGypvByg==/lib/arm64:/data/app/~~XiF5IjFWBQZSqhr54nrKdA==/com.penkra.canvas.fixture-JMXL4nWTNIMbvXoGypvByg==/base.apk!/lib/arm64-v8a, permitted_path=/data:/mnt/expand:/data/user/0/com.penkra.canvas.fixture
D/CompatChangeReporter( 5529): Compat change id reported: 202956589; UID 10217; state: ENABLED
I/.canvas.fixture( 5529): AssetManager2(0xb40000777000e298) locale list changing from [] to [en-US]
V/WindowManagerShell(  927): Transition animation finished (aborted=false), notifying core (#81) android.os.BinderProxy@a8d89dc@0
V/GraphicsEnvironment( 5529): Currently set values for:
V/GraphicsEnvironment( 5529):   angle_gl_driver_selection_pkgs=[]
V/GraphicsEnvironment( 5529):   angle_gl_driver_selection_values=[]
V/GraphicsEnvironment( 5529): com.penkra.canvas.fixture is not listed in per-application setting
V/GraphicsEnvironment( 5529): ANGLE allowlist from config: com.dreamgames.royalmatch com.dts.freefiremax com.dxx.firenow com.gramgames.mergedragons com.ludo.king com.mojang.minecraftpe com.my.defense com.nintendo.zaka com.os.airforce com.playrix.fishdomdd.gplay io.teslatech.callbreak jp.konami.prospia net.peakgames.toonblast
V/GraphicsEnvironment( 5529): com.penkra.canvas.fixture is not listed in ANGLE allowlist or settings, returning default
V/GraphicsEnvironment( 5529): Neither updatable production driver nor prerelease driver is supported.
V/WindowManager(  677): Finish Transition (#81): created at 09-07 13:56:43.827 collect-started=0.017ms request-sent=3.302ms started=4.863ms ready=119.686ms sent=120.658ms commit=20.07ms finished=425.18ms
D/VRI[NexusLauncherActivity]( 1050): visibilityChanged oldVisibility=true newVisibility=false
V/WindowManagerShell(  927): Track 0 became idle
V/WindowManagerShell(  927): All active transition animations finished
D/NexusLauncherModelDelegate( 1050): notifySmartspaceEvent: SmartspaceTargetEvent{mSmartspaceTarget=null, mSmartspaceActionId='null', mEventType=7}
D/CompatChangeReporter( 5529): Compat change id reported: 279646685; UID 10217; state: ENABLED
W/OptProp (  677): Cannot read opt property android.window.PROPERTY_COMPAT_ENABLE_FAKE_FOCUS
D/CompatChangeReporter(  677): Compat change id reported: 324203798; UID 10217; state: ENABLED
I/DisplayManager( 5529): Choreographer implicitly registered for the refresh rate.
D/BackgroundInstallControlService(  677): Package event received: 0
D/BackgroundInstallControlService(  677): Package event received: 0
I/.canvas.fixture( 5529): AssetManager2(0xb400007770014698) locale list changing from [] to [en-US]
E/ashmem  ( 5529): Pinning is deprecated since Android Q. Please use trim or other methods.
D/CompatChangeReporter( 5529): Compat change id reported: 309578419; UID 10217; state: ENABLED
D/DesktopModeFlags( 5529): Toggle override initialized to: OVERRIDE_UNSET
I/EGL_emulation( 5529): Opening libGLESv1_CM_emulation.so
I/EGL_emulation( 5529): Opening libGLESv2_emulation.so
W/HWUI    ( 5529): Failed to choose config with EGL_SWAP_BEHAVIOR_PRESERVED, retrying without...
W/HWUI    ( 5529): Failed to initialize 101010-2 format, error = EGL_SUCCESS
D/CompatChangeReporter( 5529): Compat change id reported: 352594277; UID 10217; state: ENABLED
D/CompatChangeReporter( 5529): Compat change id reported: 349153669; UID 10217; state: ENABLED
I/servicemanager(  219): Caller(pid=5529,uid=10217,sid=u:r:untrusted_app:s0:c217,c256,c512,c768) Found android.hardware.graphics.allocator.IAllocator/default in device VINTF manifest.
W/HWUI    ( 5529): Unknown dataspace 0
I/servicemanager(  219): Caller(pid=5529,uid=10217,sid=u:r:untrusted_app:s0:c217,c256,c512,c768) Found android.hardware.graphics.allocator.IAllocator/default in device VINTF manifest.
I/servicemanager(  219): Caller(pid=5529,uid=10217,sid=u:r:untrusted_app:s0:c217,c256,c512,c768) Found mapper/ranchu in device VINTF manifest.
D/CoreBackPreview(  677): Window{391135e u0 com.penkra.canvas.fixture/com.penkra.canvas.fixture.MainActivity}: Setting back callback OnBackInvokedCallbackInfo{mCallback=android.window.IOnBackInvokedCallback$Stub$Proxy@bb5e155, mPriority=0, mIsAnimationCallback=false, mOverrideBehavior=0}
D/WifiClientModeImpl[15875:wlan0](  677): updateLinkLayerStatsRssiSpeedFrequencyCapabilities rssi=-50 TxLinkspeed=1 freq=2447 RxLinkSpeed=2
D/WifiDataStall(  677): tx tput in kbps: 11000
D/WifiDataStall(  677): rx tput in kbps: 11000
V/WifiConfigManager(  677): Updating scan detail cache freq=2447 BSSID=00:13:10:85:fe:01 RSSI=-50 for "AndroidWifi"NONE
D/WifiThroughputPredictor(  677):  utilization (LLS) 80 isBluetoothConnected: false final utilization: 80
D/WifiThroughputPredictor(  677):  BW: 0 RSSI: -50 Nss: 1 Mode: 1 symDur: 4000 snrDb 30 bitPerTone: 4500 rate: 54 throughput: 11
D/WifiThroughputPredictor(  677):  utilization (LLS) 80 isBluetoothConnected: false final utilization: 80
D/WifiThroughputPredictor(  677):  BW: 0 RSSI: -50 Nss: 1 Mode: 1 symDur: 4000 snrDb 30 bitPerTone: 4500 rate: 54 throughput: 11
D/WifiThroughputPredictor(  677):  utilization (LLS) 80 isBluetoothConnected: false final utilization: 80
D/WifiThroughputPredictor(  677):  BW: 0 RSSI: -50 Nss: 1 Mode: 1 symDur: 4000 snrDb 30 bitPerTone: 4500 rate: 54 throughput: 11
D/WifiThroughputPredictor(  677):  utilization (LLS) 80 isBluetoothConnected: false final utilization: 80
D/WifiThroughputPredictor(  677):  BW: 0 RSSI: -50 Nss: 1 Mode: 1 symDur: 4000 snrDb 30 bitPerTone: 4500 rate: 54 throughput: 11
D/WifiScoreCard(  677): BSSID update SIGNAL_POLL ID: 10023120 SSID: "AndroidWifi", BSSID: 00:13:10:85:fe:01, MAC: 02:15:b2:00:00:00, IP: /10.0.2.16, Security type: 0, Supplicant state: COMPLETED, Wi-Fi standard: legacy, RSSI: -50, Link speed: 1Mbps, Tx Link speed: 1Mbps, Max Supported Tx Link speed: 11Mbps, Rx Link speed: 2Mbps, Max Supported Rx Link speed: 11Mbps, Frequency: 2447MHz, Net ID: 0, Metered hint: false, score: 60, isUsable: true, CarrierMerged: false, SubscriptionId: -1, IsPrimary: 1, Trusted: true, Restricted: false, Ephemeral: false, OEM paid: false, OEM private: false, OSU AP: false, FQDN: <none>, Provider friendly name: <none>, Requesting package name: <none>"AndroidWifi"openMLO Information: , Is TID-To-Link negotiation supported by the AP: false, AP MLD Address: <none>, AP MLO Link Id: <none>, AP MLO Affiliated links: <none>, Vendor Data: <none>
D/WifiScoreCard(  677): txRate: 1 txSpeed: 1
D/WifiScoreCard(  677): network update SIGNAL_POLL "AndroidWifi" ID: 353851559 RSSI -50 txSpeed -1
D/WifiClientModeImpl[15875:wlan0](  677):  ClientModeImpl$L2ConnectedState screen=on 1 0 "AndroidWifi" 00:13:10:85:fe:01 rssi=-50 f=2447 sc=60 link=1 tx=0.8, 0.0, 0.0 rx=0.4 bcn=0 [on:0 tx:0 rx:0 period:3002] from screen [on:0 period:2104609470] score=60
I/CanvasFixedText( 5529): LUNA_FIXED_TEXT_READY case=text-growth-auto nonce=fixed-text-android-320-1-text-growth-auto-2d5a8c53-2427-4d1b-b4bc-263c6cd86f86
I/CanvasFixedText( 5529): LUNA_FIXED_TEXT_ROOT case=text-growth-auto nonce=fixed-text-android-320-1-text-growth-auto-2d5a8c53-2427-4d1b-b4bc-263c6cd86f86 x=0.0 y=0.0 width=680 height=360 scale=2.0
I/ActivityTaskManager(  677): Displayed com.penkra.canvas.fixture/.MainActivity for user 0: +836ms
D/BaseDepthController( 1050): setSurface:
D/BaseDepthController( 1050): 	mWaitingOnSurfaceValidity: false
D/BaseDepthController( 1050): 	mBaseSurface: null
D/BaseDepthController( 1050): mSurface is null and mCurrentBlur is: 0
D/StateManager( 1050): goToState - fromState: Normal, toState: Normal, partial trace:
D/StateManager( 1050): 	at com.android.launcher3.statemanager.StateManager.moveToRestState(go/retraceme 43e00d9cd0eb17b3d9dd30fc1741b1c71445c4c0f7c8c9b81300265c86c5b873:4)
D/StateManager( 1050): 	at com.android.launcher3.statemanager.StateManager.moveToRestState(go/retraceme 43e00d9cd0eb17b3d9dd30fc1741b1c71445c4c0f7c8c9b81300265c86c5b873:1)
D/StateManager( 1050): 	at com.android.launcher3.statemanager.StatefulActivity.onStop(go/retraceme 43e00d9cd0eb17b3d9dd30fc1741b1c71445c4c0f7c8c9b81300265c86c5b873:34)
D/StatsLog( 1050): LAUNCHER_ONSTOP
D/StatsLog( 1050): LAUNCHER_GOOGLE_SEARCH_RESTORE_LIST_SIZE_AFTER_ACTIVITY_RESTART
I/AppWidgetServiceImpl(  677): setAppWidgetHidden() 0
I/ImeTracker(  677): com.penkra.canvas.fixture:8db89e8b: onRequestHide at ORIGIN_SERVER reason HIDE_UNSPECIFIED_WINDOW fromUser false
D/InsetsController( 5529): hide(ime(), fromIme=false)
I/ImeTracker( 5529): com.penkra.canvas.fixture:8db89e8b: onCancelled at PHASE_CLIENT_ALREADY_HIDDEN
I/GoogleInputMethodService( 1397): GoogleInputMethodService.onFinishInput():2043 
I/Module  ( 1397): DeviceLockedStatusModuleProvider$Module.updateDeviceLockedStatus():100 repeatCheckTimes = 0, locked = false
I/ImeTracker(  677): system_server:a9c68989: onRequestHide at ORIGIN_SERVER reason IME_REQUESTED_CHANGED_LISTENER fromUser false
I/GoogleInputMethodService( 1397): GoogleInputMethodService.onStartInput():1293 onStartInput(EditorInfo{EditorInfo{packageName=com.penkra.canvas.fixture, inputType=0, inputTypeString=NULL, enableLearning=false, autoCorrection=false, autoComplete=false, imeOptions=0, privateImeOptions=null, actionName=UNSPECIFIED, actionLabel=null, initialSelStart=-1, initialSelEnd=-1, initialCapsMode=0, label=null, fieldId=0, fieldName=null, extras=null, hintText=null, hintLocales=[]}}, false)
I/ImeTracker(  677): system_server:a9c68989: onCancelled at PHASE_SERVER_SHOULD_HIDE
I/Module  ( 1397): DeviceLockedStatusModuleProvider$Module.updateDeviceLockedStatus():100 repeatCheckTimes = 1, locked = false
I/EmojiCompatManager( 1397): EmojiCompatManager.getEmojiCompatIfLoaded():343 EmojiCompat.init() was never called.
I/EmojiCompatManager( 1397): java.lang.IllegalStateException: EmojiCompat is not initialized. Please call EmojiCompat.init() first
I/EmojiCompatManager( 1397): 	at asx.p(PG:6)
I/EmojiCompatManager( 1397): 	at axb.b(PG:13)
I/EmojiCompatManager( 1397): 	at jnr.b(PG:2)
I/EmojiCompatManager( 1397): 	at jnr.c(PG:4)
I/EmojiCompatManager( 1397): 	at jnr.f(PG:3)
I/EmojiCompatManager( 1397): 	at jnx.c(PG:3)
I/EmojiCompatManager( 1397): 	at kif.cz(PG:47)
I/EmojiCompatManager( 1397): 	at lhl.run(PG:1025)
I/EmojiCompatManager( 1397): 	at jaf.execute(PG:12)
I/EmojiCompatManager( 1397): 	at nco.v(PG:13)
I/EmojiCompatManager( 1397): 	at lhn.m(PG:96)
I/EmojiCompatManager( 1397): 	at lhn.k(PG:25)
I/EmojiCompatManager( 1397): 	at kgn.onStartInput(PG:250)
I/EmojiCompatManager( 1397): 	at android.inputmethodservice.InputMethodService.doStartInput(InputMethodService.java:3521)
I/EmojiCompatManager( 1397): 	at android.inputmethodservice.InputMethodService$InputMethodImpl.startInput(InputMethodService.java:879)
I/EmojiCompatManager( 1397): 	at android.inputmethodservice.InputMethodService$InputMethodImpl.dispatchStartInput(InputMethodService.java:908)
I/EmojiCompatManager( 1397): 	at android.inputmethodservice.IInputMethodWrapper.executeMessage(IInputMethodWrapper.java:201)
I/EmojiCompatManager( 1397): 	at com.android.internal.os.HandlerCaller$MyHandler.handleMessage(HandlerCaller.java:44)
I/EmojiCompatManager( 1397): 	at android.os.Handler.dispatchMessage(Handler.java:110)
I/EmojiCompatManager( 1397): 	at android.os.Looper.loopOnce(Looper.java:248)
I/EmojiCompatManager( 1397): 	at android.os.Looper.loop(Looper.java:338)
I/EmojiCompatManager( 1397): 	at android.app.ActivityThread.main(ActivityThread.java:9067)
I/EmojiCompatManager( 1397): 	at java.lang.reflect.Method.invoke(Native Method)
I/EmojiCompatManager( 1397): 	at com.android.internal.os.RuntimeInit$MethodAndArgsCaller.run(RuntimeInit.java:593)
I/EmojiCompatManager( 1397): 	at com.android.internal.os.ZygoteInit.main(ZygoteInit.java:932)
W/PackageConfigPersister(  677): App-specific configuration not found for packageName: com.penkra.canvas.fixture and userId: 0
D/BackgroundInstallControlService(  677): Package event received: 0
I/.canvas.fixture( 5529): Compiler allocated 5111KB to compile void android.view.ViewRootImpl.performTraversals()
I/FontLog ( 1266): Received query Noto Color Emoji Compat, URI content://com.google.android.gms.fonts [CONTEXT service_id=132 ]
I/FontLog ( 1266): Query [emojicompat-emoji-font] resolved to {Noto Color Emoji Compat, wdth 100.0, wght 400, ital 0.0, bestEffort false}, isVf false} [CONTEXT service_id=132 ]
I/FontLog ( 1266): Fetch {Noto Color Emoji Compat, wdth 100.0, wght 400, ital 0.0, bestEffort false}, isVf false} end status Status{statusCode=SUCCESS, resolution=null} [CONTEXT service_id=132 ]
I/FontLog ( 1266): Pulling font file for id = 47, cache size = 14 [CONTEXT service_id=132 ]
I/FontLog ( 1266): Pulling font file for id = 47, cache size = 14 [CONTEXT service_id=132 ]
I/netd    (  453): tetherGetStats() -> {[]} <0.78ms>
W/WindowOnBackDispatcher(  927): sendCancelIfRunning: isInProgress=false callback=android.view.ViewRootImpl$$ExternalSyntheticLambda13@4c75755
D/CoreBackPreview(  677): Window{694654e u0 Splash Screen com.penkra.canvas.fixture EXITING}: Setting back callback null
I/WifiService(  677): getWifiEnabledState uid=10147 state=3
D/ConnectivityService(  677): requestNetwork for uid/pid:10147/4157 activeRequest: null callbackRequest: 169 [NetworkRequest [ REQUEST id=169, [ Transports: CELLULAR Capabilities: INTERNET&NOT_RESTRICTED&TRUSTED&NOT_VPN&NOT_VCN_MANAGED&NOT_BANDWIDTH_CONSTRAINED Uid: 10147 RequestorUid: 10147 RequestorPkg: com.google.android.googlequicksearchbox UnderlyingNetworks: Null] ]] callback flags: 0 order: 2147483647 isUidTracked: false declaredMethods: AVAIL|LOSING|LOST|NC|LP
I/netd    (  453): networkSetPermissionForNetwork(101, 0) <1.59ms>
W/IPCThreadState(  677): Sending oneway calls to frozen process.
W/IPCThreadState(  677): Sending oneway calls to frozen process.
D/ConnectivityService(  677): NetReassign [169 : null → 101] [c 0] [a 4] [i 1]
D/ConnectivityService(  677): reportNetworkConnectivity(100, false) by 10147
D/NetworkMonitor/100( 1036): Forcing reevaluation for UID 10147. Dns signal count: 0
I/resolv  (  453): ResNSendHandler::run: 0 / {100 983140 100 983140 1073 1}
I/resolv  (  453): ResNSendHandler::run: 0 / {100 983140 100 983140 1073 1}
I/resolv  (  453): ResNSendHandler::run: 0 / {100 983140 100 983140 1073 1}
I/resolv  (  453): ResNSendHandler::run: 0 / {100 983140 100 983140 1073 1}
I/resolv  (  453): resolv_cache_lookup: FOUND IN CACHE entry=0xb4000079a8178230
I/resolv  (  453): resolv_cache_lookup: FOUND IN CACHE entry=0xb400007928172730
I/resolv  (  453): res_nsend: used send_dg 256 terrno: 0
I/resolv  (  453): res_nsend: used send_dg 75 terrno: 0
D/NetworkMonitor/100( 1036): PROBE_DNS www.google.com 101ms OK 142.251.155.119,142.251.156.119,142.251.157.119,142.251.152.119,142.251.154.119,142.251.151.119,142.251.150.119,142.251.153.119,2001:4860:4828:7700::,2001:4860:482d:7700::,2001:4860:4826:7700::,2001:4860:482a:7700::,2001:4860:482c:7700::,2001:4860:4827:7700::,2001:4860:482b:7700::,2001:4860:4829:7700::
I/resolv  (  453): GetAddrInfoHandler::run: {100 983140 100 983140 1073 1}
I/resolv  (  453): res_nmkquery: (QUERY, IN, AAAA)
I/resolv  (  453): resolv_cache_lookup: FOUND IN CACHE entry=0xb400007a68178790
I/resolv  (  453): doQuery: rcode=0, ancount=8, return value=256
I/resolv  (  453): res_nmkquery: (QUERY, IN, A)
I/resolv  (  453): resolv_cache_lookup: FOUND IN CACHE entry=0xb400007928172730
I/resolv  (  453): doQuery: rcode=0, ancount=8, return value=160
D/NetworkMonitor/100( 1036): PROBE_DNS connectivitycheck.gstatic.com 105ms OK 142.250.188.35,2607:f8b0:4001:c2f::5e
I/resolv  (  453): GetAddrInfoHandler::run: {100 983140 100 983140 1073 1}
I/resolv  (  453): res_nmkquery: (QUERY, IN, AAAA)
I/resolv  (  453): resolv_cache_lookup: FOUND IN CACHE entry=0xb4000079a8178310
I/resolv  (  453): doQuery: rcode=0, ancount=1, return value=75
I/resolv  (  453): res_nmkquery: (QUERY, IN, A)
I/resolv  (  453): resolv_cache_lookup: FOUND IN CACHE entry=0xb4000079a8178230
I/resolv  (  453): doQuery: rcode=0, ancount=1, return value=63
D/SatelliteController( 1042): iisInCarrierRoamingNbIotNtn: satellite is disabled
D/NetworkMonitor/100( 1036): PROBE_HTTP http://connectivitycheck.gstatic.com/generate_204 time=542ms ret=204 request={Connection=[close], User-Agent=[Mozilla/5.0 (X11; Linux x86_64) AppleWebKit/537.36 (KHTML, like Gecko) Chrome/60.0.3112.32 Safari/537.36]} headers={null=[HTTP/1.1 204 No Content], Connection=[close], Content-Length=[0], Cross-Origin-Resource-Policy=[cross-origin], Date=[Mon, 07 Sep 2026 19:56:46 GMT], X-Android-Received-Millis=[1788811006543], X-Android-Response-Source=[NETWORK 204], X-Android-Selected-Protocol=[http/1.1], X-Android-Sent-Millis=[1788811006272]}
D/NetworkMonitor/100( 1036): PROBE_HTTPS https://www.google.com/generate_204 time=660ms ret=204 request={Connection=[close], User-Agent=[Mozilla/5.0 (X11; Linux x86_64) AppleWebKit/537.36 (KHTML, like Gecko) Chrome/60.0.3112.32 Safari/537.36]} headers={null=[HTTP/1.1 204 No Content], Alt-Svc=[h3=":443"; ma=2592000,h3-29=":443"; ma=2592000], Connection=[close], Content-Length=[0], Cross-Origin-Resource-Policy=[cross-origin], Date=[Mon, 07 Sep 2026 19:56:46 GMT], X-Android-Received-Millis=[1788811006658], X-Android-Response-Source=[NETWORK 204], X-Android-Selected-Protocol=[http/1.1], X-Android-Sent-Millis=[1788811006544]}
D/NetworkMonitor/100( 1036): isCaptivePortal: isSuccessful()=true isPortal()=false RedirectUrl=null isPartialConnectivity()=false Time=766ms
D/ConnectivityService(  677): [100 WIFI] validation passed
W/acut    ( 4157): (REDACTED) [%s] response code: %d
D/WifiClientModeImpl[15875:wlan0](  677): updateLinkLayerStatsRssiSpeedFrequencyCapabilities rssi=-50 TxLinkspeed=2 freq=2447 RxLinkSpeed=2
D/WifiDataStall(  677): tx tput in kbps: 11000
D/WifiDataStall(  677): rx tput in kbps: 11000
V/WifiConfigManager(  677): Updating scan detail cache freq=2447 BSSID=00:13:10:85:fe:01 RSSI=-50 for "AndroidWifi"NONE
D/WifiThroughputPredictor(  677):  utilization (LLS) 80 isBluetoothConnected: false final utilization: 80
D/WifiThroughputPredictor(  677):  BW: 0 RSSI: -50 Nss: 1 Mode: 1 symDur: 4000 snrDb 30 bitPerTone: 4500 rate: 54 throughput: 11
D/WifiThroughputPredictor(  677):  utilization (LLS) 80 isBluetoothConnected: false final utilization: 80
D/WifiThroughputPredictor(  677):  BW: 0 RSSI: -50 Nss: 1 Mode: 1 symDur: 4000 snrDb 30 bitPerTone: 4500 rate: 54 throughput: 11
D/WifiThroughputPredictor(  677):  utilization (LLS) 80 isBluetoothConnected: false final utilization: 80
D/WifiThroughputPredictor(  677):  BW: 0 RSSI: -50 Nss: 1 Mode: 1 symDur: 4000 snrDb 30 bitPerTone: 4500 rate: 54 throughput: 11
D/WifiThroughputPredictor(  677):  utilization (LLS) 80 isBluetoothConnected: false final utilization: 80
D/WifiThroughputPredictor(  677):  BW: 0 RSSI: -50 Nss: 1 Mode: 1 symDur: 4000 snrDb 30 bitPerTone: 4500 rate: 54 throughput: 11
D/WifiScoreCard(  677): BSSID update SIGNAL_POLL ID: 10023120 SSID: "AndroidWifi", BSSID: 00:13:10:85:fe:01, MAC: 02:15:b2:00:00:00, IP: /10.0.2.16, Security type: 0, Supplicant state: COMPLETED, Wi-Fi standard: legacy, RSSI: -50, Link speed: 2Mbps, Tx Link speed: 2Mbps, Max Supported Tx Link speed: 11Mbps, Rx Link speed: 2Mbps, Max Supported Rx Link speed: 11Mbps, Frequency: 2447MHz, Net ID: 0, Metered hint: false, score: 60, isUsable: true, CarrierMerged: false, SubscriptionId: -1, IsPrimary: 1, Trusted: true, Restricted: false, Ephemeral: false, OEM paid: false, OEM private: false, OSU AP: false, FQDN: <none>, Provider friendly name: <none>, Requesting package name: <none>"AndroidWifi"openMLO Information: , Is TID-To-Link negotiation supported by the AP: false, AP MLD Address: <none>, AP MLO Link Id: <none>, AP MLO Affiliated links: <none>, Vendor Data: <none>
D/WifiScoreCard(  677): txRate: 7 txSpeed: 2
D/WifiScoreCard(  677): network update SIGNAL_POLL "AndroidWifi" ID: 353851559 RSSI -50 txSpeed 2
D/WifiClientModeImpl[15875:wlan0](  677):  ClientModeImpl$L2ConnectedState screen=on 1 0 "AndroidWifi" 00:13:10:85:fe:01 rssi=-50 f=2447 sc=60 link=2 tx=6.4, 0.0, 0.0 rx=6.4 bcn=0 [on:0 tx:0 rx:0 period:3003] from screen [on:0 period:2104612473] score=60
E/TaskPersister(  677): File error accessing recents directory (directory doesn't exist?).
D/ActivityManager(  677): freezing 3463 com.google.android.apps.photos
D/InetDiagMessage(  677): Destroyed 0 sockets, proto=IPPROTO_TCP, family=AF_INET, states=14
D/InetDiagMessage(  677): Destroyed 0 sockets, proto=IPPROTO_TCP, family=AF_INET6, states=14
D/InetDiagMessage(  677): Destroyed live tcp sockets for uids={10169} in 0ms

