--------- beginning of system
I/ActivityManager(  677): Force stopping com.penkra.canvas.fixture appid=10217 user=0: from pid 4391
I/ActivityManager(  677): Killing 4351:com.penkra.canvas.fixture/u0a217 (adj 0): stop com.penkra.canvas.fixture due to from pid 4391
D/CompatChangeReporter(  677): Compat change id reported: 151861875; UID 10217; state: ENABLED
W/ActivityTaskManager(  677): Force removing ActivityRecord{83347774 u0 com.penkra.canvas.fixture/.MainActivity t411 f}}: app died, no saved state
V/WindowManagerShell(  927): Transition requested (#36): android.os.BinderProxy@ccaad9e TransitionRequestInfo { type = CLOSE, triggerTask = TaskInfo{userId=0 taskId=411 effectiveUid=10217 displayId=0 isRunning=false baseIntent=Intent { flg=0x10000000 cmp=com.penkra.canvas.fixture/.MainActivity } baseActivity=null topActivity=null origActivity=null realActivity=ComponentInfo{com.penkra.canvas.fixture/com.penkra.canvas.fixture.MainActivity} numActivities=0 lastActiveTime=126740 supportsMultiWindow=true resizeMode=1 isResizeable=true minWidth=-1 minHeight=-1 defaultMinSize=220 token=WCT{android.window.IWindowContainerToken$Stub$Proxy@966407f} topActivityType=1 pictureInPictureParams=null shouldDockBigOverlays=false launchIntoPipHostTaskId=-1 lastParentTaskIdBeforePip=-1 displayCutoutSafeInsets=Rect(0, 0 - 0, 0) topActivityInfo=null launchCookies=[] positionInParent=Point(0, 0) parentTaskId=-1 isFocused=true isVisible=true isVisibleRequested=true isTopActivityNoDisplay=false isSleeping=false locusId=null displayAreaFeatureId=1 isTopActivityTransparent=false isActivityStackTransparent=true lastNonFullscreenBounds=Rect(276, 694 - 804, 1774) capturedLink=null capturedLinkTimestamp=0 requestedVisibleTypes=-9 topActivityRequestOpenInBrowserEducationTimestamp=0 appCompatTaskInfo=AppCompatTaskInfo { topActivityInSizeCompat=false eligibleForLetterboxEducation= false isLetterboxEducationEnabled= false isLetterboxDoubleTapEnabled= false eligibleForUserAspectRatioButton= false topActivityBoundsLetterboxed= false isFromLetterboxDoubleTap= false topActivityLetterboxVerticalPosition= -1 topActivityLetterboxHorizontalPosition= -1 topActivityLetterboxWidth=-1 topActivityLetterboxHeight=-1 topActivityAppBounds=Rect(0, 0 - 0, 0) isUserFullscreenOverrideEnabled=false isSystemFullscreenOverrideEnabled=false hasMinAspectRatioOverride=false topActivityLetterboxBounds=null cameraCompatTaskInfo=CameraCompatTaskInfo { freeformCameraCompatMode=undefined}} topActivityMainWindowFrame=null}, pipChange = null, remoteTransition = null, displayChange = null, flags = 0, debugId = 36 }
D/BackgroundInstallControlService(  677): Package event received: 0
--------- beginning of main
I/BpBinder(  511): onLastStrongRef automatically unlinking death recipients: 
W/IPCThreadState(  677): Sending oneway calls to frozen process.
W/IPCThreadState(  677): Sending oneway calls to frozen process.
W/IPCThreadState(  677): Sending oneway calls to frozen process.
W/IPCThreadState(  677): Sending oneway calls to frozen process.
W/IPCThreadState(  677): Sending oneway calls to frozen process.
W/IPCThreadState(  677): Sending oneway calls to frozen process.
W/IPCThreadState(  677): Sending oneway calls to frozen process.
W/IPCThreadState(  677): Sending oneway calls to frozen process.
W/IPCThreadState(  677): Sending oneway calls to frozen process.
W/IPCThreadState(  677): Sending oneway calls to frozen process.
W/IPCThreadState(  677): Sending oneway calls to frozen process.
W/IPCThreadState(  677): Sending oneway calls to frozen process.
W/IPCThreadState(  677): Sending oneway calls to frozen process.
W/IPCThreadState(  677): Sending oneway calls to frozen process.
W/IPCThreadState(  677): Sending oneway calls to frozen process.
W/IPCThreadState(  677): Sending oneway calls to frozen process.
W/IPCThreadState(  677): Sending oneway calls to frozen process.
W/IPCThreadState(  677): Sending oneway calls to frozen process.
W/IPCThreadState(  677): Sending oneway calls to frozen process.
W/IPCThreadState(  677): Sending oneway calls to frozen process.
W/IPCThreadState(  677): Sending oneway calls to frozen process.
W/IPCThreadState(  677): Sending oneway calls to frozen process.
W/IPCThreadState(  677): Sending oneway calls to frozen process.
W/IPCThreadState(  677): Sending oneway calls to frozen process.
W/IPCThreadState(  677): Sending oneway calls to frozen process.
W/IPCThreadState(  677): Sending oneway calls to frozen process.
W/IPCThreadState(  677): Sending oneway calls to frozen process.
W/IPCThreadState(  677): Sending oneway calls to frozen process.
W/IPCThreadState(  677): Sending oneway calls to frozen process.
W/IPCThreadState(  677): Sending oneway calls to frozen process.
W/IPCThreadState(  677): Sending oneway calls to frozen process.
W/IPCThreadState(  677): Sending oneway calls to frozen process.
W/IPCThreadState(  677): Sending oneway calls to frozen process.
W/IPCThreadState(  677): Sending oneway calls to frozen process.
W/IPCThreadState(  677): Sending oneway calls to frozen process.
W/IPCThreadState(  677): Sending oneway calls to frozen process.
W/IPCThreadState(  677): Sending oneway calls to frozen process.
W/IPCThreadState(  677): Sending oneway calls to frozen process.
D/ViewRootImpl( 1050): Skipping stats log for color mode
D/StatsLog( 1050): LAUNCHER_ONRESUME
W/InputDispatcher(  677): channel '3238eb2 com.penkra.canvas.fixture/com.penkra.canvas.fixture.MainActivity' ~ Consumer closed input channel or an error occurred.  events=0x9
E/InputDispatcher(  677): channel '3238eb2 com.penkra.canvas.fixture/com.penkra.canvas.fixture.MainActivity' ~ Channel is unrecoverably broken and will be disposed!
I/WindowManager(  677): WINDOW DIED Window{3238eb2 u0 com.penkra.canvas.fixture/com.penkra.canvas.fixture.MainActivity}
I/AppWidgetServiceImpl(  677): startListening() 0
I/adbd    (  521): Remote process closed the socket (on MSG_PEEK)
I/ImeTracker(  677): com.penkra.canvas.fixture:839ecaad: onRequestHide at ORIGIN_SERVER reason HIDE_REMOVE_CLIENT fromUser false
I/ImeTracker(  677): com.penkra.canvas.fixture:839ecaad: onCancelled at PHASE_SERVER_SHOULD_HIDE
I/AppWidgetServiceImpl(  677): startListening() 0
I/WindowManager(  677): WIN DEATH: Window{3238eb2 u0 com.penkra.canvas.fixture/com.penkra.canvas.fixture.MainActivity EXITING}
D/WindowManagerShell(  927): setLauncherKeepClearAreaHeight: visible=true, height=527
I/AppsFilter(  677): interaction: PackageSetting{c11fd90 com.konsier.app.dev/10214} -> PackageSetting{c3b1937 com.penkra.canvas.fixture/10217} BLOCKED
I/AppsFilter(  677): interaction: PackageSetting{ee5b68e com.penkra.canvas.qa.fonts/10219} -> PackageSetting{c3b1937 com.penkra.canvas.fixture/10217} BLOCKED
I/AppsFilter(  677): interaction: PackageSetting{5422eaf com.penkra.canvas.qa.typomixed0606/10215} -> PackageSetting{c3b1937 com.penkra.canvas.fixture/10217} BLOCKED
I/Zygote  (  456): Process 4351 exited due to signal 9 (Killed)
D/BackgroundInstallControlService(  677): Package event received: 0
D/BackgroundInstallControlService(  677): Package event received: 0
V/ActivityManager(  677): Got obituary of 4351:com.penkra.canvas.fixture
W/ActivityManager(  677): setHasOverlayUi called on unknown pid: 4351
I/system_server(  677): AssetManager2(0xb4000077700181f8) locale list changing from [] to [en-US]
D/QuickstepModelDelegate( 1050): notifyAppTargetEvent action=1 launchLocation=workspace/0/[-1,-1]/[1,1]
D/CarrierSvcBindHelper( 1042): onHandleForceStop: [com.penkra.canvas.fixture]
I/system_server(  677): AssetManager2(0xb40000777002a498) locale list changing from [] to [en-US]
I/AppWidgetServiceImpl(  677): Received broadcast: android.intent.action.PACKAGE_RESTARTED on user 0
I/AppWidgetServiceImpl(  677): Updating package stopped masked state for uid 10217 package com.penkra.canvas.fixture isStopped true
I/BpBinder(  511): onLastStrongRef automatically unlinking death recipients: 
I/netd    (  453): tetherGetStats() -> {[]} <0.77ms>
D/NexusLauncherModelDelegate( 1050): notifySmartspaceEvent: SmartspaceTargetEvent{mSmartspaceTarget=null, mSmartspaceActionId='null', mEventType=6}
D/CarrierSvcBindHelper( 1042): No carrier app for: 0
I/AiAiEcho( 1487): Predicting[0]:  [CONTEXT sampling_count=5 ]
I/AiAiEcho( 1487): EchoTargets: 
I/AiAiEcho( 1487): Filtered by AiAi flag check: 
I/AiAiEcho( 1487): [CONTEXT ratelimit_period="10 SECONDS" ]
D/BaseDepthController( 1050): setSurface:
D/BaseDepthController( 1050): 	mWaitingOnSurfaceValidity: false
D/BaseDepthController( 1050): 	mBaseSurface: Surface(name=com.google.android.apps.nexuslauncher/com.google.android.apps.nexuslauncher.NexusLauncherActivity)/@0xb0cd91
I/AiAiEcho( 1487): #remoteViewsTwiddler: feature disabled.
I/AiAiEcho( 1487): #postPredictionTargets: Sending updates to UISurface home with targets# 0 (types=[])
I/libprocessgroup(  677): Removed cgroup /sys/fs/cgroup/apps/uid_10217/pid_4351
D/ActivityManager(  677): sync unfroze 3463 com.google.android.apps.photos for 6
I/system_server(  677): AssetManager2(0xb400007770051ef8) locale list changing from [] to [en-US]
I/NotificationListener( 1050): Handling notification state refresh for android#0
D/SsBaseTemplateCard( 1050): No text view can be set up
D/SsBaseTemplateCard( 1050): Passed-in item info is null
D/SsBaseTemplateCard( 1050): Passed-in item info is null
D/SsBaseTemplateCard( 1050): Passed-in item info is null
I/SsBaseTemplateCard( 1050): Secondary card pane is null
V/WindowManager(  677): Unknown focus tokens, dropping reportFocusChanged
V/WindowManagerShell(  927): onTransitionReady(transaction=2907692860550)
V/WindowManagerShell(  927): onTransitionReady (#36) android.os.BinderProxy@ccaad9e: {id=36 t=CLOSE f=0x0 trk=0 r=[0@Point(0, 0)] c=[
V/WindowManagerShell(  927):         {m=TO_FRONT f=SHOW_WALLPAPER|MOVE_TO_TOP leash=Surface(name=Task=1)/@0xff6f095 sb=Rect(0, 0 - 1080, 2400) eb=Rect(0, 0 - 1080, 2400) epz=Point(1080, 2400) d=0 taskParent=-1},
V/WindowManagerShell(  927):         {m=CLOSE f=NONE leash=Surface(name=Task=411)/@0x1b005aa sb=Rect(0, 0 - 1080, 2400) eb=Rect(0, 0 - 1080, 2400) epz=Point(1080, 2400) d=0 taskParent=-1},
V/WindowManagerShell(  927):         {m=TO_FRONT f=IS_WALLPAPER leash=Surface(name=WallpaperWindowToken{19b8f8f showWhenLocked=false})/@0x528659b sb=Rect(0, 0 - 1080, 2400) eb=Rect(0, 0 - 1080, 2400) epz=Point(1080, 2400) d=0}
V/WindowManagerShell(  927):     ]}
V/WindowManagerShell(  927): Playing animation for (#36) android.os.BinderProxy@ccaad9e@0
V/ShellRecents(  927): RecentsTransitionHandler.startAnimation: no controller found
V/WindowManagerShell(  927): Transition doesn't have explicit remote, search filters for match for {id=36 t=CLOSE f=0x0 trk=0 r=[0@Point(0, 0)] c=[{m=TO_FRONT f=SHOW_WALLPAPER|MOVE_TO_TOP leash=Surface(name=Task=1)/@0xff6f095 sb=Rect(0, 0 - 1080, 2400) eb=Rect(0, 0 - 1080, 2400) epz=Point(1080, 2400) d=0 taskParent=-1},{m=CLOSE f=NONE leash=Surface(name=Task=411)/@0x1b005aa sb=Rect(0, 0 - 1080, 2400) eb=Rect(0, 0 - 1080, 2400) epz=Point(1080, 2400) d=0 taskParent=-1},{m=TO_FRONT f=IS_WALLPAPER leash=Surface(name=WallpaperWindowToken{19b8f8f showWhenLocked=false})/@0x528659b sb=Rect(0, 0 - 1080, 2400) eb=Rect(0, 0 - 1080, 2400) epz=Point(1080, 2400) d=0}]}
V/WindowManagerShell(  927):  Checking filter Pair{{types=[] flags=0x0] notFlags=0x0 checks=[{atype=undefined independent=true modes=[CLOSE,TO_BACK] flags=IN_TASK_WITH_EMBEDDED_ACTIVITY mustBeTask=false order=ANY topActivity=null launchCookie=null taskFragmentToken=android.os.BinderProxy@29d9206 windowingMode=undefined}]} RemoteTransition { remoteTransition = android.window.IRemoteTransition$Stub$Proxy@63930c7, appThread = android.app.IApplicationThread$Stub$Proxy@42096f4, debugName = overlayBackTransition }}
V/WindowManagerShell(  927):  Checking filter Pair{{types=[] flags=0x0] notFlags=0x0 checks=[{atype=dream independent=true modes=[OPEN,TO_FRONT] flags=NONE mustBeTask=false order=ANY topActivity=null launchCookie=null windowingMode=undefined},{atype=home independent=true modes=[CLOSE,TO_BACK] flags=NONE mustBeTask=false order=ANY topActivity=null launchCookie=null windowingMode=undefined}]} RemoteTransition { remoteTransition = android.window.IRemoteTransition$Stub$Proxy@496ce1d, appThread = android.app.IApplicationThread$Stub$Proxy@e70c892, debugName = LauncherToDream }}
V/WindowManagerShell(  927):  Checking filter Pair{{types=[] flags=0x0] notFlags=0x100 checks=[{atype=home independent=true modes=[OPEN,TO_FRONT] flags=NONE mustBeTask=false order=TOP topActivity=ComponentInfo{com.google.android.apps.nexuslauncher/com.google.android.apps.nexuslauncher.NexusLauncherActivity} launchCookie=null windowingMode=undefined},{atype=standard independent=true modes=[CLOSE,TO_BACK] flags=NONE mustBeTask=false order=ANY topActivity=null launchCookie=null windowingMode=undefined},{NOT atype=undefined independent=true modes=[] flags=NONE mustBeTask=true order=ANY topActivity=null launchCookie=null customAnim=true windowingMode=undefined}]} RemoteTransition { remoteTransition = android.window.IRemoteTransition$Stub$Proxy@60e1263, appThread = android.app.IApplicationThread$Stub$Proxy@92a2e60, debugName = QuickstepLaunchHome }}
D/RemoteTransitionHandler(  927): Found filterPair{{types=[] flags=0x0] notFlags=0x100 checks=[{atype=home independent=true modes=[OPEN,TO_FRONT] flags=NONE mustBeTask=false order=TOP topActivity=ComponentInfo{com.google.android.apps.nexuslauncher/com.google.android.apps.nexuslauncher.NexusLauncherActivity} launchCookie=null windowingMode=undefined},{atype=standard independent=true modes=[CLOSE,TO_BACK] flags=NONE mustBeTask=false order=ANY topActivity=null launchCookie=null windowingMode=undefined},{NOT atype=undefined independent=true modes=[] flags=NONE mustBeTask=true order=ANY topActivity=null launchCookie=null customAnim=true windowingMode=undefined}]} RemoteTransition { remoteTransition = android.window.IRemoteTransition$Stub$Proxy@60e1263, appThread = android.app.IApplicationThread$Stub$Proxy@92a2e60, debugName = QuickstepLaunchHome }}
V/WindowManagerShell(  927):  Delegate animation for (#36) to RemoteTransition { remoteTransition = android.window.IRemoteTransition$Stub$Proxy@60e1263, appThread = android.app.IApplicationThread$Stub$Proxy@92a2e60, debugName = QuickstepLaunchHome }
V/WindowManager(  677): Sent Transition (#36) createdAt=09-07 13:54:25.650 via request=TransitionRequestInfo { type = CLOSE, triggerTask = TaskInfo{userId=0 taskId=411 effectiveUid=10217 displayId=0 isRunning=false baseIntent=Intent { flg=0x10000000 cmp=com.penkra.canvas.fixture/.MainActivity } baseActivity=null topActivity=null origActivity=null realActivity=ComponentInfo{com.penkra.canvas.fixture/com.penkra.canvas.fixture.MainActivity} numActivities=0 lastActiveTime=126740 supportsMultiWindow=true resizeMode=1 isResizeable=true minWidth=-1 minHeight=-1 defaultMinSize=220 token=WCT{RemoteToken{c4ba7dd Task{c5c39f #411 type=standard A=10217:com.penkra.canvas.fixture}}} topActivityType=1 pictureInPictureParams=null shouldDockBigOverlays=false launchIntoPipHostTaskId=-1 lastParentTaskIdBeforePip=-1 displayCutoutSafeInsets=Rect(0, 0 - 0, 0) topActivityInfo=null launchCookies=[] positionInParent=Point(0, 0) parentTaskId=-1 isFocused=true isVisible=true isVisibleRequested=true isTopActivityNoDisplay=false isSleeping=false locusId=null displayAreaFeatureId=1 isTopActivityTransparent=false isActivityStackTransparent=true lastNonFullscreenBounds=Rect(276, 694 - 804, 1774) capturedLink=null capturedLinkTimestamp=0 requestedVisibleTypes=-9 topActivityRequestOpenInBrowserEducationTimestamp=0 appCompatTaskInfo=AppCompatTaskInfo { topActivityInSizeCompat=false eligibleForLetterboxEducation= false isLetterboxEducationEnabled= false isLetterboxDoubleTapEnabled= false eligibleForUserAspectRatioButton= false topActivityBoundsLetterboxed= false isFromLetterboxDoubleTap= false topActivityLetterboxVerticalPosition= -1 topActivityLetterboxHorizontalPosition= -1 topActivityLetterboxWidth=-1 topActivityLetterboxHeight=-1 topActivityAppBounds=Rect(0, 0 - 0, 0) isUserFullscreenOverrideEnabled=false isSystemFullscreenOverrideEnabled=false hasMinAspectRatioOverride=false topActivityLetterboxBounds=null cameraCompatTaskInfo=CameraCompatTaskInfo { freeformCameraCompatMode=undefined}} topActivityMainWindowFrame=null}, pipChange = null, remoteTransition = null, displayChange = null, flags = 0, debugId = 36 }
V/WindowManager(  677):     startWCT=WindowContainerTransaction { changes= {} hops= [] errorCallbackToken=null taskFragmentOrganizer=null }
V/WindowManager(  677):     info={id=36 t=CLOSE f=0x0 trk=0 r=[0@Point(0, 0)] c=[
V/WindowManager(  677):         {WCT{RemoteToken{a8584bf Task{65ff867 #1 type=home}}} m=TO_FRONT f=SHOW_WALLPAPER|MOVE_TO_TOP leash=Surface(name=Task=1)/@0x724a548 sb=Rect(0, 0 - 1080, 2400) eb=Rect(0, 0 - 1080, 2400) epz=Point(1080, 2400) d=0 taskParent=-1},
V/WindowManager(  677):         {WCT{RemoteToken{c4ba7dd Task{c5c39f #411 type=standard A=10217:com.penkra.canvas.fixture}}} m=CLOSE f=NONE leash=Surface(name=Task=411)/@0xe428487 sb=Rect(0, 0 - 1080, 2400) eb=Rect(0, 0 - 1080, 2400) epz=Point(1080, 2400) d=0 taskParent=-1},
V/WindowManager(  677):         {m=TO_FRONT f=IS_WALLPAPER leash=Surface(name=WallpaperWindowToken{19b8f8f showWhenLocked=false})/@0x2adf3eb sb=Rect(0, 0 - 1080, 2400) eb=Rect(0, 0 - 1080, 2400) epz=Point(1080, 2400) d=0}
V/WindowManager(  677):     ]}
E/JobScheduler.JobStatus(  677): App com.google.android.apps.photos became active but still in NEVER bucket
W/ActivityTaskManager(  677): Unable to send transaction to client proc com.penkra.canvas.fixture: no app thread
V/WindowManagerShell(  927):  animated by com.android.wm.shell.transition.RemoteTransitionHandler@ee80a28
D/StateManager( 1050): createAtomicAnimation - fromState: Background, toState: Normal, partial trace:
D/StateManager( 1050): 	at com.android.quickstep.util.WorkspaceRevealAnim.prepareToAnimate(go/retraceme 43e00d9cd0eb17b3d9dd30fc1741b1c71445c4c0f7c8c9b81300265c86c5b873:22)
D/StateManager( 1050): 	at com.android.quickstep.util.WorkspaceRevealAnim.<init>(go/retraceme 43e00d9cd0eb17b3d9dd30fc1741b1c71445c4c0f7c8c9b81300265c86c5b873:11)
D/StateManager( 1050): 	at com.android.launcher3.QuickstepTransitionManager.createWallpaperOpenAnimations(go/retraceme 43e00d9cd0eb17b3d9dd30fc1741b1c71445c4c0f7c8c9b81300265c86c5b873:339)
D/b/311077782( 1050): LauncherAnimationRunner.setAnimation
W/ActivityTaskManager(  677): callingPackage for (uid=2000, pid=4400) has no WPC
V/GrammaticalInflectionUtils(  677): AttributionSource: AttributionSource { uid = 10217, packageName = null, attributionTag = null, token = android.os.Binder@544e582, deviceId = 0, next = null } does not have READ_SYSTEM_GRAMMATICAL_GENDER permission.
W/OptProp (  677): Cannot read opt property android.window.PROPERTY_COMPAT_ALLOW_USER_ASPECT_RATIO_OVERRIDE
W/OptProp (  677): Cannot read opt property android.window.PROPERTY_COMPAT_ALLOW_USER_ASPECT_RATIO_FULLSCREEN_OVERRIDE
W/OptProp (  677): Cannot read opt property android.window.PROPERTY_COMPAT_ALLOW_RESIZEABLE_ACTIVITY_OVERRIDES
W/OptProp (  677): Cannot read opt property android.window.PROPERTY_COMPAT_ALLOW_MIN_ASPECT_RATIO_OVERRIDE
W/OptProp (  677): Cannot read opt property android.window.PROPERTY_COMPAT_ALLOW_ORIENTATION_OVERRIDE
V/SplashScreenExceptionList(  677): SplashScreen checking exception for package com.penkra.canvas.fixture (target sdk:35) -> false
I/ActivityTaskManager(  677): Add Task{c5c39f #411 type=standard A=10217:com.penkra.canvas.fixture} to hidden list because adding Task{b5ab7eb #412 type=standard A=10217:com.penkra.canvas.fixture}
I/ActivityTaskManager(  677): START u0 {flg=0x10000000 xflg=0x5 cmp=com.penkra.canvas.fixture/.MainActivity (has extras)} with LAUNCH_MULTIPLE from uid 2000 (BAL_ALLOW_PERMISSION) result code=0
V/GrammaticalInflectionUtils(  677): AttributionSource: AttributionSource { uid = 10217, packageName = null, attributionTag = null, token = android.os.Binder@544e582, deviceId = 0, next = null } does not have READ_SYSTEM_GRAMMATICAL_GENDER permission.
W/SplitSelectStateCtor( 1050): Missing session instanceIds
D/StatsLog( 1050): LAUNCHER_SPLIT_SELECTION_EXIT_INTERRUPTED
V/WindowManagerShell(  927): Transition requested (#37): android.os.BinderProxy@3a3ed13 TransitionRequestInfo { type = OPEN, triggerTask = TaskInfo{userId=0 taskId=412 effectiveUid=10217 displayId=0 isRunning=true baseIntent=Intent { flg=0x10000000 cmp=com.penkra.canvas.fixture/.MainActivity } baseActivity=ComponentInfo{com.penkra.canvas.fixture/com.penkra.canvas.fixture.MainActivity} topActivity=ComponentInfo{com.penkra.canvas.fixture/com.penkra.canvas.fixture.MainActivity} origActivity=null realActivity=ComponentInfo{com.penkra.canvas.fixture/com.penkra.canvas.fixture.MainActivity} numActivities=1 lastActiveTime=133159 supportsMultiWindow=true resizeMode=1 isResizeable=true minWidth=-1 minHeight=-1 defaultMinSize=220 token=WCT{android.window.IWindowContainerToken$Stub$Proxy@eb9eb50} topActivityType=1 pictureInPictureParams=null shouldDockBigOverlays=false launchIntoPipHostTaskId=-1 lastParentTaskIdBeforePip=-1 displayCutoutSafeInsets=Rect(0, 132 - 0, 0) topActivityInfo=ActivityInfo{abbc149 com.penkra.canvas.fixture.MainActivity} launchCookies=[] positionInParent=Point(0, 0) parentTaskId=-1 isFocused=false isVisible=false isVisibleRequested=false isTopActivityNoDisplay=false isSleeping=false locusId=null displayAreaFeatureId=1 isTopActivityTransparent=false isActivityStackTransparent=false lastNonFullscreenBounds=Rect(276, 694 - 804, 1774) capturedLink=null capturedLinkTimestamp=0 requestedVisibleTypes=-9 topActivityRequestOpenInBrowserEducationTimestamp=0 appCompatTaskInfo=AppCompatTaskInfo { topActivityInSizeCompat=false eligibleForLetterboxEducation= false isLetterboxEducationEnabled= true isLetterboxDoubleTapEnabled= false eligibleForUserAspectRatioButton= false topActivityBoundsLetterboxed= false isFromLetterboxDoubleTap= false topActivityLetterboxVerticalPosition= -1 topActivityLetterboxHorizontalPosition= -1 topActivityLetterboxWidth=-1 topActivityLetterboxHeight=-1 topActivityAppBounds=Rect(0, 0 - 1080, 2400) isUserFullscreenOverrideEnabled=false isSystemFullscreenOverrideEnabled=false hasMinAspectRatioOverride=false topActivityLetterboxBounds=null cameraCompatTaskInfo=CameraCompatTaskInfo { freeformCameraCompatMode=inactive}} topActivityMainWindowFrame=null}, pipChange = null, remoteTransition = null, displayChange = null, flags = 0, debugId = 37 }
D/ShellSplitScreen(  927): logExit: no-op, mLoggerSessionId is null
I/AppsFilter(  677): interaction: PackageSetting{c11fd90 com.konsier.app.dev/10214} -> PackageSetting{22ae7c7 com.penkra.canvas.fixture/10217} BLOCKED
I/AppsFilter(  677): interaction: PackageSetting{ee5b68e com.penkra.canvas.qa.fonts/10219} -> PackageSetting{22ae7c7 com.penkra.canvas.fixture/10217} BLOCKED
I/AppsFilter(  677): interaction: PackageSetting{5422eaf com.penkra.canvas.qa.typomixed0606/10215} -> PackageSetting{22ae7c7 com.penkra.canvas.fixture/10217} BLOCKED
D/Zygote  (  456): Forked child process 4403
D/WindowManagerShell(  927): setLauncherKeepClearAreaHeight: visible=false, height=527
D/CompatChangeReporter(  677): Compat change id reported: 309578419; UID 10217; state: ENABLED
D/BackgroundInstallControlService(  677): Package event received: 0
I/ActivityManager(  677): Start proc 4403:com.penkra.canvas.fixture/u0a217 for next-top-activity {com.penkra.canvas.fixture/com.penkra.canvas.fixture.MainActivity}
I/ActivityManager(  677): ProcessObserver broadcast disabled
I/ImeTracker(  677): com.google.android.apps.nexuslauncher:941be13a: onRequestHide at ORIGIN_SERVER reason HIDE_UNSPECIFIED_WINDOW fromUser false
W/HWUI    (  927): Image decoding logging dropped!
D/SplashScreenView(  927): Build android.window.SplashScreenView{cad2d5a V.E...... ......ID 0,0-0,0}
D/SplashScreenView(  927): Icon: view: android.widget.ImageView{729eb8b V.ED..... ......I. 0,0-0,0 #1020542 android:id/splashscreen_icon_view} drawable: com.android.wm.shell.startingsurface.SplashscreenIconDrawableFactory$ImmobileIconDrawable@b1fd468 size: 420
D/SplashScreenView(  927): Branding: view: android.view.View{fb55081 G.ED..... ......I. 0,0-0,0 #1020541 android:id/splashscreen_branding_view} drawable: null size w: 0 h: 0
I/AppWidgetServiceImpl(  677): Received broadcast: android.intent.action.PACKAGE_UNSTOPPED on user 0
I/AppWidgetServiceImpl(  677): Updating package stopped masked state for uid 10217 package com.penkra.canvas.fixture isStopped false
I/RanchuHwc(  477): logCompositionFallbackIfChanged: layer 78 CompositionType fallback from 2 to 1
I/RanchuHwc(  477): logCompositionFallbackIfChanged: layer 79 CompositionType fallback from 2 to 1
D/InsetsController( 1050): hide(ime(), fromIme=false)
I/ImeTracker( 1050): com.google.android.apps.nexuslauncher:941be13a: onCancelled at PHASE_CLIENT_ALREADY_HIDDEN
I/BpBinder(  511): onLastStrongRef automatically unlinking death recipients: 
I/GoogleInputMethodService( 1397): GoogleInputMethodService.onFinishInput():2043 
I/Module  ( 1397): DeviceLockedStatusModuleProvider$Module.updateDeviceLockedStatus():100 repeatCheckTimes = 0, locked = false
I/ImeTracker(  677): system_server:4afb3e7c: onRequestHide at ORIGIN_SERVER reason IME_REQUESTED_CHANGED_LISTENER fromUser false
I/GoogleInputMethodService( 1397): GoogleInputMethodService.onStartInput():1293 onStartInput(EditorInfo{EditorInfo{packageName=com.google.android.apps.nexuslauncher, inputType=0, inputTypeString=NULL, enableLearning=false, autoCorrection=false, autoComplete=false, imeOptions=0, privateImeOptions=null, actionName=UNSPECIFIED, actionLabel=null, initialSelStart=-1, initialSelEnd=-1, initialCapsMode=0, label=null, fieldId=0, fieldName=null, extras=null, hintText=null, hintLocales=[]}}, false)
I/.canvas.fixture( 4403): Late-enabling -Xcheck:jni
I/ImeTracker(  677): system_server:4afb3e7c: onCancelled at PHASE_SERVER_SHOULD_HIDE
I/Module  ( 1397): DeviceLockedStatusModuleProvider$Module.updateDeviceLockedStatus():100 repeatCheckTimes = 1, locked = false
I/EmojiCompatManager( 1397): EmojiCompatManager.getEmojiCompatIfLoaded():343 EmojiCompat.init() was never called.
I/EmojiCompatManager( 1397): java.lang.IllegalStateException: EmojiCompat is not initialized. Please call EmojiCompat.init() first
I/EmojiCompatManager( 1397): 	at asx.p(PG:6)
I/EmojiCompatManager( 1397): 	at axb.b(PG:13)
I/EmojiCompatManager( 1397): 	at jnr.b(PG:2)
I/EmojiCompatManager( 1397): 	at jnr.c(PG:4)
I/EmojiCompatManager( 1397): 	at jnr.f(PG:3)
I/EmojiCompatManager( 1397): 	at jnx.c(PG:3)
I/EmojiCompatManager( 1397): 	at kif.cz(PG:47)
I/EmojiCompatManager( 1397): 	at lhl.run(PG:1025)
I/EmojiCompatManager( 1397): 	at jaf.execute(PG:12)
I/EmojiCompatManager( 1397): 	at nco.v(PG:13)
I/EmojiCompatManager( 1397): 	at lhn.m(PG:96)
I/EmojiCompatManager( 1397): 	at lhn.k(PG:25)
I/EmojiCompatManager( 1397): 	at kgn.onStartInput(PG:250)
I/EmojiCompatManager( 1397): 	at android.inputmethodservice.InputMethodService.doStartInput(InputMethodService.java:3521)
I/EmojiCompatManager( 1397): 	at android.inputmethodservice.InputMethodService$InputMethodImpl.startInput(InputMethodService.java:879)
I/EmojiCompatManager( 1397): 	at android.inputmethodservice.InputMethodService$InputMethodImpl.dispatchStartInput(InputMethodService.java:908)
I/EmojiCompatManager( 1397): 	at android.inputmethodservice.IInputMethodWrapper.executeMessage(IInputMethodWrapper.java:201)
I/EmojiCompatManager( 1397): 	at com.android.internal.os.HandlerCaller$MyHandler.handleMessage(HandlerCaller.java:44)
I/EmojiCompatManager( 1397): 	at android.os.Handler.dispatchMessage(Handler.java:110)
I/EmojiCompatManager( 1397): 	at android.os.Looper.loopOnce(Looper.java:248)
I/EmojiCompatManager( 1397): 	at android.os.Looper.loop(Looper.java:338)
I/EmojiCompatManager( 1397): 	at android.app.ActivityThread.main(ActivityThread.java:9067)
I/EmojiCompatManager( 1397): 	at java.lang.reflect.Method.invoke(Native Method)
I/EmojiCompatManager( 1397): 	at com.android.internal.os.RuntimeInit$MethodAndArgsCaller.run(RuntimeInit.java:593)
I/EmojiCompatManager( 1397): 	at com.android.internal.os.ZygoteInit.main(ZygoteInit.java:932)
W/PackageConfigPersister(  677): App-specific configuration not found for packageName: com.google.android.apps.nexuslauncher and userId: 0
W/ActivityTaskManager(  677): Unable to send transaction to client proc com.penkra.canvas.fixture: no app thread
I/.canvas.fixture( 4403): Using CollectorTypeCMC GC.
I/adbd    (  521): jdwp connection from 4403
D/CoreBackPreview(  677): Window{ad750b7 u0 Splash Screen com.penkra.canvas.fixture}: Setting back callback OnBackInvokedCallbackInfo{mCallback=android.window.IOnBackInvokedCallback$Stub$Proxy@e88478d, mPriority=0, mIsAnimationCallback=false, mOverrideBehavior=0}
D/nativeloader( 4403): Load libframework-connectivity-tiramisu-jni.so using APEX ns com_android_tethering for caller /apex/com.android.tethering/javalib/framework-connectivity-t.jar: ok
D/BackgroundInstallControlService(  677): Package event received: 0
I/putmethod.latin( 1397): JIT allocated 53KB for compiled code of boolean fdo.b(lbg, java.lang.Object[])
I/putmethod.latin( 1397): Compiler allocated 4168KB to compile boolean fdo.b(lbg, java.lang.Object[])
V/WindowManager(  677): Sent Transition (#37) createdAt=09-07 13:54:25.713 via request=TransitionRequestInfo { type = OPEN, triggerTask = TaskInfo{userId=0 taskId=412 effectiveUid=10217 displayId=0 isRunning=true baseIntent=Intent { flg=0x10000000 cmp=com.penkra.canvas.fixture/.MainActivity } baseActivity=ComponentInfo{com.penkra.canvas.fixture/com.penkra.canvas.fixture.MainActivity} topActivity=ComponentInfo{com.penkra.canvas.fixture/com.penkra.canvas.fixture.MainActivity} origActivity=null realActivity=ComponentInfo{com.penkra.canvas.fixture/com.penkra.canvas.fixture.MainActivity} numActivities=1 lastActiveTime=133159 supportsMultiWindow=true resizeMode=1 isResizeable=true minWidth=-1 minHeight=-1 defaultMinSize=220 token=WCT{RemoteToken{abbdb45 Task{b5ab7eb #412 type=standard A=10217:com.penkra.canvas.fixture}}} topActivityType=1 pictureInPictureParams=null shouldDockBigOverlays=false launchIntoPipHostTaskId=-1 lastParentTaskIdBeforePip=-1 displayCutoutSafeInsets=Rect(0, 132 - 0, 0) topActivityInfo=ActivityInfo{b29929a com.penkra.canvas.fixture.MainActivity} launchCookies=[] positionInParent=Point(0, 0) parentTaskId=-1 isFocused=false isVisible=false isVisibleRequested=false isTopActivityNoDisplay=false isSleeping=false locusId=null displayAreaFeatureId=1 isTopActivityTransparent=false isActivityStackTransparent=false lastNonFullscreenBounds=Rect(276, 694 - 804, 1774) capturedLink=null capturedLinkTimestamp=0 requestedVisibleTypes=-9 topActivityRequestOpenInBrowserEducationTimestamp=0 appCompatTaskInfo=AppCompatTaskInfo { topActivityInSizeCompat=false eligibleForLetterboxEducation= false isLetterboxEducationEnabled= true isLetterboxDoubleTapEnabled= false eligibleForUserAspectRatioButton= false topActivityBoundsLetterboxed= false isFromLetterboxDoubleTap= false topActivityLetterboxVerticalPosition= -1 topActivityLetterboxHorizontalPosition= -1 topActivityLetterboxWidth=-1 topActivityLetterboxHeight=-1 topActivityAppBounds=Rect(0, 0 - 1080, 2400) isUserFullscreenOverrideEnabled=false isSystemFullscreenOverrideEnabled=false hasMinAspectRatioOverride=false topActivityLetterboxBounds=null cameraCompatTaskInfo=CameraCompatTaskInfo { freeformCameraCompatMode=inactive}} topActivityMainWindowFrame=null}, pipChange = null, remoteTransition = null, displayChange = null, flags = 0, debugId = 37 }
V/WindowManager(  677):     startWCT=WindowContainerTransaction { changes= {} hops= [] errorCallbackToken=null taskFragmentOrganizer=null }
V/WindowManager(  677):     info={id=37 t=OPEN f=0x0 trk=0 r=[0@Point(0, 0)] c=[
V/WindowManager(  677):         {WCT{RemoteToken{abbdb45 Task{b5ab7eb #412 type=standard A=10217:com.penkra.canvas.fixture}}} m=OPEN f=NONE leash=Surface(name=Task=412)/@0xc3ecf89 sb=Rect(0, 0 - 1080, 2400) eb=Rect(0, 0 - 1080, 2400) epz=Point(1080, 2400) d=0 taskParent=-1},
V/WindowManager(  677):         {WCT{RemoteToken{a8584bf Task{65ff867 #1 type=home}}} m=TO_BACK f=SHOW_WALLPAPER leash=Surface(name=Task=1)/@0x724a548 sb=Rect(0, 0 - 1080, 2400) eb=Rect(0, 0 - 1080, 2400) epz=Point(1080, 2400) d=0 taskParent=-1},
V/WindowManager(  677):         {m=TO_BACK f=IS_WALLPAPER leash=Surface(name=WallpaperWindowToken{19b8f8f showWhenLocked=false})/@0x2adf3eb sb=Rect(0, 0 - 1080, 2400) eb=Rect(0, 0 - 1080, 2400) epz=Point(1080, 2400) d=0}
V/WindowManager(  677):     ]}
V/WindowManagerShell(  927): onTransitionReady(transaction=2907692860566)
I/ndroid.systemui(  927): NativeAlloc concurrent mark compact GC freed 2585KB AllocSpace bytes, 5(100KB) LOS objects, 50% free, 19MB/38MB, paused 251us,1.061ms total 120.629ms
V/WindowManagerShell(  927): onTransitionReady (#37) android.os.BinderProxy@3a3ed13: {id=37 t=OPEN f=0x0 trk=0 r=[0@Point(0, 0)] c=[
V/WindowManagerShell(  927):         {m=OPEN f=NONE leash=Surface(name=Task=412)/@0x50cd7b sb=Rect(0, 0 - 1080, 2400) eb=Rect(0, 0 - 1080, 2400) epz=Point(1080, 2400) d=0 taskParent=-1},
V/WindowManagerShell(  927):         {m=TO_BACK f=SHOW_WALLPAPER leash=Surface(name=Task=1)/@0x9252798 sb=Rect(0, 0 - 1080, 2400) eb=Rect(0, 0 - 1080, 2400) epz=Point(1080, 2400) d=0 taskParent=-1},
V/WindowManagerShell(  927):         {m=TO_BACK f=IS_WALLPAPER leash=Surface(name=WallpaperWindowToken{19b8f8f showWhenLocked=false})/@0xe725bf1 sb=Rect(0, 0 - 1080, 2400) eb=Rect(0, 0 - 1080, 2400) epz=Point(1080, 2400) d=0}
V/WindowManagerShell(  927):     ]}
V/WindowManagerShell(  927): Transition (#37) android.os.BinderProxy@3a3ed13@0 ready while (#36) android.os.BinderProxy@ccaad9e@0 is still animating. Notify the animating transition in case they can be merged
V/WindowManagerShell(  927):    Merge into remote: RemoteTransition { remoteTransition = android.window.IRemoteTransition$Stub$Proxy@60e1263, appThread = android.app.IApplicationThread$Stub$Proxy@92a2e60, debugName = QuickstepLaunchHome }
V/WindowManagerShell(  927): Transition animation finished (aborted=false), notifying core (#36) android.os.BinderProxy@ccaad9e@0
V/WindowManager(  677): Finish Transition (#36): created at 09-07 13:54:25.650 collect-started=0.044ms request-sent=0.091ms started=3.461ms ready=8.901ms sent=42.238ms commit=25.104ms finished=207.571ms
--------- beginning of kernel
I/binder  ( 1820): 1820:677 cannot find target node
I/binder  ( 1820): 677:1820 transaction async to 0:0 failed 165323/29189/-22, size 64-0 line 3348
E/IPCThreadState(  677): Binder transaction failure. id: 165323, BR_*: 29189, error: -22 (Invalid argument)
W/ActivityManager(  677): pid 677 system sent binder code 7 with flags 1 to frozen apps and got error -32
W/WindowManager(  677): Exception thrown during dispatchAppVisibility Window{3238eb2 u0 com.penkra.canvas.fixture/com.penkra.canvas.fixture.MainActivity EXITING}
W/WindowManager(  677): android.os.DeadObjectException
W/WindowManager(  677): 	at android.os.BinderProxy.transactNative(Native Method)
W/WindowManager(  677): 	at android.os.BinderProxy.transact(BinderProxy.java:592)
W/WindowManager(  677): 	at android.view.IWindow$Stub$Proxy.dispatchAppVisibility(IWindow.java:557)
W/WindowManager(  677): 	at com.android.server.wm.WindowState.sendAppVisibilityToClients(WindowState.java:3151)
W/WindowManager(  677): 	at com.android.server.wm.WindowContainer.sendAppVisibilityToClients(WindowContainer.java:1311)
W/WindowManager(  677): 	at com.android.server.wm.WindowToken.setClientVisible(WindowToken.java:389)
W/WindowManager(  677): 	at com.android.server.wm.ActivityRecord.setClientVisible(ActivityRecord.java:6650)
W/WindowManager(  677): 	at com.android.server.wm.ActivityRecord.commitVisibility(ActivityRecord.java:5561)
W/WindowManager(  677): 	at com.android.server.wm.Transition.finishTransition(Transition.java:1391)
W/WindowManager(  677): 	at com.android.server.wm.TransitionController.finishTransition(TransitionController.java:1029)
W/WindowManager(  677): 	at com.android.server.wm.WindowOrganizerController.finishTransition(WindowOrganizerController.java:496)
W/WindowManager(  677): 	at android.window.IWindowOrganizerController$Stub.onTransact(IWindowOrganizerController.java:261)
W/WindowManager(  677): 	at com.android.server.wm.WindowOrganizerController.onTransact(WindowOrganizerController.java:223)
W/WindowManager(  677): 	at android.os.Binder.execTransactInternal(Binder.java:1426)
W/WindowManager(  677): 	at android.os.Binder.execTransact(Binder.java:1365)
W/Process (  677): Unable to open /proc/4351/status
V/WindowManagerShell(  927): Playing animation for (#37) android.os.BinderProxy@3a3ed13@0
V/ShellRecents(  927): RecentsTransitionHandler.startAnimation: no controller found
V/WindowManagerShell(  927): Transition doesn't have explicit remote, search filters for match for {id=37 t=OPEN f=0x0 trk=0 r=[0@Point(0, 0)] c=[{m=OPEN f=NONE leash=Surface(name=Task=412)/@0x50cd7b sb=Rect(0, 0 - 1080, 2400) eb=Rect(0, 0 - 1080, 2400) epz=Point(1080, 2400) d=0 taskParent=-1},{m=TO_BACK f=SHOW_WALLPAPER leash=Surface(name=Task=1)/@0x9252798 sb=Rect(0, 0 - 1080, 2400) eb=Rect(0, 0 - 1080, 2400) epz=Point(1080, 2400) d=0 taskParent=-1},{m=TO_BACK f=IS_WALLPAPER leash=Surface(name=WallpaperWindowToken{19b8f8f showWhenLocked=false})/@0xe725bf1 sb=Rect(0, 0 - 1080, 2400) eb=Rect(0, 0 - 1080, 2400) epz=Point(1080, 2400) d=0}]}
V/WindowManagerShell(  927):  Checking filter Pair{{types=[] flags=0x0] notFlags=0x0 checks=[{atype=undefined independent=true modes=[CLOSE,TO_BACK] flags=IN_TASK_WITH_EMBEDDED_ACTIVITY mustBeTask=false order=ANY topActivity=null launchCookie=null taskFragmentToken=android.os.BinderProxy@29d9206 windowingMode=undefined}]} RemoteTransition { remoteTransition = android.window.IRemoteTransition$Stub$Proxy@63930c7, appThread = android.app.IApplicationThread$Stub$Proxy@42096f4, debugName = overlayBackTransition }}
D/RecentsView( 1050): onTaskRemoved: 411, not handling task stack changes
D/RecentsView( 1050): onTaskRemoved: 411, not handling task stack changes
V/WindowManagerShell(  927):  Checking filter Pair{{types=[] flags=0x0] notFlags=0x0 checks=[{atype=dream independent=true modes=[OPEN,TO_FRONT] flags=NONE mustBeTask=false order=ANY topActivity=null launchCookie=null windowingMode=undefined},{atype=home independent=true modes=[CLOSE,TO_BACK] flags=NONE mustBeTask=false order=ANY topActivity=null launchCookie=null windowingMode=undefined}]} RemoteTransition { remoteTransition = android.window.IRemoteTransition$Stub$Proxy@496ce1d, appThread = android.app.IApplicationThread$Stub$Proxy@e70c892, debugName = LauncherToDream }}
V/WindowManagerShell(  927):  Checking filter Pair{{types=[] flags=0x0] notFlags=0x100 checks=[{atype=home independent=true modes=[OPEN,TO_FRONT] flags=NONE mustBeTask=false order=TOP topActivity=ComponentInfo{com.google.android.apps.nexuslauncher/com.google.android.apps.nexuslauncher.NexusLauncherActivity} launchCookie=null windowingMode=undefined},{atype=standard independent=true modes=[CLOSE,TO_BACK] flags=NONE mustBeTask=false order=ANY topActivity=null launchCookie=null windowingMode=undefined},{NOT atype=undefined independent=true modes=[] flags=NONE mustBeTask=true order=ANY topActivity=null launchCookie=null customAnim=true windowingMode=undefined}]} RemoteTransition { remoteTransition = android.window.IRemoteTransition$Stub$Proxy@60e1263, appThread = android.app.IApplicationThread$Stub$Proxy@92a2e60, debugName = QuickstepLaunchHome }}
V/WindowManagerShell(  927):  Delegate animation for (#37) to null
V/WindowManagerShell(  927): start default transition animation, info = {id=37 t=OPEN f=0x0 trk=0 r=[0@Point(0, 0)] c=[{m=OPEN f=NONE leash=Surface(name=Task=412)/@0x50cd7b sb=Rect(0, 0 - 1080, 2400) eb=Rect(0, 0 - 1080, 2400) epz=Point(1080, 2400) d=0 taskParent=-1},{m=TO_BACK f=SHOW_WALLPAPER leash=Surface(name=Task=1)/@0x9252798 sb=Rect(0, 0 - 1080, 2400) eb=Rect(0, 0 - 1080, 2400) epz=Point(1080, 2400) d=0 taskParent=-1},{m=TO_BACK f=IS_WALLPAPER leash=Surface(name=WallpaperWindowToken{19b8f8f showWhenLocked=false})/@0xe725bf1 sb=Rect(0, 0 - 1080, 2400) eb=Rect(0, 0 - 1080, 2400) epz=Point(1080, 2400) d=0}]}
V/WindowManagerShell(  927): loadAnimation: anim=android.view.animation.AnimationSet@6574762 animAttr=0x13 type=OPEN isEntrance=false
V/WindowManagerShell(  927): loadAnimation: anim=android.view.animation.AnimationSet@2b570f3 animAttr=0x12 type=OPEN isEntrance=true
V/WindowManagerShell(  927):  animated by com.android.wm.shell.transition.DefaultTransitionHandler@d69f2bf
W/Looper  (  927): Slow dispatch took 30ms wmshell.main app=com.android.systemui main=false group=TOP_APP h=android.os.Handler c=com.android.wm.shell.transition.RemoteTransitionHandler$1$$ExternalSyntheticLambda0@5ff9829 m=0
E/BpTransactionCompletedListener(  511): Failed to transact (-32)
D/WorkspaceRevealAnim( 1050): onAnimationEnd: workspace alpha = 1.0
D/nativeloader( 4403): Configuring clns-9 for other apk /data/app/~~XiF5IjFWBQZSqhr54nrKdA==/com.penkra.canvas.fixture-JMXL4nWTNIMbvXoGypvByg==/base.apk. target_sdk_version=35, uses_libraries=, library_path=/data/app/~~XiF5IjFWBQZSqhr54nrKdA==/com.penkra.canvas.fixture-JMXL4nWTNIMbvXoGypvByg==/lib/arm64:/data/app/~~XiF5IjFWBQZSqhr54nrKdA==/com.penkra.canvas.fixture-JMXL4nWTNIMbvXoGypvByg==/base.apk!/lib/arm64-v8a, permitted_path=/data:/mnt/expand:/data/user/0/com.penkra.canvas.fixture
D/CompatChangeReporter( 4403): Compat change id reported: 202956589; UID 10217; state: ENABLED
I/.canvas.fixture( 4403): AssetManager2(0xb40000777000e298) locale list changing from [] to [en-US]
V/GraphicsEnvironment( 4403): Currently set values for:
V/GraphicsEnvironment( 4403):   angle_gl_driver_selection_pkgs=[]
V/GraphicsEnvironment( 4403):   angle_gl_driver_selection_values=[]
V/GraphicsEnvironment( 4403): com.penkra.canvas.fixture is not listed in per-application setting
V/GraphicsEnvironment( 4403): ANGLE allowlist from config: com.dreamgames.royalmatch com.dts.freefiremax com.dxx.firenow com.gramgames.mergedragons com.ludo.king com.mojang.minecraftpe com.my.defense com.nintendo.zaka com.os.airforce com.playrix.fishdomdd.gplay io.teslatech.callbreak jp.konami.prospia net.peakgames.toonblast
V/GraphicsEnvironment( 4403): com.penkra.canvas.fixture is not listed in ANGLE allowlist or settings, returning default
V/GraphicsEnvironment( 4403): Neither updatable production driver nor prerelease driver is supported.
D/CompatChangeReporter( 4403): Compat change id reported: 279646685; UID 10217; state: ENABLED
V/WindowManagerShell(  927): Transition animation finished (aborted=false), notifying core (#37) android.os.BinderProxy@3a3ed13@0
V/WindowManager(  677): Finish Transition (#37): created at 09-07 13:54:25.713 collect-started=0.014ms request-sent=4.681ms started=15.027ms ready=132.551ms sent=134.117ms commit=62.33ms finished=474.744ms
D/VRI[NexusLauncherActivity]( 1050): visibilityChanged oldVisibility=true newVisibility=false
V/WindowManagerShell(  927): Track 0 became idle
V/WindowManagerShell(  927): All active transition animations finished
W/OptProp (  677): Cannot read opt property android.window.PROPERTY_COMPAT_ENABLE_FAKE_FOCUS
D/CompatChangeReporter(  677): Compat change id reported: 324203798; UID 10217; state: ENABLED
D/NexusLauncherModelDelegate( 1050): notifySmartspaceEvent: SmartspaceTargetEvent{mSmartspaceTarget=null, mSmartspaceActionId='null', mEventType=7}
D/BackgroundInstallControlService(  677): Package event received: 0
D/BackgroundInstallControlService(  677): Package event received: 0
I/DisplayManager( 4403): Choreographer implicitly registered for the refresh rate.
I/.canvas.fixture( 4403): AssetManager2(0xb40000777001a138) locale list changing from [] to [en-US]
E/ashmem  ( 4403): Pinning is deprecated since Android Q. Please use trim or other methods.
D/CompatChangeReporter( 4403): Compat change id reported: 309578419; UID 10217; state: ENABLED
D/DesktopModeFlags( 4403): Toggle override initialized to: OVERRIDE_UNSET
I/EGL_emulation( 4403): Opening libGLESv1_CM_emulation.so
I/EGL_emulation( 4403): Opening libGLESv2_emulation.so
W/HWUI    ( 4403): Failed to choose config with EGL_SWAP_BEHAVIOR_PRESERVED, retrying without...
W/HWUI    ( 4403): Failed to initialize 101010-2 format, error = EGL_SUCCESS
D/CompatChangeReporter( 4403): Compat change id reported: 352594277; UID 10217; state: ENABLED
D/CompatChangeReporter( 4403): Compat change id reported: 349153669; UID 10217; state: ENABLED
W/HWUI    ( 4403): Unknown dataspace 0
I/servicemanager(  219): Caller(pid=4403,uid=10217,sid=u:r:untrusted_app:s0:c217,c256,c512,c768) Found android.hardware.graphics.allocator.IAllocator/default in device VINTF manifest.
I/servicemanager(  219): Caller(pid=4403,uid=10217,sid=u:r:untrusted_app:s0:c217,c256,c512,c768) Found android.hardware.graphics.allocator.IAllocator/default in device VINTF manifest.
I/servicemanager(  219): Caller(pid=4403,uid=10217,sid=u:r:untrusted_app:s0:c217,c256,c512,c768) Found mapper/ranchu in device VINTF manifest.
D/WifiClientModeImpl[15875:wlan0](  677): updateLinkLayerStatsRssiSpeedFrequencyCapabilities rssi=-50 TxLinkspeed=1 freq=2447 RxLinkSpeed=2
D/WifiDataStall(  677): tx tput in kbps: 11000
D/WifiDataStall(  677): rx tput in kbps: 11000
V/WifiConfigManager(  677): Updating scan detail cache freq=2447 BSSID=00:13:10:85:fe:01 RSSI=-50 for "AndroidWifi"NONE
D/WifiThroughputPredictor(  677):  utilization (LLS) 80 isBluetoothConnected: false final utilization: 80
D/WifiThroughputPredictor(  677):  BW: 0 RSSI: -50 Nss: 1 Mode: 1 symDur: 4000 snrDb 30 bitPerTone: 4500 rate: 54 throughput: 11
D/WifiThroughputPredictor(  677):  utilization (LLS) 80 isBluetoothConnected: false final utilization: 80
D/WifiThroughputPredictor(  677):  BW: 0 RSSI: -50 Nss: 1 Mode: 1 symDur: 4000 snrDb 30 bitPerTone: 4500 rate: 54 throughput: 11
D/WifiThroughputPredictor(  677):  utilization (LLS) 80 isBluetoothConnected: false final utilization: 80
D/WifiThroughputPredictor(  677):  BW: 0 RSSI: -50 Nss: 1 Mode: 1 symDur: 4000 snrDb 30 bitPerTone: 4500 rate: 54 throughput: 11
D/WifiThroughputPredictor(  677):  utilization (LLS) 80 isBluetoothConnected: false final utilization: 80
D/WifiThroughputPredictor(  677):  BW: 0 RSSI: -50 Nss: 1 Mode: 1 symDur: 4000 snrDb 30 bitPerTone: 4500 rate: 54 throughput: 11
D/WifiScoreCard(  677): BSSID update SIGNAL_POLL ID: 10023120 SSID: "AndroidWifi", BSSID: 00:13:10:85:fe:01, MAC: 02:15:b2:00:00:00, IP: /10.0.2.16, Security type: 0, Supplicant state: COMPLETED, Wi-Fi standard: legacy, RSSI: -50, Link speed: 1Mbps, Tx Link speed: 1Mbps, Max Supported Tx Link speed: 11Mbps, Rx Link speed: 2Mbps, Max Supported Rx Link speed: 11Mbps, Frequency: 2447MHz, Net ID: 0, Metered hint: false, score: 60, isUsable: true, CarrierMerged: false, SubscriptionId: -1, IsPrimary: 1, Trusted: true, Restricted: false, Ephemeral: false, OEM paid: false, OEM private: false, OSU AP: false, FQDN: <none>, Provider friendly name: <none>, Requesting package name: <none>"AndroidWifi"openMLO Information: , Is TID-To-Link negotiation supported by the AP: false, AP MLD Address: <none>, AP MLO Link Id: <none>, AP MLO Affiliated links: <none>, Vendor Data: <none>
D/WifiScoreCard(  677): txRate: 1 txSpeed: 1
D/WifiScoreCard(  677): network update SIGNAL_POLL "AndroidWifi" ID: 353851559 RSSI -50 txSpeed -1
D/WifiClientModeImpl[15875:wlan0](  677):  ClientModeImpl$L2ConnectedState screen=on 1 0 "AndroidWifi" 00:13:10:85:fe:01 rssi=-50 f=2447 sc=60 link=1 tx=0.1, 0.0, 0.0 rx=0.0 bcn=0 [on:0 tx:0 rx:0 period:3003] from screen [on:0 period:2104471209] score=60
D/wpa_supplicant(  909): nl80211: Drv Event 64 (NL80211_CMD_NOTIFY_CQM) received for wlan0
D/wpa_supplicant(  909): nl80211: Beacon loss event
D/wpa_supplicant(  909): wlan0: Event BEACON_LOSS (53) received
I/wpa_supplicant(  909): wlan0: CTRL-EVENT-BEACON-LOSS 
D/SatelliteController( 1042): iisInCarrierRoamingNbIotNtn: satellite is disabled
D/CoreBackPreview(  677): Window{75c6025 u0 com.penkra.canvas.fixture/com.penkra.canvas.fixture.MainActivity}: Setting back callback OnBackInvokedCallbackInfo{mCallback=android.window.IOnBackInvokedCallback$Stub$Proxy@4004e08, mPriority=0, mIsAnimationCallback=false, mOverrideBehavior=0}
I/CanvasFixedText( 4403): LUNA_FIXED_TEXT_READY case=text-growth-fixed-width-height nonce=fixed-text-android-420-1-text-growth-fixed-width-height-05b49044-6b8b-491c-914a-142a78546b71
I/CanvasFixedText( 4403): LUNA_FIXED_TEXT_ROOT case=text-growth-fixed-width-height nonce=fixed-text-android-420-1-text-growth-fixed-width-height-05b49044-6b8b-491c-914a-142a78546b71 x=0.0 y=0.0 width=893 height=473 scale=2.625
I/ActivityTaskManager(  677): Displayed com.penkra.canvas.fixture/.MainActivity for user 0: +896ms
D/BaseDepthController( 1050): setSurface:
D/BaseDepthController( 1050): 	mWaitingOnSurfaceValidity: false
D/BaseDepthController( 1050): 	mBaseSurface: null
D/BaseDepthController( 1050): mSurface is null and mCurrentBlur is: 0
D/StateManager( 1050): goToState - fromState: Normal, toState: Normal, partial trace:
D/StateManager( 1050): 	at com.android.launcher3.statemanager.StateManager.moveToRestState(go/retraceme 43e00d9cd0eb17b3d9dd30fc1741b1c71445c4c0f7c8c9b81300265c86c5b873:4)
D/StateManager( 1050): 	at com.android.launcher3.statemanager.StateManager.moveToRestState(go/retraceme 43e00d9cd0eb17b3d9dd30fc1741b1c71445c4c0f7c8c9b81300265c86c5b873:1)
D/StateManager( 1050): 	at com.android.launcher3.statemanager.StatefulActivity.onStop(go/retraceme 43e00d9cd0eb17b3d9dd30fc1741b1c71445c4c0f7c8c9b81300265c86c5b873:34)
D/StatsLog( 1050): LAUNCHER_ONSTOP
I/AppWidgetServiceImpl(  677): setAppWidgetHidden() 0
D/StatsLog( 1050): LAUNCHER_GOOGLE_SEARCH_RESTORE_LIST_SIZE_AFTER_ACTIVITY_RESTART
D/BackgroundInstallControlService(  677): Package event received: 0
I/ImeTracker(  677): com.penkra.canvas.fixture:1d608c42: onRequestHide at ORIGIN_SERVER reason HIDE_UNSPECIFIED_WINDOW fromUser false
D/InsetsController( 4403): hide(ime(), fromIme=false)
I/ImeTracker( 4403): com.penkra.canvas.fixture:1d608c42: onCancelled at PHASE_CLIENT_ALREADY_HIDDEN
I/GoogleInputMethodService( 1397): GoogleInputMethodService.onFinishInput():2043 
I/Module  ( 1397): DeviceLockedStatusModuleProvider$Module.updateDeviceLockedStatus():100 repeatCheckTimes = 0, locked = false
I/ImeTracker(  677): system_server:ab5089f6: onRequestHide at ORIGIN_SERVER reason IME_REQUESTED_CHANGED_LISTENER fromUser false
I/GoogleInputMethodService( 1397): GoogleInputMethodService.onStartInput():1293 onStartInput(EditorInfo{EditorInfo{packageName=com.penkra.canvas.fixture, inputType=0, inputTypeString=NULL, enableLearning=false, autoCorrection=false, autoComplete=false, imeOptions=0, privateImeOptions=null, actionName=UNSPECIFIED, actionLabel=null, initialSelStart=-1, initialSelEnd=-1, initialCapsMode=0, label=null, fieldId=0, fieldName=null, extras=null, hintText=null, hintLocales=[]}}, false)
I/Module  ( 1397): DeviceLockedStatusModuleProvider$Module.updateDeviceLockedStatus():100 repeatCheckTimes = 1, locked = false
I/ImeTracker(  677): system_server:ab5089f6: onCancelled at PHASE_SERVER_SHOULD_HIDE
I/EmojiCompatManager( 1397): EmojiCompatManager.getEmojiCompatIfLoaded():343 EmojiCompat.init() was never called.
I/EmojiCompatManager( 1397): java.lang.IllegalStateException: EmojiCompat is not initialized. Please call EmojiCompat.init() first
I/EmojiCompatManager( 1397): 	at asx.p(PG:6)
I/EmojiCompatManager( 1397): 	at axb.b(PG:13)
I/EmojiCompatManager( 1397): 	at jnr.b(PG:2)
I/EmojiCompatManager( 1397): 	at jnr.c(PG:4)
I/EmojiCompatManager( 1397): 	at jnr.f(PG:3)
I/EmojiCompatManager( 1397): 	at jnx.c(PG:3)
I/EmojiCompatManager( 1397): 	at kif.cz(PG:47)
I/EmojiCompatManager( 1397): 	at lhl.run(PG:1025)
I/EmojiCompatManager( 1397): 	at jaf.execute(PG:12)
I/EmojiCompatManager( 1397): 	at nco.v(PG:13)
I/EmojiCompatManager( 1397): 	at lhn.m(PG:96)
I/EmojiCompatManager( 1397): 	at lhn.k(PG:25)
I/EmojiCompatManager( 1397): 	at kgn.onStartInput(PG:250)
I/EmojiCompatManager( 1397): 	at android.inputmethodservice.InputMethodService.doStartInput(InputMethodService.java:3521)
I/EmojiCompatManager( 1397): 	at android.inputmethodservice.InputMethodService$InputMethodImpl.startInput(InputMethodService.java:879)
I/EmojiCompatManager( 1397): 	at android.inputmethodservice.InputMethodService$InputMethodImpl.dispatchStartInput(InputMethodService.java:908)
I/EmojiCompatManager( 1397): 	at android.inputmethodservice.IInputMethodWrapper.executeMessage(IInputMethodWrapper.java:201)
I/EmojiCompatManager( 1397): 	at com.android.internal.os.HandlerCaller$MyHandler.handleMessage(HandlerCaller.java:44)
I/EmojiCompatManager( 1397): 	at android.os.Handler.dispatchMessage(Handler.java:110)
I/EmojiCompatManager( 1397): 	at android.os.Looper.loopOnce(Looper.java:248)
I/EmojiCompatManager( 1397): 	at android.os.Looper.loop(Looper.java:338)
I/EmojiCompatManager( 1397): 	at android.app.ActivityThread.main(ActivityThread.java:9067)
I/EmojiCompatManager( 1397): 	at java.lang.reflect.Method.invoke(Native Method)
I/EmojiCompatManager( 1397): 	at com.android.internal.os.RuntimeInit$MethodAndArgsCaller.run(RuntimeInit.java:593)
I/EmojiCompatManager( 1397): 	at com.android.internal.os.ZygoteInit.main(ZygoteInit.java:932)
W/PackageConfigPersister(  677): App-specific configuration not found for packageName: com.penkra.canvas.fixture and userId: 0
I/.canvas.fixture( 4403): Compiler allocated 5111KB to compile void android.view.ViewRootImpl.performTraversals()
I/FontLog ( 1266): Received query Noto Color Emoji Compat, URI content://com.google.android.gms.fonts [CONTEXT service_id=132 ]
I/FontLog ( 1266): Query [emojicompat-emoji-font] resolved to {Noto Color Emoji Compat, wdth 100.0, wght 400, ital 0.0, bestEffort false}, isVf false} [CONTEXT service_id=132 ]
I/FontLog ( 1266): Fetch {Noto Color Emoji Compat, wdth 100.0, wght 400, ital 0.0, bestEffort false}, isVf false} end status Status{statusCode=SUCCESS, resolution=null} [CONTEXT service_id=132 ]
I/FontLog ( 1266): Pulling font file for id = 27, cache size = 12 [CONTEXT service_id=132 ]
I/FontLog ( 1266): Pulling font file for id = 27, cache size = 12 [CONTEXT service_id=132 ]
I/netd    (  453): tetherGetStats() -> {[]} <0.82ms>
W/WindowOnBackDispatcher(  927): sendCancelIfRunning: isInProgress=false callback=android.view.ViewRootImpl$$ExternalSyntheticLambda13@c06c880
D/CoreBackPreview(  677): Window{ad750b7 u0 Splash Screen com.penkra.canvas.fixture EXITING}: Setting back callback null
D/ActivityManager(  677): freezing 1735 com.google.android.dialer
D/InetDiagMessage(  677): Destroyed 0 sockets, proto=IPPROTO_TCP, family=AF_INET, states=14
D/InetDiagMessage(  677): Destroyed 0 sockets, proto=IPPROTO_TCP, family=AF_INET6, states=14
D/InetDiagMessage(  677): Destroyed live tcp sockets for uids={10141} in 1ms
D/WifiClientModeImpl[15875:wlan0](  677): updateLinkLayerStatsRssiSpeedFrequencyCapabilities rssi=-50 TxLinkspeed=1 freq=2447 RxLinkSpeed=2
D/WifiDataStall(  677): tx tput in kbps: 11000
D/WifiDataStall(  677): rx tput in kbps: 11000
V/WifiConfigManager(  677): Updating scan detail cache freq=2447 BSSID=00:13:10:85:fe:01 RSSI=-50 for "AndroidWifi"NONE
D/WifiThroughputPredictor(  677):  utilization (LLS) 80 isBluetoothConnected: false final utilization: 80
D/WifiThroughputPredictor(  677):  BW: 0 RSSI: -50 Nss: 1 Mode: 1 symDur: 4000 snrDb 30 bitPerTone: 4500 rate: 54 throughput: 11
D/WifiThroughputPredictor(  677):  utilization (LLS) 80 isBluetoothConnected: false final utilization: 80
D/WifiThroughputPredictor(  677):  BW: 0 RSSI: -50 Nss: 1 Mode: 1 symDur: 4000 snrDb 30 bitPerTone: 4500 rate: 54 throughput: 11
D/WifiThroughputPredictor(  677):  utilization (LLS) 80 isBluetoothConnected: false final utilization: 80
D/WifiThroughputPredictor(  677):  BW: 0 RSSI: -50 Nss: 1 Mode: 1 symDur: 4000 snrDb 30 bitPerTone: 4500 rate: 54 throughput: 11
D/WifiThroughputPredictor(  677):  utilization (LLS) 80 isBluetoothConnected: false final utilization: 80
D/WifiThroughputPredictor(  677):  BW: 0 RSSI: -50 Nss: 1 Mode: 1 symDur: 4000 snrDb 30 bitPerTone: 4500 rate: 54 throughput: 11
D/WifiScoreCard(  677): BSSID update SIGNAL_POLL ID: 10023120 SSID: "AndroidWifi", BSSID: 00:13:10:85:fe:01, MAC: 02:15:b2:00:00:00, IP: /10.0.2.16, Security type: 0, Supplicant state: COMPLETED, Wi-Fi standard: legacy, RSSI: -50, Link speed: 1Mbps, Tx Link speed: 1Mbps, Max Supported Tx Link speed: 11Mbps, Rx Link speed: 2Mbps, Max Supported Rx Link speed: 11Mbps, Frequency: 2447MHz, Net ID: 0, Metered hint: false, score: 60, isUsable: true, CarrierMerged: false, SubscriptionId: -1, IsPrimary: 1, Trusted: true, Restricted: false, Ephemeral: false, OEM paid: false, OEM private: false, OSU AP: false, FQDN: <none>, Provider friendly name: <none>, Requesting package name: <none>"AndroidWifi"openMLO Information: , Is TID-To-Link negotiation supported by the AP: false, AP MLD Address: <none>, AP MLO Link Id: <none>, AP MLO Affiliated links: <none>, Vendor Data: <none>
D/WifiScoreCard(  677): txRate: 1 txSpeed: 1
D/WifiScoreCard(  677): network update SIGNAL_POLL "AndroidWifi" ID: 353851559 RSSI -50 txSpeed -1
D/WifiClientModeImpl[15875:wlan0](  677):  ClientModeImpl$L2ConnectedState screen=on 1 0 "AndroidWifi" 00:13:10:85:fe:01 rssi=-50 f=2447 sc=60 link=1 tx=0.2, 0.0, 0.0 rx=0.2 bcn=0 [on:0 tx:0 rx:0 period:3008] from screen [on:0 period:2104474217] score=60
E/TaskPersister(  677): File error accessing recents directory (directory doesn't exist?).
I/WifiService(  677): isFeatureSupported uid=1000 returns [WIFI_FEATURE_INFRA, WIFI_FEATURE_P2P, WIFI_FEATURE_MOBILE_HOTSPOT, WIFI_FEATURE_WPA3_SAE, WIFI_FEATURE_WPA3_SUITE_B, WIFI_FEATURE_OWE, WIFI_FEATURE_DPP, WIFI_FEATURE_AP_RAND_MAC, WIFI_FEATURE_MBO, WIFI_FEATURE_FILS_SHA256, WIFI_FEATURE_FILS_SHA384, WIFI_FEATURE_SAE_PK, WIFI_FEATURE_DPP_ENROLLEE_RESPONDER, WIFI_FEATURE_PASSPOINT_TERMS_AND_CONDITIONS, WIFI_FEATURE_WFD_R2, WIFI_FEATURE_DECORATED_IDENTITY, WIFI_FEATURE_TRUST_ON_FIRST_USE, WIFI_FEATURE_SET_TLS_MINIMUM_VERSION, WIFI_FEATURE_TLS_V1_3, WIFI_FEATURE_WEP, WIFI_FEATURE_WPA_PERSONAL]
D/InetDiagMessage(  677): Destroyed 0 sockets, proto=IPPROTO_TCP, family=AF_INET, states=14
D/InetDiagMessage(  677): Destroyed 0 sockets, proto=IPPROTO_TCP, family=AF_INET6, states=14
D/InetDiagMessage(  677): Destroyed live tcp sockets for uids={10169} in 1ms
D/InetDiagMessage(  677): Destroyed 0 sockets, proto=IPPROTO_TCP, family=AF_INET, states=14
D/InetDiagMessage(  677): Destroyed 0 sockets, proto=IPPROTO_TCP, family=AF_INET6, states=14
D/InetDiagMessage(  677): Destroyed live tcp sockets for uids={20169} in 0ms

