Timestamp               Ty Process[PID:TID]
2026-09-07 13:25:39.396 Df CanvasFixedTextEvidence[20589:5482941] (Foundation) LUNA_FIXED_TEXT_READY case=fixed-text-text-growth-auto nonce=fixed-text-iphone-large-large-text-growth-auto-0f2eb3c4-53a7-4aa9-8a04-a63e5f3a468d
2026-09-07 13:25:39.397 Df CanvasFixedTextEvidence[20589:5482941] (Foundation) LUNA_FIXED_TEXT_ROOT case=fixed-text-text-growth-auto nonce=fixed-text-iphone-large-large-text-growth-auto-0f2eb3c4-53a7-4aa9-8a04-a63e5f3a468d frame=31.000,361.000 340.000x180.000 scale=3.000
2026-09-07 13:25:40.067 Df log[20608:0] [com.apple.log:] log run noninteractively, parent: 97696 (launchd_sim), args: 'log' 'show' '--style' 'compact' '--start' '@1788809138' '--predicate' 'eventMessage CONTAINS[c] "LUNA_FIXED_TEXT_READY" OR eventMessage CONTAINS[c] "LUNA_FIXED_TEXT_ROOT"'
2026-09-07 13:25:40.884 Df log[20623:0] [com.apple.log:] log run noninteractively, parent: 97696 (launchd_sim), args: 'log' 'show' '--style' 'compact' '--start' '@1788809139' '--predicate' 'eventMessage CONTAINS[c] "LUNA_FIXED_TEXT_READY" OR eventMessage CONTAINS[c] "LUNA_FIXED_TEXT_ROOT"'
2026-09-07 13:25:42.318 Df log[20651:0] [com.apple.log:] log run noninteractively, parent: 97696 (launchd_sim), args: 'log' 'show' '--style' 'compact' '--start' '@1788809139' '--predicate' 'eventMessage CONTAINS[c] "LUNA_FIXED_TEXT_READY" OR eventMessage CONTAINS[c] "LUNA_FIXED_TEXT_ROOT"'
2026-09-07 13:25:43.357 Df CanvasFixedTextEvidence[20661:5482a1e] (Foundation) LUNA_FIXED_TEXT_READY case=fixed-text-text-growth-fixed-width nonce=fixed-text-iphone-large-large-text-growth-fixed-width-c4f54c7d-3a18-47cf-a334-8ad3012bd40f
2026-09-07 13:25:43.358 Df CanvasFixedTextEvidence[20661:5482a1e] (Foundation) LUNA_FIXED_TEXT_ROOT case=fixed-text-text-growth-fixed-width nonce=fixed-text-iphone-large-large-text-growth-fixed-width-c4f54c7d-3a18-47cf-a334-8ad3012bd40f frame=31.000,361.000 340.000x180.000 scale=3.000
2026-09-07 13:25:43.772 Df log[20671:0] [com.apple.log:] log run noninteractively, parent: 97696 (launchd_sim), args: 'log' 'show' '--style' 'compact' '--start' '@1788809139' '--predicate' 'eventMessage CONTAINS[c] "LUNA_FIXED_TEXT_READY" OR eventMessage CONTAINS[c] "LUNA_FIXED_TEXT_ROOT"'
2026-09-07 13:25:44.006 Df log[20682:0] [com.apple.log:] log run noninteractively, parent: 97696 (launchd_sim), args: 'log' 'show' '--style' 'compact' '--start' '@1788809142' '--predicate' 'eventMessage CONTAINS[c] "LUNA_FIXED_TEXT_READY" OR eventMessage CONTAINS[c] "LUNA_FIXED_TEXT_ROOT"'
2026-09-07 13:25:45.253 Df log[20779:0] [com.apple.log:] log run noninteractively, parent: 97696 (launchd_sim), args: 'log' 'show' '--style' 'compact' '--start' '@1788809139' '--predicate' 'eventMessage CONTAINS[c] "LUNA_FIXED_TEXT_READY" OR eventMessage CONTAINS[c] "LUNA_FIXED_TEXT_ROOT"'
2026-09-07 13:25:46.713 Df CanvasFixedTextEvidence[20898:5482c03] (Foundation) LUNA_FIXED_TEXT_READY case=fixed-text-text-growth-fixed-width-height nonce=fixed-text-iphone-large-large-text-growth-fixed-width-height-edc8991b-2d83-47fa-95e7-a0ca9e61c892
2026-09-07 13:25:46.713 Df CanvasFixedTextEvidence[20898:5482c03] (Foundation) LUNA_FIXED_TEXT_ROOT case=fixed-text-text-growth-fixed-width-height nonce=fixed-text-iphone-large-large-text-growth-fixed-width-height-edc8991b-2d83-47fa-95e7-a0ca9e61c892 frame=31.000,361.000 340.000x180.000 scale=3.000
2026-09-07 13:25:46.866 Df log[20900:0] [com.apple.log:] log run noninteractively, parent: 97696 (launchd_sim), args: 'log' 'show' '--style' 'compact' '--start' '@1788809139' '--predicate' 'eventMessage CONTAINS[c] "LUNA_FIXED_TEXT_READY" OR eventMessage CONTAINS[c] "LUNA_FIXED_TEXT_ROOT"'
2026-09-07 13:25:47.339 Df log[20910:0] [com.apple.log:] log run noninteractively, parent: 97696 (launchd_sim), args: 'log' 'show' '--style' 'compact' '--start' '@1788809146' '--predicate' 'eventMessage CONTAINS[c] "LUNA_FIXED_TEXT_READY" OR eventMessage CONTAINS[c] "LUNA_FIXED_TEXT_ROOT"'
2026-09-07 13:25:48.357 Df log[20929:0] [com.apple.log:] log run noninteractively, parent: 97696 (launchd_sim), args: 'log' 'show' '--style' 'compact' '--start' '@1788809139' '--predicate' 'eventMessage CONTAINS[c] "LUNA_FIXED_TEXT_READY" OR eventMessage CONTAINS[c] "LUNA_FIXED_TEXT_ROOT"'
2026-09-07 13:25:49.911 Df log[21613:0] [com.apple.log:] log run noninteractively, parent: 97696 (launchd_sim), args: 'log' 'show' '--style' 'compact' '--start' '@1788809139' '--predicate' 'eventMessage CONTAINS[c] "LUNA_FIXED_TEXT_READY" OR eventMessage CONTAINS[c] "LUNA_FIXED_TEXT_ROOT"'
2026-09-07 13:25:50.565 Df CanvasFixedTextEvidence[21782:548334d] (Foundation) LUNA_FIXED_TEXT_READY case=fixed-text-uniform-single-run nonce=fixed-text-iphone-large-accessibility-extra-extra-large-uniform-single-run-394f0ed8-0684-4624-b1f1-f8a858bbde78
2026-09-07 13:25:50.566 Df CanvasFixedTextEvidence[21782:548334d] (Foundation) LUNA_FIXED_TEXT_ROOT case=fixed-text-uniform-single-run nonce=fixed-text-iphone-large-accessibility-extra-extra-large-uniform-single-run-394f0ed8-0684-4624-b1f1-f8a858bbde78 frame=31.000,361.000 340.000x180.000 scale=3.000
2026-09-07 13:25:51.380 Df log[21846:0] [com.apple.log:] log run noninteractively, parent: 97696 (launchd_sim), args: 'log' 'show' '--style' 'compact' '--start' '@1788809149' '--predicate' 'eventMessage CONTAINS[c] "LUNA_FIXED_TEXT_READY" OR eventMessage CONTAINS[c] "LUNA_FIXED_TEXT_ROOT"'
2026-09-07 13:25:51.613 Df log[21856:0] [com.apple.log:] log run noninteractively, parent: 97696 (launchd_sim), args: 'log' 'show' '--style' 'compact' '--start' '@1788809139' '--predicate' 'eventMessage CONTAINS[c] "LUNA_FIXED_TEXT_READY" OR eventMessage CONTAINS[c] "LUNA_FIXED_TEXT_ROOT"'
2026-09-07 13:25:53.164 Df log[21962:0] [com.apple.log:] log run noninteractively, parent: 97696 (launchd_sim), args: 'log' 'show' '--style' 'compact' '--start' '@1788809139' '--predicate' 'eventMessage CONTAINS[c] "LUNA_FIXED_TEXT_READY" OR eventMessage CONTAINS[c] "LUNA_FIXED_TEXT_ROOT"'
2026-09-07 13:25:54.629 Df CanvasFixedTextEvidence[21975:5483580] (Foundation) LUNA_FIXED_TEXT_READY case=fixed-text-top-level-style-spacing nonce=fixed-text-iphone-large-accessibility-extra-extra-large-top-level-style-spacing-5a4f32f4-5286-4187-890a-1530b495cda1
2026-09-07 13:25:54.630 Df CanvasFixedTextEvidence[21975:5483580] (Foundation) LUNA_FIXED_TEXT_ROOT case=fixed-text-top-level-style-spacing nonce=fixed-text-iphone-large-accessibility-extra-extra-large-top-level-style-spacing-5a4f32f4-5286-4187-890a-1530b495cda1 frame=31.000,361.000 340.000x180.000 scale=3.000
2026-09-07 13:25:54.739 Df log[22067:0] [com.apple.log:] log run noninteractively, parent: 97696 (launchd_sim), args: 'log' 'show' '--style' 'compact' '--start' '@1788809139' '--predicate' 'eventMessage CONTAINS[c] "LUNA_FIXED_TEXT_READY" OR eventMessage CONTAINS[c] "LUNA_FIXED_TEXT_ROOT"'
2026-09-07 13:25:55.400 Df log[22141:0] [com.apple.log:] log run noninteractively, parent: 97696 (launchd_sim), args: 'log' 'show' '--style' 'compact' '--start' '@1788809153' '--predicate' 'eventMessage CONTAINS[c] "LUNA_FIXED_TEXT_READY" OR eventMessage CONTAINS[c] "LUNA_FIXED_TEXT_ROOT"'
2026-09-07 13:25:56.301 Df log[22237:0] [com.apple.log:] log run noninteractively, parent: 97696 (launchd_sim), args: 'log' 'show' '--style' 'compact' '--start' '@1788809139' '--predicate' 'eventMessage CONTAINS[c] "LUNA_FIXED_TEXT_READY" OR eventMessage CONTAINS[c] "LUNA_FIXED_TEXT_ROOT"'
2026-09-07 13:25:57.938 Df log[22310:0] [com.apple.log:] log run noninteractively, parent: 97696 (launchd_sim), args: 'log' 'show' '--style' 'compact' '--start' '@1788809139' '--predicate' 'eventMessage CONTAINS[c] "LUNA_FIXED_TEXT_READY" OR eventMessage CONTAINS[c] "LUNA_FIXED_TEXT_ROOT"'
2026-09-07 13:25:58.741 Df CanvasFixedTextEvidence[22322:54838c6] (Foundation) LUNA_FIXED_TEXT_READY case=fixed-text-top-level-decorations nonce=fixed-text-iphone-large-accessibility-extra-extra-large-top-level-decorations-5a9b7abd-ea67-4aa4-8da7-3b836223f508
2026-09-07 13:25:58.741 Df CanvasFixedTextEvidence[22322:54838c6] (Foundation) LUNA_FIXED_TEXT_ROOT case=fixed-text-top-level-decorations nonce=fixed-text-iphone-large-accessibility-extra-extra-large-top-level-decorations-5a9b7abd-ea67-4aa4-8da7-3b836223f508 frame=31.000,361.000 340.000x180.000 scale=3.000
2026-09-07 13:25:59.485 Df log[22365:0] [com.apple.log:] log run noninteractively, parent: 97696 (launchd_sim), args: 'log' 'show' '--style' 'compact' '--start' '@1788809158' '--predicate' 'eventMessage CONTAINS[c] "LUNA_FIXED_TEXT_READY" OR eventMessage CONTAINS[c] "LUNA_FIXED_TEXT_ROOT"'
2026-09-07 13:25:59.616 Df log[22366:0] [com.apple.log:] log run noninteractively, parent: 97696 (launchd_sim), args: 'log' 'show' '--style' 'compact' '--start' '@1788809139' '--predicate' 'eventMessage CONTAINS[c] "LUNA_FIXED_TEXT_READY" OR eventMessage CONTAINS[c] "LUNA_FIXED_TEXT_ROOT"'
2026-09-07 13:26:01.491 Df log[22405:0] [com.apple.log:] log run noninteractively, parent: 97696 (launchd_sim), args: 'log' 'show' '--style' 'compact' '--start' '@1788809139' '--predicate' 'eventMessage CONTAINS[c] "LUNA_FIXED_TEXT_READY" OR eventMessage CONTAINS[c] "LUNA_FIXED_TEXT_ROOT"'
2026-09-07 13:26:03.114 Df CanvasFixedTextEvidence[22428:5483aae] (Foundation) LUNA_FIXED_TEXT_READY case=fixed-text-rich-run-fill-family nonce=fixed-text-iphone-large-accessibility-extra-extra-large-rich-run-fill-family-a1917af0-7929-450d-8802-7a4ec910326f
2026-09-07 13:26:03.115 Df CanvasFixedTextEvidence[22428:5483aae] (Foundation) LUNA_FIXED_TEXT_ROOT case=fixed-text-rich-run-fill-family nonce=fixed-text-iphone-large-accessibility-extra-extra-large-rich-run-fill-family-a1917af0-7929-450d-8802-7a4ec910326f frame=31.000,361.000 340.000x180.000 scale=3.000
2026-09-07 13:26:03.631 Df log[22452:0] [com.apple.log:] log run noninteractively, parent: 97696 (launchd_sim), args: 'log' 'show' '--style' 'compact' '--start' '@1788809139' '--predicate' 'eventMessage CONTAINS[c] "LUNA_FIXED_TEXT_READY" OR eventMessage CONTAINS[c] "LUNA_FIXED_TEXT_ROOT"'
2026-09-07 13:26:03.991 Df log[22523:0] [com.apple.log:] log run noninteractively, parent: 97696 (launchd_sim), args: 'log' 'show' '--style' 'compact' '--start' '@1788809162' '--predicate' 'eventMessage CONTAINS[c] "LUNA_FIXED_TEXT_READY" OR eventMessage CONTAINS[c] "LUNA_FIXED_TEXT_ROOT"'
2026-09-07 13:26:05.386 Df log[22765:0] [com.apple.log:] log run noninteractively, parent: 97696 (launchd_sim), args: 'log' 'show' '--style' 'compact' '--start' '@1788809139' '--predicate' 'eventMessage CONTAINS[c] "LUNA_FIXED_TEXT_READY" OR eventMessage CONTAINS[c] "LUNA_FIXED_TEXT_ROOT"'
2026-09-07 13:26:07.794 Df log[22819:0] [com.apple.log:] log run noninteractively, parent: 97696 (launchd_sim), args: 'log' 'show' '--style' 'compact' '--start' '@1788809139' '--predicate' 'eventMessage CONTAINS[c] "LUNA_FIXED_TEXT_READY" OR eventMessage CONTAINS[c] "LUNA_FIXED_TEXT_ROOT"'
2026-09-07 13:26:08.844 Df CanvasFixedTextEvidence[22829:5483ed5] (Foundation) LUNA_FIXED_TEXT_READY case=fixed-text-rich-run-size nonce=fixed-text-iphone-large-accessibility-extra-extra-large-rich-run-size-c906520f-9f17-494c-904b-491e28331288
2026-09-07 13:26:08.845 Df CanvasFixedTextEvidence[22829:5483ed5] (Foundation) LUNA_FIXED_TEXT_ROOT case=fixed-text-rich-run-size nonce=fixed-text-iphone-large-accessibility-extra-extra-large-rich-run-size-c906520f-9f17-494c-904b-491e28331288 frame=31.000,361.000 340.000x180.000 scale=3.000
2026-09-07 13:26:10.071 Df log[23052:0] [com.apple.log:] log run noninteractively, parent: 97696 (launchd_sim), args: 'log' 'show' '--style' 'compact' '--start' '@1788809168' '--predicate' 'eventMessage CONTAINS[c] "LUNA_FIXED_TEXT_READY" OR eventMessage CONTAINS[c] "LUNA_FIXED_TEXT_ROOT"'
2026-09-07 13:26:10.237 Df log[23054:0] [com.apple.log:] log run noninteractively, parent: 97696 (launchd_sim), args: 'log' 'show' '--style' 'compact' '--start' '@1788809139' '--predicate' 'eventMessage CONTAINS[c] "LUNA_FIXED_TEXT_READY" OR eventMessage CONTAINS[c] "LUNA_FIXED_TEXT_ROOT"'
2026-09-07 13:26:12.112 Df log[23329:0] [com.apple.log:] log run noninteractively, parent: 97696 (launchd_sim), args: 'log' 'show' '--style' 'compact' '--start' '@1788809139' '--predicate' 'eventMessage CONTAINS[c] "LUNA_FIXED_TEXT_READY" OR eventMessage CONTAINS[c] "LUNA_FIXED_TEXT_ROOT"'
2026-09-07 13:26:13.783 Df log[23434:0] [com.apple.log:] log run noninteractively, parent: 97696 (launchd_sim), args: 'log' 'show' '--style' 'compact' '--start' '@1788809139' '--predicate' 'eventMessage CONTAINS[c] "LUNA_FIXED_TEXT_READY" OR eventMessage CONTAINS[c] "LUNA_FIXED_TEXT_ROOT"'
2026-09-07 13:26:13.895 Df CanvasFixedTextEvidence[23429:548448a] (Foundation) LUNA_FIXED_TEXT_READY case=fixed-text-rich-run-italic-spacing nonce=fixed-text-iphone-large-accessibility-extra-extra-large-rich-run-italic-spacing-bece2f2c-609f-4b00-b189-15b1d9911bad
2026-09-07 13:26:13.895 Df CanvasFixedTextEvidence[23429:548448a] (Foundation) LUNA_FIXED_TEXT_ROOT case=fixed-text-rich-run-italic-spacing nonce=fixed-text-iphone-large-accessibility-extra-extra-large-rich-run-italic-spacing-bece2f2c-609f-4b00-b189-15b1d9911bad frame=31.000,361.000 340.000x180.000 scale=3.000

getpwuid_r did not find a match for uid 501
