--------- beginning of system
I/AppWidgetServiceImpl(  677): Updating package stopped masked state for uid 10217 package com.penkra.canvas.fixture isStopped true
I/WindowManager(  677): WIN DEATH: Window{3bc629e u0 com.penkra.canvas.fixture/com.penkra.canvas.fixture.MainActivity EXITING}
W/ActivityManager(  677): setHasOverlayUi called on unknown pid: 3544
--------- beginning of main
I/libprocessgroup(  677): Removed cgroup /sys/fs/cgroup/apps/uid_10217/pid_3544
V/ActivityManager(  677): Got obituary of 3544:com.penkra.canvas.fixture
I/system_server(  677): AssetManager2(0xb400007770057fd8) locale list changing from [] to [en-US]
D/CarrierSvcBindHelper( 1042): No carrier app for: 0
V/WindowManager(  677): Unknown focus tokens, dropping reportFocusChanged
I/NotificationListener( 1050): Handling notification state refresh for android#0
I/NearbyConnections( 1266): Client 0p:com.google.android.gms.magictether.nearby disconnecting
I/Nearby  ( 1266): Successfully shutdown executor ClientBridge.alarmExecutor. [CONTEXT service_id=49 ]
I/system_server(  677): AssetManager2(0xb400007770055738) locale list changing from [] to [en-US]
I/NearbyConnections( 1266): Because they unbound from our service, all state for client 212630638 will now be cleaned up.
W/ActivityTaskManager(  677): Unable to send transaction to client proc com.penkra.canvas.fixture: no app thread
I/AiAiEcho( 1487): Predicting[0]:  [CONTEXT sampling_count=5 ]
I/AiAiEcho( 1487): EchoTargets: 
I/AiAiEcho( 1487): Filtered by AiAi flag check: 
I/AiAiEcho( 1487): [CONTEXT ratelimit_period="10 SECONDS" ]
I/AiAiEcho( 1487): #remoteViewsTwiddler: feature disabled.
I/AiAiEcho( 1487): #postPredictionTargets: Sending updates to UISurface home with targets# 0 (types=[])
D/SsBaseTemplateCard( 1050): No text view can be set up
D/SsBaseTemplateCard( 1050): Passed-in item info is null
D/SsBaseTemplateCard( 1050): Passed-in item info is null
D/SsBaseTemplateCard( 1050): Passed-in item info is null
I/SsBaseTemplateCard( 1050): Secondary card pane is null
V/WindowManagerShell(  927): onTransitionReady(transaction=2907692859937)
V/WindowManagerShell(  927): onTransitionReady (#15) android.os.BinderProxy@f18ff8d: {id=15 t=CLOSE f=0x0 trk=0 r=[0@Point(0, 0)] c=[
V/WindowManagerShell(  927):         {m=TO_FRONT f=SHOW_WALLPAPER|MOVE_TO_TOP leash=Surface(name=Task=1)/@0x7356290 sb=Rect(0, 0 - 1080, 2400) eb=Rect(0, 0 - 1080, 2400) epz=Point(1080, 2400) d=0 taskParent=-1},
V/WindowManagerShell(  927):         {m=CLOSE f=NONE leash=Surface(name=Task=400)/@0x1230789 sb=Rect(0, 0 - 1080, 2400) eb=Rect(0, 0 - 1080, 2400) epz=Point(1080, 2400) d=0 taskParent=-1},
V/WindowManagerShell(  927):         {m=TO_FRONT f=IS_WALLPAPER leash=Surface(name=WallpaperWindowToken{19b8f8f showWhenLocked=false})/@0x52c238e sb=Rect(0, 0 - 1080, 2400) eb=Rect(0, 0 - 1080, 2400) epz=Point(1080, 2400) d=0}
V/WindowManagerShell(  927):     ]}
V/WindowManagerShell(  927): Playing animation for (#15) android.os.BinderProxy@f18ff8d@0
V/ShellRecents(  927): RecentsTransitionHandler.startAnimation: no controller found
V/WindowManagerShell(  927): Transition doesn't have explicit remote, search filters for match for {id=15 t=CLOSE f=0x0 trk=0 r=[0@Point(0, 0)] c=[{m=TO_FRONT f=SHOW_WALLPAPER|MOVE_TO_TOP leash=Surface(name=Task=1)/@0x7356290 sb=Rect(0, 0 - 1080, 2400) eb=Rect(0, 0 - 1080, 2400) epz=Point(1080, 2400) d=0 taskParent=-1},{m=CLOSE f=NONE leash=Surface(name=Task=400)/@0x1230789 sb=Rect(0, 0 - 1080, 2400) eb=Rect(0, 0 - 1080, 2400) epz=Point(1080, 2400) d=0 taskParent=-1},{m=TO_FRONT f=IS_WALLPAPER leash=Surface(name=WallpaperWindowToken{19b8f8f showWhenLocked=false})/@0x52c238e sb=Rect(0, 0 - 1080, 2400) eb=Rect(0, 0 - 1080, 2400) epz=Point(1080, 2400) d=0}]}
V/WindowManagerShell(  927):  Checking filter Pair{{types=[] flags=0x0] notFlags=0x0 checks=[{atype=undefined independent=true modes=[CLOSE,TO_BACK] flags=IN_TASK_WITH_EMBEDDED_ACTIVITY mustBeTask=false order=ANY topActivity=null launchCookie=null taskFragmentToken=android.os.BinderProxy@29d9206 windowingMode=undefined}]} RemoteTransition { remoteTransition = android.window.IRemoteTransition$Stub$Proxy@63930c7, appThread = android.app.IApplicationThread$Stub$Proxy@42096f4, debugName = overlayBackTransition }}
V/WindowManagerShell(  927):  Checking filter Pair{{types=[] flags=0x0] notFlags=0x0 checks=[{atype=dream independent=true modes=[OPEN,TO_FRONT] flags=NONE mustBeTask=false order=ANY topActivity=null launchCookie=null windowingMode=undefined},{atype=home independent=true modes=[CLOSE,TO_BACK] flags=NONE mustBeTask=false order=ANY topActivity=null launchCookie=null windowingMode=undefined}]} RemoteTransition { remoteTransition = android.window.IRemoteTransition$Stub$Proxy@496ce1d, appThread = android.app.IApplicationThread$Stub$Proxy@e70c892, debugName = LauncherToDream }}
V/WindowManagerShell(  927):  Checking filter Pair{{types=[] flags=0x0] notFlags=0x100 checks=[{atype=home independent=true modes=[OPEN,TO_FRONT] flags=NONE mustBeTask=false order=TOP topActivity=ComponentInfo{com.google.android.apps.nexuslauncher/com.google.android.apps.nexuslauncher.NexusLauncherActivity} launchCookie=null windowingMode=undefined},{atype=standard independent=true modes=[CLOSE,TO_BACK] flags=NONE mustBeTask=false order=ANY topActivity=null launchCookie=null windowingMode=undefined},{NOT atype=undefined independent=true modes=[] flags=NONE mustBeTask=true order=ANY topActivity=null launchCookie=null customAnim=true windowingMode=undefined}]} RemoteTransition { remoteTransition = android.window.IRemoteTransition$Stub$Proxy@60e1263, appThread = android.app.IApplicationThread$Stub$Proxy@92a2e60, debugName = QuickstepLaunchHome }}
D/RemoteTransitionHandler(  927): Found filterPair{{types=[] flags=0x0] notFlags=0x100 checks=[{atype=home independent=true modes=[OPEN,TO_FRONT] flags=NONE mustBeTask=false order=TOP topActivity=ComponentInfo{com.google.android.apps.nexuslauncher/com.google.android.apps.nexuslauncher.NexusLauncherActivity} launchCookie=null windowingMode=undefined},{atype=standard independent=true modes=[CLOSE,TO_BACK] flags=NONE mustBeTask=false order=ANY topActivity=null launchCookie=null windowingMode=undefined},{NOT atype=undefined independent=true modes=[] flags=NONE mustBeTask=true order=ANY topActivity=null launchCookie=null customAnim=true windowingMode=undefined}]} RemoteTransition { remoteTransition = android.window.IRemoteTransition$Stub$Proxy@60e1263, appThread = android.app.IApplicationThread$Stub$Proxy@92a2e60, debugName = QuickstepLaunchHome }}
V/WindowManagerShell(  927):  Delegate animation for (#15) to RemoteTransition { remoteTransition = android.window.IRemoteTransition$Stub$Proxy@60e1263, appThread = android.app.IApplicationThread$Stub$Proxy@92a2e60, debugName = QuickstepLaunchHome }
I/Nearby  ( 1266): Successfully shutdown executor AnalyticsRecorder.analyticsExecutor. [CONTEXT service_id=49 ]
I/Nearby  ( 1266): Successfully shutdown executor AnalyticsRecorder.analyticsExecutor. [CONTEXT service_id=49 ]
I/Nearby  ( 1266): Successfully shutdown executor AnalyticsRecorder.analyticsExecutor. [CONTEXT service_id=49 ]
I/Nearby  ( 1266): Successfully shutdown executor EndpointIdManager.roatateEndpointIdAlarmExecutor. [CONTEXT service_id=49 ]
I/Nearby  ( 1266): Successfully shutdown executor PayloadManager.streamPayloadExecutor. [CONTEXT service_id=49 ]
I/Nearby  ( 1266): Successfully shutdown executor PayloadManager.filePayloadExecutor. [CONTEXT service_id=49 ]
I/Nearby  ( 1266): Successfully shutdown executor PayloadManager.bytesPayloadExecutor. [CONTEXT service_id=49 ]
I/Nearby  ( 1266): Successfully shutdown executor ClientProxy.endpointRotationAlarmExecutor. [CONTEXT service_id=49 ]
I/Nearby  ( 1266): Successfully shutdown executor ClientProxy.endpointIdRotationExecutor. [CONTEXT service_id=49 ]
V/WindowManager(  677): Sent Transition (#15) createdAt=09-07 13:50:55.326 via request=TransitionRequestInfo { type = CLOSE, triggerTask = TaskInfo{userId=0 taskId=400 effectiveUid=10217 displayId=0 isRunning=false baseIntent=Intent { flg=0x10000000 cmp=com.penkra.canvas.fixture/.MainActivity } baseActivity=null topActivity=null origActivity=null realActivity=ComponentInfo{com.penkra.canvas.fixture/com.penkra.canvas.fixture.MainActivity} numActivities=0 lastActiveTime=41112 supportsMultiWindow=true resizeMode=1 isResizeable=true minWidth=-1 minHeight=-1 defaultMinSize=220 token=WCT{RemoteToken{2b369e1 Task{1d8a9da #400 type=standard A=10217:com.penkra.canvas.fixture}}} topActivityType=1 pictureInPictureParams=null shouldDockBigOverlays=false launchIntoPipHostTaskId=-1 lastParentTaskIdBeforePip=-1 displayCutoutSafeInsets=Rect(0, 0 - 0, 0) topActivityInfo=null launchCookies=[] positionInParent=Point(0, 0) parentTaskId=-1 isFocused=true isVisible=true isVisibleRequested=true isTopActivityNoDisplay=false isSleeping=false locusId=null displayAreaFeatureId=1 isTopActivityTransparent=false isActivityStackTransparent=true lastNonFullscreenBounds=Rect(276, 694 - 804, 1774) capturedLink=null capturedLinkTimestamp=0 requestedVisibleTypes=-9 topActivityRequestOpenInBrowserEducationTimestamp=0 appCompatTaskInfo=AppCompatTaskInfo { topActivityInSizeCompat=false eligibleForLetterboxEducation= false isLetterboxEducationEnabled= false isLetterboxDoubleTapEnabled= false eligibleForUserAspectRatioButton= false topActivityBoundsLetterboxed= false isFromLetterboxDoubleTap= false topActivityLetterboxVerticalPosition= -1 topActivityLetterboxHorizontalPosition= -1 topActivityLetterboxWidth=-1 topActivityLetterboxHeight=-1 topActivityAppBounds=Rect(0, 0 - 0, 0) isUserFullscreenOverrideEnabled=false isSystemFullscreenOverrideEnabled=false hasMinAspectRatioOverride=false topActivityLetterboxBounds=null cameraCompatTaskInfo=CameraCompatTaskInfo { freeformCameraCompatMode=undefined}} topActivityMainWindowFrame=null}, pipChange = null, remoteTransition = null, displayChange = null, flags = 0, debugId = 15 }
V/WindowManager(  677):     startWCT=WindowContainerTransaction { changes= {} hops= [] errorCallbackToken=null taskFragmentOrganizer=null }
V/WindowManager(  677):     info={id=15 t=CLOSE f=0x0 trk=0 r=[0@Point(0, 0)] c=[
V/WindowManager(  677):         {WCT{RemoteToken{a8584bf Task{65ff867 #1 type=home}}} m=TO_FRONT f=SHOW_WALLPAPER|MOVE_TO_TOP leash=Surface(name=Task=1)/@0x724a548 sb=Rect(0, 0 - 1080, 2400) eb=Rect(0, 0 - 1080, 2400) epz=Point(1080, 2400) d=0 taskParent=-1},
V/WindowManager(  677):         {WCT{RemoteToken{2b369e1 Task{1d8a9da #400 type=standard A=10217:com.penkra.canvas.fixture}}} m=CLOSE f=NONE leash=Surface(name=Task=400)/@0x9d24deb sb=Rect(0, 0 - 1080, 2400) eb=Rect(0, 0 - 1080, 2400) epz=Point(1080, 2400) d=0 taskParent=-1},
V/WindowManager(  677):         {m=TO_FRONT f=IS_WALLPAPER leash=Surface(name=WallpaperWindowToken{19b8f8f showWhenLocked=false})/@0x2adf3eb sb=Rect(0, 0 - 1080, 2400) eb=Rect(0, 0 - 1080, 2400) epz=Point(1080, 2400) d=0}
V/WindowManager(  677):     ]}
I/Nearby  ( 1266): Successfully shutdown executor AnalyticsRecorder.analyticsExecutor. [CONTEXT service_id=49 ]
D/StateManager( 1050): createAtomicAnimation - fromState: Background, toState: Normal, partial trace:
D/StateManager( 1050): 	at com.android.quickstep.util.WorkspaceRevealAnim.prepareToAnimate(go/retraceme 43e00d9cd0eb17b3d9dd30fc1741b1c71445c4c0f7c8c9b81300265c86c5b873:22)
D/StateManager( 1050): 	at com.android.quickstep.util.WorkspaceRevealAnim.<init>(go/retraceme 43e00d9cd0eb17b3d9dd30fc1741b1c71445c4c0f7c8c9b81300265c86c5b873:11)
D/StateManager( 1050): 	at com.android.launcher3.QuickstepTransitionManager.createWallpaperOpenAnimations(go/retraceme 43e00d9cd0eb17b3d9dd30fc1741b1c71445c4c0f7c8c9b81300265c86c5b873:339)
D/b/311077782( 1050): LauncherAnimationRunner.setAnimation
V/WindowManagerShell(  927):  animated by com.android.wm.shell.transition.RemoteTransitionHandler@ee80a28
I/RanchuHwc(  477): logCompositionFallbackIfChanged: layer 34 CompositionType fallback from 2 to 1
I/RanchuHwc(  477): logCompositionFallbackIfChanged: layer 35 CompositionType fallback from 2 to 1
W/ActivityTaskManager(  677): callingPackage for (uid=2000, pid=3629) has no WPC
I/ImeTracker(  677): com.google.android.apps.nexuslauncher:bca0835b: onRequestHide at ORIGIN_SERVER reason HIDE_UNSPECIFIED_WINDOW fromUser false
V/GrammaticalInflectionUtils(  677): AttributionSource: AttributionSource { uid = 10217, packageName = null, attributionTag = null, token = android.os.Binder@544e582, deviceId = 0, next = null } does not have READ_SYSTEM_GRAMMATICAL_GENDER permission.
W/OptProp (  677): Cannot read opt property android.window.PROPERTY_COMPAT_ALLOW_USER_ASPECT_RATIO_OVERRIDE
W/OptProp (  677): Cannot read opt property android.window.PROPERTY_COMPAT_ALLOW_USER_ASPECT_RATIO_FULLSCREEN_OVERRIDE
W/OptProp (  677): Cannot read opt property android.window.PROPERTY_COMPAT_ALLOW_RESIZEABLE_ACTIVITY_OVERRIDES
W/OptProp (  677): Cannot read opt property android.window.PROPERTY_COMPAT_ALLOW_MIN_ASPECT_RATIO_OVERRIDE
W/OptProp (  677): Cannot read opt property android.window.PROPERTY_COMPAT_ALLOW_ORIENTATION_OVERRIDE
V/SplashScreenExceptionList(  677): SplashScreen checking exception for package com.penkra.canvas.fixture (target sdk:35) -> false
I/ActivityTaskManager(  677): Add Task{1d8a9da #400 type=standard A=10217:com.penkra.canvas.fixture} to hidden list because adding Task{9dfa8e7 #401 type=standard A=10217:com.penkra.canvas.fixture}
I/ActivityTaskManager(  677): START u0 {flg=0x10000000 xflg=0x5 cmp=com.penkra.canvas.fixture/.MainActivity (has extras)} with LAUNCH_MULTIPLE from uid 2000 (BAL_ALLOW_PERMISSION) result code=0
V/WindowManagerShell(  927): Transition requested (#16): android.os.BinderProxy@e5d1666 TransitionRequestInfo { type = OPEN, triggerTask = TaskInfo{userId=0 taskId=401 effectiveUid=10217 displayId=0 isRunning=true baseIntent=Intent { flg=0x10000000 cmp=com.penkra.canvas.fixture/.MainActivity } baseActivity=ComponentInfo{com.penkra.canvas.fixture/com.penkra.canvas.fixture.MainActivity} topActivity=ComponentInfo{com.penkra.canvas.fixture/com.penkra.canvas.fixture.MainActivity} origActivity=null realActivity=ComponentInfo{com.penkra.canvas.fixture/com.penkra.canvas.fixture.MainActivity} numActivities=1 lastActiveTime=46218 supportsMultiWindow=true resizeMode=1 isResizeable=true minWidth=-1 minHeight=-1 defaultMinSize=220 token=WCT{android.window.IWindowContainerToken$Stub$Proxy@359cda7} topActivityType=1 pictureInPictureParams=null shouldDockBigOverlays=false launchIntoPipHostTaskId=-1 lastParentTaskIdBeforePip=-1 displayCutoutSafeInsets=Rect(0, 132 - 0, 0) topActivityInfo=ActivityInfo{fa254 com.penkra.canvas.fixture.MainActivity} launchCookies=[] positionInParent=Point(0, 0) parentTaskId=-1 isFocused=false isVisible=false isVisibleRequested=false isTopActivityNoDisplay=false isSleeping=false locusId=null displayAreaFeatureId=1 isTopActivityTransparent=false isActivityStackTransparent=false lastNonFullscreenBounds=Rect(276, 694 - 804, 1774) capturedLink=null capturedLinkTimestamp=0 requestedVisibleTypes=-9 topActivityRequestOpenInBrowserEducationTimestamp=0 appCompatTaskInfo=AppCompatTaskInfo { topActivityInSizeCompat=false eligibleForLetterboxEducation= false isLetterboxEducationEnabled= true isLetterboxDoubleTapEnabled= false eligibleForUserAspectRatioButton= false topActivityBoundsLetterboxed= false isFromLetterboxDoubleTap= false topActivityLetterboxVerticalPosition= -1 topActivityLetterboxHorizontalPosition= -1 topActivityLetterboxWidth=-1 topActivityLetterboxHeight=-1 topActivityAppBounds=Rect(0, 0 - 1080, 2400) isUserFullscreenOverrideEnabled=false isSystemFullscreenOverrideEnabled=false hasMinAspectRatioOverride=false topActivityLetterboxBounds=null cameraCompatTaskInfo=CameraCompatTaskInfo { freeformCameraCompatMode=inactive}} topActivityMainWindowFrame=null}, pipChange = null, remoteTransition = null, displayChange = null, flags = 0, debugId = 16 }
D/ShellSplitScreen(  927): logExit: no-op, mLoggerSessionId is null
I/GoogleInputMethodService( 1397): GoogleInputMethodService.onFinishInput():2043 
I/ImeTracker(  677): system_server:54db2451: onRequestHide at ORIGIN_SERVER reason IME_REQUESTED_CHANGED_LISTENER fromUser false
I/Module  ( 1397): DeviceLockedStatusModuleProvider$Module.updateDeviceLockedStatus():100 repeatCheckTimes = 0, locked = false
W/NotificationCenter( 1397): NotificationCenter$NotificationQueue.notifyPendingNotificationsOnExecutor():877 Heavy notify work detected on UI thread: [kig->khg, kig->fro, kig->lux, kig->ilu, kig->fcb, kig->imt, kig->ilu, kig->ilu, kig->jnx, kig->ilu, kig->ilu, kig->ilu, kig->ilu, kig->ilu, kig->ilu, kig->fef, kig->ilu, kig->khc, kig->ilu, kig->ilu, kig->ilu] takes 60ms
I/GoogleInputMethodService( 1397): GoogleInputMethodService.onStartInput():1293 onStartInput(EditorInfo{EditorInfo{packageName=com.google.android.apps.nexuslauncher, inputType=0, inputTypeString=NULL, enableLearning=false, autoCorrection=false, autoComplete=false, imeOptions=0, privateImeOptions=null, actionName=UNSPECIFIED, actionLabel=null, initialSelStart=-1, initialSelEnd=-1, initialCapsMode=0, label=null, fieldId=0, fieldName=null, extras=null, hintText=null, hintLocales=[]}}, false)
I/Module  ( 1397): DeviceLockedStatusModuleProvider$Module.updateDeviceLockedStatus():100 repeatCheckTimes = 1, locked = false
I/EmojiCompatManager( 1397): EmojiCompatManager.getEmojiCompatIfLoaded():343 EmojiCompat.init() was never called.
I/EmojiCompatManager( 1397): java.lang.IllegalStateException: EmojiCompat is not initialized. Please call EmojiCompat.init() first
I/EmojiCompatManager( 1397): 	at asx.p(PG:6)
I/EmojiCompatManager( 1397): 	at axb.b(PG:13)
I/EmojiCompatManager( 1397): 	at jnr.b(PG:2)
I/EmojiCompatManager( 1397): 	at jnr.c(PG:4)
I/EmojiCompatManager( 1397): 	at jnr.f(PG:3)
I/EmojiCompatManager( 1397): 	at jnx.c(PG:3)
I/EmojiCompatManager( 1397): 	at kif.cz(PG:47)
I/EmojiCompatManager( 1397): 	at lhl.run(PG:1025)
I/EmojiCompatManager( 1397): 	at jaf.execute(PG:12)
I/EmojiCompatManager( 1397): 	at nco.v(PG:13)
I/EmojiCompatManager( 1397): 	at lhn.m(PG:96)
I/EmojiCompatManager( 1397): 	at lhn.k(PG:25)
I/EmojiCompatManager( 1397): 	at kgn.onStartInput(PG:250)
I/EmojiCompatManager( 1397): 	at android.inputmethodservice.InputMethodService.doStartInput(InputMethodService.java:3521)
I/EmojiCompatManager( 1397): 	at android.inputmethodservice.InputMethodService$InputMethodImpl.startInput(InputMethodService.java:879)
I/EmojiCompatManager( 1397): 	at android.inputmethodservice.InputMethodService$InputMethodImpl.dispatchStartInput(InputMethodService.java:908)
I/EmojiCompatManager( 1397): 	at android.inputmethodservice.IInputMethodWrapper.executeMessage(IInputMethodWrapper.java:201)
I/EmojiCompatManager( 1397): 	at com.android.internal.os.HandlerCaller$MyHandler.handleMessage(HandlerCaller.java:44)
I/EmojiCompatManager( 1397): 	at android.os.Handler.dispatchMessage(Handler.java:110)
I/EmojiCompatManager( 1397): 	at android.os.Looper.loopOnce(Looper.java:248)
I/EmojiCompatManager( 1397): 	at android.os.Looper.loop(Looper.java:338)
I/EmojiCompatManager( 1397): 	at android.app.ActivityThread.main(ActivityThread.java:9067)
I/EmojiCompatManager( 1397): 	at java.lang.reflect.Method.invoke(Native Method)
I/EmojiCompatManager( 1397): 	at com.android.internal.os.RuntimeInit$MethodAndArgsCaller.run(RuntimeInit.java:593)
I/EmojiCompatManager( 1397): 	at com.android.internal.os.ZygoteInit.main(ZygoteInit.java:932)
W/PackageConfigPersister(  677): App-specific configuration not found for packageName: com.google.android.apps.nexuslauncher and userId: 0
W/ActivityTaskManager(  677): Unable to send transaction to client proc com.penkra.canvas.fixture: no app thread
V/GrammaticalInflectionUtils(  677): AttributionSource: AttributionSource { uid = 10217, packageName = null, attributionTag = null, token = android.os.Binder@544e582, deviceId = 0, next = null } does not have READ_SYSTEM_GRAMMATICAL_GENDER permission.
I/ImeTracker(  677): system_server:54db2451: onCancelled at PHASE_SERVER_SHOULD_HIDE
W/SplitSelectStateCtor( 1050): Missing session instanceIds
D/StatsLog( 1050): LAUNCHER_SPLIT_SELECTION_EXIT_INTERRUPTED
I/AppsFilter(  677): interaction: PackageSetting{c11fd90 com.konsier.app.dev/10214} -> PackageSetting{7075d18 com.penkra.canvas.fixture/10217} BLOCKED
I/AppsFilter(  677): interaction: PackageSetting{ee5b68e com.penkra.canvas.qa.fonts/10219} -> PackageSetting{7075d18 com.penkra.canvas.fixture/10217} BLOCKED
I/AppsFilter(  677): interaction: PackageSetting{5422eaf com.penkra.canvas.qa.typomixed0606/10215} -> PackageSetting{7075d18 com.penkra.canvas.fixture/10217} BLOCKED
D/InsetsController( 1050): hide(ime(), fromIme=false)
I/ImeTracker( 1050): com.google.android.apps.nexuslauncher:bca0835b: onCancelled at PHASE_CLIENT_ALREADY_HIDDEN
D/Zygote  (  456): Forked child process 3633
D/WindowManagerShell(  927): setLauncherKeepClearAreaHeight: visible=false, height=527
D/BackgroundInstallControlService(  677): Package event received: 0
I/ActivityManager(  677): Start proc 3633:com.penkra.canvas.fixture/u0a217 for next-top-activity {com.penkra.canvas.fixture/com.penkra.canvas.fixture.MainActivity}
D/CompatChangeReporter(  677): Compat change id reported: 309578419; UID 10217; state: ENABLED
D/WorkspaceRevealAnim( 1050): onAnimationEnd: workspace alpha = 1.0
W/HWUI    (  927): Image decoding logging dropped!
I/ActivityManager(  677): ProcessObserver broadcast disabled
D/SplashScreenView(  927): Build android.window.SplashScreenView{9dfe4f9 V.E...... ......ID 0,0-0,0}
D/SplashScreenView(  927): Icon: view: android.widget.ImageView{dae8c3e V.ED..... ......I. 0,0-0,0 #1020542 android:id/splashscreen_icon_view} drawable: com.android.wm.shell.startingsurface.SplashscreenIconDrawableFactory$ImmobileIconDrawable@800ca9f size: 420
D/SplashScreenView(  927): Branding: view: android.view.View{c0ce7ec G.ED..... ......I. 0,0-0,0 #1020541 android:id/splashscreen_branding_view} drawable: null size w: 0 h: 0
V/WindowManagerShell(  927): Transition animation finished (aborted=false), notifying core (#15) android.os.BinderProxy@f18ff8d@0
E/IPCThreadState(  677): Binder transaction failure. id: 120442, BR_*: 29189, error: -22 (Invalid argument)
W/ActivityManager(  677): pid 677 system sent binder code 7 with flags 1 to frozen apps and got error -32
W/WindowManager(  677): Exception thrown during dispatchAppVisibility Window{3bc629e u0 com.penkra.canvas.fixture/com.penkra.canvas.fixture.MainActivity EXITING}
W/WindowManager(  677): android.os.DeadObjectException
W/WindowManager(  677): 	at android.os.BinderProxy.transactNative(Native Method)
W/WindowManager(  677): 	at android.os.BinderProxy.transact(BinderProxy.java:592)
W/WindowManager(  677): 	at android.view.IWindow$Stub$Proxy.dispatchAppVisibility(IWindow.java:557)
W/WindowManager(  677): 	at com.android.server.wm.WindowState.sendAppVisibilityToClients(WindowState.java:3151)
W/WindowManager(  677): 	at com.android.server.wm.WindowContainer.sendAppVisibilityToClients(WindowContainer.java:1311)
W/WindowManager(  677): 	at com.android.server.wm.WindowToken.setClientVisible(WindowToken.java:389)
W/WindowManager(  677): 	at com.android.server.wm.ActivityRecord.setClientVisible(ActivityRecord.java:6650)
W/WindowManager(  677): 	at com.android.server.wm.ActivityRecord.commitVisibility(ActivityRecord.java:5561)
W/WindowManager(  677): 	at com.android.server.wm.Transition.finishTransition(Transition.java:1391)
W/WindowManager(  677): 	at com.android.server.wm.TransitionController.finishTransition(TransitionController.java:1029)
W/WindowManager(  677): 	at com.android.server.wm.WindowOrganizerController.finishTransition(WindowOrganizerController.java:496)
W/WindowManager(  677): 	at android.window.IWindowOrganizerController$Stub.onTransact(IWindowOrganizerController.java:261)
W/WindowManager(  677): 	at com.android.server.wm.WindowOrganizerController.onTransact(WindowOrganizerController.java:223)
W/WindowManager(  677): 	at android.os.Binder.execTransactInternal(Binder.java:1426)
W/WindowManager(  677): 	at android.os.Binder.execTransact(Binder.java:1365)
W/Process (  677): Unable to open /proc/3544/status
--------- beginning of kernel
I/binder  ( 1823): 1823:677 cannot find target node
I/binder  ( 1823): 677:1823 transaction async to 0:0 failed 120442/29189/-22, size 64-0 line 3348
V/WindowManager(  677): Finish Transition (#15): created at 09-07 13:50:55.326 collect-started=0.026ms request-sent=0.087ms started=6.016ms ready=63.006ms sent=65.09ms commit=20.5ms finished=450.809ms
I/.canvas.fixture( 3633): Late-enabling -Xcheck:jni
I/AppWidgetServiceImpl(  677): Received broadcast: android.intent.action.PACKAGE_UNSTOPPED on user 0
I/AppWidgetServiceImpl(  677): Updating package stopped masked state for uid 10217 package com.penkra.canvas.fixture isStopped false
V/WindowManagerShell(  927): Track 0 became idle
W/Looper  (  927): Slow dispatch took 42ms wmshell.main app=com.android.systemui main=false group=FOREGROUND h=android.os.Handler c=com.android.wm.shell.transition.RemoteTransitionHandler$1$$ExternalSyntheticLambda0@d643a31 m=0
I/.canvas.fixture( 3633): Using CollectorTypeCMC GC.
I/adbd    (  521): jdwp connection from 3633
D/nativeloader( 3633): Load libframework-connectivity-tiramisu-jni.so using APEX ns com_android_tethering for caller /apex/com.android.tethering/javalib/framework-connectivity-t.jar: ok
W/ndroid.systemui(  927): Suspending all threads took: 13.890ms
D/CoreBackPreview(  677): Window{df5ce8c u0 Splash Screen com.penkra.canvas.fixture}: Setting back callback OnBackInvokedCallbackInfo{mCallback=android.window.IOnBackInvokedCallback$Stub$Proxy@4774778, mPriority=0, mIsAnimationCallback=false, mOverrideBehavior=0}
D/BackgroundInstallControlService(  677): Package event received: 0
I/BpBinder(  511): onLastStrongRef automatically unlinking death recipients: 
I/ndroid.systemui(  927): NativeAlloc concurrent mark compact GC freed 2301KB AllocSpace bytes, 9(308KB) LOS objects, 50% free, 19MB/39MB, paused 14.947ms,4.780ms total 615.489ms
D/RecentsView( 1050): onTaskRemoved: 400, not handling task stack changes
D/RecentsView( 1050): onTaskRemoved: 400, not handling task stack changes
V/WindowManager(  677): Sent Transition (#16) createdAt=09-07 13:50:55.465 via request=TransitionRequestInfo { type = OPEN, triggerTask = TaskInfo{userId=0 taskId=401 effectiveUid=10217 displayId=0 isRunning=true baseIntent=Intent { flg=0x10000000 cmp=com.penkra.canvas.fixture/.MainActivity } baseActivity=ComponentInfo{com.penkra.canvas.fixture/com.penkra.canvas.fixture.MainActivity} topActivity=ComponentInfo{com.penkra.canvas.fixture/com.penkra.canvas.fixture.MainActivity} origActivity=null realActivity=ComponentInfo{com.penkra.canvas.fixture/com.penkra.canvas.fixture.MainActivity} numActivities=1 lastActiveTime=46218 supportsMultiWindow=true resizeMode=1 isResizeable=true minWidth=-1 minHeight=-1 defaultMinSize=220 token=WCT{RemoteToken{b956324 Task{9dfa8e7 #401 type=standard A=10217:com.penkra.canvas.fixture}}} topActivityType=1 pictureInPictureParams=null shouldDockBigOverlays=false launchIntoPipHostTaskId=-1 lastParentTaskIdBeforePip=-1 displayCutoutSafeInsets=Rect(0, 132 - 0, 0) topActivityInfo=ActivityInfo{4a85e8d com.penkra.canvas.fixture.MainActivity} launchCookies=[] positionInParent=Point(0, 0) parentTaskId=-1 isFocused=false isVisible=false isVisibleRequested=false isTopActivityNoDisplay=false isSleeping=false locusId=null displayAreaFeatureId=1 isTopActivityTransparent=false isActivityStackTransparent=false lastNonFullscreenBounds=Rect(276, 694 - 804, 1774) capturedLink=null capturedLinkTimestamp=0 requestedVisibleTypes=-9 topActivityRequestOpenInBrowserEducationTimestamp=0 appCompatTaskInfo=AppCompatTaskInfo { topActivityInSizeCompat=false eligibleForLetterboxEducation= false isLetterboxEducationEnabled= true isLetterboxDoubleTapEnabled= false eligibleForUserAspectRatioButton= false topActivityBoundsLetterboxed= false isFromLetterboxDoubleTap= false topActivityLetterboxVerticalPosition= -1 topActivityLetterboxHorizontalPosition= -1 topActivityLetterboxWidth=-1 topActivityLetterboxHeight=-1 topActivityAppBounds=Rect(0, 0 - 1080, 2400) isUserFullscreenOverrideEnabled=false isSystemFullscreenOverrideEnabled=false hasMinAspectRatioOverride=false topActivityLetterboxBounds=null cameraCompatTaskInfo=CameraCompatTaskInfo { freeformCameraCompatMode=inactive}} topActivityMainWindowFrame=null}, pipChange = null, remoteTransition = null, displayChange = null, flags = 0, debugId = 16 }
V/WindowManager(  677):     startWCT=WindowContainerTransaction { changes= {} hops= [] errorCallbackToken=null taskFragmentOrganizer=null }
V/WindowManager(  677):     info={id=16 t=OPEN f=0x0 trk=1 r=[0@Point(0, 0)] c=[
V/WindowManager(  677):         {WCT{RemoteToken{b956324 Task{9dfa8e7 #401 type=standard A=10217:com.penkra.canvas.fixture}}} m=OPEN f=NONE leash=Surface(name=Task=401)/@0x3b696b6 sb=Rect(0, 0 - 1080, 2400) eb=Rect(0, 0 - 1080, 2400) epz=Point(1080, 2400) d=0 taskParent=-1},
V/WindowManager(  677):         {WCT{RemoteToken{a8584bf Task{65ff867 #1 type=home}}} m=TO_BACK f=SHOW_WALLPAPER leash=Surface(name=Task=1)/@0x724a548 sb=Rect(0, 0 - 1080, 2400) eb=Rect(0, 0 - 1080, 2400) epz=Point(1080, 2400) d=0 taskParent=-1},
V/WindowManager(  677):         {m=TO_BACK f=IS_WALLPAPER leash=Surface(name=WallpaperWindowToken{19b8f8f showWhenLocked=false})/@0x2adf3eb sb=Rect(0, 0 - 1080, 2400) eb=Rect(0, 0 - 1080, 2400) epz=Point(1080, 2400) d=0}
V/WindowManager(  677):     ]}
V/WindowManagerShell(  927): onTransitionReady(transaction=2907692859956)
V/WindowManagerShell(  927): onTransitionReady (#16) android.os.BinderProxy@e5d1666: {id=16 t=OPEN f=0x0 trk=1 r=[0@Point(0, 0)] c=[
V/WindowManagerShell(  927):         {m=OPEN f=NONE leash=Surface(name=Task=401)/@0xd10241c sb=Rect(0, 0 - 1080, 2400) eb=Rect(0, 0 - 1080, 2400) epz=Point(1080, 2400) d=0 taskParent=-1},
V/WindowManagerShell(  927):         {m=TO_BACK f=SHOW_WALLPAPER leash=Surface(name=Task=1)/@0x4881825 sb=Rect(0, 0 - 1080, 2400) eb=Rect(0, 0 - 1080, 2400) epz=Point(1080, 2400) d=0 taskParent=-1},
V/WindowManagerShell(  927):         {m=TO_BACK f=IS_WALLPAPER leash=Surface(name=WallpaperWindowToken{19b8f8f showWhenLocked=false})/@0x6ebbdfa sb=Rect(0, 0 - 1080, 2400) eb=Rect(0, 0 - 1080, 2400) epz=Point(1080, 2400) d=0}
V/WindowManagerShell(  927):     ]}
V/WindowManagerShell(  927): Playing animation for (#16) android.os.BinderProxy@e5d1666@1
V/ShellRecents(  927): RecentsTransitionHandler.startAnimation: no controller found
V/WindowManagerShell(  927): Transition doesn't have explicit remote, search filters for match for {id=16 t=OPEN f=0x0 trk=1 r=[0@Point(0, 0)] c=[{m=OPEN f=NONE leash=Surface(name=Task=401)/@0xd10241c sb=Rect(0, 0 - 1080, 2400) eb=Rect(0, 0 - 1080, 2400) epz=Point(1080, 2400) d=0 taskParent=-1},{m=TO_BACK f=SHOW_WALLPAPER leash=Surface(name=Task=1)/@0x4881825 sb=Rect(0, 0 - 1080, 2400) eb=Rect(0, 0 - 1080, 2400) epz=Point(1080, 2400) d=0 taskParent=-1},{m=TO_BACK f=IS_WALLPAPER leash=Surface(name=WallpaperWindowToken{19b8f8f showWhenLocked=false})/@0x6ebbdfa sb=Rect(0, 0 - 1080, 2400) eb=Rect(0, 0 - 1080, 2400) epz=Point(1080, 2400) d=0}]}
V/WindowManagerShell(  927):  Checking filter Pair{{types=[] flags=0x0] notFlags=0x0 checks=[{atype=undefined independent=true modes=[CLOSE,TO_BACK] flags=IN_TASK_WITH_EMBEDDED_ACTIVITY mustBeTask=false order=ANY topActivity=null launchCookie=null taskFragmentToken=android.os.BinderProxy@29d9206 windowingMode=undefined}]} RemoteTransition { remoteTransition = android.window.IRemoteTransition$Stub$Proxy@63930c7, appThread = android.app.IApplicationThread$Stub$Proxy@42096f4, debugName = overlayBackTransition }}
V/WindowManagerShell(  927):  Checking filter Pair{{types=[] flags=0x0] notFlags=0x0 checks=[{atype=dream independent=true modes=[OPEN,TO_FRONT] flags=NONE mustBeTask=false order=ANY topActivity=null launchCookie=null windowingMode=undefined},{atype=home independent=true modes=[CLOSE,TO_BACK] flags=NONE mustBeTask=false order=ANY topActivity=null launchCookie=null windowingMode=undefined}]} RemoteTransition { remoteTransition = android.window.IRemoteTransition$Stub$Proxy@496ce1d, appThread = android.app.IApplicationThread$Stub$Proxy@e70c892, debugName = LauncherToDream }}
V/WindowManagerShell(  927):  Checking filter Pair{{types=[] flags=0x0] notFlags=0x100 checks=[{atype=home independent=true modes=[OPEN,TO_FRONT] flags=NONE mustBeTask=false order=TOP topActivity=ComponentInfo{com.google.android.apps.nexuslauncher/com.google.android.apps.nexuslauncher.NexusLauncherActivity} launchCookie=null windowingMode=undefined},{atype=standard independent=true modes=[CLOSE,TO_BACK] flags=NONE mustBeTask=false order=ANY topActivity=null launchCookie=null windowingMode=undefined},{NOT atype=undefined independent=true modes=[] flags=NONE mustBeTask=true order=ANY topActivity=null launchCookie=null customAnim=true windowingMode=undefined}]} RemoteTransition { remoteTransition = android.window.IRemoteTransition$Stub$Proxy@60e1263, appThread = android.app.IApplicationThread$Stub$Proxy@92a2e60, debugName = QuickstepLaunchHome }}
V/WindowManagerShell(  927):  Delegate animation for (#16) to null
V/WindowManagerShell(  927): start default transition animation, info = {id=16 t=OPEN f=0x0 trk=1 r=[0@Point(0, 0)] c=[{m=OPEN f=NONE leash=Surface(name=Task=401)/@0xd10241c sb=Rect(0, 0 - 1080, 2400) eb=Rect(0, 0 - 1080, 2400) epz=Point(1080, 2400) d=0 taskParent=-1},{m=TO_BACK f=SHOW_WALLPAPER leash=Surface(name=Task=1)/@0x4881825 sb=Rect(0, 0 - 1080, 2400) eb=Rect(0, 0 - 1080, 2400) epz=Point(1080, 2400) d=0 taskParent=-1},{m=TO_BACK f=IS_WALLPAPER leash=Surface(name=WallpaperWindowToken{19b8f8f showWhenLocked=false})/@0x6ebbdfa sb=Rect(0, 0 - 1080, 2400) eb=Rect(0, 0 - 1080, 2400) epz=Point(1080, 2400) d=0}]}
V/WindowManagerShell(  927): loadAnimation: anim=android.view.animation.AnimationSet@7096608 animAttr=0x13 type=OPEN isEntrance=false
V/WindowManagerShell(  927): loadAnimation: anim=android.view.animation.AnimationSet@e4711a1 animAttr=0x12 type=OPEN isEntrance=true
V/WindowManagerShell(  927):  animated by com.android.wm.shell.transition.DefaultTransitionHandler@d69f2bf
W/ActivityTaskManager(  677): takeTaskSnapshot: taskId=58 not found or not visible
W/ActivityTaskManager(  677): takeTaskSnapshot: taskId=61 not found or not visible
V/WindowManagerShell(  927): Transition animation finished (aborted=false), notifying core (#16) android.os.BinderProxy@e5d1666@1
V/WindowManager(  677): Finish Transition (#16): created at 09-07 13:50:55.465 collect-started=0.017ms request-sent=106.035ms started=142.603ms ready=564.051ms sent=572.793ms commit=26.249ms finished=899.766ms
D/VRI[NexusLauncherActivity]( 1050): visibilityChanged oldVisibility=true newVisibility=false
V/WindowManagerShell(  927): Track 1 became idle
V/WindowManagerShell(  927): All active transition animations finished
D/nativeloader( 3633): Configuring clns-9 for other apk /data/app/~~uAL885Us3v8tGY30jnuQHQ==/com.penkra.canvas.fixture-C-AVRfPnhuZICvim0KbWBA==/base.apk. target_sdk_version=35, uses_libraries=, library_path=/data/app/~~uAL885Us3v8tGY30jnuQHQ==/com.penkra.canvas.fixture-C-AVRfPnhuZICvim0KbWBA==/lib/arm64:/data/app/~~uAL885Us3v8tGY30jnuQHQ==/com.penkra.canvas.fixture-C-AVRfPnhuZICvim0KbWBA==/base.apk!/lib/arm64-v8a, permitted_path=/data:/mnt/expand:/data/user/0/com.penkra.canvas.fixture
E/BpTransactionCompletedListener(  511): Failed to transact (-32)
D/NexusLauncherModelDelegate( 1050): notifySmartspaceEvent: SmartspaceTargetEvent{mSmartspaceTarget=null, mSmartspaceActionId='null', mEventType=7}
D/CompatChangeReporter( 3633): Compat change id reported: 202956589; UID 10217; state: ENABLED
I/.canvas.fixture( 3633): AssetManager2(0xb40000777000e298) locale list changing from [] to [en-US]
V/GraphicsEnvironment( 3633): Currently set values for:
V/GraphicsEnvironment( 3633):   angle_gl_driver_selection_pkgs=[]
V/GraphicsEnvironment( 3633):   angle_gl_driver_selection_values=[]
V/GraphicsEnvironment( 3633): com.penkra.canvas.fixture is not listed in per-application setting
V/GraphicsEnvironment( 3633): ANGLE allowlist from config: com.dreamgames.royalmatch com.dts.freefiremax com.dxx.firenow com.gramgames.mergedragons com.ludo.king com.mojang.minecraftpe com.my.defense com.nintendo.zaka com.os.airforce com.playrix.fishdomdd.gplay io.teslatech.callbreak jp.konami.prospia net.peakgames.toonblast
V/GraphicsEnvironment( 3633): com.penkra.canvas.fixture is not listed in ANGLE allowlist or settings, returning default
V/GraphicsEnvironment( 3633): Neither updatable production driver nor prerelease driver is supported.
D/CompatChangeReporter( 3633): Compat change id reported: 279646685; UID 10217; state: ENABLED
W/OptProp (  677): Cannot read opt property android.window.PROPERTY_COMPAT_ENABLE_FAKE_FOCUS
D/CompatChangeReporter(  677): Compat change id reported: 324203798; UID 10217; state: ENABLED
I/DisplayManager( 3633): Choreographer implicitly registered for the refresh rate.
I/.canvas.fixture( 3633): AssetManager2(0xb40000777001a138) locale list changing from [] to [en-US]
D/BackgroundInstallControlService(  677): Package event received: 0
D/BackgroundInstallControlService(  677): Package event received: 0
E/ashmem  ( 3633): Pinning is deprecated since Android Q. Please use trim or other methods.
I/EGL_emulation( 3633): Opening libGLESv1_CM_emulation.so
I/EGL_emulation( 3633): Opening libGLESv2_emulation.so
D/CompatChangeReporter( 3633): Compat change id reported: 309578419; UID 10217; state: ENABLED
D/DesktopModeFlags( 3633): Toggle override initialized to: OVERRIDE_UNSET
W/HWUI    ( 3633): Failed to choose config with EGL_SWAP_BEHAVIOR_PRESERVED, retrying without...
W/HWUI    ( 3633): Failed to initialize 101010-2 format, error = EGL_SUCCESS
D/CompatChangeReporter( 3633): Compat change id reported: 352594277; UID 10217; state: ENABLED
D/CompatChangeReporter( 3633): Compat change id reported: 349153669; UID 10217; state: ENABLED
W/HWUI    ( 3633): Unknown dataspace 0
I/servicemanager(  219): Caller(pid=3633,uid=10217,sid=u:r:untrusted_app:s0:c217,c256,c512,c768) Found android.hardware.graphics.allocator.IAllocator/default in device VINTF manifest.
I/servicemanager(  219): Caller(pid=3633,uid=10217,sid=u:r:untrusted_app:s0:c217,c256,c512,c768) Found android.hardware.graphics.allocator.IAllocator/default in device VINTF manifest.
I/servicemanager(  219): Caller(pid=3633,uid=10217,sid=u:r:untrusted_app:s0:c217,c256,c512,c768) Found mapper/ranchu in device VINTF manifest.
D/CoreBackPreview(  677): Window{7cfd725 u0 com.penkra.canvas.fixture/com.penkra.canvas.fixture.MainActivity}: Setting back callback OnBackInvokedCallbackInfo{mCallback=android.window.IOnBackInvokedCallback$Stub$Proxy@3f842c6, mPriority=0, mIsAnimationCallback=false, mOverrideBehavior=0}
I/CanvasFixedText( 3633): LUNA_FIXED_TEXT_READY case=rich-run-size nonce=fixed-text-android-420-1-rich-run-size-d413942a-a53f-4f25-ac8a-d3deb87e388c
I/CanvasFixedText( 3633): LUNA_FIXED_TEXT_ROOT case=rich-run-size nonce=fixed-text-android-420-1-rich-run-size-d413942a-a53f-4f25-ac8a-d3deb87e388c x=0.0 y=0.0 width=893 height=473 scale=2.625
I/system_server(  677): AssetManager2(0xb4000077700569f8) locale list changing from [] to [en-US]
I/system_server(  677): AssetManager2(0xb400007770054dd8) locale list changing from [] to [en-US]
D/ShortcutService(  677): received package broadcast intent: Intent { act=android.intent.action.PACKAGE_CHANGED dat=package: flg=0x45000010 pkg=android (has extras) }
D/ShortcutService(  677): changing package: com.google.android.gms userId=0
I/AppWidgetServiceImpl(  677): Received broadcast: android.intent.action.PACKAGE_CHANGED on user 0
I/system_server(  677): AssetManager2(0xb400007770058c58) locale list changing from [] to [en-US]
D/PackageUpdatedTask( 1050): Package updated: mOp=UPDATE packages=[com.google.android.gms], user=UserHandle{0}
V/ConditionProviders(  677): enabling condition provider for 0: ComponentInfo{com.google.android.apps.wellbeing/com.google.android.apps.wellbeing.azr.impl.AzrConditionProviderService}
V/ConditionProviders(  677): Not registering ComponentInfo{com.google.android.apps.wellbeing/com.google.android.apps.wellbeing.azr.impl.AzrConditionProviderService} is already bound
I/system_server(  677): AssetManager2(0xb4000077700582f8) locale list changing from [] to [en-US]
I/AiAiEcho( 1487): AppIndexer Package:[com.google.android.gms] UserProfile:[0] Enabled:[true].
I/AiAiEcho( 1487): AppFetcherImplV2 updateApps package:[com.google.android.gms], userId:[0], reason:[package is updated.].
D/BackgroundInstallControlService(  677): Package event received: 0
D/BackgroundInstallControlService(  677): Package event received: 0
I/ActivityTaskManager(  677): Displayed com.penkra.canvas.fixture/.MainActivity for user 0: +1s476ms
I/system_server(  677): AssetManager2(0xb4000077700563b8) locale list changing from [] to [en-US]
I/system_server(  677): AssetManager2(0xb400007770059298) locale list changing from [] to [en-US]
D/BaseDepthController( 1050): setSurface:
D/BaseDepthController( 1050): 	mWaitingOnSurfaceValidity: false
D/BaseDepthController( 1050): 	mBaseSurface: null
D/BaseDepthController( 1050): mSurface is null and mCurrentBlur is: 0
D/StateManager( 1050): goToState - fromState: Normal, toState: Normal, partial trace:
D/StateManager( 1050): 	at com.android.launcher3.statemanager.StateManager.moveToRestState(go/retraceme 43e00d9cd0eb17b3d9dd30fc1741b1c71445c4c0f7c8c9b81300265c86c5b873:4)
D/StateManager( 1050): 	at com.android.launcher3.statemanager.StateManager.moveToRestState(go/retraceme 43e00d9cd0eb17b3d9dd30fc1741b1c71445c4c0f7c8c9b81300265c86c5b873:1)
D/StateManager( 1050): 	at com.android.launcher3.statemanager.StatefulActivity.onStop(go/retraceme 43e00d9cd0eb17b3d9dd30fc1741b1c71445c4c0f7c8c9b81300265c86c5b873:34)
I/netd    (  453): tetherGetStats() -> {[]} <0.24ms>
D/StatsLog( 1050): LAUNCHER_ONSTOP
D/StatsLog( 1050): LAUNCHER_GOOGLE_SEARCH_RESTORE_LIST_SIZE_AFTER_ACTIVITY_RESTART
I/AppWidgetServiceImpl(  677): setAppWidgetHidden() 0
I/system_server(  677): AssetManager2(0xb4000077700534d8) locale list changing from [] to [en-US]
I/PermissionControllerServiceImpl( 1359): Updating user sensitive for uid 10144
D/BackgroundInstallControlService(  677): Package event received: 0
I/ImeTracker(  677): com.penkra.canvas.fixture:c7d0ec94: onRequestHide at ORIGIN_SERVER reason HIDE_UNSPECIFIED_WINDOW fromUser false
D/InsetsController( 3633): hide(ime(), fromIme=false)
I/ImeTracker( 3633): com.penkra.canvas.fixture:c7d0ec94: onCancelled at PHASE_CLIENT_ALREADY_HIDDEN
I/GoogleInputMethodService( 1397): GoogleInputMethodService.onFinishInput():2043 
I/Module  ( 1397): DeviceLockedStatusModuleProvider$Module.updateDeviceLockedStatus():100 repeatCheckTimes = 0, locked = false
I/GoogleInputMethodService( 1397): GoogleInputMethodService.onStartInput():1293 onStartInput(EditorInfo{EditorInfo{packageName=com.penkra.canvas.fixture, inputType=0, inputTypeString=NULL, enableLearning=false, autoCorrection=false, autoComplete=false, imeOptions=0, privateImeOptions=null, actionName=UNSPECIFIED, actionLabel=null, initialSelStart=-1, initialSelEnd=-1, initialCapsMode=0, label=null, fieldId=0, fieldName=null, extras=null, hintText=null, hintLocales=[]}}, false)
I/ImeTracker(  677): system_server:8db8a2b7: onRequestHide at ORIGIN_SERVER reason IME_REQUESTED_CHANGED_LISTENER fromUser false
I/ImeTracker(  677): system_server:8db8a2b7: onCancelled at PHASE_SERVER_SHOULD_HIDE
D/BoundBrokerSvc( 1712): onUnbind: Intent { act=com.google.android.gms.cobalt.api.CobaltLoggerApiService.START dat=chimera-action:/... xflg=0x4 cmp=com.google.android.gms/.chimera.GmsApiService }
I/system_server(  677): AssetManager2(0xb4000077700531b8) locale list changing from [] to [en-US]
I/Module  ( 1397): DeviceLockedStatusModuleProvider$Module.updateDeviceLockedStatus():100 repeatCheckTimes = 1, locked = false
I/EmojiCompatManager( 1397): EmojiCompatManager.getEmojiCompatIfLoaded():343 EmojiCompat.init() was never called.
I/EmojiCompatManager( 1397): java.lang.IllegalStateException: EmojiCompat is not initialized. Please call EmojiCompat.init() first
I/EmojiCompatManager( 1397): 	at asx.p(PG:6)
I/EmojiCompatManager( 1397): 	at axb.b(PG:13)
I/EmojiCompatManager( 1397): 	at jnr.b(PG:2)
I/EmojiCompatManager( 1397): 	at jnr.c(PG:4)
I/EmojiCompatManager( 1397): 	at jnr.f(PG:3)
I/EmojiCompatManager( 1397): 	at jnx.c(PG:3)
I/EmojiCompatManager( 1397): 	at kif.cz(PG:47)
I/EmojiCompatManager( 1397): 	at lhl.run(PG:1025)
I/EmojiCompatManager( 1397): 	at jaf.execute(PG:12)
I/EmojiCompatManager( 1397): 	at nco.v(PG:13)
I/EmojiCompatManager( 1397): 	at lhn.m(PG:96)
I/EmojiCompatManager( 1397): 	at lhn.k(PG:25)
I/EmojiCompatManager( 1397): 	at kgn.onStartInput(PG:250)
I/EmojiCompatManager( 1397): 	at android.inputmethodservice.InputMethodService.doStartInput(InputMethodService.java:3521)
I/EmojiCompatManager( 1397): 	at android.inputmethodservice.InputMethodService$InputMethodImpl.startInput(InputMethodService.java:879)
I/EmojiCompatManager( 1397): 	at android.inputmethodservice.InputMethodService$InputMethodImpl.dispatchStartInput(InputMethodService.java:908)
I/EmojiCompatManager( 1397): 	at android.inputmethodservice.IInputMethodWrapper.executeMessage(IInputMethodWrapper.java:201)
I/EmojiCompatManager( 1397): 	at com.android.internal.os.HandlerCaller$MyHandler.handleMessage(HandlerCaller.java:44)
I/EmojiCompatManager( 1397): 	at android.os.Handler.dispatchMessage(Handler.java:110)
I/EmojiCompatManager( 1397): 	at android.os.Looper.loopOnce(Looper.java:248)
I/EmojiCompatManager( 1397): 	at android.os.Looper.loop(Looper.java:338)
I/EmojiCompatManager( 1397): 	at android.app.ActivityThread.main(ActivityThread.java:9067)
I/EmojiCompatManager( 1397): 	at java.lang.reflect.Method.invoke(Native Method)
I/EmojiCompatManager( 1397): 	at com.android.internal.os.RuntimeInit$MethodAndArgsCaller.run(RuntimeInit.java:593)
I/EmojiCompatManager( 1397): 	at com.android.internal.os.ZygoteInit.main(ZygoteInit.java:932)
W/PackageConfigPersister(  677): App-specific configuration not found for packageName: com.penkra.canvas.fixture and userId: 0
I/system_server(  677): AssetManager2(0xb400007770059f18) locale list changing from [] to [en-US]
W/AllAppsList( 1050): updatePackage: no Activities matched updated package, removing any AppInfo with package=com.google.android.gms, user=UserHandle{0}
V/AccessibilityManagerService(  677): onUserStateChangedLocked for userId: 0, forceUpdate: false
I/FontLog ( 1266): Received query Noto Color Emoji Compat, URI content://com.google.android.gms.fonts [CONTEXT service_id=132 ]
I/FontLog ( 1266): Query [emojicompat-emoji-font] resolved to {Noto Color Emoji Compat, wdth 100.0, wght 400, ital 0.0, bestEffort false}, isVf false} [CONTEXT service_id=132 ]
I/FontLog ( 1266): Fetch {Noto Color Emoji Compat, wdth 100.0, wght 400, ital 0.0, bestEffort false}, isVf false} end status Status{statusCode=SUCCESS, resolution=null} [CONTEXT service_id=132 ]
I/FontLog ( 1266): Pulling font file for id = 16, cache size = 16 [CONTEXT service_id=132 ]
W/MagnificationConnectionManager(  677): requestConnection duplicated request: connect=false, mConnectionState=DISCONNECTED
I/FontLog ( 1266): Pulling font file for id = 16, cache size = 16 [CONTEXT service_id=132 ]
D/BoundBrokerSvc( 1266): onUnbind: Intent { act=com.google.android.gms.cast.firstparty.START dat=chimera-action:/... xflg=0x4 cmp=com.google.android.gms/.chimera.PersistentApiService }
D/ActivityManager(  677): freezing 1735 com.google.android.dialer
D/InetDiagMessage(  677): Destroyed 0 sockets, proto=IPPROTO_TCP, family=AF_INET, states=14
D/InetDiagMessage(  677): Destroyed 0 sockets, proto=IPPROTO_TCP, family=AF_INET6, states=14
D/InetDiagMessage(  677): Destroyed live tcp sockets for uids={10141} in 1ms
I/.canvas.fixture( 3633): Compiler allocated 5111KB to compile void android.view.ViewRootImpl.performTraversals()
D/wpa_supplicant(  909): nl80211: Drv Event 64 (NL80211_CMD_NOTIFY_CQM) received for wlan0
D/wpa_supplicant(  909): nl80211: Beacon loss event
D/wpa_supplicant(  909): wlan0: Event BEACON_LOSS (53) received
I/wpa_supplicant(  909): wlan0: CTRL-EVENT-BEACON-LOSS 
D/OomAdjuster(  677): Not killing cached processes
W/WindowOnBackDispatcher(  927): sendCancelIfRunning: isInProgress=false callback=android.view.ViewRootImpl$$ExternalSyntheticLambda13@38a4884
D/CoreBackPreview(  677): Window{df5ce8c u0 Splash Screen com.penkra.canvas.fixture EXITING}: Setting back callback null
D/BoundBrokerSvc( 1712): onUnbind: Intent { act=com.google.android.gms.feedback.internal.IFeedbackService dat=chimera-action:/... xflg=0x4 cmp=com.google.android.gms/.chimera.GmsBoundBrokerService }
D/WifiHealthMonitor(  677): Run post-boot detection
D/WifiHealthMonitor(  677): OS build version: sdk_gphone64_arm64-userdebug 16 BE2A.250530.026.F3 13894323 dev-keys Wifi stack version: 360519000 Wifi driver version: 1.0 Wifi firmware version: 1.0
I/Authzen ( 1712): [DeviceStateSyncManager] The server is in sync with current state. Nothing to do
I/ChimeraConfigurator( 1712): Starting update, reason: 4 urgentFeatures: vision.ocr:-1
D/WifiHealthMonitor(  677):  from Memory: OS build version: sdk_gphone64_arm64-userdebug 16 BE2A.250530.026.F3 13894323 dev-keys Wifi stack version: 360519000 Wifi driver version: 1.0 Wifi firmware version: 1.0
D/WifiHealthMonitor(  677):  from SW: OS build version: sdk_gphone64_arm64-userdebug 16 BE2A.250530.026.F3 13894323 dev-keys Wifi stack version: 360519000 Wifi driver version: 1.0 Wifi firmware version: 1.0
D/WifiHealthMonitor(  677): Detect no SW build change
D/WifiHealthMonitor(  677):  preBootScanTimeMs: 1788766128183
D/WifiHealthMonitor(  677):  postBootScanTimeMs: 1788810633223
D/WifiHealthMonitor(  677):  preBootScan 2G count: 1, Above2G count: 0
D/WifiHealthMonitor(  677):  postBootScan 2G count: 1, Above2G count: 0
D/WifiHealthMonitor(  677):  postBootAbnormalScanDetection: 0
W/FeatureMgr( 1712): Attempted to request and unrequest the same feature: appsearch_impl. Ignoring unrequest.
W/FeatureMgr( 1712): Attempted to request and unrequest the same feature: wasmlibs. Ignoring unrequest.
I/ChimeraConfigurator( 1712): Detected pending changes for urgent request: [vision.ocr]. Pending module sets: container:2526359260400+mlkit.ocr.common+vision.ocr,tflite_dynamite:2627305025100400+tflite_dynamite
I/GmsDebugLogger( 1712): [73] 1801
W/ZappDownloader( 1712): No successful Zapp module downloads for requested modules [MlkitOcrCommon.optional:252635100400:permitMetered, TfliteDynamiteDynamite.integ:262730502100400:permitMetered, VisionOcr.optional:252635100000:permitMetered].
I/GmsDebugLogger( 1712): [30] [MlkitOcrCommon.optional:252635100400],[TfliteDynamiteDynamite.integ:262730502100400],[VisionOcr.optional:252635100000]
W/ChimeraConfigService( 1712): Retry attempt was throttled. [CONTEXT service_id=264 ]
I/GmsDebugLogger( 1712): [83] 1 [vision.ocr]
W/Vision  ( 1712): Request for optional module download of ocr failed. Request again.
W/Vision  ( 1712): Would have logged:
W/Vision  ( 1712): # gpti@37884fe7
I/Vision  ( 1712): Schedule retrying download ocr at 48335 with backoff 20 seconds
D/InetDiagMessage(  677): Destroyed 0 sockets, proto=IPPROTO_TCP, family=AF_INET, states=14
D/InetDiagMessage(  677): Destroyed 0 sockets, proto=IPPROTO_TCP, family=AF_INET6, states=14
D/InetDiagMessage(  677): Destroyed live tcp sockets for uids={10163} in 1ms
D/InetDiagMessage(  677): Destroyed 0 sockets, proto=IPPROTO_TCP, family=AF_INET, states=14
D/InetDiagMessage(  677): Destroyed 0 sockets, proto=IPPROTO_TCP, family=AF_INET6, states=14
D/InetDiagMessage(  677): Destroyed live tcp sockets for uids={20163} in 1ms
I/logd    ( 2975): start watching /data/system/packages.list ...
I/logd    ( 2975): ReadPackageList, total packages: 226
D/WifiClientModeImpl[15875:wlan0](  677): updateLinkLayerStatsRssiSpeedFrequencyCapabilities rssi=-50 TxLinkspeed=1 freq=2447 RxLinkSpeed=2
D/WifiDataStall(  677): tx tput in kbps: 11000
D/WifiDataStall(  677): rx tput in kbps: 11000
V/WifiConfigManager(  677): Updating scan detail cache freq=2447 BSSID=00:13:10:85:fe:01 RSSI=-50 for "AndroidWifi"NONE
D/WifiThroughputPredictor(  677):  utilization (LLS) 80 isBluetoothConnected: false final utilization: 80
D/WifiThroughputPredictor(  677):  BW: 0 RSSI: -50 Nss: 1 Mode: 1 symDur: 4000 snrDb 30 bitPerTone: 4500 rate: 54 throughput: 11
D/WifiThroughputPredictor(  677):  utilization (LLS) 80 isBluetoothConnected: false final utilization: 80
D/WifiThroughputPredictor(  677):  BW: 0 RSSI: -50 Nss: 1 Mode: 1 symDur: 4000 snrDb 30 bitPerTone: 4500 rate: 54 throughput: 11
D/WifiThroughputPredictor(  677):  utilization (LLS) 80 isBluetoothConnected: false final utilization: 80
D/WifiThroughputPredictor(  677):  BW: 0 RSSI: -50 Nss: 1 Mode: 1 symDur: 4000 snrDb 30 bitPerTone: 4500 rate: 54 throughput: 11
D/WifiThroughputPredictor(  677):  utilization (LLS) 80 isBluetoothConnected: false final utilization: 80
D/WifiThroughputPredictor(  677):  BW: 0 RSSI: -50 Nss: 1 Mode: 1 symDur: 4000 snrDb 30 bitPerTone: 4500 rate: 54 throughput: 11
D/WifiScoreCard(  677): BSSID update SIGNAL_POLL ID: 10023120 SSID: "AndroidWifi", BSSID: 00:13:10:85:fe:01, MAC: 02:15:b2:00:00:00, IP: /10.0.2.16, Security type: 0, Supplicant state: COMPLETED, Wi-Fi standard: legacy, RSSI: -50, Link speed: 1Mbps, Tx Link speed: 1Mbps, Max Supported Tx Link speed: 11Mbps, Rx Link speed: 2Mbps, Max Supported Rx Link speed: 11Mbps, Frequency: 2447MHz, Net ID: 0, Metered hint: false, score: 60, isUsable: true, CarrierMerged: false, SubscriptionId: -1, IsPrimary: 1, Trusted: true, Restricted: false, Ephemeral: false, OEM paid: false, OEM private: false, OSU AP: false, FQDN: <none>, Provider friendly name: <none>, Requesting package name: <none>"AndroidWifi"openMLO Information: , Is TID-To-Link negotiation supported by the AP: false, AP MLD Address: <none>, AP MLO Link Id: <none>, AP MLO Affiliated links: <none>, Vendor Data: <none>
D/WifiScoreCard(  677): txRate: 15 txSpeed: 1
D/WifiScoreCard(  677): network update SIGNAL_POLL "AndroidWifi" ID: 353851559 RSSI -50 txSpeed 1
D/WifiClientModeImpl[15875:wlan0](  677):  ClientModeImpl$L2ConnectedState screen=on 1 0 "AndroidWifi" 00:13:10:85:fe:01 rssi=-50 f=2447 sc=60 link=1 tx=14.1, 0.0, 0.0 rx=28.7 bcn=0 [on:0 tx:0 rx:0 period:3004] from screen [on:0 period:2104262758] score=60
D/BoundBrokerSvc( 1266): onUnbind: Intent { act=com.google.android.gms.nearby.uwb.service.START dat=chimera-action:/... xflg=0x4 cmp=com.google.android.gms/.chimera.PersistentApiServiceNoInstantApps }
D/BoundBrokerSvc( 1266): onUnbind: Intent { act=com.google.android.gms.auth.account.workaccount.START dat=chimera-action:/... xflg=0x4 cmp=com.google.android.gms/.chimera.PersistentApiService }
D/BoundBrokerSvc( 1712): onUnbind: Intent { act=com.google.android.gms.constellation.service.START xflg=0x4 pkg=com.google.android.gms }
D/BoundBrokerSvc( 1266): onUnbind: Intent { act=com.google.android.gms.auth.proximity.START dat=chimera-action:/... xflg=0x4 cmp=com.google.android.gms/.chimera.PersistentBoundBrokerService }
I/axea    ( 1587): (REDACTED) Starting %s background task %s.
I/avxj    ( 1587): Using pair HTTP connection
W/aefw    ( 1587): Account id is not cached
I/acup    ( 1587): [Upload] Connected
I/WifiService(  677): getWifiEnabledState uid=10147 state=3
I/avxj    ( 1587): Using pair HTTP connection
E/rya     ( 1587): onError
E/rya     ( 1587): ahif: errorCode: 65561, engine: 2
E/rya     ( 1587): 	at avxl.a(PG:23)
E/rya     ( 1587): 	at acul.hp(PG:13)
E/rya     ( 1587): 	at gifa.e(PG:9)
E/rya     ( 1587): 	at aino.d(PG:156)
E/rya     ( 1587): 	at aino.iJ(PG:26)
E/rya     ( 1587): 	at acum.c(PG:104)
E/rya     ( 1587): 	at acun.run(PG:1)
E/rya     ( 1587): 	at java.util.concurrent.Executors$RunnableAdapter.call(Executors.java:524)
E/rya     ( 1587): 	at java.util.concurrent.FutureTask.run(FutureTask.java:317)
E/rya     ( 1587): 	at ahte.run(PG:37)
E/rya     ( 1587): 	at ahuc.run(PG:3)
E/rya     ( 1587): 	at ahuc.run(PG:3)
E/rya     ( 1587): 	at java.util.concurrent.ThreadPoolExecutor.runWorker(ThreadPoolExecutor.java:1156)
E/rya     ( 1587): 	at java.util.concurrent.ThreadPoolExecutor$Worker.run(ThreadPoolExecutor.java:651)
E/rya     ( 1587): 	at java.lang.Thread.run(Thread.java:1119)
E/rya     ( 1587): 	at ahst.run(PG:44)
E/rya     ( 1587): Caused by: ahih: errorCode: 65586, engine: 2
E/rya     ( 1587): 	at acul.hp(PG:6)
E/rya     ( 1587): 	... 14 more
E/rya     ( 1587): Caused by: ahid: errorCode: 401, engine: 2
E/rya     ( 1587): 	at rxx.b(PG:30)
E/rya     ( 1587): 	at acvi.hx(PG:11)
E/rya     ( 1587): 	at aino.d(PG:131)
E/rya     ( 1587): 	... 12 more
W/dsvo    ( 1587): Upload request without a content type.
I/acup    ( 1587): [Upload] Connected
W/rln     ( 1587): Failed to sync device settings.
I/rln     ( 1587): Retrying to sync device settings.
I/WifiService(  677): getWifiEnabledState uid=10147 state=3
W/JobInfo ( 1587): Job 'com.google.android.googlequicksearchbox/com.google.android.apps.gsa.tasks.BackgroundTasksJobService#-353' has a deadline with functional constraints and an extremely short time window of 0 ms (delay=30000, deadline=30000). The functional constraints are not likely to be satisfied when the job runs.
W/JobInfo (  677): Job 'com.google.android.googlequicksearchbox/com.google.android.apps.gsa.tasks.BackgroundTasksJobService#-353' has a deadline with functional constraints and an extremely short time window of 0 ms (delay=30000, deadline=30000). The functional constraints are not likely to be satisfied when the job runs.
W/JobInfo (  677): Job 'com.google.android.googlequicksearchbox/com.google.android.apps.gsa.tasks.BackgroundTasksJobService#-353' has a deadline with functional constraints and an extremely short time window of 0 ms (delay=30000, deadline=30000). The functional constraints are not likely to be satisfied when the job runs.
W/JobScheduler(  677): Job didn't exist in JobStore: 2a69eee #u0a147/-353 com.google.android.googlequicksearchbox/com.google.android.apps.gsa.tasks.BackgroundTasksJobService
D/BoundBrokerSvc( 1266): onUnbind: Intent { act=com.google.android.gms.gmscompliance.service.START dat=chimera-action:/... xflg=0x4 cmp=com.google.android.gms/.chimera.PersistentBoundBrokerService }
D/InetDiagMessage(  677): Destroyed 0 sockets, proto=IPPROTO_TCP, family=AF_INET, states=14
D/InetDiagMessage(  677): Destroyed 0 sockets, proto=IPPROTO_TCP, family=AF_INET6, states=14
D/InetDiagMessage(  677): Destroyed live tcp sockets for uids={10160} in 2ms
D/InetDiagMessage(  677): Destroyed 0 sockets, proto=IPPROTO_TCP, family=AF_INET, states=14
D/InetDiagMessage(  677): Destroyed 0 sockets, proto=IPPROTO_TCP, family=AF_INET6, states=14
D/InetDiagMessage(  677): Destroyed live tcp sockets for uids={20160} in 0ms
D/InetDiagMessage(  677): Destroyed 0 sockets, proto=IPPROTO_TCP, family=AF_INET, states=14
D/InetDiagMessage(  677): Destroyed 0 sockets, proto=IPPROTO_TCP, family=AF_INET6, states=14
D/InetDiagMessage(  677): Destroyed live tcp sockets for uids={10158} in 2ms
D/InetDiagMessage(  677): Destroyed 0 sockets, proto=IPPROTO_TCP, family=AF_INET, states=14
D/InetDiagMessage(  677): Destroyed 0 sockets, proto=IPPROTO_TCP, family=AF_INET6, states=14
D/InetDiagMessage(  677): Destroyed live tcp sockets for uids={20158} in 0ms
D/ActivityManager(  677): freezing 3439 com.google.android.photopicker
D/InetDiagMessage(  677): Destroyed 0 sockets, proto=IPPROTO_TCP, family=AF_INET, states=14
D/InetDiagMessage(  677): Destroyed 0 sockets, proto=IPPROTO_TCP, family=AF_INET6, states=14
D/InetDiagMessage(  677): Destroyed live tcp sockets for uids={10189} in 1ms
D/ActivityManager(  677): freezing 3451 com.android.externalstorage
D/InetDiagMessage(  677): Destroyed 0 sockets, proto=IPPROTO_TCP, family=AF_INET, states=14
D/InetDiagMessage(  677): Destroyed 0 sockets, proto=IPPROTO_TCP, family=AF_INET6, states=14
D/InetDiagMessage(  677): Destroyed live tcp sockets for uids={10109} in 0ms
W/AppOps  (  677): Noting op not finished: uid 10144 pkg com.google.android.gms code 113 startTime of in progress event=1788810638956
W/AppOps  (  677): Noting op not finished: uid 10144 pkg com.google.android.gms code 79 startTime of in progress event=1788810646648
I/ActivityScheduler( 1266): nextTriggerTime: 288168, in 238100ms, detectorType: 39, FULL_TYPE alarmWindowMillis: 80000
D/BoundBrokerSvc( 1266): onUnbind: Intent { act=com.google.android.gms.auth.account.data.service.START xflg=0x4 pkg=com.google.android.gms }
D/BoundBrokerSvc( 1712): onUnbind: Intent { act=com.google.android.mobstore.service.START xflg=0x4 pkg=com.google.android.gms }
E/TaskPersister(  677): File error accessing recents directory (directory doesn't exist?).
D/ActivityManager(  677): freezing 3483 com.android.chrome
D/InetDiagMessage(  677): Destroyed 0 sockets, proto=IPPROTO_TCP, family=AF_INET, states=14
D/InetDiagMessage(  677): Destroyed 0 sockets, proto=IPPROTO_TCP, family=AF_INET6, states=14
D/InetDiagMessage(  677): Destroyed live tcp sockets for uids={10153} in 0ms
I/netd    (  453): tetherGetStats() -> {[]} <1.14ms>
D/BoundBrokerSvc( 1712): onUnbind: Intent { act=com.google.android.gms.auth.blockstore.service.START dat=chimera-action:/... xflg=0x4 cmp=com.google.android.gms/.chimera.GmsApiService }
D/InetDiagMessage(  677): Destroyed 0 sockets, proto=IPPROTO_TCP, family=AF_INET, states=14
D/InetDiagMessage(  677): Destroyed 0 sockets, proto=IPPROTO_TCP, family=AF_INET6, states=14
D/InetDiagMessage(  677): Destroyed live tcp sockets for uids={10176} in 1ms
D/InetDiagMessage(  677): Destroyed 0 sockets, proto=IPPROTO_TCP, family=AF_INET, states=14
D/InetDiagMessage(  677): Destroyed 0 sockets, proto=IPPROTO_TCP, family=AF_INET6, states=14
D/InetDiagMessage(  677): Destroyed live tcp sockets for uids={20176} in 1ms
I/BugleDataModel( 2365): ActionExecutorImpl: ACTION_EXECUTE_QUEUED_FixupMessageStatusOnStartupAction
I/BugleDataModel( 2365): ExecuteActionRunnable: running action FixupMessageStatusOnStartupAction
I/BugleDataModel( 2365): ActionExecutorImpl: ACTION_EXECUTE_QUEUED_ProcessPendingMessagesAction
I/BugleDataModel( 2365): FixupMessageStatusOnStartupAction: sendFailedCnt: 0, downloadFailedCnt: 0, partsProcessingFailedCnt: 0
W/BugleDataModel( 2365): 0 fallback attempts are cancelled or failed, with 8 and APP_RESTART
I/BugleConnectivity( 2365): removeConnectivityStateListener: ConnectivityStateListener not found for subId -1.
I/BugleDataModel( 2365): PendingMessagesProcessor process from FixupMessageStatusOnStartupAction due to process restarts throttled  with delay 0s with queues smsMessagesToSend:0 mmsMessagesToSend:0 rcsMessagesToSend:0 rcsFTMessagesToSend:0 messagesToDownload:0
I/BugleDataModel( 2365): Cleared next retry time for channel: sms_send 
I/BugleDataModel( 2365): Cleared next retry time for channel: mms_send 
I/BugleDataModel( 2365): Cleared next retry time for channel: mms_download 
I/BugleDataModel( 2365): Cleared next retry time for channel: rcs_send 
I/BugleDataModel( 2365): Cleared next retry time for channel: rcs_ft_upload 
I/BugleDataModel( 2365): Cleared next retry time for channel: rcs_ft_download 
I/BugleDataModel( 2365): Cleared next retry time for channel: cloud_sync_send 
I/BugleDataModel( 2365): Cleared next retry time for channel: cloud_sync_attachment_download 
I/BugleDataModel( 2365): ExecuteActionRunnable: running action ProcessPendingMessagesAction
I/BugleDataModel( 2365): ActionExecutorImpl: ACTION_EXECUTE_QUEUED_SelfParticipantsRefreshAction
I/BugleConnectivity( 2365): removeConnectivityStateListener: ConnectivityStateListener not found for subId -1.
I/BugleDataModel( 2365): PendingMessagesProcessor process from ProcessPendingMessagesAction due to scheduled processing  with delay 0s with queues smsMessagesToSend:0 mmsMessagesToSend:0 rcsMessagesToSend:0 rcsFTMessagesToSend:0 messagesToDownload:0
I/BugleDataModel( 2365): ExecuteActionRunnable: running action SelfParticipantsRefreshAction
I/BugleDataModel( 2365): ActionExecutorImpl: ACTION_BACKGROUND_QUEUED_SelfParticipantsRefreshAction
I/BugleDataModel( 2365): ParticipantFullRefresh: Start participant refresh. refreshMode: SELF_ONLY
I/BugleDataModel( 2365): SubscriptionsTracker#refreshSelfParticipantList([1])
I/Bugle   ( 2365): getRawTelephonyPhoneNumber redacted-pii[12-chars] [CONTEXT sub_id=1 ]
I/Bugle   ( 2365): SubscriptionUtils.getCanonicalForSelf: self=redacted-pii[12-chars], country=US [CONTEXT sub_id=1 ]
I/Bugle   ( 2365): getRawTelephonyPhoneNumber redacted-pii[12-chars] [CONTEXT sub_id=1 ]
I/BugleDataModel( 2365): ActionExecutorImpl: ACTION_EXECUTE_QUEUED_GenericWorkerQueueAction
I/BugleDataModel( 2365): ExecuteActionRunnable: running action GenericWorkerQueueAction
I/BugleDataModel( 2365): ActionExecutorImpl: ACTION_BACKGROUND_QUEUED_GenericWorkerQueueAction
I/Bugle   ( 2365): getRawTelephonyPhoneNumber redacted-pii[12-chars] [CONTEXT sub_id=1 ]
I/Bugle   ( 2365): SubscriptionUtils.getCanonicalForSelf: self=redacted-pii[12-chars], country=US [CONTEXT sub_id=1 ]
I/BugleSelfIdentity( 2365): Phone number for MyIdentity 0c137bb4-3b02-4f3f-86b0-fb259c138622 does not change [CONTEXT sub_id=1 icc_id="89860318640220133897" messaging_identity="redacted-pii[12-chars]" rcs_provisioning_id="redacted-pii[0-chars]" ]
I/Bugle   ( 2365): getRawTelephonyPhoneNumber redacted-pii[12-chars] [CONTEXT sub_id=1 ]
I/BugleDataModel( 2365): SubscriptionsTracker bindToTrackingMap bound participants: [ParticipantId=1 subId=-1, ParticipantId=2 subId=1]
I/BugleDataModel( 2365): set orderedRowIdAndTokenPairs: [rowId=2 subId= 1 token=0c137bb4-3b02-4f3f-86b0-fb259c138622, rowId=1 subId= -1 token=bc9d60ed-c565-4706-a644-8e6b04f69ccf]
I/BugleDataModel( 2365): SubscriptionsTracker bindToTrackingMap bound participants: [ParticipantId=1 subId=-1, ParticipantId=2 subId=1]
I/Bugle   ( 2365): getRawTelephonyPhoneNumber redacted-pii[12-chars] [CONTEXT sub_id=1 ]
I/Bugle   ( 2365): SubscriptionUtils.getCanonicalForSelf: self=redacted-pii[12-chars], country=US [CONTEXT sub_id=1 ]
I/Bugle   ( 2365): getRawTelephonyPhoneNumber redacted-pii[12-chars] [CONTEXT sub_id=1 ]
I/Bugle   ( 2365): SubscriptionUtils.getCanonicalForSelf: self=redacted-pii[12-chars], country=US [CONTEXT sub_id=1 ]
I/BugleDataModel( 2365): ParticipantFullRefresh: Number of participants refreshed: 0
I/BugleDataModel( 2365): ActionExecutorImpl: ACTION_RESPONSE_QUEUED_SelfParticipantsRefreshAction
I/BugleJobs( 2365): GenericWorkerQueueAction: Bailing early, no work found, no failed work found
I/BugleDataModel( 2365): ActionExecutorImpl: ACTION_RESPONSE_QUEUED_GenericWorkerQueueAction
I/Bugle   ( 2365): getRawTelephonyPhoneNumber redacted-pii[12-chars] [CONTEXT sub_id=1 ]
I/Bugle   ( 2365): SubscriptionUtils.getCanonicalForSelf: self=redacted-pii[12-chars], country=US [CONTEXT sub_id=1 ]
I/BugleSelfIdentity( 2365): Phone number for MyIdentity 0c137bb4-3b02-4f3f-86b0-fb259c138622 does not change [CONTEXT sub_id=1 icc_id="89860318640220133897" messaging_identity="redacted-pii[12-chars]" rcs_provisioning_id="redacted-pii[0-chars]" ]
D/BoundBrokerSvc( 1712): onUnbind: Intent { act=com.google.android.gms.checkin.START xflg=0x4 pkg=com.google.android.gms }
D/BoundBrokerSvc( 1266): onUnbind: Intent { act=com.google.android.gms.nearby.presence.service.START dat=chimera-action:/... xflg=0x4 cmp=com.google.android.gms/.chimera.PersistentApiServiceNoInstantApps }
W/AppOps  (  677): Noting op not finished: uid 10144 pkg com.google.android.gms code 113 startTime of in progress event=1788810638956
D/BoundBrokerSvc( 1712): onUnbind: Intent { act=com.google.android.gms.credential.manager.service.zeroparty.checkup.START dat=chimera-action:/... xflg=0x4 cmp=com.google.android.gms/.chimera.GmsApiService }
D/BoundBrokerSvc( 1712): onUnbind: Intent { act=com.google.android.gms.auth.cryptauth.cryptauthservice.START dat=chimera-action:/... xflg=0x4 cmp=com.google.android.gms/.chimera.GmsBoundBrokerService }
D/InetDiagMessage(  677): Destroyed 0 sockets, proto=IPPROTO_TCP, family=AF_INET, states=14
D/InetDiagMessage(  677): Destroyed 0 sockets, proto=IPPROTO_TCP, family=AF_INET6, states=14
D/InetDiagMessage(  677): Destroyed live tcp sockets for uids={10162} in 0ms
D/InetDiagMessage(  677): Destroyed 0 sockets, proto=IPPROTO_TCP, family=AF_INET, states=14
D/InetDiagMessage(  677): Destroyed 0 sockets, proto=IPPROTO_TCP, family=AF_INET6, states=14
D/InetDiagMessage(  677): Destroyed live tcp sockets for uids={20162} in 1ms
D/BoundBrokerSvc( 1266): onUnbind: Intent { act=com.google.android.gms.nearby.fastpair.START dat=chimera-action:/... xflg=0x4 cmp=com.google.android.gms/.chimera.PersistentApiServiceNoInstantApps }

