--------- beginning of main
D/AllAppsStore( 1050): disableDeferUpdatesSilently: 1 mDeferUpdatesFlags=0
--------- beginning of system
I/AppWidgetServiceImpl(  677): setAppWidgetHidden() 0
D/TaskFragmentComponent( 1050): destroy task fragment
D/TaskFragmentComponent( 1050): java.lang.Exception
D/TaskFragmentComponent( 1050): 	at com.google.android.apps.nexuslauncher.overlay.TaskFragmentOverlayManager.onActivityDestroyed(go/retraceme 43e00d9cd0eb17b3d9dd30fc1741b1c71445c4c0f7c8c9b81300265c86c5b873:60)
D/TaskFragmentComponent( 1050): 	at com.android.launcher3.Launcher.onDestroy(go/retraceme 43e00d9cd0eb17b3d9dd30fc1741b1c71445c4c0f7c8c9b81300265c86c5b873:107)
D/TaskFragmentComponent( 1050): 	at com.android.launcher3.uioverrides.QuickstepLauncher.onDestroy(go/retraceme 43e00d9cd0eb17b3d9dd30fc1741b1c71445c4c0f7c8c9b81300265c86c5b873:77)
D/TaskFragmentComponent( 1050): 	at com.google.android.apps.nexuslauncher.NexusLauncherActivity.onDestroy(go/retraceme 43e00d9cd0eb17b3d9dd30fc1741b1c71445c4c0f7c8c9b81300265c86c5b873:35)
D/TaskFragmentComponent( 1050): 	at android.app.Activity.performDestroy(Activity.java:9460)
D/TaskFragmentComponent( 1050): 	at android.app.Instrumentation.callActivityOnDestroy(Instrumentation.java:1556)
D/TaskFragmentComponent( 1050): 	at android.app.ActivityThread.performDestroyActivity(ActivityThread.java:6256)
D/TaskFragmentComponent( 1050): 	at android.app.ActivityThread.handleDestroyActivity(ActivityThread.java:6301)
D/TaskFragmentComponent( 1050): 	at android.app.ActivityThread.handleRelaunchActivityInner(ActivityThread.java:6586)
D/TaskFragmentComponent( 1050): 	at android.app.ActivityThread.handleRelaunchActivity(ActivityThread.java:6501)
D/TaskFragmentComponent( 1050): 	at android.app.servertransaction.ActivityRelaunchItem.execute(ActivityRelaunchItem.java:106)
D/TaskFragmentComponent( 1050): 	at android.app.servertransaction.ActivityTransactionItem.execute(ActivityTransactionItem.java:63)
D/TaskFragmentComponent( 1050): 	at android.app.servertransaction.TransactionExecutor.executeNonLifecycleItem(TransactionExecutor.java:133)
D/TaskFragmentComponent( 1050): 	at android.app.servertransaction.TransactionExecutor.executeTransactionItems(TransactionExecutor.java:103)
D/TaskFragmentComponent( 1050): 	at android.app.servertransaction.TransactionExecutor.execute(TransactionExecutor.java:80)
D/TaskFragmentComponent( 1050): 	at android.app.ActivityThread$H.handleMessage(ActivityThread.java:2823)
D/TaskFragmentComponent( 1050): 	at android.os.Handler.dispatchMessage(Handler.java:110)
D/TaskFragmentComponent( 1050): 	at android.os.Looper.loopOnce(Looper.java:248)
D/TaskFragmentComponent( 1050): 	at android.os.Looper.loop(Looper.java:338)
D/TaskFragmentComponent( 1050): 	at android.app.ActivityThread.main(ActivityThread.java:9067)
D/TaskFragmentComponent( 1050): 	at java.lang.reflect.Method.invoke(Native Method)
D/TaskFragmentComponent( 1050): 	at com.android.internal.os.RuntimeInit$MethodAndArgsCaller.run(RuntimeInit.java:593)
D/TaskFragmentComponent( 1050): 	at com.android.internal.os.ZygoteInit.main(ZygoteInit.java:932)
V/WindowManager(  677): Queueing transition: TransitionRecord{bf99d9c id=-1 type=CLOSE flags=0x0}
W/WindowOnBackDispatcher( 1050): sendCancelIfRunning: isInProgress=false callback=com.android.launcher3.uioverrides.QuickstepLauncher$3@99a092d
D/RecentsView( 1050): reset - mEnableDrawingLiveTile: false, mRecentsAnimationController: null
D/CoreBackPreview(  677): Window{fd31741 u0 com.google.android.apps.nexuslauncher/com.google.android.apps.nexuslauncher.NexusLauncherActivity}: Setting back callback null
V/GrammaticalInflectionUtils(  677): AttributionSource: AttributionSource { uid = 10217, packageName = null, attributionTag = null, token = android.os.Binder@544e582, deviceId = 0, next = null } does not have READ_SYSTEM_GRAMMATICAL_GENDER permission.
D/ViewRootImpl( 1050): Skipping stats log for color mode
D/CoreBackPreview(  677): Window{36b272b u0 Splash Screen com.penkra.canvas.fixture}: Setting back callback OnBackInvokedCallbackInfo{mCallback=android.window.IOnBackInvokedCallback$Stub$Proxy@f950521, mPriority=0, mIsAnimationCallback=false, mOverrideBehavior=0}
D/SearchUiPerUserService(  677): Removing callback for session Id=com.google.android.apps.nexuslauncher:65fa1344-9263-43f3-98c3-2a68338fdc2a,0 and callback=android.os.BinderProxy@7ddb6f2
D/SearchUiPerUserService(  677): Removing all callbacks for session Id=com.google.android.apps.nexuslauncher:65fa1344-9263-43f3-98c3-2a68338fdc2a,0 and 0 callbacks.
D/Zygote  (  456): Forked child process 4471
I/s.nexuslauncher( 1050): AssetManager2(0xb400007770057678) locale list changing from [] to [en-US]
D/UnlockComponentFactory( 1050): instantiateActivity() com.google.android.apps.nexuslauncher.NexusLauncherActivity isUserLocked: false
I/ActivityManager(  677): Start proc 4471:com.penkra.canvas.fixture/u0a217 for next-top-activity {com.penkra.canvas.fixture/com.penkra.canvas.fixture.MainActivity}
I/ActivityManager(  677): ProcessObserver broadcast disabled
I/AppWidgetServiceImpl(  677): getInstalledProvidersForProfiles() 0
I/AppWidgetServiceImpl(  677): notifyProviderInheritance() 0
W/Resources( 1050): Drawable com.google.android.apps.nexuslauncher:drawable/ic_chevron_end has unresolved theme attributes! Consider using Resources.getDrawable(int, Theme) or Context.getDrawable(int).
W/Resources( 1050): java.lang.RuntimeException
W/Resources( 1050): 	at android.content.res.Resources.getDrawable(Resources.java:926)
W/Resources( 1050): 	at com.android.launcher3.pageindicators.PageIndicatorDots.<init>(go/retraceme 43e00d9cd0eb17b3d9dd30fc1741b1c71445c4c0f7c8c9b81300265c86c5b873:16)
W/Resources( 1050): 	at com.android.launcher3.pageindicators.PageIndicatorDots.<init>(go/retraceme 43e00d9cd0eb17b3d9dd30fc1741b1c71445c4c0f7c8c9b81300265c86c5b873:2)
W/Resources( 1050): 	at java.lang.reflect.Constructor.newInstance0(Native Method)
W/Resources( 1050): 	at java.lang.reflect.Constructor.newInstance(Constructor.java:343)
W/Resources( 1050): 	at android.view.LayoutInflater.createView(LayoutInflater.java:743)
W/Resources( 1050): 	at android.view.LayoutInflater.createViewFromTag(LayoutInflater.java:895)
W/Resources( 1050): 	at android.view.LayoutInflater.createViewFromTag(LayoutInflater.java:850)
W/Resources( 1050): 	at android.view.LayoutInflater.rInflate(LayoutInflater.java:1012)
W/Resources( 1050): 	at android.view.LayoutInflater.rInflateChildren(LayoutInflater.java:973)
W/Resources( 1050): 	at android.view.LayoutInflater.rInflate(LayoutInflater.java:1015)
W/Resources( 1050): 	at android.view.LayoutInflater.rInflateChildren(LayoutInflater.java:973)
W/Resources( 1050): 	at android.view.LayoutInflater.inflate(LayoutInflater.java:571)
W/Resources( 1050): 	at android.view.LayoutInflater.inflate(LayoutInflater.java:462)
W/Resources( 1050): 	at android.view.LayoutInflater.inflate(LayoutInflater.java:413)
W/Resources( 1050): 	at com.android.launcher3.statemanager.StatefulActivity.inflateRootView(go/retraceme 43e00d9cd0eb17b3d9dd30fc1741b1c71445c4c0f7c8c9b81300265c86c5b873:6)
W/Resources( 1050): 	at com.android.launcher3.Launcher.setupViews(go/retraceme 43e00d9cd0eb17b3d9dd30fc1741b1c71445c4c0f7c8c9b81300265c86c5b873:10)
W/Resources( 1050): 	at com.android.launcher3.uioverrides.QuickstepLauncher.setupViews(go/retraceme 43e00d9cd0eb17b3d9dd30fc1741b1c71445c4c0f7c8c9b81300265c86c5b873:13)
W/Resources( 1050): 	at com.google.android.apps.nexuslauncher.NexusLauncherActivity.setupViews(go/retraceme 43e00d9cd0eb17b3d9dd30fc1741b1c71445c4c0f7c8c9b81300265c86c5b873:19)
W/Resources( 1050): 	at com.android.launcher3.Launcher.onCreate(go/retraceme 43e00d9cd0eb17b3d9dd30fc1741b1c71445c4c0f7c8c9b81300265c86c5b873:222)
W/Resources( 1050): 	at com.android.launcher3.uioverrides.QuickstepLauncher.onCreate(go/retraceme 43e00d9cd0eb17b3d9dd30fc1741b1c71445c4c0f7c8c9b81300265c86c5b873:1)
W/Resources( 1050): 	at com.google.android.apps.nexuslauncher.NexusLauncherActivity.onCreate(go/retraceme 43e00d9cd0eb17b3d9dd30fc1741b1c71445c4c0f7c8c9b81300265c86c5b873:1)
W/Resources( 1050): 	at android.app.Activity.performCreate(Activity.java:9155)
W/Resources( 1050): 	at android.app.Activity.performCreate(Activity.java:9133)
W/Resources( 1050): 	at android.app.Instrumentation.callActivityOnCreate(Instrumentation.java:1521)
W/Resources( 1050): 	at android.app.ActivityThread.performLaunchActivity(ActivityThread.java:4262)
W/Resources( 1050): 	at android.app.ActivityThread.handleLaunchActivity(ActivityThread.java:4467)
W/Resources( 1050): 	at android.app.ActivityThread.handleRelaunchActivityInner(ActivityThread.java:6610)
W/Resources( 1050): 	at android.app.ActivityThread.handleRelaunchActivity(ActivityThread.java:6501)
W/Resources( 1050): 	at android.app.servertransaction.ActivityRelaunchItem.execute(ActivityRelaunchItem.java:106)
W/Resources( 1050): 	at android.app.servertransaction.ActivityTransactionItem.execute(ActivityTransactionItem.java:63)
W/Resources( 1050): 	at android.app.servertransaction.TransactionExecutor.executeNonLifecycleItem(TransactionExecutor.java:133)
W/Resources( 1050): 	at android.app.servertransaction.TransactionExecutor.executeTransactionItems(TransactionExecutor.java:103)
W/Resources( 1050): 	at android.app.servertransaction.TransactionExecutor.execute(TransactionExecutor.java:80)
W/Resources( 1050): 	at android.app.ActivityThread$H.handleMessage(ActivityThread.java:2823)
W/Resources( 1050): 	at android.os.Handler.dispatchMessage(Handler.java:110)
W/Resources( 1050): 	at android.os.Looper.loopOnce(Looper.java:248)
W/Resources( 1050): 	at android.os.Looper.loop(Looper.java:338)
W/Resources( 1050): 	at android.app.ActivityThread.main(ActivityThread.java:9067)
W/Resources( 1050): 	at java.lang.reflect.Method.invoke(Native Method)
W/Resources( 1050): 	at com.android.internal.os.RuntimeInit$MethodAndArgsCaller.run(RuntimeInit.java:593)
W/Resources( 1050): 	at com.android.internal.os.ZygoteInit.main(ZygoteInit.java:932)
W/Resources( 1050): Drawable com.google.android.apps.nexuslauncher:drawable/ic_chevron_start has unresolved theme attributes! Consider using Resources.getDrawable(int, Theme) or Context.getDrawable(int).
W/Resources( 1050): java.lang.RuntimeException
W/Resources( 1050): 	at android.content.res.Resources.getDrawable(Resources.java:926)
W/Resources( 1050): 	at com.android.launcher3.pageindicators.PageIndicatorDots.<init>(go/retraceme 43e00d9cd0eb17b3d9dd30fc1741b1c71445c4c0f7c8c9b81300265c86c5b873:17)
W/Resources( 1050): 	at com.android.launcher3.pageindicators.PageIndicatorDots.<init>(go/retraceme 43e00d9cd0eb17b3d9dd30fc1741b1c71445c4c0f7c8c9b81300265c86c5b873:2)
W/Resources( 1050): 	at java.lang.reflect.Constructor.newInstance0(Native Method)
W/Resources( 1050): 	at java.lang.reflect.Constructor.newInstance(Constructor.java:343)
W/Resources( 1050): 	at android.view.LayoutInflater.createView(LayoutInflater.java:743)
W/Resources( 1050): 	at android.view.LayoutInflater.createViewFromTag(LayoutInflater.java:895)
W/Resources( 1050): 	at android.view.LayoutInflater.createViewFromTag(LayoutInflater.java:850)
W/Resources( 1050): 	at android.view.LayoutInflater.rInflate(LayoutInflater.java:1012)
W/Resources( 1050): 	at android.view.LayoutInflater.rInflateChildren(LayoutInflater.java:973)
W/Resources( 1050): 	at android.view.LayoutInflater.rInflate(LayoutInflater.java:1015)
W/Resources( 1050): 	at android.view.LayoutInflater.rInflateChildren(LayoutInflater.java:973)
W/Resources( 1050): 	at android.view.LayoutInflater.inflate(LayoutInflater.java:571)
W/Resources( 1050): 	at android.view.LayoutInflater.inflate(LayoutInflater.java:462)
W/Resources( 1050): 	at android.view.LayoutInflater.inflate(LayoutInflater.java:413)
W/Resources( 1050): 	at com.android.launcher3.statemanager.StatefulActivity.inflateRootView(go/retraceme 43e00d9cd0eb17b3d9dd30fc1741b1c71445c4c0f7c8c9b81300265c86c5b873:6)
W/Resources( 1050): 	at com.android.launcher3.Launcher.setupViews(go/retraceme 43e00d9cd0eb17b3d9dd30fc1741b1c71445c4c0f7c8c9b81300265c86c5b873:10)
W/Resources( 1050): 	at com.android.launcher3.uioverrides.QuickstepLauncher.setupViews(go/retraceme 43e00d9cd0eb17b3d9dd30fc1741b1c71445c4c0f7c8c9b81300265c86c5b873:13)
W/Resources( 1050): 	at com.google.android.apps.nexuslauncher.NexusLauncherActivity.setupViews(go/retraceme 43e00d9cd0eb17b3d9dd30fc1741b1c71445c4c0f7c8c9b81300265c86c5b873:19)
W/Resources( 1050): 	at com.android.launcher3.Launcher.onCreate(go/retraceme 43e00d9cd0eb17b3d9dd30fc1741b1c71445c4c0f7c8c9b81300265c86c5b873:222)
W/Resources( 1050): 	at com.android.launcher3.uioverrides.QuickstepLauncher.onCreate(go/retraceme 43e00d9cd0eb17b3d9dd30fc1741b1c71445c4c0f7c8c9b81300265c86c5b873:1)
W/Resources( 1050): 	at com.google.android.apps.nexuslauncher.NexusLauncherActivity.onCreate(go/retraceme 43e00d9cd0eb17b3d9dd30fc1741b1c71445c4c0f7c8c9b81300265c86c5b873:1)
W/Resources( 1050): 	at android.app.Activity.performCreate(Activity.java:9155)
W/Resources( 1050): 	at android.app.Activity.performCreate(Activity.java:9133)
W/Resources( 1050): 	at android.app.Instrumentation.callActivityOnCreate(Instrumentation.java:1521)
W/Resources( 1050): 	at android.app.ActivityThread.performLaunchActivity(ActivityThread.java:4262)
W/Resources( 1050): 	at android.app.ActivityThread.handleLaunchActivity(ActivityThread.java:4467)
W/Resources( 1050): 	at android.app.ActivityThread.handleRelaunchActivityInner(ActivityThread.java:6610)
W/Resources( 1050): 	at android.app.ActivityThread.handleRelaunchActivity(ActivityThread.java:6501)
W/Resources( 1050): 	at android.app.servertransaction.ActivityRelaunchItem.execute(ActivityRelaunchItem.java:106)
W/Resources( 1050): 	at android.app.servertransaction.ActivityTransactionItem.execute(ActivityTransactionItem.java:63)
W/Resources( 1050): 	at android.app.servertransaction.TransactionExecutor.executeNonLifecycleItem(TransactionExecutor.java:133)
W/Resources( 1050): 	at android.app.servertransaction.TransactionExecutor.executeTransactionItems(TransactionExecutor.java:103)
W/Resources( 1050): 	at android.app.servertransaction.TransactionExecutor.execute(TransactionExecutor.java:80)
W/Resources( 1050): 	at android.app.ActivityThread$H.handleMessage(ActivityThread.java:2823)
W/Resources( 1050): 	at android.os.Handler.dispatchMessage(Handler.java:110)
W/Resources( 1050): 	at android.os.Looper.loopOnce(Looper.java:248)
W/Resources( 1050): 	at android.os.Looper.loop(Looper.java:338)
W/Resources( 1050): 	at android.app.ActivityThread.main(ActivityThread.java:9067)
W/Resources( 1050): 	at java.lang.reflect.Method.invoke(Native Method)
W/Resources( 1050): 	at com.android.internal.os.RuntimeInit$MethodAndArgsCaller.run(RuntimeInit.java:593)
W/Resources( 1050): 	at com.android.internal.os.ZygoteInit.main(ZygoteInit.java:932)
I/.canvas.fixture( 4471): Late-enabling -Xcheck:jni
D/QSPanel (  927): setUsingHorizontalLayout: false, true
D/QSPanel (  927): Reattaching media host: false, current com.android.systemui.qs.QSPanel{a09b876 I.E...... ......ID 0,132-996,1739 #7f0a06dc app:id/quick_settings_panel}, new com.android.systemui.qs.QSPanel{e9514c2 V.E...... ......I. 0,0-0,0 #7f0a06dc app:id/quick_settings_panel}
D/QSPanel (  927): setUsingHorizontalLayout: false, true
D/QSPanel (  927): Reattaching media host: false, current com.android.systemui.qs.QSPanel{e9514c2 V.E...... ......I. 0,0-0,0 #7f0a06dc app:id/quick_settings_panel}, new com.android.systemui.qs.QSPanel{e9514c2 V.E...... ......I. 0,0-0,0 #7f0a06dc app:id/quick_settings_panel}
D/QuickQSPanel(  927): setUsingHorizontalLayout: false, true
D/QuickQSPanel(  927): Reattaching media host: false, current com.android.systemui.qs.QuickQSPanel{4f83b4d VFE...... ......ID 0,132-996,532 #7f0a06da app:id/quick_qs_panel}, new com.android.systemui.qs.QuickQSPanel{4644d09 VFE...... ......I. 0,0-0,0 #7f0a06da app:id/quick_qs_panel}
D/ViewPool( 1050): initPool complete
D/ViewPool( 1050): initPool complete
D/AutofillManager( 1050): Fill dialog is enabled:false, hints=[]
I/.canvas.fixture( 4471): Using CollectorTypeCMC GC.
E/RecyclerView( 1050): Cannot scroll to position a LayoutManager set. Call setLayoutManager with a non-null argument.
D/ActivityAllAppsContainerView( 1050): rebindAdapters: force: true
D/ActivityAllAppsContainerView( 1050): replaceAppsRVContainer: showTabs: false
D/AlphabeticalAppsList( 1050): Clearing FastScrollerSections.
D/AlphabeticalAppsList( 1050): Adding apps with sections. HasPrivateApps: true
E/RecyclerView( 1050): Cannot scroll to position a LayoutManager set. Call setLayoutManager with a non-null argument.
D/DeviceSearchAlg( 1050): search timeout = %d200
W/PageIndicator( 1050): Total number of pages invalid: 0. Assuming 1 page.
W/BcSmartspaceView( 1050): Current card is not present in the Adapter; cannot log.
D/CellLayout( 1050): Adding view to ShortcutsAndWidgetsContainer: com.google.android.apps.nexuslauncher.qsb.SmartspaceViewContainer{c98ef09 V.E...... ......I. 0,0-0,0 #7f0a032d app:id/search_container_workspace}
D/OverviewActionsView( 1050): updateActionButtonsVisibility() called: showSingleTaskActions = [true], showGroupActions = [false]
I/adbd    (  521): jdwp connection from 4471
I/AppWidgetServiceImpl(  677): startListening() 0
D/KeyboardInsetsHandler( 1050): setState, toState:Normal StateManager(mLastStableState:Normal, mCurrentStableState:Normal, mState:Normal, mRestState:null, isInTransition:false)
D/CellLayout( 1050): Adding view to ShortcutsAndWidgetsContainer: com.google.android.apps.nexuslauncher.qsb.SmartspaceViewContainer{c98ef09 V.E...... ......I. 0,0-0,0 #7f0a032d app:id/search_container_workspace}
D/ModelCallbacks( 1050): startBinding: hotseat layout was vertical: false and is setting to false
D/Launcher.Workspace( 1050): addInScreenFromBind: hotseat inflation with x = 0 and y = 0
D/CellLayout( 1050): Adding view to ShortcutsAndWidgetsContainer: com.android.launcher3.views.DoubleShadowBubbleTextView{3153217 VFED..C.. ......ID 0,0-0,0 #1}
D/Launcher.Workspace( 1050): addInScreenFromBind: hotseat inflation with x = 1 and y = 0
D/CellLayout( 1050): Adding view to ShortcutsAndWidgetsContainer: com.android.launcher3.views.DoubleShadowBubbleTextView{a138604 VFED..C.. ......ID 0,0-0,0 #2}
D/Launcher.Workspace( 1050): addInScreenFromBind: hotseat inflation with x = 2 and y = 0
D/CellLayout( 1050): Adding view to ShortcutsAndWidgetsContainer: com.android.launcher3.views.DoubleShadowBubbleTextView{83d77ed VFED..C.. ......ID 0,0-0,0 #3}
D/CellLayout( 1050): Adding view to ShortcutsAndWidgetsContainer: com.android.launcher3.views.DoubleShadowBubbleTextView{b047622 VFED..C.. ......ID 0,0-0,0 #4}
D/CellLayout( 1050): Adding view to ShortcutsAndWidgetsContainer: com.android.launcher3.views.DoubleShadowBubbleTextView{d30d8b3 VFED..C.. ......ID 0,0-0,0 #5}
D/CellLayout( 1050): Adding view to ShortcutsAndWidgetsContainer: com.android.launcher3.views.DoubleShadowBubbleTextView{d44fe70 VFED..C.. ......ID 0,0-0,0 #6}
D/SearchTargetUtil( 1050): queryLength=0 size=15
D/SearchTargetUtil( 1050): layoutType=short_icon_row resultType=131072 packageName=com.google.android.googlequicksearchbox
D/SearchTargetUtil( 1050): layoutType=short_icon_row resultType=131072 packageName=com.google.android.googlequicksearchbox
D/SearchTargetUtil( 1050): layoutType=short_icon_row resultType=131072 packageName=com.google.android.googlequicksearchbox
D/SearchTargetUtil( 1050): layoutType=short_icon_row resultType=131072 packageName=com.google.android.googlequicksearchbox
D/SearchTargetUtil( 1050): layoutType=short_icon_row resultType=131072 packageName=com.google.android.googlequicksearchbox
D/SearchTargetUtil( 1050): layoutType=short_icon_row resultType=131072 packageName=com.google.android.googlequicksearchbox
D/SearchTargetUtil( 1050): layoutType=extra_tall_icon_row resultType=131072 packageName=com.google.android.googlequicksearchbox
D/SearchTargetUtil( 1050): layoutType=short_icon_row resultType=131072 packageName=com.google.android.googlequicksearchbox
D/SearchTargetUtil( 1050): layoutType=short_icon_row resultType=131072 packageName=com.google.android.googlequicksearchbox
D/SearchTargetUtil( 1050): layoutType=short_icon_row resultType=131072 packageName=com.google.android.googlequicksearchbox
D/SearchTargetUtil( 1050): layoutType=short_icon_row resultType=131072 packageName=com.google.android.googlequicksearchbox
D/SearchTargetUtil( 1050): layoutType=short_icon_row resultType=131072 packageName=com.google.android.googlequicksearchbox
D/SearchTargetUtil( 1050): layoutType=short_icon_row resultType=131072 packageName=com.google.android.googlequicksearchbox
D/SearchTargetUtil( 1050): layoutType=extra_tall_icon_row resultType=131072 packageName=com.google.android.googlequicksearchbox
D/SearchTargetUtil( 1050): layoutType=short_icon_row resultType=131072 packageName=com.google.android.googlequicksearchbox
D/b/387844520( 1050): getOutlineOffsetX: measured width = 0, mNormalizedIconSize = 159, last updated width = 0
D/Launcher.Workspace( 1050): addInScreenFromBind: hotseat inflation with x = 3 and y = 0
D/CellLayout( 1050): Adding view to ShortcutsAndWidgetsContainer: com.android.launcher3.uioverrides.PredictedAppIcon{564d0f VFED..C.. ......ID 0,0-0,0}
D/LauncherBinder( 1050): Starting async inflation
D/AllAppsStore( 1050): setApps: apps.length=23
D/AllAppsStore( 1050): notifyUpdate: notifying listeners
D/ActivityAllAppsContainerView( 1050): onAppsUpdated; number of apps: 23
D/ActivityAllAppsContainerView( 1050): rebindAdapters: force: false
D/ActivityAllAppsContainerView( 1050): rebindAdapters: Not needed.
D/StatsLog( 1050): LAUNCHER_ALLAPPS_COUNT
D/AlphabeticalAppsList( 1050): Clearing FastScrollerSections.
D/AlphabeticalAppsList( 1050): Adding apps with sections. HasPrivateApps: false
D/AlphabeticalAppsList( 1050): addAppsWithSections: adding sectionName: C with appInfoTitle: Calendar
D/AlphabeticalAppsList( 1050): addAppsWithSections: adding sectionName: D with appInfoTitle: Drive
D/AlphabeticalAppsList( 1050): addAppsWithSections: adding sectionName: F with appInfoTitle: Files
D/AlphabeticalAppsList( 1050): addAppsWithSections: adding sectionName: G with appInfoTitle: Gmail
D/AlphabeticalAppsList( 1050): addAppsWithSections: adding sectionName: K with appInfoTitle: Konsier Dev
D/AlphabeticalAppsList( 1050): addAppsWithSections: adding sectionName: M with appInfoTitle: Maps
D/AlphabeticalAppsList( 1050): addAppsWithSections: adding sectionName: P with appInfoTitle: Penkra
D/AlphabeticalAppsList( 1050): addAppsWithSections: adding sectionName: S with appInfoTitle: Safety
D/AlphabeticalAppsList( 1050): addAppsWithSections: adding sectionName: T with appInfoTitle: TMoble
D/AlphabeticalAppsList( 1050): addAppsWithSections: adding sectionName: Y with appInfoTitle: YouTube
D/AlphabeticalAppsList( 1050): Adding FastScrollSection duplicate to scroll to the bottom.
D/AlphabeticalAppsList( 1050): Clearing FastScrollerSections.
D/AlphabeticalAppsList( 1050): Adding apps with sections. HasPrivateApps: false
D/AlphabeticalAppsList( 1050): addAppsWithSections: adding sectionName: C with appInfoTitle: Calendar
D/AlphabeticalAppsList( 1050): addAppsWithSections: adding sectionName: D with appInfoTitle: Drive
D/AlphabeticalAppsList( 1050): addAppsWithSections: adding sectionName: F with appInfoTitle: Files
D/AlphabeticalAppsList( 1050): addAppsWithSections: adding sectionName: G with appInfoTitle: Gmail
D/AlphabeticalAppsList( 1050): addAppsWithSections: adding sectionName: K with appInfoTitle: Konsier Dev
D/AlphabeticalAppsList( 1050): addAppsWithSections: adding sectionName: M with appInfoTitle: Maps
D/AlphabeticalAppsList( 1050): addAppsWithSections: adding sectionName: P with appInfoTitle: Penkra
D/AlphabeticalAppsList( 1050): addAppsWithSections: adding sectionName: S with appInfoTitle: Safety
D/AlphabeticalAppsList( 1050): addAppsWithSections: adding sectionName: T with appInfoTitle: TMoble
D/AlphabeticalAppsList( 1050): addAppsWithSections: adding sectionName: Y with appInfoTitle: YouTube
D/AlphabeticalAppsList( 1050): Adding FastScrollSection duplicate to scroll to the bottom.
D/AlphabeticIndexCompat( 1050): computeSectionName: cs: Settings sectionName: S
D/AlphabeticIndexCompat( 1050): computeSectionName: cs: Photos sectionName: P
D/AlphabeticIndexCompat( 1050): computeSectionName: cs: Battery sectionName: B
D/AlphabeticIndexCompat( 1050): computeSectionName: cs: Chrome sectionName: C
D/AlphabeticIndexCompat( 1050): computeSectionName: cs: Gmail sectionName: G
D/AlphabeticIndexCompat( 1050): computeSectionName: cs: Drive sectionName: D
D/AlphabeticIndexCompat( 1050): computeSectionName: cs: Clock sectionName: C
D/AlphabeticIndexCompat( 1050): computeSectionName: cs: Contacts sectionName: C
D/AlphabeticIndexCompat( 1050): computeSectionName: cs: Calendar sectionName: C
D/AlphabeticIndexCompat( 1050): computeSectionName: cs: Maps sectionName: M
D/SearchUiPerUserService(  677): Creating SearchSessionInfo for session Id=com.google.android.apps.nexuslauncher:4cd40cfb-b061-4ad5-84f2-8b8c4ad13e31,0
D/nativeloader( 4471): Load libframework-connectivity-tiramisu-jni.so using APEX ns com_android_tethering for caller /apex/com.android.tethering/javalib/framework-connectivity-t.jar: ok
D/AlphabeticIndexCompat( 1050): computeSectionName: cs: YouTube Music sectionName: Y
I/AiAiEcho( 1487): SearchContextManagerImpl::setSearchContext resultTypes=[139867] extras=[Bundle[{launcher.maxInlineIcons=3, dynamic_ranking_m3_enabled=true, qs_tiles_asi_enabled=true, allowlist_enabled=false, one_search_enabled=true, system_clock=true, version_code=12, gms_play_query_lower_bound=2, gms_play_query_upper_bound=20, recent_search_block_enabled=true, gms_play_feature_supported=true, launcher.gridSize=4, showhiddentargets_enabled=false, ose_info=1}]] sessionId=[com.google.android.apps.nexuslauncher:4cd40cfb-b061-4ad5-84f2-8b8c4ad13e31,0]
D/AlphabeticIndexCompat( 1050): computeSectionName: cs: YouTube sectionName: Y
D/AlphabeticIndexCompat( 1050): computeSectionName: cs: Google sectionName: G
D/AlphabeticIndexCompat( 1050): computeSectionName: cs: Android System Intelligence sectionName: A
D/AlphabeticIndexCompat( 1050): computeSectionName: cs: Digital Wellbeing sectionName: D
D/AlphabeticIndexCompat( 1050): computeSectionName: cs: Conversations sectionName: C
D/OverviewActionsView( 1050): updateActionButtonsVisibility() called: showSingleTaskActions = [true], showGroupActions = [false]
D/SearchUiPerUserService(  677): Storing callback for session Id=com.google.android.apps.nexuslauncher:4cd40cfb-b061-4ad5-84f2-8b8c4ad13e31,0 and callback=android.os.BinderProxy@3bbf015
D/b/380940677( 1050): [mStateHandlerRequest=0, mCurrentStateRequest=0, mLastActivityFlags=5, mIgnoreAutoRotateSettings=false, mHomeRotationEnabled=false, mForceAllowRotationForTesting=false, mDestroyed=false, mIsFixedLandscape=false]
D/ActivityAllAppsContainerView( 1050): rebindAdapters: force: false
D/ActivityAllAppsContainerView( 1050): rebindAdapters: Not needed.
D/InputMonitorCompat( 1050): Input monitor (minus-one-disp0) created
D/BackgroundInstallControlService(  677): Package event received: 0
V/WindowManager(  677): Queueing transition: TransitionRecord{8787891 id=-1 type=CHANGE flags=0x0}
I/s.nexuslauncher( 1050): AssetManager2(0xb4000077700502d8) locale list changing from [] to [en-US]
W/HWUI    (  927): Image decoding logging dropped!
E/PhoneStatusBarView(  927): mHasCornerCutoutFetcher unexpectedly null
E/PhoneStatusBarView(  927): mInsetsFetcher unexpectedly null
D/LauncherBinder( 1050): Calling onCompleteSignal
D/ViewOnDrawExecutor( 1050): markCompleted ignored: cancelled
D/InputMonitorCompat( 1050): Input event receiver for monitor (minus-one-disp0) created
D/SearchTargetUtil( 1050): queryLength=0 size=1
D/SearchTargetUtil( 1050): layoutType=icon_row resultType=4096 packageName=
D/NexusLauncherModelDelegate( 1050): notifySmartspaceEvent: SmartspaceTargetEvent{mSmartspaceTarget=null, mSmartspaceActionId='null', mEventType=6}
D/CoreBackPreview(  677): Window{b88e264 u0 com.google.android.apps.nexuslauncher/com.google.android.apps.nexuslauncher.NexusLauncherActivity}: Setting back callback OnBackInvokedCallbackInfo{mCallback=android.window.IOnBackInvokedCallback$Stub$Proxy@9d8a8c9, mPriority=-1, mIsAnimationCallback=false, mOverrideBehavior=0}
D/CoreBackPreview(  677): Window{b88e264 u0 com.google.android.apps.nexuslauncher/com.google.android.apps.nexuslauncher.NexusLauncherActivity}: Setting back callback OnBackInvokedCallbackInfo{mCallback=android.window.IOnBackInvokedCallback$Stub$Proxy@9234bce, mPriority=0, mIsAnimationCallback=true, mOverrideBehavior=0}
I/s.nexuslauncher( 1050): AssetManager2(0xb400007770059298) locale list changing from [] to [en-US]
D/WindowManagerShell(  927): setLauncherKeepClearAreaHeight: visible=true, height=527
W/HWUI    (  927): Image decoding logging dropped!
D/OverviewActionsView( 1050): updateActionButtonsVisibility() called: showSingleTaskActions = [true], showGroupActions = [false]
D/KeyboardInsetsHandler( 1050): setState, toState:Normal StateManager(mLastStableState:Normal, mCurrentStableState:Normal, mState:Normal, mRestState:null, isInTransition:false)
I/SsCardPagerAdapter( 1050): [rmv] Rendering flag - enabled: true rmv: null
I/SsCardPagerAdapter( 1050): Use UI template for the feature: 1
D/SsBaseTemplateCard( 1050): No text view can be set up
D/SsBaseTemplateCard( 1050): Passed-in item info is null
D/SsBaseTemplateCard( 1050): Passed-in item info is null
D/SsBaseTemplateCard( 1050): Passed-in item info is null
I/SsBaseTemplateCard( 1050): Secondary card pane is null
D/b/387844520( 1050): calling updateRingPath from onSizeChanged
D/b/387844520( 1050): getOutlineOffsetX: measured width = 173, mNormalizedIconSize = 159, last updated width = 173
D/BaseDepthController( 1050): setSurface:
D/BaseDepthController( 1050): 	mWaitingOnSurfaceValidity: false
D/BaseDepthController( 1050): 	mBaseSurface: Surface(name=com.google.android.apps.nexuslauncher/com.google.android.apps.nexuslauncher.NexusLauncherActivity)/@0x7a1335a
I/WindowManager(  677): finishDrawing of relaunch: Window{b88e264 u0 com.google.android.apps.nexuslauncher/com.google.android.apps.nexuslauncher.NexusLauncherActivity} 244ms
I/NotificationListener( 1050): Handling notification state refresh for android#0
W/SplitSelectStateCtor( 1050): Missing session instanceIds
D/StatsLog( 1050): LAUNCHER_SPLIT_SELECTION_EXIT_INTERRUPTED
D/WindowManagerShell(  927): setLauncherKeepClearAreaHeight: visible=false, height=527
I/AppsFilter(  677): interaction: PackageSetting{c11fd90 com.konsier.app.dev/10214} -> PackageSetting{1cfbddf com.penkra.canvas.fixture/10217} BLOCKED
I/AppsFilter(  677): interaction: PackageSetting{ee5b68e com.penkra.canvas.qa.fonts/10219} -> PackageSetting{1cfbddf com.penkra.canvas.fixture/10217} BLOCKED
I/AppsFilter(  677): interaction: PackageSetting{5422eaf com.penkra.canvas.qa.typomixed0606/10215} -> PackageSetting{1cfbddf com.penkra.canvas.fixture/10217} BLOCKED
W/OptProp (  677): Cannot read opt property android.window.PROPERTY_COMPAT_ENABLE_FAKE_FOCUS
D/InputMonitorCompat( 1050): Input event receiver for monitor (minus-one-disp0) disposed
D/InputMonitorCompat( 1050): Input monitor (minus-one-disp0) disposed
D/TISBindHelper( 1050): TIS service connected
D/BackgroundInstallControlService(  677): Package event received: 0
D/TaskbarManager( 1050): setActivity: mActivity=null displayId=0 isDefaultDisplay=true
D/TaskbarManager( 1050): setActivity: registering activity lifecycle callbacks. displayId=0 isDefaultDisplay=true
D/TaskbarManager( 1050): getUnfoldTransitionProgressProviderForActivity displayId=0 isDefaultDisplay=true
D/TaskbarManager( 1050): setRecentsViewContainer displayId=0 isDefaultDisplay=true
D/TaskbarManager( 1050): createTaskbarUIControllerForRecentsViewContainer displayId=0 isDefaultDisplay=true
D/LauncherBinder( 1050): Calling onCompleteSignal
D/ViewOnDrawExecutor( 1050): markCompleted: executing tasks
D/BackgroundInstallControlService(  677): Package event received: 0
D/BackgroundInstallControlService(  677): Package event received: 0
D/ActivityAllAppsContainerView( 1050): rebindAdapters: force: false
D/ActivityAllAppsContainerView( 1050): rebindAdapters: Not needed.
I/AppWidgetServiceImpl(  677): Received broadcast: android.intent.action.PACKAGE_UNSTOPPED on user 0
I/AppWidgetServiceImpl(  677): Updating package stopped masked state for uid 10217 package com.penkra.canvas.fixture isStopped false
W/ProcessStats(  677): Tracking association SourceState{48b80e2 com.android.systemui/10186 BFgs #2506} whose proc state 4 is better than process ProcessState{176ec73 android.process.acore/10094 pkg=com.android.providers.contacts (sub)} proc state 15 (1 skipped)
V/WindowManagerShell(  927): onTransitionReady(transaction=2907692860644)
V/WindowManager(  677): Sent Transition (#38) createdAt=09-07 13:54:32.457 via request=TransitionRequestInfo { type = CHANGE, triggerTask = null, pipChange = null, remoteTransition = null, displayChange = null, flags = 0, debugId = 38 }
V/WindowManager(  677):     startWCT=WindowContainerTransaction { changes= {} hops= [] errorCallbackToken=null taskFragmentOrganizer=null }
V/WindowManager(  677):     info={id=38 t=CHANGE f=0x0 trk=0 r=[0@Point(0, 0)] c=[
V/WindowManager(  677):         {WCT{RemoteToken{9e4c92e Task{6a801e9 #413 type=standard A=10217:com.penkra.canvas.fixture}}} m=OPEN f=MOVE_TO_TOP p=WCT{RemoteToken{8d50358 Display{#0 state=ON size=1080x2400 ROTATION_0}}} leash=Surface(name=Task=413)/@0xf9fe730 sb=Rect(0, 0 - 1080, 2400) eb=Rect(0, 0 - 1080, 2400) epz=Point(1080, 2400) d=0 taskParent=-1},
V/WindowManager(  677):         {WCT{RemoteToken{abbdb45 Task{b5ab7eb #412 type=standard A=10217:com.penkra.canvas.fixture}}} m=CLOSE f=NONE p=WCT{RemoteToken{8d50358 Display{#0 state=ON size=1080x2400 ROTATION_0}}} leash=Surface(name=Task=412)/@0xc3ecf89 sb=Rect(0, 0 - 1080, 2400) eb=Rect(0, 0 - 1080, 2400) epz=Point(1080, 2400) d=0 taskParent=-1},
V/WindowManager(  677):         {WCT{RemoteToken{8d50358 Display{#0 state=ON size=1080x2400 ROTATION_0}}} m=CHANGE f=IS_DISPLAY leash=Surface(name=WindowedMagnification:0:31)/@0x65ca8ce sb=Rect(0, 0 - 1080, 2400) eb=Rect(0, 0 - 1080, 2400) epz=Point(1080, 2400) d=0}
V/WindowManager(  677):     ]}
V/WindowManagerShell(  927): onTransitionReady (#38) android.os.BinderProxy@2b65bd2: {id=38 t=CHANGE f=0x0 trk=0 r=[0@Point(0, 0)] c=[
V/WindowManagerShell(  927):         {m=OPEN f=MOVE_TO_TOP p=WCT{android.window.IWindowContainerToken$Stub$Proxy@c8ae5f5} leash=Surface(name=Task=413)/@0x3d42d83 sb=Rect(0, 0 - 1080, 2400) eb=Rect(0, 0 - 1080, 2400) epz=Point(1080, 2400) d=0 taskParent=-1},
V/WindowManagerShell(  927):         {m=CLOSE f=NONE p=WCT{android.window.IWindowContainerToken$Stub$Proxy@9b2bf8a} leash=Surface(name=Task=412)/@0xc298f39 sb=Rect(0, 0 - 1080, 2400) eb=Rect(0, 0 - 1080, 2400) epz=Point(1080, 2400) d=0 taskParent=-1},
V/WindowManagerShell(  927):         {m=CHANGE f=IS_DISPLAY leash=Surface(name=WindowedMagnification:0:31)/@0x66b897e sb=Rect(0, 0 - 1080, 2400) eb=Rect(0, 0 - 1080, 2400) epz=Point(1080, 2400) d=0 snapshot=Surface(name=transition snapshot: Display{#0 state=ON size=1080x2400 ROTATION_0})/@0x5221edf}
V/WindowManagerShell(  927):     ]}
V/WindowManagerShell(  927): Playing animation for (#38) android.os.BinderProxy@2b65bd2@0
V/ShellRecents(  927): RecentsTransitionHandler.startAnimation: no controller found
V/WindowManagerShell(  927): start default transition animation, info = {id=38 t=CHANGE f=0x0 trk=0 r=[0@Point(0, 0)] c=[{m=OPEN f=MOVE_TO_TOP p=WCT{android.window.IWindowContainerToken$Stub$Proxy@c8ae5f5} leash=Surface(name=Task=413)/@0x3d42d83 sb=Rect(0, 0 - 1080, 2400) eb=Rect(0, 0 - 1080, 2400) epz=Point(1080, 2400) d=0 taskParent=-1},{m=CLOSE f=NONE p=WCT{android.window.IWindowContainerToken$Stub$Proxy@9b2bf8a} leash=Surface(name=Task=412)/@0xc298f39 sb=Rect(0, 0 - 1080, 2400) eb=Rect(0, 0 - 1080, 2400) epz=Point(1080, 2400) d=0 taskParent=-1},{m=CHANGE f=IS_DISPLAY leash=Surface(name=WindowedMagnification:0:31)/@0x66b897e sb=Rect(0, 0 - 1080, 2400) eb=Rect(0, 0 - 1080, 2400) epz=Point(1080, 2400) d=0 snapshot=Surface(name=transition snapshot: Display{#0 state=ON size=1080x2400 ROTATION_0})/@0x5221edf}]}
V/WindowManagerShell(  927): Display is changing, resolve the animation hint.
D/ActivityTaskManager(  677): Remove task fragment: deleteTaskFragment
V/WindowManagerShell(  927):  animated by com.android.wm.shell.transition.DefaultTransitionHandler@d69f2bf
V/WindowManagerShell(  927): Transition requested (#39): android.os.BinderProxy@f8727eb TransitionRequestInfo { type = CLOSE, triggerTask = null, pipChange = null, remoteTransition = RemoteTransition { remoteTransition = android.window.IRemoteTransition$Stub$Proxy@577c948, appThread = null, debugName = TaskFragmentComponent }, displayChange = null, flags = 0, debugId = 39 }
V/WindowManagerShell(  927): RemoteTransition directly requested for (#39) android.os.BinderProxy@f8727eb: RemoteTransition { remoteTransition = android.window.IRemoteTransition$Stub$Proxy@577c948, appThread = null, debugName = TaskFragmentComponent }
V/WindowManagerShell(  927): Transition (#39): request handled by RemoteTransitionHandler
V/WindowManagerShell(  927): onTransitionReady(transaction=2907692860649)
V/WindowManagerShell(  927): onTransitionReady (#39) android.os.BinderProxy@f8727eb: {id=39 t=CLOSE f=0x0 trk=0 r=[] c=[]}
V/WindowManagerShell(  927): No transition roots in (#39) android.os.BinderProxy@f8727eb@0 so abort
V/WindowManagerShell(  927): Transition was merged: (#39) android.os.BinderProxy@f8727eb@0 into (#38) android.os.BinderProxy@2b65bd2@0
V/WindowManager(  677): Sent Transition (#39) createdAt=09-07 13:54:32.734 via request=TransitionRequestInfo { type = CLOSE, triggerTask = null, pipChange = null, remoteTransition = RemoteTransition { remoteTransition = android.window.IRemoteTransition$Stub$Proxy@de53ae1, appThread = null, debugName = TaskFragmentComponent }, displayChange = null, flags = 0, debugId = 39 }
V/WindowManager(  677):     startWCT=WindowContainerTransaction { changes= {} hops= [] errorCallbackToken=null taskFragmentOrganizer=null }
V/WindowManager(  677):     info={id=39 t=CLOSE f=0x0 trk=0 r=[] c=[]}
D/TaskFragmentComponent( 1050): release and clear taskSurface
V/WindowManagerShell(  927): Transition requested (#40): android.os.BinderProxy@42caf47 TransitionRequestInfo { type = CHANGE, triggerTask = null, pipChange = null, remoteTransition = RemoteTransition { remoteTransition = android.window.IRemoteTransition$Stub$Proxy@c587374, appThread = null, debugName = TaskFragmentComponent }, displayChange = null, flags = 0, debugId = 40 }
V/WindowManagerShell(  927): RemoteTransition directly requested for (#40) android.os.BinderProxy@42caf47: RemoteTransition { remoteTransition = android.window.IRemoteTransition$Stub$Proxy@c587374, appThread = null, debugName = TaskFragmentComponent }
V/WindowManagerShell(  927): Transition (#40): request handled by RemoteTransitionHandler
D/TaskFragmentComponent( 1050): Setting valid task fragment surface control in TYPE_TASK_FRAGMENT_APPEARED
V/WindowManager(  677): Queueing transition: TransitionRecord{a19a41d id=-1 type=CLOSE flags=0x0}
V/WindowManagerShell(  927): onTransitionReady(transaction=2907692860658)
V/WindowManagerShell(  927): onTransitionReady (#40) android.os.BinderProxy@42caf47: {id=40 t=CHANGE f=0x0 trk=0 r=[] c=[]}
V/WindowManagerShell(  927): No transition roots in (#40) android.os.BinderProxy@42caf47@0 so abort
V/WindowManager(  677): Sent Transition (#40) createdAt=09-07 13:54:32.819 via request=TransitionRequestInfo { type = CHANGE, triggerTask = null, pipChange = null, remoteTransition = RemoteTransition { remoteTransition = android.window.IRemoteTransition$Stub$Proxy@859e692, appThread = null, debugName = TaskFragmentComponent }, displayChange = null, flags = 0, debugId = 40 }
V/WindowManagerShell(  927): Transition was merged: (#40) android.os.BinderProxy@42caf47@0 into (#38) android.os.BinderProxy@2b65bd2@0
V/WindowManager(  677):     startWCT=WindowContainerTransaction { changes= {} hops= [] errorCallbackToken=null taskFragmentOrganizer=null }
V/WindowManager(  677):     info={id=40 t=CHANGE f=0x0 trk=0 r=[] c=[]}
V/WindowManagerShell(  927): Transition requested (#41): android.os.BinderProxy@15170d0 TransitionRequestInfo { type = CLOSE, triggerTask = null, pipChange = null, remoteTransition = RemoteTransition { remoteTransition = android.window.IRemoteTransition$Stub$Proxy@ec98c9, appThread = null, debugName = TaskFragmentComponent }, displayChange = null, flags = 0, debugId = 41 }
V/WindowManagerShell(  927): RemoteTransition directly requested for (#41) android.os.BinderProxy@15170d0: RemoteTransition { remoteTransition = android.window.IRemoteTransition$Stub$Proxy@ec98c9, appThread = null, debugName = TaskFragmentComponent }
V/WindowManagerShell(  927): Transition (#41): request handled by RemoteTransitionHandler
V/WindowManagerShell(  927): onTransitionReady(transaction=2907692860662)
V/WindowManagerShell(  927): onTransitionReady (#41) android.os.BinderProxy@15170d0: {id=41 t=CLOSE f=0x0 trk=0 r=[] c=[]}
V/WindowManagerShell(  927): No transition roots in (#41) android.os.BinderProxy@15170d0@0 so abort
V/WindowManagerShell(  927): Transition was merged: (#41) android.os.BinderProxy@15170d0@0 into (#38) android.os.BinderProxy@2b65bd2@0
V/WindowManager(  677): Sent Transition (#41) createdAt=09-07 13:54:32.928 via request=TransitionRequestInfo { type = CLOSE, triggerTask = null, pipChange = null, remoteTransition = RemoteTransition { remoteTransition = android.window.IRemoteTransition$Stub$Proxy@973d863, appThread = null, debugName = TaskFragmentComponent }, displayChange = null, flags = 0, debugId = 41 }
V/WindowManager(  677):     startWCT=WindowContainerTransaction { changes= {} hops= [] errorCallbackToken=null taskFragmentOrganizer=null }
V/WindowManager(  677):     info={id=41 t=CLOSE f=0x0 trk=0 r=[] c=[]}
I/BpBinder(  511): onLastStrongRef automatically unlinking death recipients: 
D/ConnectivityService(  677): NetReassign [no changes] [c 0] [a 0] [i 1]
W/PageIndicator(  927): Total number of pages invalid: 0. Assuming 1 page.
W/PageIndicator(  927): Total number of pages invalid: 0. Assuming 1 page.
W/PageIndicator(  927): Total number of pages invalid: 0. Assuming 1 page.
W/PageIndicator(  927): Total number of pages invalid: 0. Assuming 1 page.
W/BcSmartspaceView(  927): Current card is not present in the Adapter; cannot log.
W/AlarmManager(  927): Unrecognized alarm listener com.google.android.systemui.smartspace.KeyguardZenAlarmViewController$showNextAlarm$1@7647bc1
W/AlarmManager(  927): Unrecognized alarm listener com.google.android.systemui.smartspace.KeyguardZenAlarmViewController$showNextAlarm$1@7647bc1
W/PageIndicator(  927): Total number of pages invalid: 0. Assuming 1 page.
W/BcSmartspaceView(  927): Current card is not present in the Adapter; cannot log.
W/PageIndicator(  927): Total number of pages invalid: 0. Assuming 1 page.
W/BcSmartspaceView(  927): Current card is not present in the Adapter; cannot log.
I/AiAiEcho( 1487): Predicting[0]:  [CONTEXT sampling_count=5 ]
I/AiAiEcho( 1487): EchoTargets: 
I/AiAiEcho( 1487): Filtered by AiAi flag check: 
I/AiAiEcho( 1487): [CONTEXT ratelimit_period="10 SECONDS" ]
I/AiAiEcho( 1487): #remoteViewsTwiddler: feature disabled.
I/AiAiEcho( 1487): Predicting[0]:  [CONTEXT sampling_count=5 ]
I/AiAiEcho( 1487): EchoTargets: 
I/AiAiEcho( 1487): Filtered by AiAi flag check: 
I/AiAiEcho( 1487): [CONTEXT ratelimit_period="10 SECONDS" ]
I/AiAiEcho( 1487): #remoteViewsTwiddler: feature disabled.
I/AiAiEcho( 1487): #postPredictionTargets: Sending updates to UISurface lockscreen with targets# 0 (types=[])
I/AiAiEcho( 1487): #postPredictionTargets: Sending updates to UISurface home with targets# 0 (types=[])
D/SsBaseTemplateCard( 1050): No text view can be set up
D/SsBaseTemplateCard( 1050): Passed-in item info is null
D/SsBaseTemplateCard( 1050): Passed-in item info is null
D/SsBaseTemplateCard( 1050): Passed-in item info is null
I/SsBaseTemplateCard( 1050): Secondary card pane is null
I/BpBinder(  511): onLastStrongRef automatically unlinking death recipients: 
D/LocalImageResolver(  927): Couldn't use ImageDecoder for drawable, falling back to non-resized load.
D/LocalImageResolver(  927): Couldn't use ImageDecoder for drawable, falling back to non-resized load.
W/PageIndicator(  927): Total number of pages invalid: 0. Assuming 1 page.
D/SystemServerTiming(  677): getUserSwitchability-0
D/SystemServerTiming(  677): TM.isInCall
D/LocalImageResolver(  927): Couldn't use ImageDecoder for drawable, falling back to non-resized load.
D/SystemServerTiming(  677): getUserSwitchability-0
D/SystemServerTiming(  677): TM.isInCall
V/SystemServerTiming(  677): TM.isInCall took to complete: 1ms
V/SystemServerTiming(  677): TM.isInCall took to complete: 1ms
D/SystemServerTiming(  677): hasUserRestriction-DISALLOW_USER_SWITCH
V/SystemServerTiming(  677): hasUserRestriction-DISALLOW_USER_SWITCH took to complete: 0ms
D/SystemServerTiming(  677): hasUserRestriction-DISALLOW_USER_SWITCH
V/SystemServerTiming(  677): hasUserRestriction-DISALLOW_USER_SWITCH took to complete: 0ms
D/SystemServerTiming(  677): getInt-ALLOW_USER_SWITCHING_WHEN_SYSTEM_USER_LOCKED
V/SystemServerTiming(  677): getInt-ALLOW_USER_SWITCHING_WHEN_SYSTEM_USER_LOCKED took to complete: 0ms
D/SystemServerTiming(  677): getInt-ALLOW_USER_SWITCHING_WHEN_SYSTEM_USER_LOCKED
V/SystemServerTiming(  677): getInt-ALLOW_USER_SWITCHING_WHEN_SYSTEM_USER_LOCKED took to complete: 0ms
D/SystemServerTiming(  677): isUserUnlocked-USER_SYSTEM
V/SystemServerTiming(  677): isUserUnlocked-USER_SYSTEM took to complete: 0ms
V/SystemServerTiming(  677): getUserSwitchability-0 took to complete: 2ms
D/SystemServerTiming(  677): isUserUnlocked-USER_SYSTEM
V/SystemServerTiming(  677): isUserUnlocked-USER_SYSTEM took to complete: 0ms
V/SystemServerTiming(  677): getUserSwitchability-0 took to complete: 2ms
D/StatusBar##isHomeStatusBarAllowed(  927): newValue: true
D/LocalImageResolver(  927): Couldn't use ImageDecoder for drawable, falling back to non-resized load.
V/WindowManagerShell(  927): Transition animation finished (aborted=false), notifying core (#38) android.os.BinderProxy@2b65bd2@0
V/WindowManager(  677): Finish Transition (#38): created at 09-07 13:54:32.457 collect-started=0.024ms request-sent=0.044ms started=11.06ms ready=439.643ms sent=441.731ms commit=21.507ms finished=578.638ms
V/WindowManager(  677): Finish Transition (#39): created at 09-07 13:54:32.734 collect-started=165.105ms request-sent=177.697ms started=178.168ms ready=179.977ms sent=181.636ms finished=304.104ms
V/WindowManager(  677): Finish Transition (#40): created at 09-07 13:54:32.819 collect-started=96.83ms request-sent=104.02ms started=104.676ms ready=109.095ms sent=109.347ms finished=219.686ms
V/WindowManager(  677): Finish Transition (#41): created at 09-07 13:54:32.928 collect-started=1.183ms request-sent=1.708ms started=2.873ms ready=2.87ms sent=3.344ms finished=112.168ms
V/WindowManagerShell(  927): Track 0 became idle
V/WindowManagerShell(  927): All active transition animations finished
D/RecentsView( 1050): onTaskRemoved: 412, not handling task stack changes
D/RecentsView( 1050): onTaskRemoved: 412, not handling task stack changes
I/AiAiEcho( 1487): Predicting[0]:  [CONTEXT sampling_count=5 ]
I/AiAiEcho( 1487): EchoTargets: 
I/AiAiEcho( 1487): Filtered by AiAi flag check: 
I/AiAiEcho( 1487): [CONTEXT ratelimit_period="10 SECONDS" ]
I/AiAiEcho( 1487): #remoteViewsTwiddler: feature disabled.
I/AiAiEcho( 1487): Predicting[0]:  [CONTEXT sampling_count=5 ]
I/AiAiEcho( 1487): EchoTargets: 
I/AiAiEcho( 1487): Filtered by AiAi flag check: 
I/AiAiEcho( 1487): [CONTEXT ratelimit_period="10 SECONDS" ]
I/AiAiEcho( 1487): #remoteViewsTwiddler: feature disabled.
I/AiAiEcho( 1487): #postPredictionTargets: Sending updates to UISurface lockscreen with targets# 0 (types=[])
I/AiAiEcho( 1487): #postPredictionTargets: Sending updates to UISurface home with targets# 0 (types=[])
D/SsBaseTemplateCard( 1050): No text view can be set up
D/SsBaseTemplateCard( 1050): Passed-in item info is null
D/SsBaseTemplateCard( 1050): Passed-in item info is null
D/SsBaseTemplateCard( 1050): Passed-in item info is null
I/SsBaseTemplateCard( 1050): Secondary card pane is null
E/BpTransactionCompletedListener(  511): Failed to transact (-32)
E/BpTransactionCompletedListener(  511): Failed to transact (-32)
W/PageIndicator(  927): Total number of pages invalid: 0. Assuming 1 page.
D/nativeloader( 4471): Configuring clns-9 for other apk /data/app/~~XiF5IjFWBQZSqhr54nrKdA==/com.penkra.canvas.fixture-JMXL4nWTNIMbvXoGypvByg==/base.apk. target_sdk_version=35, uses_libraries=, library_path=/data/app/~~XiF5IjFWBQZSqhr54nrKdA==/com.penkra.canvas.fixture-JMXL4nWTNIMbvXoGypvByg==/lib/arm64:/data/app/~~XiF5IjFWBQZSqhr54nrKdA==/com.penkra.canvas.fixture-JMXL4nWTNIMbvXoGypvByg==/base.apk!/lib/arm64-v8a, permitted_path=/data:/mnt/expand:/data/user/0/com.penkra.canvas.fixture
D/CompatChangeReporter( 4471): Compat change id reported: 202956589; UID 10217; state: ENABLED
I/.canvas.fixture( 4471): AssetManager2(0xb40000777000f238) locale list changing from [] to [en-US]
V/GraphicsEnvironment( 4471): Currently set values for:
V/GraphicsEnvironment( 4471):   angle_gl_driver_selection_pkgs=[]
V/GraphicsEnvironment( 4471):   angle_gl_driver_selection_values=[]
V/GraphicsEnvironment( 4471): com.penkra.canvas.fixture is not listed in per-application setting
V/GraphicsEnvironment( 4471): ANGLE allowlist from config: com.dreamgames.royalmatch com.dts.freefiremax com.dxx.firenow com.gramgames.mergedragons com.ludo.king com.mojang.minecraftpe com.my.defense com.nintendo.zaka com.os.airforce com.playrix.fishdomdd.gplay io.teslatech.callbreak jp.konami.prospia net.peakgames.toonblast
V/GraphicsEnvironment( 4471): com.penkra.canvas.fixture is not listed in ANGLE allowlist or settings, returning default
V/GraphicsEnvironment( 4471): Neither updatable production driver nor prerelease driver is supported.
D/CompatChangeReporter( 4471): Compat change id reported: 279646685; UID 10217; state: ENABLED
I/.canvas.fixture( 4471): AssetManager2(0xb400007770014698) locale list changing from [] to [en-US]
I/DisplayManager( 4471): Choreographer implicitly registered for the refresh rate.
E/ashmem  ( 4471): Pinning is deprecated since Android Q. Please use trim or other methods.
D/CompatChangeReporter( 4471): Compat change id reported: 309578419; UID 10217; state: ENABLED
D/DesktopModeFlags( 4471): Toggle override initialized to: OVERRIDE_UNSET
I/EGL_emulation( 4471): Opening libGLESv1_CM_emulation.so
I/EGL_emulation( 4471): Opening libGLESv2_emulation.so
W/HWUI    ( 4471): Failed to choose config with EGL_SWAP_BEHAVIOR_PRESERVED, retrying without...
W/HWUI    ( 4471): Failed to initialize 101010-2 format, error = EGL_SUCCESS
D/CompatChangeReporter( 4471): Compat change id reported: 352594277; UID 10217; state: ENABLED
D/CompatChangeReporter( 4471): Compat change id reported: 349153669; UID 10217; state: ENABLED
W/HWUI    ( 4471): Unknown dataspace 0
--------- beginning of kernel
I/servicemanager(  219): Caller(pid=4471,uid=10217,sid=u:r:untrusted_app:s0:c217,c256,c512,c768) Found android.hardware.graphics.allocator.IAllocator/default in device VINTF manifest.
I/servicemanager(  219): Caller(pid=4471,uid=10217,sid=u:r:untrusted_app:s0:c217,c256,c512,c768) Found android.hardware.graphics.allocator.IAllocator/default in device VINTF manifest.
I/servicemanager(  219): Caller(pid=4471,uid=10217,sid=u:r:untrusted_app:s0:c217,c256,c512,c768) Found mapper/ranchu in device VINTF manifest.
D/CoreBackPreview(  677): Window{199b2ec u0 com.penkra.canvas.fixture/com.penkra.canvas.fixture.MainActivity}: Setting back callback OnBackInvokedCallbackInfo{mCallback=android.window.IOnBackInvokedCallback$Stub$Proxy@4089931, mPriority=0, mIsAnimationCallback=false, mOverrideBehavior=0}
I/CanvasFixedText( 4471): LUNA_FIXED_TEXT_READY case=uniform-single-run nonce=fixed-text-android-420-2-uniform-single-run-710b882f-7d99-4021-92d6-8e70a0184820
I/CanvasFixedText( 4471): LUNA_FIXED_TEXT_ROOT case=uniform-single-run nonce=fixed-text-android-420-2-uniform-single-run-710b882f-7d99-4021-92d6-8e70a0184820 x=0.0 y=0.0 width=893 height=473 scale=2.625
I/ActivityTaskManager(  677): Displayed com.penkra.canvas.fixture/.MainActivity for user 0: +861ms
D/BaseDepthController( 1050): setSurface:
D/BaseDepthController( 1050): 	mWaitingOnSurfaceValidity: false
D/BaseDepthController( 1050): 	mBaseSurface: null
D/BaseDepthController( 1050): mSurface is null and mCurrentBlur is: 0
D/StateManager( 1050): goToState - fromState: Normal, toState: Normal, partial trace:
D/StateManager( 1050): 	at com.android.launcher3.statemanager.StateManager.moveToRestState(go/retraceme 43e00d9cd0eb17b3d9dd30fc1741b1c71445c4c0f7c8c9b81300265c86c5b873:4)
D/StateManager( 1050): 	at com.android.launcher3.statemanager.StateManager.moveToRestState(go/retraceme 43e00d9cd0eb17b3d9dd30fc1741b1c71445c4c0f7c8c9b81300265c86c5b873:1)
D/StateManager( 1050): 	at com.android.launcher3.statemanager.StatefulActivity.onStop(go/retraceme 43e00d9cd0eb17b3d9dd30fc1741b1c71445c4c0f7c8c9b81300265c86c5b873:34)
D/StatsLog( 1050): LAUNCHER_ONSTOP
I/AppWidgetServiceImpl(  677): setAppWidgetHidden() 0
I/ImeTracker(  677): com.penkra.canvas.fixture:c07514f4: onRequestHide at ORIGIN_SERVER reason HIDE_UNSPECIFIED_WINDOW fromUser false
D/StatsLog( 1050): LAUNCHER_GOOGLE_SEARCH_RESTORE_LIST_SIZE_AFTER_ACTIVITY_RESTART
D/InsetsController( 4471): hide(ime(), fromIme=false)
I/ImeTracker( 4471): com.penkra.canvas.fixture:c07514f4: onCancelled at PHASE_CLIENT_ALREADY_HIDDEN
I/GoogleInputMethodService( 1397): GoogleInputMethodService.onFinishInput():2043 
D/NexusLauncherModelDelegate( 1050): notifySmartspaceEvent: SmartspaceTargetEvent{mSmartspaceTarget=null, mSmartspaceActionId='null', mEventType=7}
I/Module  ( 1397): DeviceLockedStatusModuleProvider$Module.updateDeviceLockedStatus():100 repeatCheckTimes = 0, locked = false
I/GoogleInputMethodService( 1397): GoogleInputMethodService.onStartInput():1293 onStartInput(EditorInfo{EditorInfo{packageName=com.penkra.canvas.fixture, inputType=0, inputTypeString=NULL, enableLearning=false, autoCorrection=false, autoComplete=false, imeOptions=0, privateImeOptions=null, actionName=UNSPECIFIED, actionLabel=null, initialSelStart=-1, initialSelEnd=-1, initialCapsMode=0, label=null, fieldId=0, fieldName=null, extras=null, hintText=null, hintLocales=[]}}, false)
I/ImeTracker(  677): system_server:f37eaa6c: onRequestHide at ORIGIN_SERVER reason IME_REQUESTED_CHANGED_LISTENER fromUser false
I/Module  ( 1397): DeviceLockedStatusModuleProvider$Module.updateDeviceLockedStatus():100 repeatCheckTimes = 1, locked = false
I/EmojiCompatManager( 1397): EmojiCompatManager.getEmojiCompatIfLoaded():343 EmojiCompat.init() was never called.
I/EmojiCompatManager( 1397): java.lang.IllegalStateException: EmojiCompat is not initialized. Please call EmojiCompat.init() first
I/EmojiCompatManager( 1397): 	at asx.p(PG:6)
I/EmojiCompatManager( 1397): 	at axb.b(PG:13)
I/EmojiCompatManager( 1397): 	at jnr.b(PG:2)
I/EmojiCompatManager( 1397): 	at jnr.c(PG:4)
I/EmojiCompatManager( 1397): 	at jnr.f(PG:3)
I/EmojiCompatManager( 1397): 	at jnx.c(PG:3)
I/EmojiCompatManager( 1397): 	at kif.cz(PG:47)
I/EmojiCompatManager( 1397): 	at lhl.run(PG:1025)
I/EmojiCompatManager( 1397): 	at jaf.execute(PG:12)
I/EmojiCompatManager( 1397): 	at nco.v(PG:13)
I/EmojiCompatManager( 1397): 	at lhn.m(PG:96)
I/EmojiCompatManager( 1397): 	at lhn.k(PG:25)
I/EmojiCompatManager( 1397): 	at kgn.onStartInput(PG:250)
I/EmojiCompatManager( 1397): 	at android.inputmethodservice.InputMethodService.doStartInput(InputMethodService.java:3521)
I/EmojiCompatManager( 1397): 	at android.inputmethodservice.InputMethodService$InputMethodImpl.startInput(InputMethodService.java:879)
I/EmojiCompatManager( 1397): 	at android.inputmethodservice.InputMethodService$InputMethodImpl.dispatchStartInput(InputMethodService.java:908)
I/EmojiCompatManager( 1397): 	at android.inputmethodservice.IInputMethodWrapper.executeMessage(IInputMethodWrapper.java:201)
I/EmojiCompatManager( 1397): 	at com.android.internal.os.HandlerCaller$MyHandler.handleMessage(HandlerCaller.java:44)
I/EmojiCompatManager( 1397): 	at android.os.Handler.dispatchMessage(Handler.java:110)
I/EmojiCompatManager( 1397): 	at android.os.Looper.loopOnce(Looper.java:248)
I/EmojiCompatManager( 1397): 	at android.os.Looper.loop(Looper.java:338)
I/EmojiCompatManager( 1397): 	at android.app.ActivityThread.main(ActivityThread.java:9067)
I/EmojiCompatManager( 1397): 	at java.lang.reflect.Method.invoke(Native Method)
I/EmojiCompatManager( 1397): 	at com.android.internal.os.RuntimeInit$MethodAndArgsCaller.run(RuntimeInit.java:593)
I/EmojiCompatManager( 1397): 	at com.android.internal.os.ZygoteInit.main(ZygoteInit.java:932)
W/PackageConfigPersister(  677): App-specific configuration not found for packageName: com.penkra.canvas.fixture and userId: 0
I/ImeTracker(  677): system_server:f37eaa6c: onCancelled at PHASE_SERVER_SHOULD_HIDE
D/NexusLauncherModelDelegate( 1050): notifySmartspaceEvent: SmartspaceTargetEvent{mSmartspaceTarget=null, mSmartspaceActionId='null', mEventType=7}
D/BackgroundInstallControlService(  677): Package event received: 0
W/System  ( 1050): A resource failed to call release. 
I/.canvas.fixture( 4471): Compiler allocated 5111KB to compile void android.view.ViewRootImpl.performTraversals()
I/FontLog ( 1266): Received query Noto Color Emoji Compat, URI content://com.google.android.gms.fonts [CONTEXT service_id=132 ]
I/FontLog ( 1266): Query [emojicompat-emoji-font] resolved to {Noto Color Emoji Compat, wdth 100.0, wght 400, ital 0.0, bestEffort false}, isVf false} [CONTEXT service_id=132 ]
I/FontLog ( 1266): Fetch {Noto Color Emoji Compat, wdth 100.0, wght 400, ital 0.0, bestEffort false}, isVf false} end status Status{statusCode=SUCCESS, resolution=null} [CONTEXT service_id=132 ]
I/netd    (  453): tetherGetStats() -> {[]} <1.30ms>
I/FontLog ( 1266): Pulling font file for id = 28, cache size = 12 [CONTEXT service_id=132 ]
I/FontLog ( 1266): Pulling font file for id = 28, cache size = 12 [CONTEXT service_id=132 ]
W/WindowOnBackDispatcher(  927): sendCancelIfRunning: isInProgress=false callback=android.view.ViewRootImpl$$ExternalSyntheticLambda13@91c8629
D/CoreBackPreview(  677): Window{36b272b u0 Splash Screen com.penkra.canvas.fixture EXITING}: Setting back callback null
D/wpa_supplicant(  909): nl80211: Drv Event 64 (NL80211_CMD_NOTIFY_CQM) received for wlan0
D/wpa_supplicant(  909): nl80211: Beacon loss event
D/wpa_supplicant(  909): wlan0: Event BEACON_LOSS (53) received
I/wpa_supplicant(  909): wlan0: CTRL-EVENT-BEACON-LOSS 
D/ActivityManager(  677): freezing 1712 com.google.android.gms
D/WifiClientModeImpl[15875:wlan0](  677): updateLinkLayerStatsRssiSpeedFrequencyCapabilities rssi=-50 TxLinkspeed=1 freq=2447 RxLinkSpeed=2
D/WifiDataStall(  677): tx tput in kbps: 11000
D/WifiDataStall(  677): rx tput in kbps: 11000
V/WifiConfigManager(  677): Updating scan detail cache freq=2447 BSSID=00:13:10:85:fe:01 RSSI=-50 for "AndroidWifi"NONE
D/WifiThroughputPredictor(  677):  utilization (LLS) 80 isBluetoothConnected: false final utilization: 80
D/WifiThroughputPredictor(  677):  BW: 0 RSSI: -50 Nss: 1 Mode: 1 symDur: 4000 snrDb 30 bitPerTone: 4500 rate: 54 throughput: 11
D/WifiThroughputPredictor(  677):  utilization (LLS) 80 isBluetoothConnected: false final utilization: 80
D/WifiThroughputPredictor(  677):  BW: 0 RSSI: -50 Nss: 1 Mode: 1 symDur: 4000 snrDb 30 bitPerTone: 4500 rate: 54 throughput: 11
D/WifiThroughputPredictor(  677):  utilization (LLS) 80 isBluetoothConnected: false final utilization: 80
D/WifiThroughputPredictor(  677):  BW: 0 RSSI: -50 Nss: 1 Mode: 1 symDur: 4000 snrDb 30 bitPerTone: 4500 rate: 54 throughput: 11
D/WifiThroughputPredictor(  677):  utilization (LLS) 80 isBluetoothConnected: false final utilization: 80
D/WifiThroughputPredictor(  677):  BW: 0 RSSI: -50 Nss: 1 Mode: 1 symDur: 4000 snrDb 30 bitPerTone: 4500 rate: 54 throughput: 11
D/WifiScoreCard(  677): BSSID update SIGNAL_POLL ID: 10023120 SSID: "AndroidWifi", BSSID: 00:13:10:85:fe:01, MAC: 02:15:b2:00:00:00, IP: /10.0.2.16, Security type: 0, Supplicant state: COMPLETED, Wi-Fi standard: legacy, RSSI: -50, Link speed: 1Mbps, Tx Link speed: 1Mbps, Max Supported Tx Link speed: 11Mbps, Rx Link speed: 2Mbps, Max Supported Rx Link speed: 11Mbps, Frequency: 2447MHz, Net ID: 0, Metered hint: false, score: 60, isUsable: true, CarrierMerged: false, SubscriptionId: -1, IsPrimary: 1, Trusted: true, Restricted: false, Ephemeral: false, OEM paid: false, OEM private: false, OSU AP: false, FQDN: <none>, Provider friendly name: <none>, Requesting package name: <none>"AndroidWifi"openMLO Information: , Is TID-To-Link negotiation supported by the AP: false, AP MLD Address: <none>, AP MLO Link Id: <none>, AP MLO Affiliated links: <none>, Vendor Data: <none>
D/WifiScoreCard(  677): txRate: 1 txSpeed: 1
D/WifiScoreCard(  677): network update SIGNAL_POLL "AndroidWifi" ID: 353851559 RSSI -50 txSpeed -1
D/WifiClientModeImpl[15875:wlan0](  677):  ClientModeImpl$L2ConnectedState screen=on 1 0 "AndroidWifi" 00:13:10:85:fe:01 rssi=-50 f=2447 sc=60 link=1 tx=0.0, 0.0, 0.0 rx=0.0 bcn=0 [on:0 tx:0 rx:0 period:3006] from screen [on:0 period:2104480229] score=60
D/ActivityManager(  677): freezing 3463 com.google.android.apps.photos
D/InetDiagMessage(  677): Destroyed 0 sockets, proto=IPPROTO_TCP, family=AF_INET, states=14
D/InetDiagMessage(  677): Destroyed 0 sockets, proto=IPPROTO_TCP, family=AF_INET6, states=14
D/InetDiagMessage(  677): Destroyed live tcp sockets for uids={10169} in 1ms
D/SatelliteController( 1042): iisInCarrierRoamingNbIotNtn: satellite is disabled
E/TaskPersister(  677): File error accessing recents directory (directory doesn't exist?).
I/bdee    ( 1490): (REDACTED) getHotwordActive::active query: %s, watch: %s, devices connected: %s

