Timestamp               Ty Process[PID:TID]
2026-09-07 13:26:14.597 Df log[23534:0] [com.apple.log:] log run noninteractively, parent: 97696 (launchd_sim), args: 'log' 'show' '--style' 'compact' '--start' '@1788809173' '--predicate' 'eventMessage CONTAINS[c] "LUNA_FIXED_TEXT_READY" OR eventMessage CONTAINS[c] "LUNA_FIXED_TEXT_ROOT"'
2026-09-07 13:26:15.957 Df log[23563:0] [com.apple.log:] log run noninteractively, parent: 97696 (launchd_sim), args: 'log' 'show' '--style' 'compact' '--start' '@1788809174' '--predicate' 'eventMessage CONTAINS[c] "LUNA_FIXED_TEXT_READY" OR eventMessage CONTAINS[c] "LUNA_FIXED_TEXT_ROOT"'
2026-09-07 13:26:17.634 Df log[23598:0] [com.apple.log:] log run noninteractively, parent: 97696 (launchd_sim), args: 'log' 'show' '--style' 'compact' '--start' '@1788809174' '--predicate' 'eventMessage CONTAINS[c] "LUNA_FIXED_TEXT_READY" OR eventMessage CONTAINS[c] "LUNA_FIXED_TEXT_ROOT"'
2026-09-07 13:26:17.743 Df CanvasFixedTextEvidence[23599:5484618] (Foundation) LUNA_FIXED_TEXT_READY case=fixed-text-rich-run-decorations nonce=fixed-text-iphone-large-accessibility-extra-extra-large-rich-run-decorations-1668f1a0-7acc-4b81-8abe-acfc13b0ae73
2026-09-07 13:26:17.743 Df CanvasFixedTextEvidence[23599:5484618] (Foundation) LUNA_FIXED_TEXT_ROOT case=fixed-text-rich-run-decorations nonce=fixed-text-iphone-large-accessibility-extra-extra-large-rich-run-decorations-1668f1a0-7acc-4b81-8abe-acfc13b0ae73 frame=31.000,361.000 340.000x180.000 scale=3.000
2026-09-07 13:26:18.593 Df log[23624:0] [com.apple.log:] log run noninteractively, parent: 97696 (launchd_sim), args: 'log' 'show' '--style' 'compact' '--start' '@1788809177' '--predicate' 'eventMessage CONTAINS[c] "LUNA_FIXED_TEXT_READY" OR eventMessage CONTAINS[c] "LUNA_FIXED_TEXT_ROOT"'
2026-09-07 13:26:19.369 Df log[23698:0] [com.apple.log:] log run noninteractively, parent: 97696 (launchd_sim), args: 'log' 'show' '--style' 'compact' '--start' '@1788809174' '--predicate' 'eventMessage CONTAINS[c] "LUNA_FIXED_TEXT_READY" OR eventMessage CONTAINS[c] "LUNA_FIXED_TEXT_ROOT"'
2026-09-07 13:26:21.077 Df log[23848:0] [com.apple.log:] log run noninteractively, parent: 97696 (launchd_sim), args: 'log' 'show' '--style' 'compact' '--start' '@1788809174' '--predicate' 'eventMessage CONTAINS[c] "LUNA_FIXED_TEXT_READY" OR eventMessage CONTAINS[c] "LUNA_FIXED_TEXT_ROOT"'
2026-09-07 13:26:22.638 Df CanvasFixedTextEvidence[23994:5484913] (Foundation) LUNA_FIXED_TEXT_READY case=fixed-text-marks-and-paragraphs nonce=fixed-text-iphone-large-accessibility-extra-extra-large-marks-and-paragraphs-a0863709-9ef3-459e-9ff6-96c668851c7c
2026-09-07 13:26:22.639 Df CanvasFixedTextEvidence[23994:5484913] (Foundation) LUNA_FIXED_TEXT_ROOT case=fixed-text-marks-and-paragraphs nonce=fixed-text-iphone-large-accessibility-extra-extra-large-marks-and-paragraphs-a0863709-9ef3-459e-9ff6-96c668851c7c frame=31.000,361.000 340.000x180.000 scale=3.000
2026-09-07 13:26:22.725 Df log[23996:0] [com.apple.log:] log run noninteractively, parent: 97696 (launchd_sim), args: 'log' 'show' '--style' 'compact' '--start' '@1788809174' '--predicate' 'eventMessage CONTAINS[c] "LUNA_FIXED_TEXT_READY" OR eventMessage CONTAINS[c] "LUNA_FIXED_TEXT_ROOT"'
2026-09-07 13:26:23.444 Df log[24108:0] [com.apple.log:] log run noninteractively, parent: 97696 (launchd_sim), args: 'log' 'show' '--style' 'compact' '--start' '@1788809181' '--predicate' 'eventMessage CONTAINS[c] "LUNA_FIXED_TEXT_READY" OR eventMessage CONTAINS[c] "LUNA_FIXED_TEXT_ROOT"'
2026-09-07 13:26:24.369 Df log[24128:0] [com.apple.log:] log run noninteractively, parent: 97696 (launchd_sim), args: 'log' 'show' '--style' 'compact' '--start' '@1788809174' '--predicate' 'eventMessage CONTAINS[c] "LUNA_FIXED_TEXT_READY" OR eventMessage CONTAINS[c] "LUNA_FIXED_TEXT_ROOT"'
2026-09-07 13:26:25.821 Df log[24148:0] [com.apple.log:] log run noninteractively, parent: 97696 (launchd_sim), args: 'log' 'show' '--style' 'compact' '--start' '@1788809174' '--predicate' 'eventMessage CONTAINS[c] "LUNA_FIXED_TEXT_READY" OR eventMessage CONTAINS[c] "LUNA_FIXED_TEXT_ROOT"'
2026-09-07 13:26:26.506 Df CanvasFixedTextEvidence[24159:5484a4a] (Foundation) LUNA_FIXED_TEXT_READY case=fixed-text-text-growth-auto nonce=fixed-text-iphone-large-accessibility-extra-extra-large-text-growth-auto-f5b08345-347d-4d4e-b7c0-97db65e2b4bb
2026-09-07 13:26:26.506 Df CanvasFixedTextEvidence[24159:5484a4a] (Foundation) LUNA_FIXED_TEXT_ROOT case=fixed-text-text-growth-auto nonce=fixed-text-iphone-large-accessibility-extra-extra-large-text-growth-auto-f5b08345-347d-4d4e-b7c0-97db65e2b4bb frame=31.000,361.000 340.000x180.000 scale=3.000
2026-09-07 13:26:27.140 Df log[24178:0] [com.apple.log:] log run noninteractively, parent: 97696 (launchd_sim), args: 'log' 'show' '--style' 'compact' '--start' '@1788809185' '--predicate' 'eventMessage CONTAINS[c] "LUNA_FIXED_TEXT_READY" OR eventMessage CONTAINS[c] "LUNA_FIXED_TEXT_ROOT"'
2026-09-07 13:26:27.270 Df log[24179:0] [com.apple.log:] log run noninteractively, parent: 97696 (launchd_sim), args: 'log' 'show' '--style' 'compact' '--start' '@1788809174' '--predicate' 'eventMessage CONTAINS[c] "LUNA_FIXED_TEXT_READY" OR eventMessage CONTAINS[c] "LUNA_FIXED_TEXT_ROOT"'
2026-09-07 13:26:28.765 Df log[24370:0] [com.apple.log:] log run noninteractively, parent: 97696 (launchd_sim), args: 'log' 'show' '--style' 'compact' '--start' '@1788809174' '--predicate' 'eventMessage CONTAINS[c] "LUNA_FIXED_TEXT_READY" OR eventMessage CONTAINS[c] "LUNA_FIXED_TEXT_ROOT"'
2026-09-07 13:26:29.959 Df CanvasFixedTextEvidence[24466:5484cc8] (Foundation) LUNA_FIXED_TEXT_READY case=fixed-text-text-growth-fixed-width nonce=fixed-text-iphone-large-accessibility-extra-extra-large-text-growth-fixed-width-64b6b27e-0c76-4f6c-aa80-045003df7b7d
2026-09-07 13:26:29.960 Df CanvasFixedTextEvidence[24466:5484cc8] (Foundation) LUNA_FIXED_TEXT_ROOT case=fixed-text-text-growth-fixed-width nonce=fixed-text-iphone-large-accessibility-extra-extra-large-text-growth-fixed-width-64b6b27e-0c76-4f6c-aa80-045003df7b7d frame=31.000,361.000 340.000x180.000 scale=3.000
2026-09-07 13:26:30.323 Df log[24477:0] [com.apple.log:] log run noninteractively, parent: 97696 (launchd_sim), args: 'log' 'show' '--style' 'compact' '--start' '@1788809174' '--predicate' 'eventMessage CONTAINS[c] "LUNA_FIXED_TEXT_READY" OR eventMessage CONTAINS[c] "LUNA_FIXED_TEXT_ROOT"'
2026-09-07 13:26:30.594 Df log[24487:0] [com.apple.log:] log run noninteractively, parent: 97696 (launchd_sim), args: 'log' 'show' '--style' 'compact' '--start' '@1788809189' '--predicate' 'eventMessage CONTAINS[c] "LUNA_FIXED_TEXT_READY" OR eventMessage CONTAINS[c] "LUNA_FIXED_TEXT_ROOT"'
2026-09-07 13:26:31.783 Df log[24506:0] [com.apple.log:] log run noninteractively, parent: 97696 (launchd_sim), args: 'log' 'show' '--style' 'compact' '--start' '@1788809174' '--predicate' 'eventMessage CONTAINS[c] "LUNA_FIXED_TEXT_READY" OR eventMessage CONTAINS[c] "LUNA_FIXED_TEXT_ROOT"'
2026-09-07 13:26:33.327 Df CanvasFixedTextEvidence[24540:5484dc9] (Foundation) LUNA_FIXED_TEXT_READY case=fixed-text-text-growth-fixed-width-height nonce=fixed-text-iphone-large-accessibility-extra-extra-large-text-growth-fixed-width-height-0b29100f-c423-437d-b62d-3887f25332fe
2026-09-07 13:26:33.327 Df CanvasFixedTextEvidence[24540:5484dc9] (Foundation) LUNA_FIXED_TEXT_ROOT case=fixed-text-text-growth-fixed-width-height nonce=fixed-text-iphone-large-accessibility-extra-extra-large-text-growth-fixed-width-height-0b29100f-c423-437d-b62d-3887f25332fe frame=31.000,361.000 340.000x180.000 scale=3.000
2026-09-07 13:26:33.444 Df log[24542:0] [com.apple.log:] log run noninteractively, parent: 97696 (launchd_sim), args: 'log' 'show' '--style' 'compact' '--start' '@1788809174' '--predicate' 'eventMessage CONTAINS[c] "LUNA_FIXED_TEXT_READY" OR eventMessage CONTAINS[c] "LUNA_FIXED_TEXT_ROOT"'
2026-09-07 13:26:34.474 Df log[24641:0] [com.apple.log:] log run noninteractively, parent: 97696 (launchd_sim), args: 'log' 'show' '--style' 'compact' '--start' '@1788809192' '--predicate' 'eventMessage CONTAINS[c] "LUNA_FIXED_TEXT_READY" OR eventMessage CONTAINS[c] "LUNA_FIXED_TEXT_ROOT"'
2026-09-07 13:26:35.602 Df log[24900:0] [com.apple.log:] log run noninteractively, parent: 97696 (launchd_sim), args: 'log' 'show' '--style' 'compact' '--start' '@1788809174' '--predicate' 'eventMessage CONTAINS[c] "LUNA_FIXED_TEXT_READY" OR eventMessage CONTAINS[c] "LUNA_FIXED_TEXT_ROOT"'
2026-09-07 13:26:37.193 Df log[25131:0] [com.apple.log:] log run noninteractively, parent: 97696 (launchd_sim), args: 'log' 'show' '--style' 'compact' '--start' '@1788809174' '--predicate' 'eventMessage CONTAINS[c] "LUNA_FIXED_TEXT_READY" OR eventMessage CONTAINS[c] "LUNA_FIXED_TEXT_ROOT"'
2026-09-07 13:26:40.677 Df log[25382:0] [com.apple.log:] log run noninteractively, parent: 97696 (launchd_sim), args: 'log' 'show' '--style' 'compact' '--start' '@1788809174' '--predicate' 'eventMessage CONTAINS[c] "LUNA_FIXED_TEXT_READY" OR eventMessage CONTAINS[c] "LUNA_FIXED_TEXT_ROOT"'
2026-09-07 13:26:44.683 Df log[25983:0] [com.apple.log:] log run noninteractively, parent: 97696 (launchd_sim), args: 'log' 'show' '--style' 'compact' '--start' '@1788809174' '--predicate' 'eventMessage CONTAINS[c] "LUNA_FIXED_TEXT_READY" OR eventMessage CONTAINS[c] "LUNA_FIXED_TEXT_ROOT"'
2026-09-07 13:26:47.076 Df log[26184:0] [com.apple.log:] log run noninteractively, parent: 97696 (launchd_sim), args: 'log' 'show' '--style' 'compact' '--start' '@1788809174' '--predicate' 'eventMessage CONTAINS[c] "LUNA_FIXED_TEXT_READY" OR eventMessage CONTAINS[c] "LUNA_FIXED_TEXT_ROOT"'
2026-09-07 13:26:49.584 Df log[26268:0] [com.apple.log:] log run noninteractively, parent: 97696 (launchd_sim), args: 'log' 'show' '--style' 'compact' '--start' '@1788809174' '--predicate' 'eventMessage CONTAINS[c] "LUNA_FIXED_TEXT_READY" OR eventMessage CONTAINS[c] "LUNA_FIXED_TEXT_ROOT"'
2026-09-07 13:26:54.263 Df log[26461:0] [com.apple.log:] log run noninteractively, parent: 97696 (launchd_sim), args: 'log' 'show' '--style' 'compact' '--start' '@1788809174' '--predicate' 'eventMessage CONTAINS[c] "LUNA_FIXED_TEXT_READY" OR eventMessage CONTAINS[c] "LUNA_FIXED_TEXT_ROOT"'
2026-09-07 13:26:57.983 Df log[26665:0] [com.apple.log:] log run noninteractively, parent: 97696 (launchd_sim), args: 'log' 'show' '--style' 'compact' '--start' '@1788809174' '--predicate' 'eventMessage CONTAINS[c] "LUNA_FIXED_TEXT_READY" OR eventMessage CONTAINS[c] "LUNA_FIXED_TEXT_ROOT"'

getpwuid_r did not find a match for uid 501
