Timestamp               Ty Process[PID:TID]
2026-09-07 14:05:43.283 Df log[3848:0] [com.apple.log:] log run noninteractively, parent: 97696 (launchd_sim), args: 'log' 'show' '--style' 'compact' '--start' '@1788811497' '--predicate' 'eventMessage CONTAINS[c] "LUNA_FLOW_PAINT_READY" OR eventMessage CONTAINS[c] "LUNA_FLOW_PAINT_ROOT"'
2026-09-07 14:05:44.500 Df CanvasFlowPaintEvidence[3860:54be55f] (Foundation) LUNA_FLOW_PAINT_READY case=wrap-horizontal-start nonce=missing
2026-09-07 14:05:44.501 Df CanvasFlowPaintEvidence[3860:54be55f] (Foundation) LUNA_FLOW_PAINT_ROOT case=wrap-horizontal-start nonce=missing frame=-9.000,271.000 420.000x360.000 scale=3.000
2026-09-07 14:05:45.170 Df log[3888:0] [com.apple.log:] log run noninteractively, parent: 97696 (launchd_sim), args: 'log' 'show' '--style' 'compact' '--start' '@1788811543' '--predicate' 'eventMessage CONTAINS[c] "LUNA_FLOW_PAINT_READY" OR eventMessage CONTAINS[c] "LUNA_FLOW_PAINT_ROOT"'
2026-09-07 14:05:46.611 Df log[3981:0] [com.apple.log:] log run noninteractively, parent: 97696 (launchd_sim), args: 'log' 'show' '--style' 'compact' '--start' '@1788811543' '--predicate' 'eventMessage CONTAINS[c] "LUNA_FLOW_PAINT_READY" OR eventMessage CONTAINS[c] "LUNA_FLOW_PAINT_ROOT"'
2026-09-07 14:05:48.046 Df log[3993:0] [com.apple.log:] log run noninteractively, parent: 97696 (launchd_sim), args: 'log' 'show' '--style' 'compact' '--start' '@1788811543' '--predicate' 'eventMessage CONTAINS[c] "LUNA_FLOW_PAINT_READY" OR eventMessage CONTAINS[c] "LUNA_FLOW_PAINT_ROOT"'
2026-09-07 14:05:49.480 Df log[4004:0] [com.apple.log:] log run noninteractively, parent: 97696 (launchd_sim), args: 'log' 'show' '--style' 'compact' '--start' '@1788811543' '--predicate' 'eventMessage CONTAINS[c] "LUNA_FLOW_PAINT_READY" OR eventMessage CONTAINS[c] "LUNA_FLOW_PAINT_ROOT"'
2026-09-07 14:05:50.970 Df log[4015:0] [com.apple.log:] log run noninteractively, parent: 97696 (launchd_sim), args: 'log' 'show' '--style' 'compact' '--start' '@1788811543' '--predicate' 'eventMessage CONTAINS[c] "LUNA_FLOW_PAINT_READY" OR eventMessage CONTAINS[c] "LUNA_FLOW_PAINT_ROOT"'
2026-09-07 14:05:52.435 Df log[4026:0] [com.apple.log:] log run noninteractively, parent: 97696 (launchd_sim), args: 'log' 'show' '--style' 'compact' '--start' '@1788811543' '--predicate' 'eventMessage CONTAINS[c] "LUNA_FLOW_PAINT_READY" OR eventMessage CONTAINS[c] "LUNA_FLOW_PAINT_ROOT"'
2026-09-07 14:05:53.879 Df log[4036:0] [com.apple.log:] log run noninteractively, parent: 97696 (launchd_sim), args: 'log' 'show' '--style' 'compact' '--start' '@1788811543' '--predicate' 'eventMessage CONTAINS[c] "LUNA_FLOW_PAINT_READY" OR eventMessage CONTAINS[c] "LUNA_FLOW_PAINT_ROOT"'
2026-09-07 14:05:55.316 Df log[4047:0] [com.apple.log:] log run noninteractively, parent: 97696 (launchd_sim), args: 'log' 'show' '--style' 'compact' '--start' '@1788811543' '--predicate' 'eventMessage CONTAINS[c] "LUNA_FLOW_PAINT_READY" OR eventMessage CONTAINS[c] "LUNA_FLOW_PAINT_ROOT"'
2026-09-07 14:05:56.758 Df log[4059:0] [com.apple.log:] log run noninteractively, parent: 97696 (launchd_sim), args: 'log' 'show' '--style' 'compact' '--start' '@1788811543' '--predicate' 'eventMessage CONTAINS[c] "LUNA_FLOW_PAINT_READY" OR eventMessage CONTAINS[c] "LUNA_FLOW_PAINT_ROOT"'
2026-09-07 14:05:58.192 Df log[4070:0] [com.apple.log:] log run noninteractively, parent: 97696 (launchd_sim), args: 'log' 'show' '--style' 'compact' '--start' '@1788811543' '--predicate' 'eventMessage CONTAINS[c] "LUNA_FLOW_PAINT_READY" OR eventMessage CONTAINS[c] "LUNA_FLOW_PAINT_ROOT"'
2026-09-07 14:05:59.618 Df log[4162:0] [com.apple.log:] log run noninteractively, parent: 97696 (launchd_sim), args: 'log' 'show' '--style' 'compact' '--start' '@1788811543' '--predicate' 'eventMessage CONTAINS[c] "LUNA_FLOW_PAINT_READY" OR eventMessage CONTAINS[c] "LUNA_FLOW_PAINT_ROOT"'
2026-09-07 14:06:01.061 Df log[4192:0] [com.apple.log:] log run noninteractively, parent: 97696 (launchd_sim), args: 'log' 'show' '--style' 'compact' '--start' '@1788811543' '--predicate' 'eventMessage CONTAINS[c] "LUNA_FLOW_PAINT_READY" OR eventMessage CONTAINS[c] "LUNA_FLOW_PAINT_ROOT"'
2026-09-07 14:06:02.506 Df log[4296:0] [com.apple.log:] log run noninteractively, parent: 97696 (launchd_sim), args: 'log' 'show' '--style' 'compact' '--start' '@1788811543' '--predicate' 'eventMessage CONTAINS[c] "LUNA_FLOW_PAINT_READY" OR eventMessage CONTAINS[c] "LUNA_FLOW_PAINT_ROOT"'
2026-09-07 14:06:03.953 Df log[4308:0] [com.apple.log:] log run noninteractively, parent: 97696 (launchd_sim), args: 'log' 'show' '--style' 'compact' '--start' '@1788811543' '--predicate' 'eventMessage CONTAINS[c] "LUNA_FLOW_PAINT_READY" OR eventMessage CONTAINS[c] "LUNA_FLOW_PAINT_ROOT"'
2026-09-07 14:06:05.421 Df log[4328:0] [com.apple.log:] log run noninteractively, parent: 97696 (launchd_sim), args: 'log' 'show' '--style' 'compact' '--start' '@1788811543' '--predicate' 'eventMessage CONTAINS[c] "LUNA_FLOW_PAINT_READY" OR eventMessage CONTAINS[c] "LUNA_FLOW_PAINT_ROOT"'
2026-09-07 14:06:06.862 Df log[4340:0] [com.apple.log:] log run noninteractively, parent: 97696 (launchd_sim), args: 'log' 'show' '--style' 'compact' '--start' '@1788811543' '--predicate' 'eventMessage CONTAINS[c] "LUNA_FLOW_PAINT_READY" OR eventMessage CONTAINS[c] "LUNA_FLOW_PAINT_ROOT"'
2026-09-07 14:06:08.306 Df log[4390:0] [com.apple.log:] log run noninteractively, parent: 97696 (launchd_sim), args: 'log' 'show' '--style' 'compact' '--start' '@1788811543' '--predicate' 'eventMessage CONTAINS[c] "LUNA_FLOW_PAINT_READY" OR eventMessage CONTAINS[c] "LUNA_FLOW_PAINT_ROOT"'
2026-09-07 14:06:09.768 Df log[4460:0] [com.apple.log:] log run noninteractively, parent: 97696 (launchd_sim), args: 'log' 'show' '--style' 'compact' '--start' '@1788811543' '--predicate' 'eventMessage CONTAINS[c] "LUNA_FLOW_PAINT_READY" OR eventMessage CONTAINS[c] "LUNA_FLOW_PAINT_ROOT"'
2026-09-07 14:06:11.267 Df log[4472:0] [com.apple.log:] log run noninteractively, parent: 97696 (launchd_sim), args: 'log' 'show' '--style' 'compact' '--start' '@1788811543' '--predicate' 'eventMessage CONTAINS[c] "LUNA_FLOW_PAINT_READY" OR eventMessage CONTAINS[c] "LUNA_FLOW_PAINT_ROOT"'
2026-09-07 14:06:12.707 Df log[4483:0] [com.apple.log:] log run noninteractively, parent: 97696 (launchd_sim), args: 'log' 'show' '--style' 'compact' '--start' '@1788811543' '--predicate' 'eventMessage CONTAINS[c] "LUNA_FLOW_PAINT_READY" OR eventMessage CONTAINS[c] "LUNA_FLOW_PAINT_ROOT"'
2026-09-07 14:06:14.160 Df log[4493:0] [com.apple.log:] log run noninteractively, parent: 97696 (launchd_sim), args: 'log' 'show' '--style' 'compact' '--start' '@1788811543' '--predicate' 'eventMessage CONTAINS[c] "LUNA_FLOW_PAINT_READY" OR eventMessage CONTAINS[c] "LUNA_FLOW_PAINT_ROOT"'
2026-09-07 14:06:15.618 Df log[4583:0] [com.apple.log:] log run noninteractively, parent: 97696 (launchd_sim), args: 'log' 'show' '--style' 'compact' '--start' '@1788811543' '--predicate' 'eventMessage CONTAINS[c] "LUNA_FLOW_PAINT_READY" OR eventMessage CONTAINS[c] "LUNA_FLOW_PAINT_ROOT"'
2026-09-07 14:06:17.078 Df log[4595:0] [com.apple.log:] log run noninteractively, parent: 97696 (launchd_sim), args: 'log' 'show' '--style' 'compact' '--start' '@1788811543' '--predicate' 'eventMessage CONTAINS[c] "LUNA_FLOW_PAINT_READY" OR eventMessage CONTAINS[c] "LUNA_FLOW_PAINT_ROOT"'
2026-09-07 14:06:18.521 Df log[4606:0] [com.apple.log:] log run noninteractively, parent: 97696 (launchd_sim), args: 'log' 'show' '--style' 'compact' '--start' '@1788811543' '--predicate' 'eventMessage CONTAINS[c] "LUNA_FLOW_PAINT_READY" OR eventMessage CONTAINS[c] "LUNA_FLOW_PAINT_ROOT"'
2026-09-07 14:06:20.025 Df log[4616:0] [com.apple.log:] log run noninteractively, parent: 97696 (launchd_sim), args: 'log' 'show' '--style' 'compact' '--start' '@1788811543' '--predicate' 'eventMessage CONTAINS[c] "LUNA_FLOW_PAINT_READY" OR eventMessage CONTAINS[c] "LUNA_FLOW_PAINT_ROOT"'
2026-09-07 14:06:21.501 Df log[4627:0] [com.apple.log:] log run noninteractively, parent: 97696 (launchd_sim), args: 'log' 'show' '--style' 'compact' '--start' '@1788811543' '--predicate' 'eventMessage CONTAINS[c] "LUNA_FLOW_PAINT_READY" OR eventMessage CONTAINS[c] "LUNA_FLOW_PAINT_ROOT"'
2026-09-07 14:06:22.954 Df log[4638:0] [com.apple.log:] log run noninteractively, parent: 97696 (launchd_sim), args: 'log' 'show' '--style' 'compact' '--start' '@1788811543' '--predicate' 'eventMessage CONTAINS[c] "LUNA_FLOW_PAINT_READY" OR eventMessage CONTAINS[c] "LUNA_FLOW_PAINT_ROOT"'
2026-09-07 14:06:24.420 Df log[4731:0] [com.apple.log:] log run noninteractively, parent: 97696 (launchd_sim), args: 'log' 'show' '--style' 'compact' '--start' '@1788811543' '--predicate' 'eventMessage CONTAINS[c] "LUNA_FLOW_PAINT_READY" OR eventMessage CONTAINS[c] "LUNA_FLOW_PAINT_ROOT"'
2026-09-07 14:06:25.898 Df log[4741:0] [com.apple.log:] log run noninteractively, parent: 97696 (launchd_sim), args: 'log' 'show' '--style' 'compact' '--start' '@1788811543' '--predicate' 'eventMessage CONTAINS[c] "LUNA_FLOW_PAINT_READY" OR eventMessage CONTAINS[c] "LUNA_FLOW_PAINT_ROOT"'
2026-09-07 14:06:27.366 Df log[4753:0] [com.apple.log:] log run noninteractively, parent: 97696 (launchd_sim), args: 'log' 'show' '--style' 'compact' '--start' '@1788811543' '--predicate' 'eventMessage CONTAINS[c] "LUNA_FLOW_PAINT_READY" OR eventMessage CONTAINS[c] "LUNA_FLOW_PAINT_ROOT"'

getpwuid_r did not find a match for uid 501
