--------- beginning of system
I/ActivityManager(  677): Force stopping com.penkra.canvas.fixture appid=10217 user=0: from pid 4073
I/ActivityManager(  677): Killing 4030:com.penkra.canvas.fixture/u0a217 (adj 0): stop com.penkra.canvas.fixture due to from pid 4073
W/ActivityTaskManager(  677): Force removing ActivityRecord{86996276 u0 com.penkra.canvas.fixture/.MainActivity t406 f}}: app died, no saved state
V/WindowManagerShell(  927): Transition requested (#26): android.os.BinderProxy@68ae5d2 TransitionRequestInfo { type = CLOSE, triggerTask = TaskInfo{userId=0 taskId=406 effectiveUid=10217 displayId=0 isRunning=false baseIntent=Intent { flg=0x10000000 cmp=com.penkra.canvas.fixture/.MainActivity } baseActivity=null topActivity=null origActivity=null realActivity=ComponentInfo{com.penkra.canvas.fixture/com.penkra.canvas.fixture.MainActivity} numActivities=0 lastActiveTime=92236 supportsMultiWindow=true resizeMode=1 isResizeable=true minWidth=-1 minHeight=-1 defaultMinSize=220 token=WCT{android.window.IWindowContainerToken$Stub$Proxy@d9606a3} topActivityType=1 pictureInPictureParams=null shouldDockBigOverlays=false launchIntoPipHostTaskId=-1 lastParentTaskIdBeforePip=-1 displayCutoutSafeInsets=Rect(0, 0 - 0, 0) topActivityInfo=null launchCookies=[] positionInParent=Point(0, 0) parentTaskId=-1 isFocused=true isVisible=true isVisibleRequested=true isTopActivityNoDisplay=false isSleeping=false locusId=null displayAreaFeatureId=1 isTopActivityTransparent=false isActivityStackTransparent=true lastNonFullscreenBounds=Rect(276, 694 - 804, 1774) capturedLink=null capturedLinkTimestamp=0 requestedVisibleTypes=-9 topActivityRequestOpenInBrowserEducationTimestamp=0 appCompatTaskInfo=AppCompatTaskInfo { topActivityInSizeCompat=false eligibleForLetterboxEducation= false isLetterboxEducationEnabled= false isLetterboxDoubleTapEnabled= false eligibleForUserAspectRatioButton= false topActivityBoundsLetterboxed= false isFromLetterboxDoubleTap= false topActivityLetterboxVerticalPosition= -1 topActivityLetterboxHorizontalPosition= -1 topActivityLetterboxWidth=-1 topActivityLetterboxHeight=-1 topActivityAppBounds=Rect(0, 0 - 0, 0) isUserFullscreenOverrideEnabled=false isSystemFullscreenOverrideEnabled=false hasMinAspectRatioOverride=false topActivityLetterboxBounds=null cameraCompatTaskInfo=CameraCompatTaskInfo { freeformCameraCompatMode=undefined}} topActivityMainWindowFrame=null}, pipChange = null, remoteTransition = null, displayChange = null, flags = 0, debugId = 26 }
D/BackgroundInstallControlService(  677): Package event received: 0
--------- beginning of main
I/BpBinder(  511): onLastStrongRef automatically unlinking death recipients: 
D/OomAdjuster(  677): Not killing cached processes
D/ViewRootImpl( 1050): Skipping stats log for color mode
D/BackgroundInstallControlService(  677): Package event received: 0
D/BackgroundInstallControlService(  677): Package event received: 0
I/AppWidgetServiceImpl(  677): startListening() 0
W/IPCThreadState(  677): Sending oneway calls to frozen process.
W/IPCThreadState(  677): Sending oneway calls to frozen process.
W/IPCThreadState(  677): Sending oneway calls to frozen process.
W/IPCThreadState(  677): Sending oneway calls to frozen process.
W/IPCThreadState(  677): Sending oneway calls to frozen process.
W/IPCThreadState(  677): Sending oneway calls to frozen process.
W/InputDispatcher(  677): channel '85c11d com.penkra.canvas.fixture/com.penkra.canvas.fixture.MainActivity' ~ Consumer closed input channel or an error occurred.  events=0x9
E/InputDispatcher(  677): channel '85c11d com.penkra.canvas.fixture/com.penkra.canvas.fixture.MainActivity' ~ Channel is unrecoverably broken and will be disposed!
I/adbd    (  521): Remote process closed the socket (on MSG_PEEK)
I/ImeTracker(  677): com.penkra.canvas.fixture:548861f7: onRequestHide at ORIGIN_SERVER reason HIDE_REMOVE_CLIENT fromUser false
I/ImeTracker(  677): com.penkra.canvas.fixture:548861f7: onCancelled at PHASE_SERVER_SHOULD_HIDE
I/AppsFilter(  677): interaction: PackageSetting{c11fd90 com.konsier.app.dev/10214} -> PackageSetting{db3e116 com.penkra.canvas.fixture/10217} BLOCKED
I/AppsFilter(  677): interaction: PackageSetting{ee5b68e com.penkra.canvas.qa.fonts/10219} -> PackageSetting{db3e116 com.penkra.canvas.fixture/10217} BLOCKED
I/AppsFilter(  677): interaction: PackageSetting{5422eaf com.penkra.canvas.qa.typomixed0606/10215} -> PackageSetting{db3e116 com.penkra.canvas.fixture/10217} BLOCKED
I/WindowManager(  677): WINDOW DIED Window{85c11d u0 com.penkra.canvas.fixture/com.penkra.canvas.fixture.MainActivity}
I/Zygote  (  456): Process 4030 exited due to signal 9 (Killed)
I/WindowManager(  677): WIN DEATH: Window{85c11d u0 com.penkra.canvas.fixture/com.penkra.canvas.fixture.MainActivity EXITING}
V/ActivityManager(  677): Got obituary of 4030:com.penkra.canvas.fixture
D/StatsLog( 1050): LAUNCHER_ONRESUME
W/ActivityManager(  677): setHasOverlayUi called on unknown pid: 4030
I/BpBinder(  511): onLastStrongRef automatically unlinking death recipients: 
I/netd    (  453): tetherGetStats() -> {[]} <0.24ms>
D/WindowManagerShell(  927): setLauncherKeepClearAreaHeight: visible=true, height=527
D/NexusLauncherModelDelegate( 1050): notifySmartspaceEvent: SmartspaceTargetEvent{mSmartspaceTarget=null, mSmartspaceActionId='null', mEventType=6}
I/AppWidgetServiceImpl(  677): Received broadcast: android.intent.action.PACKAGE_RESTARTED on user 0
I/AppWidgetServiceImpl(  677): Updating package stopped masked state for uid 10217 package com.penkra.canvas.fixture isStopped true
D/CarrierSvcBindHelper( 1042): onHandleForceStop: [com.penkra.canvas.fixture]
D/CarrierSvcBindHelper( 1042): No carrier app for: 0
D/QuickstepModelDelegate( 1050): notifyAppTargetEvent action=1 launchLocation=workspace/0/[-1,-1]/[1,1]
D/BaseDepthController( 1050): setSurface:
D/BaseDepthController( 1050): 	mWaitingOnSurfaceValidity: false
D/BaseDepthController( 1050): 	mBaseSurface: Surface(name=com.google.android.apps.nexuslauncher/com.google.android.apps.nexuslauncher.NexusLauncherActivity)/@0xb0cd91
I/AiAiEcho( 1487): Predicting[0]:  [CONTEXT sampling_count=5 ]
I/NotificationListener( 1050): Handling notification state refresh for android#0
I/libprocessgroup(  677): Removed cgroup /sys/fs/cgroup/apps/uid_10217/pid_4030
I/AiAiEcho( 1487): EchoTargets: 
I/AiAiEcho( 1487): Filtered by AiAi flag check: 
I/AiAiEcho( 1487): [CONTEXT ratelimit_period="10 SECONDS" ]
I/AiAiEcho( 1487): #remoteViewsTwiddler: feature disabled.
V/WindowManagerShell(  927): onTransitionReady(transaction=2907692860269)
V/WindowManagerShell(  927): onTransitionReady (#26) android.os.BinderProxy@68ae5d2: {id=26 t=CLOSE f=0x0 trk=0 r=[0@Point(0, 0)] c=[
V/WindowManagerShell(  927):         {m=TO_FRONT f=SHOW_WALLPAPER|MOVE_TO_TOP leash=Surface(name=Task=1)/@0xf88dd59 sb=Rect(0, 0 - 1080, 2400) eb=Rect(0, 0 - 1080, 2400) epz=Point(1080, 2400) d=0 taskParent=-1},
V/WindowManagerShell(  927):         {m=CLOSE f=NONE leash=Surface(name=Task=406)/@0xc8d8d1e sb=Rect(0, 0 - 1080, 2400) eb=Rect(0, 0 - 1080, 2400) epz=Point(1080, 2400) d=0 taskParent=-1},
V/WindowManagerShell(  927):         {m=TO_FRONT f=IS_WALLPAPER leash=Surface(name=WallpaperWindowToken{19b8f8f showWhenLocked=false})/@0xc7869ff sb=Rect(0, 0 - 1080, 2400) eb=Rect(0, 0 - 1080, 2400) epz=Point(1080, 2400) d=0}
V/WindowManagerShell(  927):     ]}
V/WindowManagerShell(  927): Playing animation for (#26) android.os.BinderProxy@68ae5d2@0
V/ShellRecents(  927): RecentsTransitionHandler.startAnimation: no controller found
V/WindowManagerShell(  927): Transition doesn't have explicit remote, search filters for match for {id=26 t=CLOSE f=0x0 trk=0 r=[0@Point(0, 0)] c=[{m=TO_FRONT f=SHOW_WALLPAPER|MOVE_TO_TOP leash=Surface(name=Task=1)/@0xf88dd59 sb=Rect(0, 0 - 1080, 2400) eb=Rect(0, 0 - 1080, 2400) epz=Point(1080, 2400) d=0 taskParent=-1},{m=CLOSE f=NONE leash=Surface(name=Task=406)/@0xc8d8d1e sb=Rect(0, 0 - 1080, 2400) eb=Rect(0, 0 - 1080, 2400) epz=Point(1080, 2400) d=0 taskParent=-1},{m=TO_FRONT f=IS_WALLPAPER leash=Surface(name=WallpaperWindowToken{19b8f8f showWhenLocked=false})/@0xc7869ff sb=Rect(0, 0 - 1080, 2400) eb=Rect(0, 0 - 1080, 2400) epz=Point(1080, 2400) d=0}]}
V/WindowManagerShell(  927):  Checking filter Pair{{types=[] flags=0x0] notFlags=0x0 checks=[{atype=undefined independent=true modes=[CLOSE,TO_BACK] flags=IN_TASK_WITH_EMBEDDED_ACTIVITY mustBeTask=false order=ANY topActivity=null launchCookie=null taskFragmentToken=android.os.BinderProxy@29d9206 windowingMode=undefined}]} RemoteTransition { remoteTransition = android.window.IRemoteTransition$Stub$Proxy@63930c7, appThread = android.app.IApplicationThread$Stub$Proxy@42096f4, debugName = overlayBackTransition }}
V/WindowManagerShell(  927):  Checking filter Pair{{types=[] flags=0x0] notFlags=0x0 checks=[{atype=dream independent=true modes=[OPEN,TO_FRONT] flags=NONE mustBeTask=false order=ANY topActivity=null launchCookie=null windowingMode=undefined},{atype=home independent=true modes=[CLOSE,TO_BACK] flags=NONE mustBeTask=false order=ANY topActivity=null launchCookie=null windowingMode=undefined}]} RemoteTransition { remoteTransition = android.window.IRemoteTransition$Stub$Proxy@496ce1d, appThread = android.app.IApplicationThread$Stub$Proxy@e70c892, debugName = LauncherToDream }}
V/WindowManagerShell(  927):  Checking filter Pair{{types=[] flags=0x0] notFlags=0x100 checks=[{atype=home independent=true modes=[OPEN,TO_FRONT] flags=NONE mustBeTask=false order=TOP topActivity=ComponentInfo{com.google.android.apps.nexuslauncher/com.google.android.apps.nexuslauncher.NexusLauncherActivity} launchCookie=null windowingMode=undefined},{atype=standard independent=true modes=[CLOSE,TO_BACK] flags=NONE mustBeTask=false order=ANY topActivity=null launchCookie=null windowingMode=undefined},{NOT atype=undefined independent=true modes=[] flags=NONE mustBeTask=true order=ANY topActivity=null launchCookie=null customAnim=true windowingMode=undefined}]} RemoteTransition { remoteTransition = android.window.IRemoteTransition$Stub$Proxy@60e1263, appThread = android.app.IApplicationThread$Stub$Proxy@92a2e60, debugName = QuickstepLaunchHome }}
D/RemoteTransitionHandler(  927): Found filterPair{{types=[] flags=0x0] notFlags=0x100 checks=[{atype=home independent=true modes=[OPEN,TO_FRONT] flags=NONE mustBeTask=false order=TOP topActivity=ComponentInfo{com.google.android.apps.nexuslauncher/com.google.android.apps.nexuslauncher.NexusLauncherActivity} launchCookie=null windowingMode=undefined},{atype=standard independent=true modes=[CLOSE,TO_BACK] flags=NONE mustBeTask=false order=ANY topActivity=null launchCookie=null windowingMode=undefined},{NOT atype=undefined independent=true modes=[] flags=NONE mustBeTask=true order=ANY topActivity=null launchCookie=null customAnim=true windowingMode=undefined}]} RemoteTransition { remoteTransition = android.window.IRemoteTransition$Stub$Proxy@60e1263, appThread = android.app.IApplicationThread$Stub$Proxy@92a2e60, debugName = QuickstepLaunchHome }}
V/WindowManagerShell(  927):  Delegate animation for (#26) to RemoteTransition { remoteTransition = android.window.IRemoteTransition$Stub$Proxy@60e1263, appThread = android.app.IApplicationThread$Stub$Proxy@92a2e60, debugName = QuickstepLaunchHome }
I/AiAiEcho( 1487): #postPredictionTargets: Sending updates to UISurface home with targets# 0 (types=[])
D/StateManager( 1050): createAtomicAnimation - fromState: Background, toState: Normal, partial trace:
D/StateManager( 1050): 	at com.android.quickstep.util.WorkspaceRevealAnim.prepareToAnimate(go/retraceme 43e00d9cd0eb17b3d9dd30fc1741b1c71445c4c0f7c8c9b81300265c86c5b873:22)
D/StateManager( 1050): 	at com.android.quickstep.util.WorkspaceRevealAnim.<init>(go/retraceme 43e00d9cd0eb17b3d9dd30fc1741b1c71445c4c0f7c8c9b81300265c86c5b873:11)
D/StateManager( 1050): 	at com.android.launcher3.QuickstepTransitionManager.createWallpaperOpenAnimations(go/retraceme 43e00d9cd0eb17b3d9dd30fc1741b1c71445c4c0f7c8c9b81300265c86c5b873:339)
D/b/311077782( 1050): LauncherAnimationRunner.setAnimation
V/WindowManager(  677): Sent Transition (#26) createdAt=09-07 13:53:51.119 via request=TransitionRequestInfo { type = CLOSE, triggerTask = TaskInfo{userId=0 taskId=406 effectiveUid=10217 displayId=0 isRunning=false baseIntent=Intent { flg=0x10000000 cmp=com.penkra.canvas.fixture/.MainActivity } baseActivity=null topActivity=null origActivity=null realActivity=ComponentInfo{com.penkra.canvas.fixture/com.penkra.canvas.fixture.MainActivity} numActivities=0 lastActiveTime=92236 supportsMultiWindow=true resizeMode=1 isResizeable=true minWidth=-1 minHeight=-1 defaultMinSize=220 token=WCT{RemoteToken{50c0fda Task{522ef5d #406 type=standard A=10217:com.penkra.canvas.fixture}}} topActivityType=1 pictureInPictureParams=null shouldDockBigOverlays=false launchIntoPipHostTaskId=-1 lastParentTaskIdBeforePip=-1 displayCutoutSafeInsets=Rect(0, 0 - 0, 0) topActivityInfo=null launchCookies=[] positionInParent=Point(0, 0) parentTaskId=-1 isFocused=true isVisible=true isVisibleRequested=true isTopActivityNoDisplay=false isSleeping=false locusId=null displayAreaFeatureId=1 isTopActivityTransparent=false isActivityStackTransparent=true lastNonFullscreenBounds=Rect(276, 694 - 804, 1774) capturedLink=null capturedLinkTimestamp=0 requestedVisibleTypes=-9 topActivityRequestOpenInBrowserEducationTimestamp=0 appCompatTaskInfo=AppCompatTaskInfo { topActivityInSizeCompat=false eligibleForLetterboxEducation= false isLetterboxEducationEnabled= false isLetterboxDoubleTapEnabled= false eligibleForUserAspectRatioButton= false topActivityBoundsLetterboxed= false isFromLetterboxDoubleTap= false topActivityLetterboxVerticalPosition= -1 topActivityLetterboxHorizontalPosition= -1 topActivityLetterboxWidth=-1 topActivityLetterboxHeight=-1 topActivityAppBounds=Rect(0, 0 - 0, 0) isUserFullscreenOverrideEnabled=false isSystemFullscreenOverrideEnabled=false hasMinAspectRatioOverride=false topActivityLetterboxBounds=null cameraCompatTaskInfo=CameraCompatTaskInfo { freeformCameraCompatMode=undefined}} topActivityMainWindowFrame=null}, pipChange = null, remoteTransition = null, displayChange = null, flags = 0, debugId = 26 }
V/WindowManager(  677):     startWCT=WindowContainerTransaction { changes= {} hops= [] errorCallbackToken=null taskFragmentOrganizer=null }
V/WindowManager(  677):     info={id=26 t=CLOSE f=0x0 trk=0 r=[0@Point(0, 0)] c=[
V/WindowManager(  677):         {WCT{RemoteToken{a8584bf Task{65ff867 #1 type=home}}} m=TO_FRONT f=SHOW_WALLPAPER|MOVE_TO_TOP leash=Surface(name=Task=1)/@0x724a548 sb=Rect(0, 0 - 1080, 2400) eb=Rect(0, 0 - 1080, 2400) epz=Point(1080, 2400) d=0 taskParent=-1},
V/WindowManager(  677):         {WCT{RemoteToken{50c0fda Task{522ef5d #406 type=standard A=10217:com.penkra.canvas.fixture}}} m=CLOSE f=NONE leash=Surface(name=Task=406)/@0x9ceafc sb=Rect(0, 0 - 1080, 2400) eb=Rect(0, 0 - 1080, 2400) epz=Point(1080, 2400) d=0 taskParent=-1},
V/WindowManager(  677):         {m=TO_FRONT f=IS_WALLPAPER leash=Surface(name=WallpaperWindowToken{19b8f8f showWhenLocked=false})/@0x2adf3eb sb=Rect(0, 0 - 1080, 2400) eb=Rect(0, 0 - 1080, 2400) epz=Point(1080, 2400) d=0}
V/WindowManager(  677):     ]}
D/ActivityManager(  677): sync unfroze 1712 com.google.android.gms for 6
W/ActivityTaskManager(  677): Unable to send transaction to client proc com.penkra.canvas.fixture: no app thread
V/WindowManager(  677): Unknown focus tokens, dropping reportFocusChanged
V/WindowManagerShell(  927):  animated by com.android.wm.shell.transition.RemoteTransitionHandler@ee80a28
W/ProcessStats(  677): Tracking association SourceState{ff4d07f com.google.android.gms.persistent/10144 ImpBg #2313} whose proc state 6 is better than process ProcessState{3a09cfb com.google.android.gms/10144 pkg=com.google.android.gms} proc state 14 (6 skipped)
D/SsBaseTemplateCard( 1050): No text view can be set up
D/SsBaseTemplateCard( 1050): Passed-in item info is null
D/SsBaseTemplateCard( 1050): Passed-in item info is null
D/SsBaseTemplateCard( 1050): Passed-in item info is null
I/SsBaseTemplateCard( 1050): Secondary card pane is null
I/ImeTracker(  677): com.google.android.apps.nexuslauncher:7d1b3195: onRequestHide at ORIGIN_SERVER reason HIDE_UNSPECIFIED_WINDOW fromUser false
W/ActivityTaskManager(  677): callingPackage for (uid=2000, pid=4079) has no WPC
D/InsetsController( 1050): hide(ime(), fromIme=false)
I/ImeTracker( 1050): com.google.android.apps.nexuslauncher:7d1b3195: onCancelled at PHASE_CLIENT_ALREADY_HIDDEN
V/GrammaticalInflectionUtils(  677): AttributionSource: AttributionSource { uid = 10217, packageName = null, attributionTag = null, token = android.os.Binder@544e582, deviceId = 0, next = null } does not have READ_SYSTEM_GRAMMATICAL_GENDER permission.
W/OptProp (  677): Cannot read opt property android.window.PROPERTY_COMPAT_ALLOW_USER_ASPECT_RATIO_OVERRIDE
W/OptProp (  677): Cannot read opt property android.window.PROPERTY_COMPAT_ALLOW_USER_ASPECT_RATIO_FULLSCREEN_OVERRIDE
W/OptProp (  677): Cannot read opt property android.window.PROPERTY_COMPAT_ALLOW_RESIZEABLE_ACTIVITY_OVERRIDES
W/OptProp (  677): Cannot read opt property android.window.PROPERTY_COMPAT_ALLOW_MIN_ASPECT_RATIO_OVERRIDE
W/OptProp (  677): Cannot read opt property android.window.PROPERTY_COMPAT_ALLOW_ORIENTATION_OVERRIDE
V/SplashScreenExceptionList(  677): SplashScreen checking exception for package com.penkra.canvas.fixture (target sdk:35) -> false
I/RanchuHwc(  477): logCompositionFallbackIfChanged: layer 58 CompositionType fallback from 2 to 1
I/RanchuHwc(  477): logCompositionFallbackIfChanged: layer 59 CompositionType fallback from 2 to 1
I/ActivityTaskManager(  677): Add Task{522ef5d #406 type=standard A=10217:com.penkra.canvas.fixture} to hidden list because adding Task{bee5077 #407 type=standard A=10217:com.penkra.canvas.fixture}
I/ActivityTaskManager(  677): START u0 {flg=0x10000000 xflg=0x5 cmp=com.penkra.canvas.fixture/.MainActivity (has extras)} with LAUNCH_MULTIPLE from uid 2000 (BAL_ALLOW_PERMISSION) result code=0
V/WindowManagerShell(  927): Transition requested (#27): android.os.BinderProxy@f1b99f7 TransitionRequestInfo { type = OPEN, triggerTask = TaskInfo{userId=0 taskId=407 effectiveUid=10217 displayId=0 isRunning=true baseIntent=Intent { flg=0x10000000 cmp=com.penkra.canvas.fixture/.MainActivity } baseActivity=ComponentInfo{com.penkra.canvas.fixture/com.penkra.canvas.fixture.MainActivity} topActivity=ComponentInfo{com.penkra.canvas.fixture/com.penkra.canvas.fixture.MainActivity} origActivity=null realActivity=ComponentInfo{com.penkra.canvas.fixture/com.penkra.canvas.fixture.MainActivity} numActivities=1 lastActiveTime=98645 supportsMultiWindow=true resizeMode=1 isResizeable=true minWidth=-1 minHeight=-1 defaultMinSize=220 token=WCT{android.window.IWindowContainerToken$Stub$Proxy@3b40064} topActivityType=1 pictureInPictureParams=null shouldDockBigOverlays=false launchIntoPipHostTaskId=-1 lastParentTaskIdBeforePip=-1 displayCutoutSafeInsets=Rect(0, 132 - 0, 0) topActivityInfo=ActivityInfo{d1ad2cd com.penkra.canvas.fixture.MainActivity} launchCookies=[] positionInParent=Point(0, 0) parentTaskId=-1 isFocused=false isVisible=false isVisibleRequested=false isTopActivityNoDisplay=false isSleeping=false locusId=null displayAreaFeatureId=1 isTopActivityTransparent=false isActivityStackTransparent=false lastNonFullscreenBounds=Rect(276, 694 - 804, 1774) capturedLink=null capturedLinkTimestamp=0 requestedVisibleTypes=-9 topActivityRequestOpenInBrowserEducationTimestamp=0 appCompatTaskInfo=AppCompatTaskInfo { topActivityInSizeCompat=false eligibleForLetterboxEducation= false isLetterboxEducationEnabled= true isLetterboxDoubleTapEnabled= false eligibleForUserAspectRatioButton= false topActivityBoundsLetterboxed= false isFromLetterboxDoubleTap= false topActivityLetterboxVerticalPosition= -1 topActivityLetterboxHorizontalPosition= -1 topActivityLetterboxWidth=-1 topActivityLetterboxHeight=-1 topActivityAppBounds=Rect(0, 0 - 1080, 2400) isUserFullscreenOverrideEnabled=false isSystemFullscreenOverrideEnabled=false hasMinAspectRatioOverride=false topActivityLetterboxBounds=null cameraCompatTaskInfo=CameraCompatTaskInfo { freeformCameraCompatMode=inactive}} topActivityMainWindowFrame=null}, pipChange = null, remoteTransition = null, displayChange = null, flags = 0, debugId = 27 }
D/ShellSplitScreen(  927): logExit: no-op, mLoggerSessionId is null
I/ImeTracker(  677): system_server:91372c06: onRequestHide at ORIGIN_SERVER reason IME_REQUESTED_CHANGED_LISTENER fromUser false
I/GoogleInputMethodService( 1397): GoogleInputMethodService.onFinishInput():2043 
W/HWUI    (  927): Image decoding logging dropped!
D/SplashScreenView(  927): Build android.window.SplashScreenView{fd3093d V.E...... ......ID 0,0-0,0}
D/SplashScreenView(  927): Icon: view: android.widget.ImageView{bd9b532 V.ED..... ......I. 0,0-0,0 #1020542 android:id/splashscreen_icon_view} drawable: com.android.wm.shell.startingsurface.SplashscreenIconDrawableFactory$ImmobileIconDrawable@7939283 size: 420
D/SplashScreenView(  927): Branding: view: android.view.View{4cb7c00 G.ED..... ......I. 0,0-0,0 #1020541 android:id/splashscreen_branding_view} drawable: null size w: 0 h: 0
I/Module  ( 1397): DeviceLockedStatusModuleProvider$Module.updateDeviceLockedStatus():100 repeatCheckTimes = 0, locked = false
I/GoogleInputMethodService( 1397): GoogleInputMethodService.onStartInput():1293 onStartInput(EditorInfo{EditorInfo{packageName=com.google.android.apps.nexuslauncher, inputType=0, inputTypeString=NULL, enableLearning=false, autoCorrection=false, autoComplete=false, imeOptions=0, privateImeOptions=null, actionName=UNSPECIFIED, actionLabel=null, initialSelStart=-1, initialSelEnd=-1, initialCapsMode=0, label=null, fieldId=0, fieldName=null, extras=null, hintText=null, hintLocales=[]}}, false)
I/Module  ( 1397): DeviceLockedStatusModuleProvider$Module.updateDeviceLockedStatus():100 repeatCheckTimes = 1, locked = false
I/EmojiCompatManager( 1397): EmojiCompatManager.getEmojiCompatIfLoaded():343 EmojiCompat.init() was never called.
I/EmojiCompatManager( 1397): java.lang.IllegalStateException: EmojiCompat is not initialized. Please call EmojiCompat.init() first
I/EmojiCompatManager( 1397): 	at asx.p(PG:6)
I/EmojiCompatManager( 1397): 	at axb.b(PG:13)
I/EmojiCompatManager( 1397): 	at jnr.b(PG:2)
I/EmojiCompatManager( 1397): 	at jnr.c(PG:4)
I/EmojiCompatManager( 1397): 	at jnr.f(PG:3)
I/EmojiCompatManager( 1397): 	at jnx.c(PG:3)
I/EmojiCompatManager( 1397): 	at kif.cz(PG:47)
I/EmojiCompatManager( 1397): 	at lhl.run(PG:1025)
I/EmojiCompatManager( 1397): 	at jaf.execute(PG:12)
I/EmojiCompatManager( 1397): 	at nco.v(PG:13)
I/EmojiCompatManager( 1397): 	at lhn.m(PG:96)
I/EmojiCompatManager( 1397): 	at lhn.k(PG:25)
I/EmojiCompatManager( 1397): 	at kgn.onStartInput(PG:250)
I/EmojiCompatManager( 1397): 	at android.inputmethodservice.InputMethodService.doStartInput(InputMethodService.java:3521)
I/EmojiCompatManager( 1397): 	at android.inputmethodservice.InputMethodService$InputMethodImpl.startInput(InputMethodService.java:879)
I/EmojiCompatManager( 1397): 	at android.inputmethodservice.InputMethodService$InputMethodImpl.dispatchStartInput(InputMethodService.java:908)
I/EmojiCompatManager( 1397): 	at android.inputmethodservice.IInputMethodWrapper.executeMessage(IInputMethodWrapper.java:201)
I/EmojiCompatManager( 1397): 	at com.android.internal.os.HandlerCaller$MyHandler.handleMessage(HandlerCaller.java:44)
I/EmojiCompatManager( 1397): 	at android.os.Handler.dispatchMessage(Handler.java:110)
I/EmojiCompatManager( 1397): 	at android.os.Looper.loopOnce(Looper.java:248)
I/EmojiCompatManager( 1397): 	at android.os.Looper.loop(Looper.java:338)
I/EmojiCompatManager( 1397): 	at android.app.ActivityThread.main(ActivityThread.java:9067)
I/EmojiCompatManager( 1397): 	at java.lang.reflect.Method.invoke(Native Method)
I/EmojiCompatManager( 1397): 	at com.android.internal.os.RuntimeInit$MethodAndArgsCaller.run(RuntimeInit.java:593)
I/EmojiCompatManager( 1397): 	at com.android.internal.os.ZygoteInit.main(ZygoteInit.java:932)
W/PackageConfigPersister(  677): App-specific configuration not found for packageName: com.google.android.apps.nexuslauncher and userId: 0
W/ActivityTaskManager(  677): Unable to send transaction to client proc com.penkra.canvas.fixture: no app thread
D/CoreBackPreview(  677): Window{40e8a4e u0 Splash Screen com.penkra.canvas.fixture}: Setting back callback OnBackInvokedCallbackInfo{mCallback=android.window.IOnBackInvokedCallback$Stub$Proxy@e61bc7c, mPriority=0, mIsAnimationCallback=false, mOverrideBehavior=0}
W/SplitSelectStateCtor( 1050): Missing session instanceIds
D/StatsLog( 1050): LAUNCHER_SPLIT_SELECTION_EXIT_INTERRUPTED
I/AppsFilter(  677): interaction: PackageSetting{c11fd90 com.konsier.app.dev/10214} -> PackageSetting{af33905 com.penkra.canvas.fixture/10217} BLOCKED
I/AppsFilter(  677): interaction: PackageSetting{ee5b68e com.penkra.canvas.qa.fonts/10219} -> PackageSetting{af33905 com.penkra.canvas.fixture/10217} BLOCKED
I/AppsFilter(  677): interaction: PackageSetting{5422eaf com.penkra.canvas.qa.typomixed0606/10215} -> PackageSetting{af33905 com.penkra.canvas.fixture/10217} BLOCKED
I/AppWidgetServiceImpl(  677): Received broadcast: android.intent.action.PACKAGE_UNSTOPPED on user 0
I/AppWidgetServiceImpl(  677): Updating package stopped masked state for uid 10217 package com.penkra.canvas.fixture isStopped false
D/WindowManagerShell(  927): setLauncherKeepClearAreaHeight: visible=false, height=527
V/GrammaticalInflectionUtils(  677): AttributionSource: AttributionSource { uid = 10217, packageName = null, attributionTag = null, token = android.os.Binder@544e582, deviceId = 0, next = null } does not have READ_SYSTEM_GRAMMATICAL_GENDER permission.
I/BpBinder(  511): onLastStrongRef automatically unlinking death recipients: 
I/NetworkScheduler.Stats( 1266): Task com.google.android.gms/com.google.android.gms.pay.gcmtask.PayGcmTaskService started execution. cause:4 exec_start_elapsed_seconds: 98 [CONTEXT service_id=218 ]
I/ImeTracker(  677): system_server:91372c06: onCancelled at PHASE_SERVER_SHOULD_HIDE
D/Zygote  (  456): Forked child process 4083
I/ActivityManager(  677): Start proc 4083:com.penkra.canvas.fixture/u0a217 for next-top-activity {com.penkra.canvas.fixture/com.penkra.canvas.fixture.MainActivity}
D/BackgroundInstallControlService(  677): Package event received: 0
V/WindowManagerShell(  927): onTransitionReady(transaction=2907692860283)
V/WindowManagerShell(  927): onTransitionReady (#27) android.os.BinderProxy@f1b99f7: {id=27 t=OPEN f=0x0 trk=0 r=[0@Point(0, 0)] c=[
V/WindowManagerShell(  927):         {m=OPEN f=NONE leash=Surface(name=Task=407)/@0xe05cee2 sb=Rect(0, 0 - 1080, 2400) eb=Rect(0, 0 - 1080, 2400) epz=Point(1080, 2400) d=0 taskParent=-1},
V/WindowManagerShell(  927):         {m=TO_BACK f=SHOW_WALLPAPER leash=Surface(name=Task=1)/@0x24e2273 sb=Rect(0, 0 - 1080, 2400) eb=Rect(0, 0 - 1080, 2400) epz=Point(1080, 2400) d=0 taskParent=-1},
V/WindowManagerShell(  927):         {m=TO_BACK f=IS_WALLPAPER leash=Surface(name=WallpaperWindowToken{19b8f8f showWhenLocked=false})/@0x1b5e530 sb=Rect(0, 0 - 1080, 2400) eb=Rect(0, 0 - 1080, 2400) epz=Point(1080, 2400) d=0}
V/WindowManagerShell(  927):     ]}
V/WindowManagerShell(  927): Transition (#27) android.os.BinderProxy@f1b99f7@0 ready while (#26) android.os.BinderProxy@68ae5d2@0 is still animating. Notify the animating transition in case they can be merged
V/WindowManagerShell(  927):    Merge into remote: RemoteTransition { remoteTransition = android.window.IRemoteTransition$Stub$Proxy@60e1263, appThread = android.app.IApplicationThread$Stub$Proxy@92a2e60, debugName = QuickstepLaunchHome }
I/NetworkScheduler.Stats( 1266): Task com.google.android.gms/com.google.android.gms.pay.gcmtask.PayGcmTaskService finished executing. cause:4 result: 1 elapsed_millis: 88 uptime_millis: 88 exec_start_elapsed_seconds: 98 [CONTEXT service_id=218 ]
I/.canvas.fixture( 4083): Late-enabling -Xcheck:jni
I/ActivityManager(  677): ProcessObserver broadcast disabled
V/WindowManager(  677): Sent Transition (#27) createdAt=09-07 13:53:51.196 via request=TransitionRequestInfo { type = OPEN, triggerTask = TaskInfo{userId=0 taskId=407 effectiveUid=10217 displayId=0 isRunning=true baseIntent=Intent { flg=0x10000000 cmp=com.penkra.canvas.fixture/.MainActivity } baseActivity=ComponentInfo{com.penkra.canvas.fixture/com.penkra.canvas.fixture.MainActivity} topActivity=ComponentInfo{com.penkra.canvas.fixture/com.penkra.canvas.fixture.MainActivity} origActivity=null realActivity=ComponentInfo{com.penkra.canvas.fixture/com.penkra.canvas.fixture.MainActivity} numActivities=1 lastActiveTime=98645 supportsMultiWindow=true resizeMode=1 isResizeable=true minWidth=-1 minHeight=-1 defaultMinSize=220 token=WCT{RemoteToken{c5822fe Task{bee5077 #407 type=standard A=10217:com.penkra.canvas.fixture}}} topActivityType=1 pictureInPictureParams=null shouldDockBigOverlays=false launchIntoPipHostTaskId=-1 lastParentTaskIdBeforePip=-1 displayCutoutSafeInsets=Rect(0, 132 - 0, 0) topActivityInfo=ActivityInfo{aa47a5f com.penkra.canvas.fixture.MainActivity} launchCookies=[] positionInParent=Point(0, 0) parentTaskId=-1 isFocused=false isVisible=false isVisibleRequested=false isTopActivityNoDisplay=false isSleeping=false locusId=null displayAreaFeatureId=1 isTopActivityTransparent=false isActivityStackTransparent=false lastNonFullscreenBounds=Rect(276, 694 - 804, 1774) capturedLink=null capturedLinkTimestamp=0 requestedVisibleTypes=-9 topActivityRequestOpenInBrowserEducationTimestamp=0 appCompatTaskInfo=AppCompatTaskInfo { topActivityInSizeCompat=false eligibleForLetterboxEducation= false isLetterboxEducationEnabled= true isLetterboxDoubleTapEnabled= false eligibleForUserAspectRatioButton= false topActivityBoundsLetterboxed= false isFromLetterboxDoubleTap= false topActivityLetterboxVerticalPosition= -1 topActivityLetterboxHorizontalPosition= -1 topActivityLetterboxWidth=-1 topActivityLetterboxHeight=-1 topActivityAppBounds=Rect(0, 0 - 1080, 2400) isUserFullscreenOverrideEnabled=false isSystemFullscreenOverrideEnabled=false hasMinAspectRatioOverride=false topActivityLetterboxBounds=null cameraCompatTaskInfo=CameraCompatTaskInfo { freeformCameraCompatMode=inactive}} topActivityMainWindowFrame=null}, pipChange = null, remoteTransition = null, displayChange = null, flags = 0, debugId = 27 }
V/WindowManager(  677):     startWCT=WindowContainerTransaction { changes= {} hops= [] errorCallbackToken=null taskFragmentOrganizer=null }
V/WindowManager(  677):     info={id=27 t=OPEN f=0x0 trk=0 r=[0@Point(0, 0)] c=[
V/WindowManager(  677):         {WCT{RemoteToken{c5822fe Task{bee5077 #407 type=standard A=10217:com.penkra.canvas.fixture}}} m=OPEN f=NONE leash=Surface(name=Task=407)/@0x37fd103 sb=Rect(0, 0 - 1080, 2400) eb=Rect(0, 0 - 1080, 2400) epz=Point(1080, 2400) d=0 taskParent=-1},
V/WindowManager(  677):         {WCT{RemoteToken{a8584bf Task{65ff867 #1 type=home}}} m=TO_BACK f=SHOW_WALLPAPER leash=Surface(name=Task=1)/@0x724a548 sb=Rect(0, 0 - 1080, 2400) eb=Rect(0, 0 - 1080, 2400) epz=Point(1080, 2400) d=0 taskParent=-1},
V/WindowManager(  677):         {m=TO_BACK f=IS_WALLPAPER leash=Surface(name=WallpaperWindowToken{19b8f8f showWhenLocked=false})/@0x2adf3eb sb=Rect(0, 0 - 1080, 2400) eb=Rect(0, 0 - 1080, 2400) epz=Point(1080, 2400) d=0}
V/WindowManager(  677):     ]}
V/WindowManagerShell(  927): Transition animation finished (aborted=false), notifying core (#26) android.os.BinderProxy@68ae5d2@0
V/WindowManager(  677): Finish Transition (#26): created at 09-07 13:53:51.119 collect-started=0.028ms request-sent=0.086ms started=4.761ms ready=13.402ms sent=39.364ms commit=26.639ms finished=152.324ms
I/IPCThreadState( 1490): oneway function results for code 2 on binder at 0xb4000078000306e0 will be dropped but finished with status UNKNOWN_TRANSACTION
E/IPCThreadState(  677): Binder transaction failure. id: 149704, BR_*: 29189, error: -22 (Invalid argument)
W/ActivityManager(  677): pid 677 system sent binder code 7 with flags 1 to frozen apps and got error -32
D/ActivityManager(  677): Too many transaction errors, throttling freezer binder callback.
W/WindowManager(  677): Exception thrown during dispatchAppVisibility Window{85c11d u0 com.penkra.canvas.fixture/com.penkra.canvas.fixture.MainActivity EXITING}
W/WindowManager(  677): android.os.DeadObjectException
W/WindowManager(  677): 	at android.os.BinderProxy.transactNative(Native Method)
W/WindowManager(  677): 	at android.os.BinderProxy.transact(BinderProxy.java:592)
W/WindowManager(  677): 	at android.view.IWindow$Stub$Proxy.dispatchAppVisibility(IWindow.java:557)
W/WindowManager(  677): 	at com.android.server.wm.WindowState.sendAppVisibilityToClients(WindowState.java:3151)
W/WindowManager(  677): 	at com.android.server.wm.WindowContainer.sendAppVisibilityToClients(WindowContainer.java:1311)
W/WindowManager(  677): 	at com.android.server.wm.WindowToken.setClientVisible(WindowToken.java:389)
W/WindowManager(  677): 	at com.android.server.wm.ActivityRecord.setClientVisible(ActivityRecord.java:6650)
W/WindowManager(  677): 	at com.android.server.wm.ActivityRecord.commitVisibility(ActivityRecord.java:5561)
W/WindowManager(  677): 	at com.android.server.wm.Transition.finishTransition(Transition.java:1391)
W/WindowManager(  677): 	at com.android.server.wm.TransitionController.finishTransition(TransitionController.java:1029)
W/WindowManager(  677): 	at com.android.server.wm.WindowOrganizerController.finishTransition(WindowOrganizerController.java:496)
W/WindowManager(  677): 	at android.window.IWindowOrganizerController$Stub.onTransact(IWindowOrganizerController.java:261)
W/WindowManager(  677): 	at com.android.server.wm.WindowOrganizerController.onTransact(WindowOrganizerController.java:223)
W/WindowManager(  677): 	at android.os.Binder.execTransactInternal(Binder.java:1426)
W/WindowManager(  677): 	at android.os.Binder.execTransact(Binder.java:1365)
W/Process (  677): Unable to open /proc/4030/status
--------- beginning of kernel
I/binder  ( 1111): 1111:677 cannot find target node
I/binder  ( 1111): 677:1111 transaction async to 0:0 failed 149704/29189/-22, size 64-0 line 3348
V/WindowManagerShell(  927): Playing animation for (#27) android.os.BinderProxy@f1b99f7@0
I/.canvas.fixture( 4083): Using CollectorTypeCMC GC.
V/ShellRecents(  927): RecentsTransitionHandler.startAnimation: no controller found
V/WindowManagerShell(  927): Transition doesn't have explicit remote, search filters for match for {id=27 t=OPEN f=0x0 trk=0 r=[0@Point(0, 0)] c=[{m=OPEN f=NONE leash=Surface(name=Task=407)/@0xe05cee2 sb=Rect(0, 0 - 1080, 2400) eb=Rect(0, 0 - 1080, 2400) epz=Point(1080, 2400) d=0 taskParent=-1},{m=TO_BACK f=SHOW_WALLPAPER leash=Surface(name=Task=1)/@0x24e2273 sb=Rect(0, 0 - 1080, 2400) eb=Rect(0, 0 - 1080, 2400) epz=Point(1080, 2400) d=0 taskParent=-1},{m=TO_BACK f=IS_WALLPAPER leash=Surface(name=WallpaperWindowToken{19b8f8f showWhenLocked=false})/@0x1b5e530 sb=Rect(0, 0 - 1080, 2400) eb=Rect(0, 0 - 1080, 2400) epz=Point(1080, 2400) d=0}]}
V/WindowManagerShell(  927):  Checking filter Pair{{types=[] flags=0x0] notFlags=0x0 checks=[{atype=undefined independent=true modes=[CLOSE,TO_BACK] flags=IN_TASK_WITH_EMBEDDED_ACTIVITY mustBeTask=false order=ANY topActivity=null launchCookie=null taskFragmentToken=android.os.BinderProxy@29d9206 windowingMode=undefined}]} RemoteTransition { remoteTransition = android.window.IRemoteTransition$Stub$Proxy@63930c7, appThread = android.app.IApplicationThread$Stub$Proxy@42096f4, debugName = overlayBackTransition }}
V/WindowManagerShell(  927):  Checking filter Pair{{types=[] flags=0x0] notFlags=0x0 checks=[{atype=dream independent=true modes=[OPEN,TO_FRONT] flags=NONE mustBeTask=false order=ANY topActivity=null launchCookie=null windowingMode=undefined},{atype=home independent=true modes=[CLOSE,TO_BACK] flags=NONE mustBeTask=false order=ANY topActivity=null launchCookie=null windowingMode=undefined}]} RemoteTransition { remoteTransition = android.window.IRemoteTransition$Stub$Proxy@496ce1d, appThread = android.app.IApplicationThread$Stub$Proxy@e70c892, debugName = LauncherToDream }}
V/WindowManagerShell(  927):  Checking filter Pair{{types=[] flags=0x0] notFlags=0x100 checks=[{atype=home independent=true modes=[OPEN,TO_FRONT] flags=NONE mustBeTask=false order=TOP topActivity=ComponentInfo{com.google.android.apps.nexuslauncher/com.google.android.apps.nexuslauncher.NexusLauncherActivity} launchCookie=null windowingMode=undefined},{atype=standard independent=true modes=[CLOSE,TO_BACK] flags=NONE mustBeTask=false order=ANY topActivity=null launchCookie=null windowingMode=undefined},{NOT atype=undefined independent=true modes=[] flags=NONE mustBeTask=true order=ANY topActivity=null launchCookie=null customAnim=true windowingMode=undefined}]} RemoteTransition { remoteTransition = android.window.IRemoteTransition$Stub$Proxy@60e1263, appThread = android.app.IApplicationThread$Stub$Proxy@92a2e60, debugName = QuickstepLaunchHome }}
V/WindowManagerShell(  927):  Delegate animation for (#27) to null
V/WindowManagerShell(  927): start default transition animation, info = {id=27 t=OPEN f=0x0 trk=0 r=[0@Point(0, 0)] c=[{m=OPEN f=NONE leash=Surface(name=Task=407)/@0xe05cee2 sb=Rect(0, 0 - 1080, 2400) eb=Rect(0, 0 - 1080, 2400) epz=Point(1080, 2400) d=0 taskParent=-1},{m=TO_BACK f=SHOW_WALLPAPER leash=Surface(name=Task=1)/@0x24e2273 sb=Rect(0, 0 - 1080, 2400) eb=Rect(0, 0 - 1080, 2400) epz=Point(1080, 2400) d=0 taskParent=-1},{m=TO_BACK f=IS_WALLPAPER leash=Surface(name=WallpaperWindowToken{19b8f8f showWhenLocked=false})/@0x1b5e530 sb=Rect(0, 0 - 1080, 2400) eb=Rect(0, 0 - 1080, 2400) epz=Point(1080, 2400) d=0}]}
V/WindowManagerShell(  927): loadAnimation: anim=android.view.animation.AnimationSet@f4c245c animAttr=0x13 type=OPEN isEntrance=false
V/WindowManagerShell(  927): loadAnimation: anim=android.view.animation.AnimationSet@1a7b365 animAttr=0x12 type=OPEN isEntrance=true
I/adbd    (  521): jdwp connection from 4083
V/WindowManagerShell(  927):  animated by com.android.wm.shell.transition.DefaultTransitionHandler@d69f2bf
D/RecentsView( 1050): onTaskRemoved: 406, not handling task stack changes
D/RecentsView( 1050): onTaskRemoved: 406, not handling task stack changes
W/TimedProcessReaper( 1587): Memory state is: 400
W/TimedProcessReaper( 1587): onTrimMemory=40. Killing process to refresh configuration
I/Process ( 1587): Sending signal. PID: 1587 SIG: 9
D/nativeloader( 4083): Load libframework-connectivity-tiramisu-jni.so using APEX ns com_android_tethering for caller /apex/com.android.tethering/javalib/framework-connectivity-t.jar: ok
E/BpTransactionCompletedListener(  511): Failed to transact (-32)
D/BackgroundInstallControlService(  677): Package event received: 0
E/AppOps  (  677): Bad call made by uid 1000. Package "com.google.android.googlequicksearchbox" does not belong to uid 1000.
I/Zygote  (  456): Process 1587 exited due to signal 9 (Killed)
W/ActivityManager(  677): pid 1490 com.google.android.googlequicksearchbox:interactor sent binder code 2 with flags 1 to frozen apps and got error -32
D/ActivityManager(  677): Too many transaction errors, throttling freezer binder callback.
I/libprocessgroup(  677): Removed cgroup /sys/fs/cgroup/apps/uid_10147/pid_1587
I/ActivityManager(  677): Process com.google.android.googlequicksearchbox:search (pid 1587) has died: cch+5 CEM 
D/ConnectivityService(  677): releasing NetworkRequest [ REQUEST id=84, [ Capabilities: INTERNET&NOT_RESTRICTED&TRUSTED&NOT_VCN_MANAGED&NOT_BANDWIDTH_CONSTRAINED Uid: 10147 RequestorUid: 10147 RequestorPkg: com.google.android.googlequicksearchbox UnderlyingNetworks: Null] ] (release request)
D/ConnectivityService(  677): releasing NetworkRequest [ REQUEST id=109, [ Capabilities: INTERNET&NOT_RESTRICTED&TRUSTED&NOT_VCN_MANAGED&NOT_BANDWIDTH_CONSTRAINED Uid: 10147 RequestorUid: 10147 RequestorPkg: com.google.android.googlequicksearchbox UnderlyingNetworks: Null] ] (release request)
D/ConnectivityService(  677): releasing NetworkRequest [ REQUEST id=104, [ Capabilities: INTERNET&NOT_RESTRICTED&TRUSTED&NOT_VCN_MANAGED&NOT_BANDWIDTH_CONSTRAINED Uid: 10147 RequestorUid: 10147 RequestorPkg: com.google.android.googlequicksearchbox UnderlyingNetworks: Null] ] (release request)
D/ConnectivityService(  677): releasing NetworkRequest [ REQUEST id=139, [ Transports: CELLULAR Capabilities: INTERNET&NOT_RESTRICTED&TRUSTED&NOT_VPN&NOT_VCN_MANAGED&NOT_BANDWIDTH_CONSTRAINED Uid: 10147 RequestorUid: 10147 RequestorPkg: com.google.android.googlequicksearchbox UnderlyingNetworks: Null] ] (release request)
W/BinderNative(  677): Uncaught exception from death notification
W/BinderNative(  677): java.lang.SecurityException: Specified package "com.google.android.googlequicksearchbox" under uid 1000 but it is not
W/BinderNative(  677): 	at com.android.server.appop.AppOpsService.verifyAndGetBypass(AppOpsService.java:5036)
W/BinderNative(  677): 	at com.android.server.appop.AppOpsService.verifyAndGetBypass(AppOpsService.java:4881)
W/BinderNative(  677): 	at com.android.server.appop.AppOpsService.verifyAndGetBypass(AppOpsService.java:4873)
W/BinderNative(  677): 	at com.android.server.appop.AppOpsService.stopWatchingAsyncNoted(AppOpsService.java:3815)
W/BinderNative(  677): 	at com.android.server.appop.AppOpsService.lambda$startWatchingAsyncNoted$8(AppOpsService.java:3791)
W/BinderNative(  677): 	at com.android.server.appop.AppOpsService.$r8$lambda$8-LvphSu5hQo1Pm8R22O3seI00E(AppOpsService.java:0)
W/BinderNative(  677): 	at com.android.server.appop.AppOpsService$$ExternalSyntheticLambda1.onInterfaceDied(R8$$SyntheticClass:0)
W/BinderNative(  677): 	at android.os.RemoteCallbackList$Builder$1.onCallbackDied(RemoteCallbackList.java:337)
W/BinderNative(  677): 	at android.os.RemoteCallbackList$Interface.binderDied(RemoteCallbackList.java:229)
W/BinderNative(  677): 	at android.os.IBinder$DeathRecipient.binderDied(IBinder.java:340)
W/BinderNative(  677): 	at android.os.BinderProxy.sendDeathNotice(BinderProxy.java:780)
I/zek     ( 1490): processToken binder died, :search process likely died
I/ConnectivityService(  677): Update capabilities for net 101 : -FOREGROUND
W/ActivityManager(  677): pid 2325 com.google.android.tts sent binder code 2 with flags 1 to frozen apps and got error -32
D/ActivityManager(  677): Too many transaction errors, throttling freezer binder callback.
I/Opa2NgaEvent( 1490): Search process died, resetting state.
W/OpaStateMachine( 1490): Search process died, entering IDLE
I/OpaStateMachine( 1490): (REDACTED) Entered state %s
I/netd    (  453): networkSetPermissionForNetwork(101, 1) <1.95ms>
W/IPCThreadState(  677): Sending oneway calls to frozen process.
E/IPCThreadState(  677): Binder transaction failure. id: 149950, BR_*: 29189, error: -22 (Invalid argument)
W/ActivityManager(  677): pid 677 system sent binder code 1 with flags 1 to frozen apps and got error -32
D/ActivityManager(  677): Too many transaction errors, throttling freezer binder callback.
I/binder  (  830): 830:677 cannot find target node
I/binder  (  830): 677:830 transaction async to 0:0 failed 149950/29189/-22, size 880-0 line 3348
E/ConnectivityService(  677): RemoteException caught trying to send a callback msg for NetworkRequest [ LISTEN id=128, [ Capabilities: INTERNET&NOT_RESTRICTED&TRUSTED&NOT_VCN_MANAGED&NOT_BANDWIDTH_CONSTRAINED Uid: 10147 RequestorUid: 10147 RequestorPkg: com.google.android.googlequicksearchbox UnderlyingNetworks: Null] ]
W/IPCThreadState(  677): Sending oneway calls to frozen process.
D/ConnectivityService(  677): releasing NetworkRequest [ REQUEST id=95, [ Capabilities: INTERNET&NOT_RESTRICTED&TRUSTED&NOT_VCN_MANAGED&NOT_BANDWIDTH_CONSTRAINED Uid: 10147 RequestorUid: 10147 RequestorPkg: com.google.android.googlequicksearchbox UnderlyingNetworks: Null] ] (release request)
D/ConnectivityService(  677): releasing NetworkRequest [ REQUEST id=127, [ Capabilities: INTERNET&NOT_RESTRICTED&TRUSTED&NOT_VCN_MANAGED&NOT_BANDWIDTH_CONSTRAINED Uid: 10147 RequestorUid: 10147 RequestorPkg: com.google.android.googlequicksearchbox UnderlyingNetworks: Null] ] (release request)
W/ActivityTaskManager(  677): takeTaskSnapshot: taskId=58 not found or not visible
W/ActivityTaskManager(  677): takeTaskSnapshot: taskId=61 not found or not visible
D/WorkspaceRevealAnim( 1050): onAnimationEnd: workspace alpha = 1.0
V/WindowManagerShell(  927): Transition animation finished (aborted=false), notifying core (#27) android.os.BinderProxy@f1b99f7@0
V/WindowManager(  677): Finish Transition (#27): created at 09-07 13:53:51.196 collect-started=0.015ms request-sent=7.852ms started=13.139ms ready=43.685ms sent=45.097ms commit=43.105ms finished=392.0ms
D/VRI[NexusLauncherActivity]( 1050): visibilityChanged oldVisibility=true newVisibility=false
V/WindowManagerShell(  927): Track 0 became idle
V/WindowManagerShell(  927): All active transition animations finished
D/NexusLauncherModelDelegate( 1050): notifySmartspaceEvent: SmartspaceTargetEvent{mSmartspaceTarget=null, mSmartspaceActionId='null', mEventType=7}
I/BpBinder(  677): onLastStrongRef automatically unlinking death recipients: 
D/nativeloader( 4083): Configuring clns-9 for other apk /data/app/~~XiF5IjFWBQZSqhr54nrKdA==/com.penkra.canvas.fixture-JMXL4nWTNIMbvXoGypvByg==/base.apk. target_sdk_version=35, uses_libraries=, library_path=/data/app/~~XiF5IjFWBQZSqhr54nrKdA==/com.penkra.canvas.fixture-JMXL4nWTNIMbvXoGypvByg==/lib/arm64:/data/app/~~XiF5IjFWBQZSqhr54nrKdA==/com.penkra.canvas.fixture-JMXL4nWTNIMbvXoGypvByg==/base.apk!/lib/arm64-v8a, permitted_path=/data:/mnt/expand:/data/user/0/com.penkra.canvas.fixture
D/CompatChangeReporter( 4083): Compat change id reported: 202956589; UID 10217; state: ENABLED
I/.canvas.fixture( 4083): AssetManager2(0xb40000777000e298) locale list changing from [] to [en-US]
V/GraphicsEnvironment( 4083): Currently set values for:
V/GraphicsEnvironment( 4083):   angle_gl_driver_selection_pkgs=[]
V/GraphicsEnvironment( 4083):   angle_gl_driver_selection_values=[]
V/GraphicsEnvironment( 4083): com.penkra.canvas.fixture is not listed in per-application setting
V/GraphicsEnvironment( 4083): ANGLE allowlist from config: com.dreamgames.royalmatch com.dts.freefiremax com.dxx.firenow com.gramgames.mergedragons com.ludo.king com.mojang.minecraftpe com.my.defense com.nintendo.zaka com.os.airforce com.playrix.fishdomdd.gplay io.teslatech.callbreak jp.konami.prospia net.peakgames.toonblast
V/GraphicsEnvironment( 4083): com.penkra.canvas.fixture is not listed in ANGLE allowlist or settings, returning default
V/GraphicsEnvironment( 4083): Neither updatable production driver nor prerelease driver is supported.
D/CompatChangeReporter( 4083): Compat change id reported: 279646685; UID 10217; state: ENABLED
W/OptProp (  677): Cannot read opt property android.window.PROPERTY_COMPAT_ENABLE_FAKE_FOCUS
D/BackgroundInstallControlService(  677): Package event received: 0
D/BackgroundInstallControlService(  677): Package event received: 0
I/DisplayManager( 4083): Choreographer implicitly registered for the refresh rate.
I/.canvas.fixture( 4083): AssetManager2(0xb40000777000f238) locale list changing from [] to [en-US]
E/ashmem  ( 4083): Pinning is deprecated since Android Q. Please use trim or other methods.
I/EGL_emulation( 4083): Opening libGLESv1_CM_emulation.so
I/EGL_emulation( 4083): Opening libGLESv2_emulation.so
D/CompatChangeReporter( 4083): Compat change id reported: 309578419; UID 10217; state: ENABLED
D/DesktopModeFlags( 4083): Toggle override initialized to: OVERRIDE_UNSET
W/HWUI    ( 4083): Failed to choose config with EGL_SWAP_BEHAVIOR_PRESERVED, retrying without...
W/HWUI    ( 4083): Failed to initialize 101010-2 format, error = EGL_SUCCESS
D/CompatChangeReporter( 4083): Compat change id reported: 352594277; UID 10217; state: ENABLED
D/CompatChangeReporter( 4083): Compat change id reported: 349153669; UID 10217; state: ENABLED
W/HWUI    ( 4083): Unknown dataspace 0
I/servicemanager(  219): Caller(pid=4083,uid=10217,sid=u:r:untrusted_app:s0:c217,c256,c512,c768) Found android.hardware.graphics.allocator.IAllocator/default in device VINTF manifest.
I/servicemanager(  219): Caller(pid=4083,uid=10217,sid=u:r:untrusted_app:s0:c217,c256,c512,c768) Found android.hardware.graphics.allocator.IAllocator/default in device VINTF manifest.
I/servicemanager(  219): Caller(pid=4083,uid=10217,sid=u:r:untrusted_app:s0:c217,c256,c512,c768) Found mapper/ranchu in device VINTF manifest.
D/CoreBackPreview(  677): Window{f72b6d1 u0 com.penkra.canvas.fixture/com.penkra.canvas.fixture.MainActivity}: Setting back callback OnBackInvokedCallbackInfo{mCallback=android.window.IOnBackInvokedCallback$Stub$Proxy@56de5a4, mPriority=0, mIsAnimationCallback=false, mOverrideBehavior=0}
I/CanvasFixedText( 4083): LUNA_FIXED_TEXT_READY case=rich-run-italic-spacing nonce=fixed-text-android-420-1-rich-run-italic-spacing-c5fa9668-604a-4801-b05a-c004b4f69d01
I/CanvasFixedText( 4083): LUNA_FIXED_TEXT_ROOT case=rich-run-italic-spacing nonce=fixed-text-android-420-1-rich-run-italic-spacing-c5fa9668-604a-4801-b05a-c004b4f69d01 x=0.0 y=0.0 width=893 height=473 scale=2.625
I/AidlLazyServiceRegistrar( 3756): Process has 0 (of 1 available) client(s) in use after notification artd has clients: 0
I/AidlLazyServiceRegistrar( 3756): Trying to shut down the service. No clients in use for any service in process.
I/AidlLazyServiceRegistrar( 3756): Unregistered all clients and exiting
I/servicemanager(  219): Notifying artd they don't (previously: do) have clients when we now have no record of a client
I/servicemanager(  219): Caller(pid=3756,uid=1082,sid=u:r:artd:s0) Unregistering artd
I/BpBinder(  219): onLastStrongRef automatically unlinking death recipients:
I/init    (    1): Service 'artd' (pid 3756) exited with status 0 oneshot service took 36.292999 seconds in background
I/init    (    1): Sending signal 9 to service 'artd' (pid 3756) process group...
I/libprocessgroup(    1): Removed cgroup /sys/fs/cgroup/system/uid_1082/pid_3756
I/ActivityTaskManager(  677): Displayed com.penkra.canvas.fixture/.MainActivity for user 0: +958ms
D/BaseDepthController( 1050): setSurface:
D/BaseDepthController( 1050): 	mWaitingOnSurfaceValidity: false
D/BaseDepthController( 1050): 	mBaseSurface: null
D/BaseDepthController( 1050): mSurface is null and mCurrentBlur is: 0
D/StateManager( 1050): goToState - fromState: Normal, toState: Normal, partial trace:
D/StateManager( 1050): 	at com.android.launcher3.statemanager.StateManager.moveToRestState(go/retraceme 43e00d9cd0eb17b3d9dd30fc1741b1c71445c4c0f7c8c9b81300265c86c5b873:4)
D/StateManager( 1050): 	at com.android.launcher3.statemanager.StateManager.moveToRestState(go/retraceme 43e00d9cd0eb17b3d9dd30fc1741b1c71445c4c0f7c8c9b81300265c86c5b873:1)
D/StateManager( 1050): 	at com.android.launcher3.statemanager.StatefulActivity.onStop(go/retraceme 43e00d9cd0eb17b3d9dd30fc1741b1c71445c4c0f7c8c9b81300265c86c5b873:34)
D/StatsLog( 1050): LAUNCHER_ONSTOP
D/StatsLog( 1050): LAUNCHER_GOOGLE_SEARCH_RESTORE_LIST_SIZE_AFTER_ACTIVITY_RESTART
I/AppWidgetServiceImpl(  677): setAppWidgetHidden() 0
D/BackgroundInstallControlService(  677): Package event received: 0
I/ImeTracker(  677): com.penkra.canvas.fixture:c4ccc910: onRequestHide at ORIGIN_SERVER reason HIDE_UNSPECIFIED_WINDOW fromUser false
D/InsetsController( 4083): hide(ime(), fromIme=false)
I/ImeTracker( 4083): com.penkra.canvas.fixture:c4ccc910: onCancelled at PHASE_CLIENT_ALREADY_HIDDEN
I/GoogleInputMethodService( 1397): GoogleInputMethodService.onFinishInput():2043 
I/Module  ( 1397): DeviceLockedStatusModuleProvider$Module.updateDeviceLockedStatus():100 repeatCheckTimes = 0, locked = false
I/GoogleInputMethodService( 1397): GoogleInputMethodService.onStartInput():1293 onStartInput(EditorInfo{EditorInfo{packageName=com.penkra.canvas.fixture, inputType=0, inputTypeString=NULL, enableLearning=false, autoCorrection=false, autoComplete=false, imeOptions=0, privateImeOptions=null, actionName=UNSPECIFIED, actionLabel=null, initialSelStart=-1, initialSelEnd=-1, initialCapsMode=0, label=null, fieldId=0, fieldName=null, extras=null, hintText=null, hintLocales=[]}}, false)
I/netd    (  453): tetherGetStats() -> {[]} <0.75ms>
I/ImeTracker(  677): system_server:1d77089: onRequestHide at ORIGIN_SERVER reason IME_REQUESTED_CHANGED_LISTENER fromUser false
I/Module  ( 1397): DeviceLockedStatusModuleProvider$Module.updateDeviceLockedStatus():100 repeatCheckTimes = 1, locked = false
I/EmojiCompatManager( 1397): EmojiCompatManager.getEmojiCompatIfLoaded():343 EmojiCompat.init() was never called.
I/EmojiCompatManager( 1397): java.lang.IllegalStateException: EmojiCompat is not initialized. Please call EmojiCompat.init() first
I/EmojiCompatManager( 1397): 	at asx.p(PG:6)
I/EmojiCompatManager( 1397): 	at axb.b(PG:13)
I/EmojiCompatManager( 1397): 	at jnr.b(PG:2)
I/EmojiCompatManager( 1397): 	at jnr.c(PG:4)
I/EmojiCompatManager( 1397): 	at jnr.f(PG:3)
I/EmojiCompatManager( 1397): 	at jnx.c(PG:3)
I/EmojiCompatManager( 1397): 	at kif.cz(PG:47)
I/EmojiCompatManager( 1397): 	at lhl.run(PG:1025)
I/EmojiCompatManager( 1397): 	at jaf.execute(PG:12)
I/EmojiCompatManager( 1397): 	at nco.v(PG:13)
I/EmojiCompatManager( 1397): 	at lhn.m(PG:96)
I/EmojiCompatManager( 1397): 	at lhn.k(PG:25)
I/EmojiCompatManager( 1397): 	at kgn.onStartInput(PG:250)
I/EmojiCompatManager( 1397): 	at android.inputmethodservice.InputMethodService.doStartInput(InputMethodService.java:3521)
I/EmojiCompatManager( 1397): 	at android.inputmethodservice.InputMethodService$InputMethodImpl.startInput(InputMethodService.java:879)
I/EmojiCompatManager( 1397): 	at android.inputmethodservice.InputMethodService$InputMethodImpl.dispatchStartInput(InputMethodService.java:908)
I/EmojiCompatManager( 1397): 	at android.inputmethodservice.IInputMethodWrapper.executeMessage(IInputMethodWrapper.java:201)
I/EmojiCompatManager( 1397): 	at com.android.internal.os.HandlerCaller$MyHandler.handleMessage(HandlerCaller.java:44)
I/EmojiCompatManager( 1397): 	at android.os.Handler.dispatchMessage(Handler.java:110)
I/EmojiCompatManager( 1397): 	at android.os.Looper.loopOnce(Looper.java:248)
I/EmojiCompatManager( 1397): 	at android.os.Looper.loop(Looper.java:338)
I/EmojiCompatManager( 1397): 	at android.app.ActivityThread.main(ActivityThread.java:9067)
I/EmojiCompatManager( 1397): 	at java.lang.reflect.Method.invoke(Native Method)
I/EmojiCompatManager( 1397): 	at com.android.internal.os.RuntimeInit$MethodAndArgsCaller.run(RuntimeInit.java:593)
I/EmojiCompatManager( 1397): 	at com.android.internal.os.ZygoteInit.main(ZygoteInit.java:932)
W/PackageConfigPersister(  677): App-specific configuration not found for packageName: com.penkra.canvas.fixture and userId: 0
I/ImeTracker(  677): system_server:1d77089: onCancelled at PHASE_SERVER_SHOULD_HIDE
I/.canvas.fixture( 4083): Compiler allocated 5111KB to compile void android.view.ViewRootImpl.performTraversals()
I/FontLog ( 1266): Received query Noto Color Emoji Compat, URI content://com.google.android.gms.fonts [CONTEXT service_id=132 ]
I/FontLog ( 1266): Query [emojicompat-emoji-font] resolved to {Noto Color Emoji Compat, wdth 100.0, wght 400, ital 0.0, bestEffort false}, isVf false} [CONTEXT service_id=132 ]
I/FontLog ( 1266): Fetch {Noto Color Emoji Compat, wdth 100.0, wght 400, ital 0.0, bestEffort false}, isVf false} end status Status{statusCode=SUCCESS, resolution=null} [CONTEXT service_id=132 ]
I/FontLog ( 1266): Pulling font file for id = 22, cache size = 18 [CONTEXT service_id=132 ]
I/FontLog ( 1266): Pulling font file for id = 22, cache size = 18 [CONTEXT service_id=132 ]
W/WindowOnBackDispatcher(  927): sendCancelIfRunning: isInProgress=false callback=android.view.ViewRootImpl$$ExternalSyntheticLambda13@bdacefb
D/CoreBackPreview(  677): Window{40e8a4e u0 Splash Screen com.penkra.canvas.fixture EXITING}: Setting back callback null
D/WifiClientModeImpl[15875:wlan0](  677): updateLinkLayerStatsRssiSpeedFrequencyCapabilities rssi=-50 TxLinkspeed=1 freq=2447 RxLinkSpeed=2
D/WifiDataStall(  677): tx tput in kbps: 11000
D/WifiDataStall(  677): rx tput in kbps: 11000
V/WifiConfigManager(  677): Updating scan detail cache freq=2447 BSSID=00:13:10:85:fe:01 RSSI=-50 for "AndroidWifi"NONE
D/WifiThroughputPredictor(  677):  utilization (LLS) 80 isBluetoothConnected: false final utilization: 80
D/WifiThroughputPredictor(  677):  BW: 0 RSSI: -50 Nss: 1 Mode: 1 symDur: 4000 snrDb 30 bitPerTone: 4500 rate: 54 throughput: 11
D/WifiThroughputPredictor(  677):  utilization (LLS) 80 isBluetoothConnected: false final utilization: 80
D/WifiThroughputPredictor(  677):  BW: 0 RSSI: -50 Nss: 1 Mode: 1 symDur: 4000 snrDb 30 bitPerTone: 4500 rate: 54 throughput: 11
D/WifiThroughputPredictor(  677):  utilization (LLS) 80 isBluetoothConnected: false final utilization: 80
D/WifiThroughputPredictor(  677):  BW: 0 RSSI: -50 Nss: 1 Mode: 1 symDur: 4000 snrDb 30 bitPerTone: 4500 rate: 54 throughput: 11
D/WifiThroughputPredictor(  677):  utilization (LLS) 80 isBluetoothConnected: false final utilization: 80
D/WifiThroughputPredictor(  677):  BW: 0 RSSI: -50 Nss: 1 Mode: 1 symDur: 4000 snrDb 30 bitPerTone: 4500 rate: 54 throughput: 11
D/WifiScoreCard(  677): BSSID update SIGNAL_POLL ID: 10023120 SSID: "AndroidWifi", BSSID: 00:13:10:85:fe:01, MAC: 02:15:b2:00:00:00, IP: /10.0.2.16, Security type: 0, Supplicant state: COMPLETED, Wi-Fi standard: legacy, RSSI: -50, Link speed: 1Mbps, Tx Link speed: 1Mbps, Max Supported Tx Link speed: 11Mbps, Rx Link speed: 2Mbps, Max Supported Rx Link speed: 11Mbps, Frequency: 2447MHz, Net ID: 0, Metered hint: false, score: 60, isUsable: true, CarrierMerged: false, SubscriptionId: -1, IsPrimary: 1, Trusted: true, Restricted: false, Ephemeral: false, OEM paid: false, OEM private: false, OSU AP: false, FQDN: <none>, Provider friendly name: <none>, Requesting package name: <none>"AndroidWifi"openMLO Information: , Is TID-To-Link negotiation supported by the AP: false, AP MLD Address: <none>, AP MLO Link Id: <none>, AP MLO Affiliated links: <none>, Vendor Data: <none>
D/WifiScoreCard(  677): txRate: 1 txSpeed: 1
D/WifiScoreCard(  677): network update SIGNAL_POLL "AndroidWifi" ID: 353851559 RSSI -50 txSpeed -1
D/WifiClientModeImpl[15875:wlan0](  677):  ClientModeImpl$L2ConnectedState screen=on 1 0 "AndroidWifi" 00:13:10:85:fe:01 rssi=-50 f=2447 sc=60 link=1 tx=0.7, 0.0, 0.0 rx=0.7 bcn=0 [on:0 tx:0 rx:0 period:3003] from screen [on:0 period:2104438148] score=60
D/WifiNetworkSelector(  677): Current connected network: 0
V/WifiConnectivityManager(  677): No full band scan because current network is sufficient
V/WifiConnectivityManager(  677): schedulePeriodicScanTimer intervalMs 80000
I/WifiScanningService(  677): Registering listener= com.android.server.wifi.scanner.WifiScannerInternal$ScanListener@c40f7ed uid=1000 packageName=null workSource=WorkSource{1000}
I/WifiScanningService(  677): start scan: ClientInfo[uid=1000, package=null, attributionTag=null, com.android.server.wifi.scanner.WifiScannerInternal$ScanListener@c40f7ed] package null AttributionTag null
I/WifiScanningService(  677): addSingleScanRequest: ClientInfo[uid=1000, package=null, attributionTag=null, com.android.server.wifi.scanner.WifiScannerInternal$ScanListener@c40f7ed],WorkSource{1010}, ScanSettings {  type:HIGH ACCURACY band:unspecified ignoreLocationSettings:false period:0 reportEvents:3 numBssidsPerScan:0 maxScansToCache:0 rnrSetting:2 6GhzPscOnlyEnabled:false channels:[ 2447  ]  } 
D/WifiScanningService(  677): replySucceeded onSuccess
D/wpa_supplicant(  909): nl80211: Drv Event 33 (NL80211_CMD_TRIGGER_SCAN) received for wlan0
D/wpa_supplicant(  909): wlan0: nl80211: Scan trigger
D/wpa_supplicant(  909): wlan0: Event SCAN_STARTED (47) received
D/wpa_supplicant(  909): wlan0: External program started a scan
D/wpa_supplicant(  909): nl80211: Drv Event 34 (NL80211_CMD_NEW_SCAN_RESULTS) received for wlan0
D/WifiNl80211Manager(  677): Scan result ready event
D/wpa_supplicant(  909): wlan0: nl80211: New scan results available
D/wpa_supplicant(  909): nl80211: Scan probed for SSID ''
D/wpa_supplicant(  909): nl80211: Scan included frequencies: 2447
D/wpa_supplicant(  909): wlan0: Event SCAN_RESULTS (3) received
D/WifiNative(  677): Scan result ready event
D/wpa_supplicant(  909): nl80211: Received scan results (1 BSSes)
D/wpa_supplicant(  909): nl80211: Scan results indicate BSS status with 00:13:10:85:fe:01 as associated
D/wpa_supplicant(  909): wlan0: BSS: Start scan result update 5
D/wpa_supplicant(  909): BSS: last_scan_res_used=1/32
D/wpa_supplicant(  909): wlan0: New scan results available (own=0 ext=1)
D/wpa_supplicant(  909): wlan0: Do not use results from externally requested scan operation for network selection
D/wpa_supplicant(  909): p2p-dev-wlan0: Updating scan results from sibling
D/wpa_supplicant(  909): nl80211: Received scan results (1 BSSes)
D/wpa_supplicant(  909): p2p-dev-wlan0: BSS: Start scan result update 5
D/wpa_supplicant(  909): BSS: last_scan_res_used=1/32
D/wpa_supplicant(  909): p2p-dev-wlan0: New scan results available (own=0 ext=1)
D/wpa_supplicant(  909): p2p-dev-wlan0: Do not use results from externally requested scan operation for network selection
D/WifiNl80211Manager(  677): get 1 scan results from wificond
D/WifiNative(  677): get 1 scan results from wificond
I/WifiScanningService(  677): singleScanResults: ClientInfo[uid=1000, package=null, attributionTag=null, com.android.server.wifi.scanner.WifiScannerInternal$ScanListener@c40f7ed],results=1
I/WifiScanningService(  677): singleScanResults listener: ClientInfo[uid=1000, package=android, attributionTag=null, com.android.server.wifi.scanner.WifiScannerInternal$ScanListener@c45e6ab],results=1
I/WifiScanningService(  677): singleScanResults listener: ClientInfo[uid=1000, package=android, attributionTag=null, com.android.server.wifi.scanner.WifiScannerInternal$ScanListener@f696920],results=1
I/WifiScanningService(  677): singleScanResults listener: ClientInfo[uid=1000, package=android, attributionTag=null, com.android.server.wifi.scanner.WifiScannerInternal$ScanListener@1efb9dc],results=1
I/WifiScanningService(  677): singleScanResults listener: ClientInfo[uid=10144, package=com.google.android.gms, attributionTag=network_location_provider, android.net.wifi.IWifiScannerListener$Stub$Proxy@d4dbe52],results=1
I/WifiScanningService(  677): Unregistering listener= com.android.server.wifi.scanner.WifiScannerInternal$ScanListener@c40f7ed uid=1000 packageName=null workSource=WorkSource{1000}
I/WifiScanner( 1266): onFullResults
D/WifiScanRequestProxy(  677): Scan results received
D/WifiScanRequestProxy(  677): Received 1 scan results
I/HalDevMgr(  677): bestIfaceCreationProposal is null, requestIface=STA, existingIface=[name=wlan0 type=STA]
V/WifiConnectivityManager(  677): AllSingleScanListener onResults: start network selection
V/WifiConfigManager(  677): getSavedNetworkFromScanResult Found "AndroidWifi"NONE for AndroidWifi[[ESS]]
D/WifiNetworkSelector(  677): Current connected network: 0
D/WifiNetworkSelector(  677): wlan0: Current connected network already sufficient. Skip network selection.
V/WifiLastResortWatchdog(  677): updateAvailableNetworks: size = 0
V/WifiLastResortWatchdog(  677): mWatchdogFeatureEnabled: true
V/WifiLastResortWatchdog(  677): mWatchdogAllowedToTrigger: true
V/WifiLastResortWatchdog(  677): mRecentAvailableNetworks: 1
V/WifiLastResortWatchdog(  677):  00:13:10:85:fe:01: "AndroidWifi" HasEverConnected: true, Failures: {Assoc: 0, Auth: 0, Dhcp: 0}, Age: 4
V/WifiLastResortWatchdog(  677): mSsidFailureCount:
V/WifiLastResortWatchdog(  677): "AndroidWifi": 1, HasEverConnected: true, Failures: {Assoc: 0, Auth: 0, Dhcp: 0}
V/WifiConnectivityManager(  677): AllSingleScanListener:  No candidates
D/BoundBrokerSvc( 1266): onUnbind: Intent { act=com.google.android.gms.clearcut.service.START xflg=0x4 pkg=com.google.android.gms }
D/ActivityManager(  677): freezing 1994 com.google.android.as.oss
D/InetDiagMessage(  677): Destroyed 0 sockets, proto=IPPROTO_TCP, family=AF_INET, states=14
D/InetDiagMessage(  677): Destroyed 0 sockets, proto=IPPROTO_TCP, family=AF_INET6, states=14
D/InetDiagMessage(  677): Destroyed live tcp sockets for uids={10132} in 0ms
E/TaskPersister(  677): File error accessing recents directory (directory doesn't exist?).
I/keystore2(  249): system/security/keystore2/watchdog/src/lib.rs:377 - Watchdog thread idle -> terminating. Have a great day.
D/ActivityManager(  677): freezing 1669 com.android.keychain
D/ActivityManager(  677): freezing 2714 com.android.dynsystem:dynsystem
D/ActivityManager(  677): freezing 2653 com.android.dynsystem
D/ActivityManager(  677): freezing 1979 com.android.localtransport
D/OomAdjuster(  677): Not killing cached processes

